Component: ARM Compiler 5.06 update 6 (build 750) Tool: armlink [4d35ed]

==============================================================================

Section Cross References

    system_apm32f0xx.o(i.SystemClockConfig) refers to system_apm32f0xx.o(i.SystemClock48M) for SystemClock48M
    system_apm32f0xx.o(i.SystemClockConfig) refers to system_apm32f0xx.o(i.SystemCoreClockUpdate) for SystemCoreClockUpdate
    system_apm32f0xx.o(i.SystemCoreClockUpdate) refers to uidiv.o(.text) for __aeabi_uidivmod
    system_apm32f0xx.o(i.SystemCoreClockUpdate) refers to system_apm32f0xx.o(.data) for SystemCoreClock
    startup_apm32f030.o(RESET) refers to startup_apm32f030.o(STACK) for __initial_sp
    startup_apm32f030.o(RESET) refers to startup_apm32f030.o(.text) for Reset_Handler
    startup_apm32f030.o(RESET) refers to apm32f0xx_int.o(i.NMI_Handler) for NMI_Handler
    startup_apm32f030.o(RESET) refers to apm32f0xx_int.o(i.HardFault_Handler) for HardFault_Handler
    startup_apm32f030.o(RESET) refers to apm32f0xx_int.o(i.SVC_Handler) for SVC_Handler
    startup_apm32f030.o(RESET) refers to apm32f0xx_int.o(i.PendSV_Handler) for PendSV_Handler
    startup_apm32f030.o(RESET) refers to apm32f0xx_int.o(i.SysTick_Handler) for SysTick_Handler
    startup_apm32f030.o(.text) refers to system_apm32f0xx.o(i.SystemInit) for SystemInit
    startup_apm32f030.o(.text) refers to entry.o(.ARM.Collect$$$$00000000) for __main
    apm32f0xx_adc.o(i.ADC_Reset) refers to apm32f0xx_rcm.o(i.RCM_EnableAPB2PeriphReset) for RCM_EnableAPB2PeriphReset
    apm32f0xx_adc.o(i.ADC_Reset) refers to apm32f0xx_rcm.o(i.RCM_DisableAPB2PeriphReset) for RCM_DisableAPB2PeriphReset
    apm32f0xx_fmc.o(i.FMC_ConfigOptionByteUser) refers to apm32f0xx_fmc.o(i.FMC_WaitForReady) for FMC_WaitForReady
    apm32f0xx_fmc.o(i.FMC_ConfigReadOutProtection) refers to apm32f0xx_fmc.o(i.FMC_WaitForReady) for FMC_WaitForReady
    apm32f0xx_fmc.o(i.FMC_DisableOptionByteBOOT) refers to apm32f0xx_fmc.o(i.FMC_WaitForReady) for FMC_WaitForReady
    apm32f0xx_fmc.o(i.FMC_DisableOptionByteSRAMParity) refers to apm32f0xx_fmc.o(i.FMC_WaitForReady) for FMC_WaitForReady
    apm32f0xx_fmc.o(i.FMC_DisableOptionByteVDDA) refers to apm32f0xx_fmc.o(i.FMC_WaitForReady) for FMC_WaitForReady
    apm32f0xx_fmc.o(i.FMC_EnableOptionByteBOOT) refers to apm32f0xx_fmc.o(i.FMC_WaitForReady) for FMC_WaitForReady
    apm32f0xx_fmc.o(i.FMC_EnableOptionByteSRAMParity) refers to apm32f0xx_fmc.o(i.FMC_WaitForReady) for FMC_WaitForReady
    apm32f0xx_fmc.o(i.FMC_EnableOptionByteVDDA) refers to apm32f0xx_fmc.o(i.FMC_WaitForReady) for FMC_WaitForReady
    apm32f0xx_fmc.o(i.FMC_EnableWriteProtection) refers to apm32f0xx_fmc.o(i.FMC_WaitForReady) for FMC_WaitForReady
    apm32f0xx_fmc.o(i.FMC_EraseAllPages) refers to apm32f0xx_fmc.o(i.FMC_WaitForReady) for FMC_WaitForReady
    apm32f0xx_fmc.o(i.FMC_EraseOptionByte) refers to apm32f0xx_fmc.o(i.FMC_WaitForReady) for FMC_WaitForReady
    apm32f0xx_fmc.o(i.FMC_ErasePage) refers to apm32f0xx_fmc.o(i.FMC_WaitForReady) for FMC_WaitForReady
    apm32f0xx_fmc.o(i.FMC_ProgramHalfWord) refers to apm32f0xx_fmc.o(i.FMC_WaitForReady) for FMC_WaitForReady
    apm32f0xx_fmc.o(i.FMC_ProgramOptionByteData) refers to apm32f0xx_fmc.o(i.FMC_WaitForReady) for FMC_WaitForReady
    apm32f0xx_fmc.o(i.FMC_ProgramWord) refers to apm32f0xx_fmc.o(i.FMC_WaitForReady) for FMC_WaitForReady
    apm32f0xx_fmc.o(i.FMC_WaitForReady) refers to apm32f0xx_fmc.o(i.FMC_ReadState) for FMC_ReadState
    apm32f0xx_fmc.o(i.FMC_WriteOptionByteUser) refers to apm32f0xx_fmc.o(i.FMC_WaitForReady) for FMC_WaitForReady
    apm32f0xx_gpio.o(i.GPIO_Reset) refers to apm32f0xx_rcm.o(i.RCM_EnableAHBPeriphReset) for RCM_EnableAHBPeriphReset
    apm32f0xx_gpio.o(i.GPIO_Reset) refers to apm32f0xx_rcm.o(i.RCM_DisableAHBPeriphReset) for RCM_DisableAHBPeriphReset
    apm32f0xx_i2c.o(i.I2C_Reset) refers to apm32f0xx_rcm.o(i.RCM_EnableAPB1PeriphReset) for RCM_EnableAPB1PeriphReset
    apm32f0xx_i2c.o(i.I2C_Reset) refers to apm32f0xx_rcm.o(i.RCM_DisableAPB1PeriphReset) for RCM_DisableAPB1PeriphReset
    apm32f0xx_misc.o(i.NVIC_EnableIRQRequest) refers to apm32f0xx_misc.o(i.__NVIC_SetPriority) for __NVIC_SetPriority
    apm32f0xx_pmu.o(i.PMU_Reset) refers to apm32f0xx_rcm.o(i.RCM_EnableAPB1PeriphReset) for RCM_EnableAPB1PeriphReset
    apm32f0xx_pmu.o(i.PMU_Reset) refers to apm32f0xx_rcm.o(i.RCM_DisableAPB1PeriphReset) for RCM_DisableAPB1PeriphReset
    apm32f0xx_rcm.o(i.RCM_ReadADCCLKFreq) refers to apm32f0xx_rcm.o(i.RCM_ReadPCLKFreq) for RCM_ReadPCLKFreq
    apm32f0xx_rcm.o(i.RCM_ReadHCLKFreq) refers to apm32f0xx_rcm.o(i.RCM_ReadSYSCLKFreq) for RCM_ReadSYSCLKFreq
    apm32f0xx_rcm.o(i.RCM_ReadI2C1CLKFreq) refers to apm32f0xx_rcm.o(i.RCM_ReadSYSCLKFreq) for RCM_ReadSYSCLKFreq
    apm32f0xx_rcm.o(i.RCM_ReadPCLKFreq) refers to apm32f0xx_rcm.o(i.RCM_ReadHCLKFreq) for RCM_ReadHCLKFreq
    apm32f0xx_rcm.o(i.RCM_ReadSYSCLKFreq) refers to uidiv.o(.text) for __aeabi_uidivmod
    apm32f0xx_rcm.o(i.RCM_ReadUSART1CLKFreq) refers to apm32f0xx_rcm.o(i.RCM_ReadPCLKFreq) for RCM_ReadPCLKFreq
    apm32f0xx_rcm.o(i.RCM_ReadUSART1CLKFreq) refers to apm32f0xx_rcm.o(i.RCM_ReadSYSCLKFreq) for RCM_ReadSYSCLKFreq
    apm32f0xx_rcm.o(i.RCM_ReadUSART2CLKFreq) refers to apm32f0xx_rcm.o(i.RCM_ReadPCLKFreq) for RCM_ReadPCLKFreq
    apm32f0xx_rtc.o(i.RTC_Config) refers to apm32f0xx_rtc.o(i.RTC_DisableWriteProtection) for RTC_DisableWriteProtection
    apm32f0xx_rtc.o(i.RTC_Config) refers to apm32f0xx_rtc.o(i.RTC_EnableInit) for RTC_EnableInit
    apm32f0xx_rtc.o(i.RTC_Config) refers to apm32f0xx_rtc.o(i.RTC_EnableWriteProtection) for RTC_EnableWriteProtection
    apm32f0xx_rtc.o(i.RTC_Config) refers to apm32f0xx_rtc.o(i.RTC_DisableInit) for RTC_DisableInit
    apm32f0xx_rtc.o(i.RTC_ConfigAlarm) refers to apm32f0xx_rtc.o(i.RTC_Bcd2ConByte) for RTC_Bcd2ConByte
    apm32f0xx_rtc.o(i.RTC_ConfigAlarm) refers to apm32f0xx_rtc.o(i.RTC_ByteConBcd2) for RTC_ByteConBcd2
    apm32f0xx_rtc.o(i.RTC_ConfigAlarm) refers to apm32f0xx_rtc.o(i.RTC_DisableWriteProtection) for RTC_DisableWriteProtection
    apm32f0xx_rtc.o(i.RTC_ConfigAlarm) refers to apm32f0xx_rtc.o(i.RTC_EnableWriteProtection) for RTC_EnableWriteProtection
    apm32f0xx_rtc.o(i.RTC_ConfigAlarmSubSecond) refers to apm32f0xx_rtc.o(i.RTC_DisableWriteProtection) for RTC_DisableWriteProtection
    apm32f0xx_rtc.o(i.RTC_ConfigAlarmSubSecond) refers to apm32f0xx_rtc.o(i.RTC_EnableWriteProtection) for RTC_EnableWriteProtection
    apm32f0xx_rtc.o(i.RTC_ConfigCalibOutput) refers to apm32f0xx_rtc.o(i.RTC_DisableWriteProtection) for RTC_DisableWriteProtection
    apm32f0xx_rtc.o(i.RTC_ConfigCalibOutput) refers to apm32f0xx_rtc.o(i.RTC_EnableWriteProtection) for RTC_EnableWriteProtection
    apm32f0xx_rtc.o(i.RTC_ConfigDate) refers to apm32f0xx_rtc.o(i.RTC_Bcd2ConByte) for RTC_Bcd2ConByte
    apm32f0xx_rtc.o(i.RTC_ConfigDate) refers to apm32f0xx_rtc.o(i.RTC_ByteConBcd2) for RTC_ByteConBcd2
    apm32f0xx_rtc.o(i.RTC_ConfigDate) refers to apm32f0xx_rtc.o(i.RTC_DisableWriteProtection) for RTC_DisableWriteProtection
    apm32f0xx_rtc.o(i.RTC_ConfigDate) refers to apm32f0xx_rtc.o(i.RTC_EnableInit) for RTC_EnableInit
    apm32f0xx_rtc.o(i.RTC_ConfigDate) refers to apm32f0xx_rtc.o(i.RTC_DisableInit) for RTC_DisableInit
    apm32f0xx_rtc.o(i.RTC_ConfigDate) refers to apm32f0xx_rtc.o(i.RTC_WaitForSynchro) for RTC_WaitForSynchro
    apm32f0xx_rtc.o(i.RTC_ConfigDate) refers to apm32f0xx_rtc.o(i.RTC_EnableWriteProtection) for RTC_EnableWriteProtection
    apm32f0xx_rtc.o(i.RTC_ConfigDayLightSaving) refers to apm32f0xx_rtc.o(i.RTC_DisableWriteProtection) for RTC_DisableWriteProtection
    apm32f0xx_rtc.o(i.RTC_ConfigDayLightSaving) refers to apm32f0xx_rtc.o(i.RTC_EnableWriteProtection) for RTC_EnableWriteProtection
    apm32f0xx_rtc.o(i.RTC_ConfigOutput) refers to apm32f0xx_rtc.o(i.RTC_DisableWriteProtection) for RTC_DisableWriteProtection
    apm32f0xx_rtc.o(i.RTC_ConfigOutput) refers to apm32f0xx_rtc.o(i.RTC_EnableWriteProtection) for RTC_EnableWriteProtection
    apm32f0xx_rtc.o(i.RTC_ConfigSmoothCalib) refers to apm32f0xx_rtc.o(i.RTC_DisableWriteProtection) for RTC_DisableWriteProtection
    apm32f0xx_rtc.o(i.RTC_ConfigSmoothCalib) refers to apm32f0xx_rtc.o(i.RTC_EnableWriteProtection) for RTC_EnableWriteProtection
    apm32f0xx_rtc.o(i.RTC_ConfigSynchroShift) refers to apm32f0xx_rtc.o(i.RTC_DisableWriteProtection) for RTC_DisableWriteProtection
    apm32f0xx_rtc.o(i.RTC_ConfigSynchroShift) refers to apm32f0xx_rtc.o(i.RTC_WaitForSynchro) for RTC_WaitForSynchro
    apm32f0xx_rtc.o(i.RTC_ConfigSynchroShift) refers to apm32f0xx_rtc.o(i.RTC_EnableWriteProtection) for RTC_EnableWriteProtection
    apm32f0xx_rtc.o(i.RTC_ConfigTime) refers to apm32f0xx_rtc.o(i.RTC_Bcd2ConByte) for RTC_Bcd2ConByte
    apm32f0xx_rtc.o(i.RTC_ConfigTime) refers to apm32f0xx_rtc.o(i.RTC_ByteConBcd2) for RTC_ByteConBcd2
    apm32f0xx_rtc.o(i.RTC_ConfigTime) refers to apm32f0xx_rtc.o(i.RTC_DisableWriteProtection) for RTC_DisableWriteProtection
    apm32f0xx_rtc.o(i.RTC_ConfigTime) refers to apm32f0xx_rtc.o(i.RTC_EnableInit) for RTC_EnableInit
    apm32f0xx_rtc.o(i.RTC_ConfigTime) refers to apm32f0xx_rtc.o(i.RTC_DisableInit) for RTC_DisableInit
    apm32f0xx_rtc.o(i.RTC_ConfigTime) refers to apm32f0xx_rtc.o(i.RTC_WaitForSynchro) for RTC_WaitForSynchro
    apm32f0xx_rtc.o(i.RTC_ConfigTime) refers to apm32f0xx_rtc.o(i.RTC_EnableWriteProtection) for RTC_EnableWriteProtection
    apm32f0xx_rtc.o(i.RTC_ConfigWakeUpClock) refers to apm32f0xx_rtc.o(i.RTC_DisableWriteProtection) for RTC_DisableWriteProtection
    apm32f0xx_rtc.o(i.RTC_ConfigWakeUpClock) refers to apm32f0xx_rtc.o(i.RTC_EnableWriteProtection) for RTC_EnableWriteProtection
    apm32f0xx_rtc.o(i.RTC_DisableAlarm) refers to apm32f0xx_rtc.o(i.RTC_DisableWriteProtection) for RTC_DisableWriteProtection
    apm32f0xx_rtc.o(i.RTC_DisableAlarm) refers to apm32f0xx_rtc.o(i.RTC_EnableWriteProtection) for RTC_EnableWriteProtection
    apm32f0xx_rtc.o(i.RTC_DisableBypassShadow) refers to apm32f0xx_rtc.o(i.RTC_DisableWriteProtection) for RTC_DisableWriteProtection
    apm32f0xx_rtc.o(i.RTC_DisableBypassShadow) refers to apm32f0xx_rtc.o(i.RTC_EnableWriteProtection) for RTC_EnableWriteProtection
    apm32f0xx_rtc.o(i.RTC_DisableCalibOutput) refers to apm32f0xx_rtc.o(i.RTC_DisableWriteProtection) for RTC_DisableWriteProtection
    apm32f0xx_rtc.o(i.RTC_DisableCalibOutput) refers to apm32f0xx_rtc.o(i.RTC_EnableWriteProtection) for RTC_EnableWriteProtection
    apm32f0xx_rtc.o(i.RTC_DisableInterrupt) refers to apm32f0xx_rtc.o(i.RTC_DisableWriteProtection) for RTC_DisableWriteProtection
    apm32f0xx_rtc.o(i.RTC_DisableInterrupt) refers to apm32f0xx_rtc.o(i.RTC_EnableWriteProtection) for RTC_EnableWriteProtection
    apm32f0xx_rtc.o(i.RTC_DisableRefClock) refers to apm32f0xx_rtc.o(i.RTC_DisableWriteProtection) for RTC_DisableWriteProtection
    apm32f0xx_rtc.o(i.RTC_DisableRefClock) refers to apm32f0xx_rtc.o(i.RTC_EnableInit) for RTC_EnableInit
    apm32f0xx_rtc.o(i.RTC_DisableRefClock) refers to apm32f0xx_rtc.o(i.RTC_EnableWriteProtection) for RTC_EnableWriteProtection
    apm32f0xx_rtc.o(i.RTC_DisableRefClock) refers to apm32f0xx_rtc.o(i.RTC_DisableInit) for RTC_DisableInit
    apm32f0xx_rtc.o(i.RTC_DisableTimeStamp) refers to apm32f0xx_rtc.o(i.RTC_DisableWriteProtection) for RTC_DisableWriteProtection
    apm32f0xx_rtc.o(i.RTC_DisableTimeStamp) refers to apm32f0xx_rtc.o(i.RTC_EnableWriteProtection) for RTC_EnableWriteProtection
    apm32f0xx_rtc.o(i.RTC_DisableWakeUp) refers to apm32f0xx_rtc.o(i.RTC_DisableWriteProtection) for RTC_DisableWriteProtection
    apm32f0xx_rtc.o(i.RTC_DisableWakeUp) refers to apm32f0xx_rtc.o(i.RTC_EnableWriteProtection) for RTC_EnableWriteProtection
    apm32f0xx_rtc.o(i.RTC_EnableAlarm) refers to apm32f0xx_rtc.o(i.RTC_DisableWriteProtection) for RTC_DisableWriteProtection
    apm32f0xx_rtc.o(i.RTC_EnableAlarm) refers to apm32f0xx_rtc.o(i.RTC_EnableWriteProtection) for RTC_EnableWriteProtection
    apm32f0xx_rtc.o(i.RTC_EnableBypassShadow) refers to apm32f0xx_rtc.o(i.RTC_DisableWriteProtection) for RTC_DisableWriteProtection
    apm32f0xx_rtc.o(i.RTC_EnableBypassShadow) refers to apm32f0xx_rtc.o(i.RTC_EnableWriteProtection) for RTC_EnableWriteProtection
    apm32f0xx_rtc.o(i.RTC_EnableCalibOutput) refers to apm32f0xx_rtc.o(i.RTC_DisableWriteProtection) for RTC_DisableWriteProtection
    apm32f0xx_rtc.o(i.RTC_EnableCalibOutput) refers to apm32f0xx_rtc.o(i.RTC_EnableWriteProtection) for RTC_EnableWriteProtection
    apm32f0xx_rtc.o(i.RTC_EnableInterrupt) refers to apm32f0xx_rtc.o(i.RTC_DisableWriteProtection) for RTC_DisableWriteProtection
    apm32f0xx_rtc.o(i.RTC_EnableInterrupt) refers to apm32f0xx_rtc.o(i.RTC_EnableWriteProtection) for RTC_EnableWriteProtection
    apm32f0xx_rtc.o(i.RTC_EnableRefClock) refers to apm32f0xx_rtc.o(i.RTC_DisableWriteProtection) for RTC_DisableWriteProtection
    apm32f0xx_rtc.o(i.RTC_EnableRefClock) refers to apm32f0xx_rtc.o(i.RTC_EnableInit) for RTC_EnableInit
    apm32f0xx_rtc.o(i.RTC_EnableRefClock) refers to apm32f0xx_rtc.o(i.RTC_EnableWriteProtection) for RTC_EnableWriteProtection
    apm32f0xx_rtc.o(i.RTC_EnableRefClock) refers to apm32f0xx_rtc.o(i.RTC_DisableInit) for RTC_DisableInit
    apm32f0xx_rtc.o(i.RTC_EnableTimeStamp) refers to apm32f0xx_rtc.o(i.RTC_DisableWriteProtection) for RTC_DisableWriteProtection
    apm32f0xx_rtc.o(i.RTC_EnableTimeStamp) refers to apm32f0xx_rtc.o(i.RTC_EnableWriteProtection) for RTC_EnableWriteProtection
    apm32f0xx_rtc.o(i.RTC_EnableWakeUp) refers to apm32f0xx_rtc.o(i.RTC_DisableWriteProtection) for RTC_DisableWriteProtection
    apm32f0xx_rtc.o(i.RTC_EnableWakeUp) refers to apm32f0xx_rtc.o(i.RTC_EnableWriteProtection) for RTC_EnableWriteProtection
    apm32f0xx_rtc.o(i.RTC_ReadAlarm) refers to apm32f0xx_rtc.o(i.RTC_Bcd2ConByte) for RTC_Bcd2ConByte
    apm32f0xx_rtc.o(i.RTC_ReadBackup) refers to apm32f0xx_rtc.o(i.__ARM_common_switch8) for __ARM_common_switch8
    apm32f0xx_rtc.o(i.RTC_ReadDate) refers to apm32f0xx_rtc.o(i.RTC_Bcd2ConByte) for RTC_Bcd2ConByte
    apm32f0xx_rtc.o(i.RTC_ReadTime) refers to apm32f0xx_rtc.o(i.RTC_Bcd2ConByte) for RTC_Bcd2ConByte
    apm32f0xx_rtc.o(i.RTC_ReadTimeDate) refers to apm32f0xx_rtc.o(i.RTC_Bcd2ConByte) for RTC_Bcd2ConByte
    apm32f0xx_rtc.o(i.RTC_Reset) refers to apm32f0xx_rtc.o(i.RTC_DisableWriteProtection) for RTC_DisableWriteProtection
    apm32f0xx_rtc.o(i.RTC_Reset) refers to apm32f0xx_rtc.o(i.RTC_EnableInit) for RTC_EnableInit
    apm32f0xx_rtc.o(i.RTC_Reset) refers to apm32f0xx_rtc.o(i.RTC_EnableWriteProtection) for RTC_EnableWriteProtection
    apm32f0xx_rtc.o(i.RTC_Reset) refers to apm32f0xx_rtc.o(i.RTC_WaitForSynchro) for RTC_WaitForSynchro
    apm32f0xx_rtc.o(i.RTC_SetWakeUpValue) refers to apm32f0xx_rtc.o(i.RTC_DisableWriteProtection) for RTC_DisableWriteProtection
    apm32f0xx_rtc.o(i.RTC_SetWakeUpValue) refers to apm32f0xx_rtc.o(i.RTC_EnableWriteProtection) for RTC_EnableWriteProtection
    apm32f0xx_rtc.o(i.RTC_WaitForSynchro) refers to apm32f0xx_rtc.o(i.RTC_DisableWriteProtection) for RTC_DisableWriteProtection
    apm32f0xx_rtc.o(i.RTC_WaitForSynchro) refers to apm32f0xx_rtc.o(i.RTC_EnableWriteProtection) for RTC_EnableWriteProtection
    apm32f0xx_rtc.o(i.RTC_WriteBackup) refers to apm32f0xx_rtc.o(i.__ARM_common_switch8) for __ARM_common_switch8
    apm32f0xx_spi.o(i.SPI_Reset) refers to apm32f0xx_rcm.o(i.RCM_EnableAPB2PeriphReset) for RCM_EnableAPB2PeriphReset
    apm32f0xx_spi.o(i.SPI_Reset) refers to apm32f0xx_rcm.o(i.RCM_DisableAPB2PeriphReset) for RCM_DisableAPB2PeriphReset
    apm32f0xx_spi.o(i.SPI_Reset) refers to apm32f0xx_rcm.o(i.RCM_EnableAPB1PeriphReset) for RCM_EnableAPB1PeriphReset
    apm32f0xx_spi.o(i.SPI_Reset) refers to apm32f0xx_rcm.o(i.RCM_DisableAPB1PeriphReset) for RCM_DisableAPB1PeriphReset
    apm32f0xx_tmr.o(i.TMR_ConfigExternalClockMode1) refers to apm32f0xx_tmr.o(i.TMR_ConfigExternalTrigger) for TMR_ConfigExternalTrigger
    apm32f0xx_tmr.o(i.TMR_ConfigExternalClockMode2) refers to apm32f0xx_tmr.o(i.TMR_ConfigExternalTrigger) for TMR_ConfigExternalTrigger
    apm32f0xx_tmr.o(i.TMR_ConfigITRxExternalClock) refers to apm32f0xx_tmr.o(i.TMR_SelectInputTrigger) for TMR_SelectInputTrigger
    apm32f0xx_tmr.o(i.TMR_ConfigTIxExternalClock) refers to apm32f0xx_tmr.o(i.TI2Config) for TI2Config
    apm32f0xx_tmr.o(i.TMR_ConfigTIxExternalClock) refers to apm32f0xx_tmr.o(i.TI1Config) for TI1Config
    apm32f0xx_tmr.o(i.TMR_ConfigTIxExternalClock) refers to apm32f0xx_tmr.o(i.TMR_SelectInputTrigger) for TMR_SelectInputTrigger
    apm32f0xx_tmr.o(i.TMR_ICConfig) refers to apm32f0xx_tmr.o(i.TI1Config) for TI1Config
    apm32f0xx_tmr.o(i.TMR_ICConfig) refers to apm32f0xx_tmr.o(i.TMR_SetIC1Prescal) for TMR_SetIC1Prescal
    apm32f0xx_tmr.o(i.TMR_ICConfig) refers to apm32f0xx_tmr.o(i.TI2Config) for TI2Config
    apm32f0xx_tmr.o(i.TMR_ICConfig) refers to apm32f0xx_tmr.o(i.TMR_SetIC2Prescal) for TMR_SetIC2Prescal
    apm32f0xx_tmr.o(i.TMR_ICConfig) refers to apm32f0xx_tmr.o(i.TI3Config) for TI3Config
    apm32f0xx_tmr.o(i.TMR_ICConfig) refers to apm32f0xx_tmr.o(i.TMR_SetIC3Prescal) for TMR_SetIC3Prescal
    apm32f0xx_tmr.o(i.TMR_ICConfig) refers to apm32f0xx_tmr.o(i.TI4Config) for TI4Config
    apm32f0xx_tmr.o(i.TMR_ICConfig) refers to apm32f0xx_tmr.o(i.TMR_SetIC4Prescal) for TMR_SetIC4Prescal
    apm32f0xx_tmr.o(i.TMR_PWMConfig) refers to apm32f0xx_tmr.o(i.TI1Config) for TI1Config
    apm32f0xx_tmr.o(i.TMR_PWMConfig) refers to apm32f0xx_tmr.o(i.TMR_SetIC1Prescal) for TMR_SetIC1Prescal
    apm32f0xx_tmr.o(i.TMR_PWMConfig) refers to apm32f0xx_tmr.o(i.TI2Config) for TI2Config
    apm32f0xx_tmr.o(i.TMR_PWMConfig) refers to apm32f0xx_tmr.o(i.TMR_SetIC2Prescal) for TMR_SetIC2Prescal
    apm32f0xx_tmr.o(i.TMR_Reset) refers to apm32f0xx_rcm.o(i.RCM_EnableAPB2PeriphReset) for RCM_EnableAPB2PeriphReset
    apm32f0xx_tmr.o(i.TMR_Reset) refers to apm32f0xx_rcm.o(i.RCM_DisableAPB2PeriphReset) for RCM_DisableAPB2PeriphReset
    apm32f0xx_tmr.o(i.TMR_Reset) refers to apm32f0xx_rcm.o(i.RCM_EnableAPB1PeriphReset) for RCM_EnableAPB1PeriphReset
    apm32f0xx_tmr.o(i.TMR_Reset) refers to apm32f0xx_rcm.o(i.RCM_DisableAPB1PeriphReset) for RCM_DisableAPB1PeriphReset
    apm32f0xx_usart.o(i.USART_Config) refers to apm32f0xx_rcm.o(i.RCM_ReadUSART1CLKFreq) for RCM_ReadUSART1CLKFreq
    apm32f0xx_usart.o(i.USART_Config) refers to apm32f0xx_rcm.o(i.RCM_ReadUSART2CLKFreq) for RCM_ReadUSART2CLKFreq
    apm32f0xx_usart.o(i.USART_Config) refers to apm32f0xx_rcm.o(i.RCM_ReadPCLKFreq) for RCM_ReadPCLKFreq
    apm32f0xx_usart.o(i.USART_Config) refers to uidiv.o(.text) for __aeabi_uidivmod
    apm32f0xx_usart.o(i.USART_Reset) refers to apm32f0xx_rcm.o(i.RCM_EnableAPB2PeriphReset) for RCM_EnableAPB2PeriphReset
    apm32f0xx_usart.o(i.USART_Reset) refers to apm32f0xx_rcm.o(i.RCM_DisableAPB2PeriphReset) for RCM_DisableAPB2PeriphReset
    apm32f0xx_usart.o(i.USART_Reset) refers to apm32f0xx_rcm.o(i.RCM_EnableAPB1PeriphReset) for RCM_EnableAPB1PeriphReset
    apm32f0xx_usart.o(i.USART_Reset) refers to apm32f0xx_rcm.o(i.RCM_DisableAPB1PeriphReset) for RCM_DisableAPB1PeriphReset
    apm32f0xx_wwdt.o(i.WWDT_Reset) refers to apm32f0xx_rcm.o(i.RCM_EnableAPB1PeriphReset) for RCM_EnableAPB1PeriphReset
    apm32f0xx_wwdt.o(i.WWDT_Reset) refers to apm32f0xx_rcm.o(i.RCM_DisableAPB1PeriphReset) for RCM_DisableAPB1PeriphReset
    board.o(i.APM_MINI_COMInit) refers to apm32f0xx_rcm.o(i.RCM_EnableAHBPeriphClock) for RCM_EnableAHBPeriphClock
    board.o(i.APM_MINI_COMInit) refers to apm32f0xx_rcm.o(i.RCM_EnableAPB2PeriphClock) for RCM_EnableAPB2PeriphClock
    board.o(i.APM_MINI_COMInit) refers to apm32f0xx_rcm.o(i.RCM_EnableAPB1PeriphClock) for RCM_EnableAPB1PeriphClock
    board.o(i.APM_MINI_COMInit) refers to apm32f0xx_gpio.o(i.GPIO_ConfigPinAF) for GPIO_ConfigPinAF
    board.o(i.APM_MINI_COMInit) refers to apm32f0xx_gpio.o(i.GPIO_Config) for GPIO_Config
    board.o(i.APM_MINI_COMInit) refers to apm32f0xx_usart.o(i.USART_Config) for USART_Config
    board.o(i.APM_MINI_COMInit) refers to apm32f0xx_usart.o(i.USART_EnableInterrupt) for USART_EnableInterrupt
    board.o(i.APM_MINI_COMInit) refers to apm32f0xx_misc.o(i.NVIC_EnableIRQRequest) for NVIC_EnableIRQRequest
    board.o(i.APM_MINI_COMInit) refers to apm32f0xx_usart.o(i.USART_Enable) for USART_Enable
    board.o(i.APM_MINI_COMInit) refers to board.o(.constdata) for COM_TX_PORT_CLK
    board.o(i.APM_MINI_COMInit) refers to board.o(.data) for COM_TX_PORT
    board.o(i.APM_MINI_LEDInit) refers to apm32f0xx_rcm.o(i.RCM_EnableAHBPeriphClock) for RCM_EnableAHBPeriphClock
    board.o(i.APM_MINI_LEDInit) refers to apm32f0xx_gpio.o(i.GPIO_Config) for GPIO_Config
    board.o(i.APM_MINI_LEDInit) refers to board.o(.constdata) for GPIO_CLK
    board.o(i.APM_MINI_LEDInit) refers to board.o(.data) for GPIO_PORT
    board.o(i.APM_MINI_LEDOff) refers to board.o(.constdata) for GPIO_PIN
    board.o(i.APM_MINI_LEDOff) refers to board.o(.data) for GPIO_PORT
    board.o(i.APM_MINI_LEDOn) refers to board.o(.constdata) for GPIO_PIN
    board.o(i.APM_MINI_LEDOn) refers to board.o(.data) for GPIO_PORT
    board.o(i.APM_MINI_LEDToggle) refers to board.o(.data) for GPIO_PORT
    board.o(i.APM_MINI_LEDToggle) refers to board.o(.constdata) for GPIO_PIN
    board.o(i.APM_MINI_PBGetState) refers to apm32f0xx_gpio.o(i.GPIO_ReadInputBit) for GPIO_ReadInputBit
    board.o(i.APM_MINI_PBGetState) refers to board.o(.constdata) for BUTTON_PIN
    board.o(i.APM_MINI_PBGetState) refers to board.o(.data) for BUTTON_PORT
    board.o(i.APM_MINI_PBInit) refers to apm32f0xx_rcm.o(i.RCM_EnableAHBPeriphClock) for RCM_EnableAHBPeriphClock
    board.o(i.APM_MINI_PBInit) refers to apm32f0xx_rcm.o(i.RCM_EnableAPB2PeriphClock) for RCM_EnableAPB2PeriphClock
    board.o(i.APM_MINI_PBInit) refers to apm32f0xx_gpio.o(i.GPIO_Config) for GPIO_Config
    board.o(i.APM_MINI_PBInit) refers to apm32f0xx_eint.o(i.EINT_Config) for EINT_Config
    board.o(i.APM_MINI_PBInit) refers to apm32f0xx_misc.o(i.NVIC_EnableIRQRequest) for NVIC_EnableIRQRequest
    board.o(i.APM_MINI_PBInit) refers to board.o(.constdata) for BUTTON_CLK
    board.o(i.APM_MINI_PBInit) refers to board.o(.data) for BUTTON_PORT
    board.o(i.APM_MINI_PB_Led_Isr) refers to apm32f0xx_eint.o(i.EINT_ReadStatusFlag) for EINT_ReadStatusFlag
    board.o(i.APM_MINI_PB_Led_Isr) refers to board.o(i.APM_MINI_LEDToggle) for APM_MINI_LEDToggle
    board.o(i.APM_MINI_PB_Led_Isr) refers to apm32f0xx_eint.o(i.EINT_ClearStatusFlag) for EINT_ClearStatusFlag
    main.o(i.main) refers to system_apm32f0xx.o(i.SystemClockConfig) for SystemClockConfig
    main.o(i.main) refers to board.o(i.APM_MINI_LEDInit) for APM_MINI_LEDInit
    main.o(i.main) refers to board.o(i.APM_MINI_LEDOff) for APM_MINI_LEDOff
    main.o(i.main) refers to board.o(i.APM_MINI_LEDOn) for APM_MINI_LEDOn
    main.o(i.main) refers to uidiv.o(.text) for __aeabi_uidivmod
    main.o(i.main) refers to main.o(i.__NVIC_SetPriority) for __NVIC_SetPriority
    main.o(i.main) refers to board.o(i.APM_MINI_LEDToggle) for APM_MINI_LEDToggle
    main.o(i.main) refers to system_apm32f0xx.o(.data) for SystemCoreClock
    main.o(i.main) refers to main.o(.data) for sysTick
    apm32f0xx_int.o(i.SysTick_Handler) refers to main.o(.data) for sysTick
    entry.o(.ARM.Collect$$$$00000000) refers (Special) to entry10a.o(.ARM.Collect$$$$0000000D) for __rt_final_cpp
    entry.o(.ARM.Collect$$$$00000000) refers (Special) to entry11a.o(.ARM.Collect$$$$0000000F) for __rt_final_exit
    entry.o(.ARM.Collect$$$$00000000) refers (Special) to entry7b.o(.ARM.Collect$$$$00000008) for _main_clock
    entry.o(.ARM.Collect$$$$00000000) refers (Special) to entry8b.o(.ARM.Collect$$$$0000000A) for _main_cpp_init
    entry.o(.ARM.Collect$$$$00000000) refers (Special) to entry9a.o(.ARM.Collect$$$$0000000B) for _main_init
    entry.o(.ARM.Collect$$$$00000000) refers (Special) to entry5.o(.ARM.Collect$$$$00000004) for _main_scatterload
    entry.o(.ARM.Collect$$$$00000000) refers (Special) to entry2.o(.ARM.Collect$$$$00000001) for _main_stk
    entry2.o(.ARM.Collect$$$$00000001) refers to entry2.o(.ARM.Collect$$$$00002712) for __lit__00000000
    entry2.o(.ARM.Collect$$$$00002712) refers to startup_apm32f030.o(STACK) for __initial_sp
    entry2.o(__vectab_stack_and_reset_area) refers to startup_apm32f030.o(STACK) for __initial_sp
    entry2.o(__vectab_stack_and_reset_area) refers to entry.o(.ARM.Collect$$$$00000000) for __main
    entry5.o(.ARM.Collect$$$$00000004) refers to init.o(.text) for __scatterload
    entry9a.o(.ARM.Collect$$$$0000000B) refers to main.o(i.main) for main
    entry9b.o(.ARM.Collect$$$$0000000C) refers to main.o(i.main) for main
    init.o(.text) refers to entry5.o(.ARM.Collect$$$$00000004) for __main_after_scatterload


==============================================================================

Removing Unused input sections from the image.

    Removing system_apm32f0xx.o(.rev16_text), (4 bytes).
    Removing system_apm32f0xx.o(.revsh_text), (4 bytes).
    Removing startup_apm32f030.o(HEAP), (512 bytes).
    Removing apm32f0xx_adc.o(.rev16_text), (4 bytes).
    Removing apm32f0xx_adc.o(.revsh_text), (4 bytes).
    Removing apm32f0xx_adc.o(i.ADC_AnalogWatchdogHighThreshold), (32 bytes).
    Removing apm32f0xx_adc.o(i.ADC_AnalogWatchdogLowThreshold), (24 bytes).
    Removing apm32f0xx_adc.o(i.ADC_AnalogWatchdogSingleChannel), (32 bytes).
    Removing apm32f0xx_adc.o(i.ADC_ClearIntFlag), (12 bytes).
    Removing apm32f0xx_adc.o(i.ADC_ClearStatusFlag), (12 bytes).
    Removing apm32f0xx_adc.o(i.ADC_ClockMode), (28 bytes).
    Removing apm32f0xx_adc.o(i.ADC_Config), (148 bytes).
    Removing apm32f0xx_adc.o(i.ADC_ConfigChannel), (24 bytes).
    Removing apm32f0xx_adc.o(i.ADC_ConfigStructInit), (16 bytes).
    Removing apm32f0xx_adc.o(i.ADC_DMARequestMode), (28 bytes).
    Removing apm32f0xx_adc.o(i.ADC_Disable), (20 bytes).
    Removing apm32f0xx_adc.o(i.ADC_DisableAnalogWatchdog), (20 bytes).
    Removing apm32f0xx_adc.o(i.ADC_DisableAnalogWatchdogSingleChannel), (20 bytes).
    Removing apm32f0xx_adc.o(i.ADC_DisableAutoPowerOff), (20 bytes).
    Removing apm32f0xx_adc.o(i.ADC_DisableContinuousMode), (20 bytes).
    Removing apm32f0xx_adc.o(i.ADC_DisableDMA), (20 bytes).
    Removing apm32f0xx_adc.o(i.ADC_DisableDiscMode), (20 bytes).
    Removing apm32f0xx_adc.o(i.ADC_DisableInterrupt), (16 bytes).
    Removing apm32f0xx_adc.o(i.ADC_DisableJitter), (36 bytes).
    Removing apm32f0xx_adc.o(i.ADC_DisableOverrunMode), (20 bytes).
    Removing apm32f0xx_adc.o(i.ADC_DisableTempSensor), (20 bytes).
    Removing apm32f0xx_adc.o(i.ADC_DisableVrefint), (20 bytes).
    Removing apm32f0xx_adc.o(i.ADC_DisableWaitMode), (20 bytes).
    Removing apm32f0xx_adc.o(i.ADC_Enable), (20 bytes).
    Removing apm32f0xx_adc.o(i.ADC_EnableAnalogWatchdog), (24 bytes).
    Removing apm32f0xx_adc.o(i.ADC_EnableAnalogWatchdogSingleChannel), (24 bytes).
    Removing apm32f0xx_adc.o(i.ADC_EnableAutoPowerOff), (24 bytes).
    Removing apm32f0xx_adc.o(i.ADC_EnableContinuousMode), (24 bytes).
    Removing apm32f0xx_adc.o(i.ADC_EnableDMA), (20 bytes).
    Removing apm32f0xx_adc.o(i.ADC_EnableDiscMode), (24 bytes).
    Removing apm32f0xx_adc.o(i.ADC_EnableInterrupt), (16 bytes).
    Removing apm32f0xx_adc.o(i.ADC_EnableJitter), (36 bytes).
    Removing apm32f0xx_adc.o(i.ADC_EnableOverrunMode), (24 bytes).
    Removing apm32f0xx_adc.o(i.ADC_EnableTempSensor), (24 bytes).
    Removing apm32f0xx_adc.o(i.ADC_EnableVrefint), (24 bytes).
    Removing apm32f0xx_adc.o(i.ADC_EnableWaitMode), (24 bytes).
    Removing apm32f0xx_adc.o(i.ADC_ReadCalibrationFactor), (76 bytes).
    Removing apm32f0xx_adc.o(i.ADC_ReadConversionValue), (12 bytes).
    Removing apm32f0xx_adc.o(i.ADC_ReadIntFlag), (44 bytes).
    Removing apm32f0xx_adc.o(i.ADC_ReadStatusFlag), (48 bytes).
    Removing apm32f0xx_adc.o(i.ADC_Reset), (20 bytes).
    Removing apm32f0xx_adc.o(i.ADC_StartConversion), (20 bytes).
    Removing apm32f0xx_adc.o(i.ADC_StopConversion), (20 bytes).
    Removing apm32f0xx_can.o(.rev16_text), (4 bytes).
    Removing apm32f0xx_can.o(.revsh_text), (4 bytes).
    Removing apm32f0xx_cec.o(.rev16_text), (4 bytes).
    Removing apm32f0xx_cec.o(.revsh_text), (4 bytes).
    Removing apm32f0xx_comp.o(.rev16_text), (4 bytes).
    Removing apm32f0xx_comp.o(.revsh_text), (4 bytes).
    Removing apm32f0xx_crc.o(.rev16_text), (4 bytes).
    Removing apm32f0xx_crc.o(.revsh_text), (4 bytes).
    Removing apm32f0xx_crc.o(i.CRC_CalculateBlockCRC), (36 bytes).
    Removing apm32f0xx_crc.o(i.CRC_CalculateCRC), (16 bytes).
    Removing apm32f0xx_crc.o(i.CRC_CalculateCRC16bits), (16 bytes).
    Removing apm32f0xx_crc.o(i.CRC_CalculateCRC8bits), (16 bytes).
    Removing apm32f0xx_crc.o(i.CRC_DisableReverseOutputData), (20 bytes).
    Removing apm32f0xx_crc.o(i.CRC_EnableReverseOutputData), (20 bytes).
    Removing apm32f0xx_crc.o(i.CRC_ReadCRC), (12 bytes).
    Removing apm32f0xx_crc.o(i.CRC_ReadIDRegister), (12 bytes).
    Removing apm32f0xx_crc.o(i.CRC_Reset), (28 bytes).
    Removing apm32f0xx_crc.o(i.CRC_ResetDATA), (20 bytes).
    Removing apm32f0xx_crc.o(i.CRC_SelectReverseInputData), (28 bytes).
    Removing apm32f0xx_crc.o(i.CRC_WriteIDRegister), (12 bytes).
    Removing apm32f0xx_crc.o(i.CRC_WriteInitRegister), (12 bytes).
    Removing apm32f0xx_crs.o(.rev16_text), (4 bytes).
    Removing apm32f0xx_crs.o(.revsh_text), (4 bytes).
    Removing apm32f0xx_dac.o(.rev16_text), (4 bytes).
    Removing apm32f0xx_dac.o(.revsh_text), (4 bytes).
    Removing apm32f0xx_dbg.o(.rev16_text), (4 bytes).
    Removing apm32f0xx_dbg.o(.revsh_text), (4 bytes).
    Removing apm32f0xx_dbg.o(i.DBG_DisableAPB1Periph), (16 bytes).
    Removing apm32f0xx_dbg.o(i.DBG_DisableAPB2Periph), (16 bytes).
    Removing apm32f0xx_dbg.o(i.DBG_DisableDebugMode), (16 bytes).
    Removing apm32f0xx_dbg.o(i.DBG_EnableAPB1Periph), (16 bytes).
    Removing apm32f0xx_dbg.o(i.DBG_EnableAPB2Periph), (16 bytes).
    Removing apm32f0xx_dbg.o(i.DBG_EnableDebugMode), (16 bytes).
    Removing apm32f0xx_dbg.o(i.DBG_ReadDevId), (16 bytes).
    Removing apm32f0xx_dbg.o(i.DBG_ReadRevId), (12 bytes).
    Removing apm32f0xx_dma.o(.rev16_text), (4 bytes).
    Removing apm32f0xx_dma.o(.revsh_text), (4 bytes).
    Removing apm32f0xx_dma.o(i.DMA_ClearIntFlag), (20 bytes).
    Removing apm32f0xx_dma.o(i.DMA_ClearStatusFlag), (20 bytes).
    Removing apm32f0xx_dma.o(i.DMA_Config), (168 bytes).
    Removing apm32f0xx_dma.o(i.DMA_ConfigStructInit), (26 bytes).
    Removing apm32f0xx_dma.o(i.DMA_Disable), (10 bytes).
    Removing apm32f0xx_dma.o(i.DMA_DisableInterrupt), (8 bytes).
    Removing apm32f0xx_dma.o(i.DMA_Enable), (12 bytes).
    Removing apm32f0xx_dma.o(i.DMA_EnableInterrupt), (8 bytes).
    Removing apm32f0xx_dma.o(i.DMA_ReadDataNumber), (6 bytes).
    Removing apm32f0xx_dma.o(i.DMA_ReadIntFlag), (32 bytes).
    Removing apm32f0xx_dma.o(i.DMA_ReadStatusFlag), (32 bytes).
    Removing apm32f0xx_dma.o(i.DMA_Reset), (116 bytes).
    Removing apm32f0xx_dma.o(i.DMA_SetDataNumber), (4 bytes).
    Removing apm32f0xx_eint.o(.rev16_text), (4 bytes).
    Removing apm32f0xx_eint.o(.revsh_text), (4 bytes).
    Removing apm32f0xx_eint.o(i.EINT_ClearIntFlag), (12 bytes).
    Removing apm32f0xx_eint.o(i.EINT_ClearStatusFlag), (12 bytes).
    Removing apm32f0xx_eint.o(i.EINT_Config), (156 bytes).
    Removing apm32f0xx_eint.o(i.EINT_ConfigStructInit), (16 bytes).
    Removing apm32f0xx_eint.o(i.EINT_ReadIntFlag), (40 bytes).
    Removing apm32f0xx_eint.o(i.EINT_ReadStatusFlag), (28 bytes).
    Removing apm32f0xx_eint.o(i.EINT_Reset), (28 bytes).
    Removing apm32f0xx_eint.o(i.EINT_SelectSWInterrupt), (16 bytes).
    Removing apm32f0xx_fmc.o(.rev16_text), (4 bytes).
    Removing apm32f0xx_fmc.o(.revsh_text), (4 bytes).
    Removing apm32f0xx_fmc.o(i.FMC_ClearStatusFlag), (16 bytes).
    Removing apm32f0xx_fmc.o(i.FMC_ConfigOptionByteUser), (108 bytes).
    Removing apm32f0xx_fmc.o(i.FMC_ConfigReadOutProtection), (168 bytes).
    Removing apm32f0xx_fmc.o(i.FMC_DisableInterrupt), (16 bytes).
    Removing apm32f0xx_fmc.o(i.FMC_DisableOptionByteBOOT), (80 bytes).
    Removing apm32f0xx_fmc.o(i.FMC_DisableOptionByteSRAMParity), (80 bytes).
    Removing apm32f0xx_fmc.o(i.FMC_DisableOptionByteVDDA), (80 bytes).
    Removing apm32f0xx_fmc.o(i.FMC_DisablePrefetchBuffer), (20 bytes).
    Removing apm32f0xx_fmc.o(i.FMC_EnableInterrupt), (16 bytes).
    Removing apm32f0xx_fmc.o(i.FMC_EnableOptionByteBOOT), (84 bytes).
    Removing apm32f0xx_fmc.o(i.FMC_EnableOptionByteSRAMParity), (84 bytes).
    Removing apm32f0xx_fmc.o(i.FMC_EnableOptionByteVDDA), (84 bytes).
    Removing apm32f0xx_fmc.o(i.FMC_EnablePrefetchBuffer), (20 bytes).
    Removing apm32f0xx_fmc.o(i.FMC_EnableWriteProtection), (128 bytes).
    Removing apm32f0xx_fmc.o(i.FMC_EraseAllPages), (76 bytes).
    Removing apm32f0xx_fmc.o(i.FMC_EraseOptionByte), (184 bytes).
    Removing apm32f0xx_fmc.o(i.FMC_ErasePage), (80 bytes).
    Removing apm32f0xx_fmc.o(i.FMC_GetReadProtectionStatus), (24 bytes).
    Removing apm32f0xx_fmc.o(i.FMC_LaunchOptionByte), (24 bytes).
    Removing apm32f0xx_fmc.o(i.FMC_Lock), (20 bytes).
    Removing apm32f0xx_fmc.o(i.FMC_LockOptionByte), (20 bytes).
    Removing apm32f0xx_fmc.o(i.FMC_ProgramHalfWord), (68 bytes).
    Removing apm32f0xx_fmc.o(i.FMC_ProgramOptionByteData), (72 bytes).
    Removing apm32f0xx_fmc.o(i.FMC_ProgramWord), (84 bytes).
    Removing apm32f0xx_fmc.o(i.FMC_ReadOptionByteUser), (16 bytes).
    Removing apm32f0xx_fmc.o(i.FMC_ReadOptionByteWriteProtection), (12 bytes).
    Removing apm32f0xx_fmc.o(i.FMC_ReadPrefetchBufferStatus), (24 bytes).
    Removing apm32f0xx_fmc.o(i.FMC_ReadState), (48 bytes).
    Removing apm32f0xx_fmc.o(i.FMC_ReadStatusFlag), (40 bytes).
    Removing apm32f0xx_fmc.o(i.FMC_SetLatency), (24 bytes).
    Removing apm32f0xx_fmc.o(i.FMC_Unlock), (24 bytes).
    Removing apm32f0xx_fmc.o(i.FMC_UnlockOptionByte), (24 bytes).
    Removing apm32f0xx_fmc.o(i.FMC_WaitForReady), (28 bytes).
    Removing apm32f0xx_fmc.o(i.FMC_WriteOptionByteUser), (76 bytes).
    Removing apm32f0xx_gpio.o(.rev16_text), (4 bytes).
    Removing apm32f0xx_gpio.o(.revsh_text), (4 bytes).
    Removing apm32f0xx_gpio.o(i.GPIO_ClearBit), (4 bytes).
    Removing apm32f0xx_gpio.o(i.GPIO_ConfigPinAF), (70 bytes).
    Removing apm32f0xx_gpio.o(i.GPIO_ConfigPinLock), (22 bytes).
    Removing apm32f0xx_gpio.o(i.GPIO_ConfigStructInit), (22 bytes).
    Removing apm32f0xx_gpio.o(i.GPIO_ReadInputBit), (20 bytes).
    Removing apm32f0xx_gpio.o(i.GPIO_ReadInputPort), (8 bytes).
    Removing apm32f0xx_gpio.o(i.GPIO_ReadOutputBit), (20 bytes).
    Removing apm32f0xx_gpio.o(i.GPIO_ReadOutputPort), (8 bytes).
    Removing apm32f0xx_gpio.o(i.GPIO_Reset), (136 bytes).
    Removing apm32f0xx_gpio.o(i.GPIO_SetBit), (4 bytes).
    Removing apm32f0xx_gpio.o(i.GPIO_WriteBitValue), (12 bytes).
    Removing apm32f0xx_gpio.o(i.GPIO_WriteOutputPort), (4 bytes).
    Removing apm32f0xx_i2c.o(.rev16_text), (4 bytes).
    Removing apm32f0xx_i2c.o(.revsh_text), (4 bytes).
    Removing apm32f0xx_i2c.o(i.I2C_ClearIntFlag), (4 bytes).
    Removing apm32f0xx_i2c.o(i.I2C_ClearStatusFlag), (4 bytes).
    Removing apm32f0xx_i2c.o(i.I2C_Config), (156 bytes).
    Removing apm32f0xx_i2c.o(i.I2C_ConfigMasterRequest), (24 bytes).
    Removing apm32f0xx_i2c.o(i.I2C_ConfigNumberOfBytes), (42 bytes).
    Removing apm32f0xx_i2c.o(i.I2C_ConfigStructInit), (22 bytes).
    Removing apm32f0xx_i2c.o(i.I2C_ConfigTimeoutA), (16 bytes).
    Removing apm32f0xx_i2c.o(i.I2C_ConfigTimeoutB), (28 bytes).
    Removing apm32f0xx_i2c.o(i.I2C_Disable), (10 bytes).
    Removing apm32f0xx_i2c.o(i.I2C_Disable10BitAddressHeader), (12 bytes).
    Removing apm32f0xx_i2c.o(i.I2C_Disable10BitAddressingMode), (12 bytes).
    Removing apm32f0xx_i2c.o(i.I2C_DisableAcknowledge), (14 bytes).
    Removing apm32f0xx_i2c.o(i.I2C_DisableAutoEnd), (12 bytes).
    Removing apm32f0xx_i2c.o(i.I2C_DisableBroadcastCall), (12 bytes).
    Removing apm32f0xx_i2c.o(i.I2C_DisableClockTimeout), (12 bytes).
    Removing apm32f0xx_i2c.o(i.I2C_DisableDMA), (28 bytes).
    Removing apm32f0xx_i2c.o(i.I2C_DisableExtendClockTimeout), (10 bytes).
    Removing apm32f0xx_i2c.o(i.I2C_DisableGenerateStart), (12 bytes).
    Removing apm32f0xx_i2c.o(i.I2C_DisableGenerateStop), (12 bytes).
    Removing apm32f0xx_i2c.o(i.I2C_DisableIdleClockTimeout), (12 bytes).
    Removing apm32f0xx_i2c.o(i.I2C_DisableInterrupt), (8 bytes).
    Removing apm32f0xx_i2c.o(i.I2C_DisableOwnAddress2), (12 bytes).
    Removing apm32f0xx_i2c.o(i.I2C_DisablePEC), (12 bytes).
    Removing apm32f0xx_i2c.o(i.I2C_DisablePECRequest), (12 bytes).
    Removing apm32f0xx_i2c.o(i.I2C_DisableReload), (12 bytes).
    Removing apm32f0xx_i2c.o(i.I2C_DisableSMBusAlert), (12 bytes).
    Removing apm32f0xx_i2c.o(i.I2C_DisableSMBusDAEN), (12 bytes).
    Removing apm32f0xx_i2c.o(i.I2C_DisableSMBusHAEN), (12 bytes).
    Removing apm32f0xx_i2c.o(i.I2C_DisableSlaveByteControl), (12 bytes).
    Removing apm32f0xx_i2c.o(i.I2C_DisableStretchClock), (14 bytes).
    Removing apm32f0xx_i2c.o(i.I2C_Enable), (12 bytes).
    Removing apm32f0xx_i2c.o(i.I2C_Enable10BitAddressHeader), (14 bytes).
    Removing apm32f0xx_i2c.o(i.I2C_Enable10BitAddressingMode), (14 bytes).
    Removing apm32f0xx_i2c.o(i.I2C_EnableAcknowledge), (12 bytes).
    Removing apm32f0xx_i2c.o(i.I2C_EnableAutoEnd), (14 bytes).
    Removing apm32f0xx_i2c.o(i.I2C_EnableBroadcastCall), (14 bytes).
    Removing apm32f0xx_i2c.o(i.I2C_EnableClockTimeout), (14 bytes).
    Removing apm32f0xx_i2c.o(i.I2C_EnableDMA), (32 bytes).
    Removing apm32f0xx_i2c.o(i.I2C_EnableExtendClockTimeout), (16 bytes).
    Removing apm32f0xx_i2c.o(i.I2C_EnableGenerateStart), (14 bytes).
    Removing apm32f0xx_i2c.o(i.I2C_EnableGenerateStop), (14 bytes).
    Removing apm32f0xx_i2c.o(i.I2C_EnableIdleClockTimeout), (14 bytes).
    Removing apm32f0xx_i2c.o(i.I2C_EnableInterrupt), (8 bytes).
    Removing apm32f0xx_i2c.o(i.I2C_EnableOwnAddress2), (14 bytes).
    Removing apm32f0xx_i2c.o(i.I2C_EnablePEC), (14 bytes).
    Removing apm32f0xx_i2c.o(i.I2C_EnablePECRequest), (14 bytes).
    Removing apm32f0xx_i2c.o(i.I2C_EnableReload), (14 bytes).
    Removing apm32f0xx_i2c.o(i.I2C_EnableSMBusAlert), (14 bytes).
    Removing apm32f0xx_i2c.o(i.I2C_EnableSMBusDAEN), (14 bytes).
    Removing apm32f0xx_i2c.o(i.I2C_EnableSMBusHAEN), (14 bytes).
    Removing apm32f0xx_i2c.o(i.I2C_EnableSlaveByteControl), (14 bytes).
    Removing apm32f0xx_i2c.o(i.I2C_EnableStretchClock), (12 bytes).
    Removing apm32f0xx_i2c.o(i.I2C_HandlingTransfer), (44 bytes).
    Removing apm32f0xx_i2c.o(i.I2C_OwnAddress2Mask), (40 bytes).
    Removing apm32f0xx_i2c.o(i.I2C_ReadAddressMatched), (10 bytes).
    Removing apm32f0xx_i2c.o(i.I2C_ReadIntFlag), (76 bytes).
    Removing apm32f0xx_i2c.o(i.I2C_ReadPEC), (8 bytes).
    Removing apm32f0xx_i2c.o(i.I2C_ReadRegister), (22 bytes).
    Removing apm32f0xx_i2c.o(i.I2C_ReadStatusFlag), (22 bytes).
    Removing apm32f0xx_i2c.o(i.I2C_ReadTransferDirection), (24 bytes).
    Removing apm32f0xx_i2c.o(i.I2C_Reset), (52 bytes).
    Removing apm32f0xx_i2c.o(i.I2C_RxData), (8 bytes).
    Removing apm32f0xx_i2c.o(i.I2C_SlaveAddress), (30 bytes).
    Removing apm32f0xx_i2c.o(i.I2C_SoftwareReset), (22 bytes).
    Removing apm32f0xx_i2c.o(i.I2C_TxData), (4 bytes).
    Removing apm32f0xx_iwdt.o(.rev16_text), (4 bytes).
    Removing apm32f0xx_iwdt.o(.revsh_text), (4 bytes).
    Removing apm32f0xx_iwdt.o(i.IWDT_ConfigDivider), (12 bytes).
    Removing apm32f0xx_iwdt.o(i.IWDT_ConfigReload), (12 bytes).
    Removing apm32f0xx_iwdt.o(i.IWDT_ConfigWindowValue), (12 bytes).
    Removing apm32f0xx_iwdt.o(i.IWDT_DisableWriteAccess), (12 bytes).
    Removing apm32f0xx_iwdt.o(i.IWDT_Enable), (16 bytes).
    Removing apm32f0xx_iwdt.o(i.IWDT_EnableWriteAccess), (16 bytes).
    Removing apm32f0xx_iwdt.o(i.IWDT_ReadStatusFlag), (28 bytes).
    Removing apm32f0xx_iwdt.o(i.IWDT_Refresh), (16 bytes).
    Removing apm32f0xx_misc.o(.rev16_text), (4 bytes).
    Removing apm32f0xx_misc.o(.revsh_text), (4 bytes).
    Removing apm32f0xx_misc.o(i.NVIC_DisableIRQRequest), (36 bytes).
    Removing apm32f0xx_misc.o(i.NVIC_DisableSystemLowPower), (16 bytes).
    Removing apm32f0xx_misc.o(i.NVIC_EnableIRQRequest), (48 bytes).
    Removing apm32f0xx_misc.o(i.NVIC_EnableSystemLowPower), (16 bytes).
    Removing apm32f0xx_misc.o(i.PMU_EnterHaltModeWFE), (24 bytes).
    Removing apm32f0xx_misc.o(i.PMU_EnterHaltModeWFI), (24 bytes).
    Removing apm32f0xx_misc.o(i.PMU_EnterWaitMode), (20 bytes).
    Removing apm32f0xx_misc.o(i.SysTick_ConfigCLKSource), (36 bytes).
    Removing apm32f0xx_misc.o(i.__NVIC_SetPriority), (120 bytes).
    Removing apm32f0xx_ob.o(.rev16_text), (4 bytes).
    Removing apm32f0xx_ob.o(.revsh_text), (4 bytes).
    Removing apm32f0xx_ob.o(i.OB_OptionBytesBoot1), (28 bytes).
    Removing apm32f0xx_ob.o(i.OB_OptionBytesRamParity), (28 bytes).
    Removing apm32f0xx_ob.o(i.OB_OptionBytesStandby), (28 bytes).
    Removing apm32f0xx_ob.o(i.OB_OptionBytesStop), (28 bytes).
    Removing apm32f0xx_ob.o(i.OB_OptionBytesVddaAnalog), (28 bytes).
    Removing apm32f0xx_ob.o(i.OB_OptionBytesWatchdog), (24 bytes).
    Removing apm32f0xx_ob.o(i.OB_ReadProtectionOptionByte), (24 bytes).
    Removing apm32f0xx_pmu.o(.rev16_text), (4 bytes).
    Removing apm32f0xx_pmu.o(.revsh_text), (4 bytes).
    Removing apm32f0xx_pmu.o(i.PMU_ClearStatusFlag), (44 bytes).
    Removing apm32f0xx_pmu.o(i.PMU_DisableBackupAccess), (20 bytes).
    Removing apm32f0xx_pmu.o(i.PMU_DisableWakeUpPin), (16 bytes).
    Removing apm32f0xx_pmu.o(i.PMU_EnableBackupAccess), (24 bytes).
    Removing apm32f0xx_pmu.o(i.PMU_EnableWakeUpPin), (16 bytes).
    Removing apm32f0xx_pmu.o(i.PMU_EnterSTANDBYMode), (40 bytes).
    Removing apm32f0xx_pmu.o(i.PMU_EnterSTOPMode), (120 bytes).
    Removing apm32f0xx_pmu.o(i.PMU_EnterSleepMode), (32 bytes).
    Removing apm32f0xx_pmu.o(i.PMU_ReadStatusFlag), (24 bytes).
    Removing apm32f0xx_pmu.o(i.PMU_Reset), (20 bytes).
    Removing apm32f0xx_rcm.o(.rev16_text), (4 bytes).
    Removing apm32f0xx_rcm.o(.revsh_text), (4 bytes).
    Removing apm32f0xx_rcm.o(i.RCM_ClearIntFlag), (20 bytes).
    Removing apm32f0xx_rcm.o(i.RCM_ClearStatusFlag), (24 bytes).
    Removing apm32f0xx_rcm.o(i.RCM_ConfigAHB), (28 bytes).
    Removing apm32f0xx_rcm.o(i.RCM_ConfigAPB), (32 bytes).
    Removing apm32f0xx_rcm.o(i.RCM_ConfigCLKDIV), (24 bytes).
    Removing apm32f0xx_rcm.o(i.RCM_ConfigCOC), (32 bytes).
    Removing apm32f0xx_rcm.o(i.RCM_ConfigDriveLSE), (28 bytes).
    Removing apm32f0xx_rcm.o(i.RCM_ConfigHSE), (92 bytes).
    Removing apm32f0xx_rcm.o(i.RCM_ConfigI2CCLK), (28 bytes).
    Removing apm32f0xx_rcm.o(i.RCM_ConfigLSE), (76 bytes).
    Removing apm32f0xx_rcm.o(i.RCM_ConfigPLL), (56 bytes).
    Removing apm32f0xx_rcm.o(i.RCM_ConfigRTCCLK), (32 bytes).
    Removing apm32f0xx_rcm.o(i.RCM_ConfigSYSCLK), (24 bytes).
    Removing apm32f0xx_rcm.o(i.RCM_ConfigUSARTCLK), (32 bytes).
    Removing apm32f0xx_rcm.o(i.RCM_DisableAHBPeriphClock), (16 bytes).
    Removing apm32f0xx_rcm.o(i.RCM_DisableAHBPeriphReset), (16 bytes).
    Removing apm32f0xx_rcm.o(i.RCM_DisableAPB1PeriphClock), (16 bytes).
    Removing apm32f0xx_rcm.o(i.RCM_DisableAPB1PeriphReset), (16 bytes).
    Removing apm32f0xx_rcm.o(i.RCM_DisableAPB2PeriphClock), (16 bytes).
    Removing apm32f0xx_rcm.o(i.RCM_DisableAPB2PeriphReset), (16 bytes).
    Removing apm32f0xx_rcm.o(i.RCM_DisableBackupReset), (20 bytes).
    Removing apm32f0xx_rcm.o(i.RCM_DisableCCS), (20 bytes).
    Removing apm32f0xx_rcm.o(i.RCM_DisableHSI), (20 bytes).
    Removing apm32f0xx_rcm.o(i.RCM_DisableHSI14), (20 bytes).
    Removing apm32f0xx_rcm.o(i.RCM_DisableHSI14ADC), (20 bytes).
    Removing apm32f0xx_rcm.o(i.RCM_DisableInterrupt), (20 bytes).
    Removing apm32f0xx_rcm.o(i.RCM_DisableLSI), (20 bytes).
    Removing apm32f0xx_rcm.o(i.RCM_DisablePLL), (20 bytes).
    Removing apm32f0xx_rcm.o(i.RCM_DisableRTCCLK), (20 bytes).
    Removing apm32f0xx_rcm.o(i.RCM_EnableAHBPeriphReset), (16 bytes).
    Removing apm32f0xx_rcm.o(i.RCM_EnableAPB1PeriphClock), (16 bytes).
    Removing apm32f0xx_rcm.o(i.RCM_EnableAPB1PeriphReset), (16 bytes).
    Removing apm32f0xx_rcm.o(i.RCM_EnableAPB2PeriphClock), (16 bytes).
    Removing apm32f0xx_rcm.o(i.RCM_EnableAPB2PeriphReset), (16 bytes).
    Removing apm32f0xx_rcm.o(i.RCM_EnableBackupReset), (24 bytes).
    Removing apm32f0xx_rcm.o(i.RCM_EnableCCS), (24 bytes).
    Removing apm32f0xx_rcm.o(i.RCM_EnableHSI), (20 bytes).
    Removing apm32f0xx_rcm.o(i.RCM_EnableHSI14), (20 bytes).
    Removing apm32f0xx_rcm.o(i.RCM_EnableHSI14ADC), (20 bytes).
    Removing apm32f0xx_rcm.o(i.RCM_EnableInterrupt), (20 bytes).
    Removing apm32f0xx_rcm.o(i.RCM_EnableLSI), (20 bytes).
    Removing apm32f0xx_rcm.o(i.RCM_EnablePLL), (24 bytes).
    Removing apm32f0xx_rcm.o(i.RCM_EnableRTCCLK), (24 bytes).
    Removing apm32f0xx_rcm.o(i.RCM_ReadADCCLKFreq), (40 bytes).
    Removing apm32f0xx_rcm.o(i.RCM_ReadHCLKFreq), (60 bytes).
    Removing apm32f0xx_rcm.o(i.RCM_ReadI2C1CLKFreq), (40 bytes).
    Removing apm32f0xx_rcm.o(i.RCM_ReadIntFlag), (28 bytes).
    Removing apm32f0xx_rcm.o(i.RCM_ReadPCLKFreq), (52 bytes).
    Removing apm32f0xx_rcm.o(i.RCM_ReadSYSCLKFreq), (156 bytes).
    Removing apm32f0xx_rcm.o(i.RCM_ReadSYSCLKSource), (16 bytes).
    Removing apm32f0xx_rcm.o(i.RCM_ReadStatusFlag), (80 bytes).
    Removing apm32f0xx_rcm.o(i.RCM_ReadUSART1CLKFreq), (88 bytes).
    Removing apm32f0xx_rcm.o(i.RCM_ReadUSART2CLKFreq), (14 bytes).
    Removing apm32f0xx_rcm.o(i.RCM_Reset), (124 bytes).
    Removing apm32f0xx_rcm.o(i.RCM_SetHSI14Trim), (28 bytes).
    Removing apm32f0xx_rcm.o(i.RCM_SetHSITrim), (28 bytes).
    Removing apm32f0xx_rcm.o(i.RCM_WaitHSEReady), (48 bytes).
    Removing apm32f0xx_rtc.o(.rev16_text), (4 bytes).
    Removing apm32f0xx_rtc.o(.revsh_text), (4 bytes).
    Removing apm32f0xx_rtc.o(i.RTC_Bcd2ConByte), (26 bytes).
    Removing apm32f0xx_rtc.o(i.RTC_ByteConBcd2), (28 bytes).
    Removing apm32f0xx_rtc.o(i.RTC_ClearIntFlag), (20 bytes).
    Removing apm32f0xx_rtc.o(i.RTC_ClearStatusFlag), (16 bytes).
    Removing apm32f0xx_rtc.o(i.RTC_Config), (108 bytes).
    Removing apm32f0xx_rtc.o(i.RTC_ConfigAlarm), (192 bytes).
    Removing apm32f0xx_rtc.o(i.RTC_ConfigAlarmStructInit), (28 bytes).
    Removing apm32f0xx_rtc.o(i.RTC_ConfigAlarmSubSecond), (64 bytes).
    Removing apm32f0xx_rtc.o(i.RTC_ConfigCalibOutput), (44 bytes).
    Removing apm32f0xx_rtc.o(i.RTC_ConfigDate), (172 bytes).
    Removing apm32f0xx_rtc.o(i.RTC_ConfigDateStructInit), (14 bytes).
    Removing apm32f0xx_rtc.o(i.RTC_ConfigDayLightSaving), (108 bytes).
    Removing apm32f0xx_rtc.o(i.RTC_ConfigFilter), (32 bytes).
    Removing apm32f0xx_rtc.o(i.RTC_ConfigOutput), (68 bytes).
    Removing apm32f0xx_rtc.o(i.RTC_ConfigOutputType), (32 bytes).
    Removing apm32f0xx_rtc.o(i.RTC_ConfigSamplingFreq), (32 bytes).
    Removing apm32f0xx_rtc.o(i.RTC_ConfigSmoothCalib), (116 bytes).
    Removing apm32f0xx_rtc.o(i.RTC_ConfigStructInit), (14 bytes).
    Removing apm32f0xx_rtc.o(i.RTC_ConfigSynchroShift), (116 bytes).
    Removing apm32f0xx_rtc.o(i.RTC_ConfigTamperTrigger), (80 bytes).
    Removing apm32f0xx_rtc.o(i.RTC_ConfigTime), (196 bytes).
    Removing apm32f0xx_rtc.o(i.RTC_ConfigTimeStructInit), (12 bytes).
    Removing apm32f0xx_rtc.o(i.RTC_ConfigWakeUpClock), (36 bytes).
    Removing apm32f0xx_rtc.o(i.RTC_DisableAlarm), (88 bytes).
    Removing apm32f0xx_rtc.o(i.RTC_DisableBypassShadow), (28 bytes).
    Removing apm32f0xx_rtc.o(i.RTC_DisableCalibOutput), (32 bytes).
    Removing apm32f0xx_rtc.o(i.RTC_DisableInit), (20 bytes).
    Removing apm32f0xx_rtc.o(i.RTC_DisableInterrupt), (52 bytes).
    Removing apm32f0xx_rtc.o(i.RTC_DisablePullUp), (20 bytes).
    Removing apm32f0xx_rtc.o(i.RTC_DisableRefClock), (52 bytes).
    Removing apm32f0xx_rtc.o(i.RTC_DisableTDE), (20 bytes).
    Removing apm32f0xx_rtc.o(i.RTC_DisableTamper), (40 bytes).
    Removing apm32f0xx_rtc.o(i.RTC_DisableTimeStamp), (52 bytes).
    Removing apm32f0xx_rtc.o(i.RTC_DisableWakeUp), (88 bytes).
    Removing apm32f0xx_rtc.o(i.RTC_DisableWriteProtection), (16 bytes).
    Removing apm32f0xx_rtc.o(i.RTC_EnableAlarm), (32 bytes).
    Removing apm32f0xx_rtc.o(i.RTC_EnableBypassShadow), (32 bytes).
    Removing apm32f0xx_rtc.o(i.RTC_EnableCalibOutput), (32 bytes).
    Removing apm32f0xx_rtc.o(i.RTC_EnableInit), (84 bytes).
    Removing apm32f0xx_rtc.o(i.RTC_EnableInterrupt), (52 bytes).
    Removing apm32f0xx_rtc.o(i.RTC_EnablePullUp), (24 bytes).
    Removing apm32f0xx_rtc.o(i.RTC_EnableRefClock), (52 bytes).
    Removing apm32f0xx_rtc.o(i.RTC_EnableTDE), (20 bytes).
    Removing apm32f0xx_rtc.o(i.RTC_EnableTamper), (44 bytes).
    Removing apm32f0xx_rtc.o(i.RTC_EnableTimeStamp), (56 bytes).
    Removing apm32f0xx_rtc.o(i.RTC_EnableWakeUp), (32 bytes).
    Removing apm32f0xx_rtc.o(i.RTC_EnableWriteProtection), (12 bytes).
    Removing apm32f0xx_rtc.o(i.RTC_PinsPrechargeDuration), (32 bytes).
    Removing apm32f0xx_rtc.o(i.RTC_ReadAlarm), (248 bytes).
    Removing apm32f0xx_rtc.o(i.RTC_ReadAlarmSubSecond), (16 bytes).
    Removing apm32f0xx_rtc.o(i.RTC_ReadBackup), (60 bytes).
    Removing apm32f0xx_rtc.o(i.RTC_ReadDate), (96 bytes).
    Removing apm32f0xx_rtc.o(i.RTC_ReadIntFlag), (64 bytes).
    Removing apm32f0xx_rtc.o(i.RTC_ReadStatusFlag), (24 bytes).
    Removing apm32f0xx_rtc.o(i.RTC_ReadStoreOperation), (16 bytes).
    Removing apm32f0xx_rtc.o(i.RTC_ReadSubSecond), (16 bytes).
    Removing apm32f0xx_rtc.o(i.RTC_ReadTime), (92 bytes).
    Removing apm32f0xx_rtc.o(i.RTC_ReadTimeDate), (160 bytes).
    Removing apm32f0xx_rtc.o(i.RTC_ReadTimeStampSubSecond), (12 bytes).
    Removing apm32f0xx_rtc.o(i.RTC_ReadWakeUpValue), (12 bytes).
    Removing apm32f0xx_rtc.o(i.RTC_Reset), (116 bytes).
    Removing apm32f0xx_rtc.o(i.RTC_SetWakeUpValue), (24 bytes).
    Removing apm32f0xx_rtc.o(i.RTC_WaitForSynchro), (104 bytes).
    Removing apm32f0xx_rtc.o(i.RTC_WriteBackup), (56 bytes).
    Removing apm32f0xx_spi.o(.rev16_text), (4 bytes).
    Removing apm32f0xx_spi.o(.revsh_text), (4 bytes).
    Removing apm32f0xx_spi.o(i.SPI_CRCLength), (24 bytes).
    Removing apm32f0xx_spi.o(i.SPI_ClearStatusFlag), (8 bytes).
    Removing apm32f0xx_spi.o(i.SPI_Config), (160 bytes).
    Removing apm32f0xx_spi.o(i.SPI_ConfigDatalength), (24 bytes).
    Removing apm32f0xx_spi.o(i.SPI_ConfigFIFOThreshold), (24 bytes).
    Removing apm32f0xx_spi.o(i.SPI_ConfigStructInit), (32 bytes).
    Removing apm32f0xx_spi.o(i.SPI_Disable), (10 bytes).
    Removing apm32f0xx_spi.o(i.SPI_DisableCRC), (12 bytes).
    Removing apm32f0xx_spi.o(i.SPI_DisableDMARxBuffer), (10 bytes).
    Removing apm32f0xx_spi.o(i.SPI_DisableDMATxBuffer), (10 bytes).
    Removing apm32f0xx_spi.o(i.SPI_DisableFrameFormatMode), (10 bytes).
    Removing apm32f0xx_spi.o(i.SPI_DisableInternalSlave), (12 bytes).
    Removing apm32f0xx_spi.o(i.SPI_DisableInterrupt), (8 bytes).
    Removing apm32f0xx_spi.o(i.SPI_DisableNSSPulse), (10 bytes).
    Removing apm32f0xx_spi.o(i.SPI_DisableOutputDirection), (12 bytes).
    Removing apm32f0xx_spi.o(i.SPI_DisableSSoutput), (10 bytes).
    Removing apm32f0xx_spi.o(i.SPI_Enable), (12 bytes).
    Removing apm32f0xx_spi.o(i.SPI_EnableCRC), (14 bytes).
    Removing apm32f0xx_spi.o(i.SPI_EnableDMARxBuffer), (12 bytes).
    Removing apm32f0xx_spi.o(i.SPI_EnableDMATxBuffer), (12 bytes).
    Removing apm32f0xx_spi.o(i.SPI_EnableFrameFormatMode), (12 bytes).
    Removing apm32f0xx_spi.o(i.SPI_EnableInternalSlave), (14 bytes).
    Removing apm32f0xx_spi.o(i.SPI_EnableInterrupt), (8 bytes).
    Removing apm32f0xx_spi.o(i.SPI_EnableNSSPulse), (12 bytes).
    Removing apm32f0xx_spi.o(i.SPI_EnableOutputDirection), (14 bytes).
    Removing apm32f0xx_spi.o(i.SPI_EnableSSoutput), (12 bytes).
    Removing apm32f0xx_spi.o(i.SPI_I2S_RxData16), (8 bytes).
    Removing apm32f0xx_spi.o(i.SPI_I2S_TxData16), (4 bytes).
    Removing apm32f0xx_spi.o(i.SPI_LastDMATransfer), (20 bytes).
    Removing apm32f0xx_spi.o(i.SPI_ReadCRCPolynomial), (8 bytes).
    Removing apm32f0xx_spi.o(i.SPI_ReadIntFlag), (38 bytes).
    Removing apm32f0xx_spi.o(i.SPI_ReadReceptionFIFOLeve), (10 bytes).
    Removing apm32f0xx_spi.o(i.SPI_ReadRxCRC), (8 bytes).
    Removing apm32f0xx_spi.o(i.SPI_ReadStatusFlag), (20 bytes).
    Removing apm32f0xx_spi.o(i.SPI_ReadTransmissionFIFOLeve), (10 bytes).
    Removing apm32f0xx_spi.o(i.SPI_ReadTxCRC), (8 bytes).
    Removing apm32f0xx_spi.o(i.SPI_Reset), (48 bytes).
    Removing apm32f0xx_spi.o(i.SPI_RxData8), (6 bytes).
    Removing apm32f0xx_spi.o(i.SPI_TxCRC), (14 bytes).
    Removing apm32f0xx_spi.o(i.SPI_TxData8), (4 bytes).
    Removing apm32f0xx_syscfg.o(.rev16_text), (4 bytes).
    Removing apm32f0xx_syscfg.o(.revsh_text), (4 bytes).
    Removing apm32f0xx_syscfg.o(i.SYSCFG_BreakLock), (64 bytes).
    Removing apm32f0xx_syscfg.o(i.SYSCFG_ClearStatusFlag), (16 bytes).
    Removing apm32f0xx_syscfg.o(i.SYSCFG_DisableDMAChannelRemap), (16 bytes).
    Removing apm32f0xx_syscfg.o(i.SYSCFG_DisableI2CFastModePlus), (16 bytes).
    Removing apm32f0xx_syscfg.o(i.SYSCFG_EINTLine), (192 bytes).
    Removing apm32f0xx_syscfg.o(i.SYSCFG_EnableDMAChannelRemap), (16 bytes).
    Removing apm32f0xx_syscfg.o(i.SYSCFG_EnableI2CFastModePlus), (16 bytes).
    Removing apm32f0xx_syscfg.o(i.SYSCFG_MemoryRemapSelect), (24 bytes).
    Removing apm32f0xx_syscfg.o(i.SYSCFG_ReadStatusFlag), (28 bytes).
    Removing apm32f0xx_syscfg.o(i.SYSCFG_Reset), (40 bytes).
    Removing apm32f0xx_syscfg.o(i.SYSCFG_SelectIRDAEnv), (28 bytes).
    Removing apm32f0xx_tmr.o(.rev16_text), (4 bytes).
    Removing apm32f0xx_tmr.o(.revsh_text), (4 bytes).
    Removing apm32f0xx_tmr.o(i.TI1Config), (92 bytes).
    Removing apm32f0xx_tmr.o(i.TI2Config), (108 bytes).
    Removing apm32f0xx_tmr.o(i.TI3Config), (96 bytes).
    Removing apm32f0xx_tmr.o(i.TI4Config), (112 bytes).
    Removing apm32f0xx_tmr.o(i.TMR_ClearIntFlag), (6 bytes).
    Removing apm32f0xx_tmr.o(i.TMR_ClearOC1Ref), (20 bytes).
    Removing apm32f0xx_tmr.o(i.TMR_ClearOC2Ref), (24 bytes).
    Removing apm32f0xx_tmr.o(i.TMR_ClearOC3Ref), (20 bytes).
    Removing apm32f0xx_tmr.o(i.TMR_ClearOC4Ref), (24 bytes).
    Removing apm32f0xx_tmr.o(i.TMR_ClearStatusFlag), (6 bytes).
    Removing apm32f0xx_tmr.o(i.TMR_ConfigBDT), (42 bytes).
    Removing apm32f0xx_tmr.o(i.TMR_ConfigBDTStructInit), (18 bytes).
    Removing apm32f0xx_tmr.o(i.TMR_ConfigCounterMode), (38 bytes).
    Removing apm32f0xx_tmr.o(i.TMR_ConfigDIV), (20 bytes).
    Removing apm32f0xx_tmr.o(i.TMR_ConfigDMA), (8 bytes).
    Removing apm32f0xx_tmr.o(i.TMR_ConfigEncodeInterface), (82 bytes).
    Removing apm32f0xx_tmr.o(i.TMR_ConfigExternalClockMode1), (52 bytes).
    Removing apm32f0xx_tmr.o(i.TMR_ConfigExternalClockMode2), (36 bytes).
    Removing apm32f0xx_tmr.o(i.TMR_ConfigExternalTrigger), (70 bytes).
    Removing apm32f0xx_tmr.o(i.TMR_ConfigITRxExternalClock), (26 bytes).
    Removing apm32f0xx_tmr.o(i.TMR_ConfigInternalClock), (10 bytes).
    Removing apm32f0xx_tmr.o(i.TMR_ConfigRemap), (16 bytes).
    Removing apm32f0xx_tmr.o(i.TMR_ConfigTIxExternalClock), (60 bytes).
    Removing apm32f0xx_tmr.o(i.TMR_ConfigTimeBase), (152 bytes).
    Removing apm32f0xx_tmr.o(i.TMR_ConfigTimeBaseStruct), (18 bytes).
    Removing apm32f0xx_tmr.o(i.TMR_ConfigUPdateRequest), (26 bytes).
    Removing apm32f0xx_tmr.o(i.TMR_Disable), (10 bytes).
    Removing apm32f0xx_tmr.o(i.TMR_DisableAUTOReload), (10 bytes).
    Removing apm32f0xx_tmr.o(i.TMR_DisableCCDMA), (10 bytes).
    Removing apm32f0xx_tmr.o(i.TMR_DisableCCPreload), (10 bytes).
    Removing apm32f0xx_tmr.o(i.TMR_DisableCCxChannel), (12 bytes).
    Removing apm32f0xx_tmr.o(i.TMR_DisableCCxNChannel), (12 bytes).
    Removing apm32f0xx_tmr.o(i.TMR_DisableDMASoure), (8 bytes).
    Removing apm32f0xx_tmr.o(i.TMR_DisableHallSensor), (10 bytes).
    Removing apm32f0xx_tmr.o(i.TMR_DisableInterrupt), (8 bytes).
    Removing apm32f0xx_tmr.o(i.TMR_DisableMasterSlaveMode), (10 bytes).
    Removing apm32f0xx_tmr.o(i.TMR_DisableNGUpdate), (10 bytes).
    Removing apm32f0xx_tmr.o(i.TMR_DisablePWMOutputs), (12 bytes).
    Removing apm32f0xx_tmr.o(i.TMR_DisableSelectCOM), (10 bytes).
    Removing apm32f0xx_tmr.o(i.TMR_Enable), (12 bytes).
    Removing apm32f0xx_tmr.o(i.TMR_EnableAUTOReload), (12 bytes).
    Removing apm32f0xx_tmr.o(i.TMR_EnableCCDMA), (12 bytes).
    Removing apm32f0xx_tmr.o(i.TMR_EnableCCPreload), (12 bytes).
    Removing apm32f0xx_tmr.o(i.TMR_EnableCCxChannel), (12 bytes).
    Removing apm32f0xx_tmr.o(i.TMR_EnableCCxNChannel), (12 bytes).
    Removing apm32f0xx_tmr.o(i.TMR_EnableDMASoure), (8 bytes).
    Removing apm32f0xx_tmr.o(i.TMR_EnableHallSensor), (12 bytes).
    Removing apm32f0xx_tmr.o(i.TMR_EnableInterrupt), (8 bytes).
    Removing apm32f0xx_tmr.o(i.TMR_EnableMasterSlaveMode), (12 bytes).
    Removing apm32f0xx_tmr.o(i.TMR_EnableNGUpdate), (12 bytes).
    Removing apm32f0xx_tmr.o(i.TMR_EnablePWMOutputs), (14 bytes).
    Removing apm32f0xx_tmr.o(i.TMR_EnableSelectCOM), (12 bytes).
    Removing apm32f0xx_tmr.o(i.TMR_ForcedOC1Config), (20 bytes).
    Removing apm32f0xx_tmr.o(i.TMR_ForcedOC2Config), (24 bytes).
    Removing apm32f0xx_tmr.o(i.TMR_ForcedOC3Config), (20 bytes).
    Removing apm32f0xx_tmr.o(i.TMR_ForcedOC4Config), (24 bytes).
    Removing apm32f0xx_tmr.o(i.TMR_GenerateEvent), (8 bytes).
    Removing apm32f0xx_tmr.o(i.TMR_ICConfig), (118 bytes).
    Removing apm32f0xx_tmr.o(i.TMR_ICConfigStructInit), (18 bytes).
    Removing apm32f0xx_tmr.o(i.TMR_OC1Config), (204 bytes).
    Removing apm32f0xx_tmr.o(i.TMR_OC1FastConfit), (20 bytes).
    Removing apm32f0xx_tmr.o(i.TMR_OC1NPolarityConfig), (20 bytes).
    Removing apm32f0xx_tmr.o(i.TMR_OC1PolarityConfig), (20 bytes).
    Removing apm32f0xx_tmr.o(i.TMR_OC1PreloadConfig), (20 bytes).
    Removing apm32f0xx_tmr.o(i.TMR_OC2Config), (200 bytes).
    Removing apm32f0xx_tmr.o(i.TMR_OC2FastConfit), (24 bytes).
    Removing apm32f0xx_tmr.o(i.TMR_OC2NPolarityConfig), (20 bytes).
    Removing apm32f0xx_tmr.o(i.TMR_OC2PolarityConfig), (20 bytes).
    Removing apm32f0xx_tmr.o(i.TMR_OC2PreloadConfig), (24 bytes).
    Removing apm32f0xx_tmr.o(i.TMR_OC3Config), (200 bytes).
    Removing apm32f0xx_tmr.o(i.TMR_OC3FastConfit), (20 bytes).
    Removing apm32f0xx_tmr.o(i.TMR_OC3NPolarityConfig), (24 bytes).
    Removing apm32f0xx_tmr.o(i.TMR_OC3PolarityConfig), (24 bytes).
    Removing apm32f0xx_tmr.o(i.TMR_OC3PreloadConfig), (20 bytes).
    Removing apm32f0xx_tmr.o(i.TMR_OC4Config), (132 bytes).
    Removing apm32f0xx_tmr.o(i.TMR_OC4FastConfit), (24 bytes).
    Removing apm32f0xx_tmr.o(i.TMR_OC4PolarityConfig), (24 bytes).
    Removing apm32f0xx_tmr.o(i.TMR_OC4PreloadConfig), (24 bytes).
    Removing apm32f0xx_tmr.o(i.TMR_OCConfigStructInit), (20 bytes).
    Removing apm32f0xx_tmr.o(i.TMR_PWMConfig), (124 bytes).
    Removing apm32f0xx_tmr.o(i.TMR_ReadCaputer1), (8 bytes).
    Removing apm32f0xx_tmr.o(i.TMR_ReadCaputer2), (8 bytes).
    Removing apm32f0xx_tmr.o(i.TMR_ReadCaputer3), (8 bytes).
    Removing apm32f0xx_tmr.o(i.TMR_ReadCaputer4), (8 bytes).
    Removing apm32f0xx_tmr.o(i.TMR_ReadCounter), (6 bytes).
    Removing apm32f0xx_tmr.o(i.TMR_ReadDiv), (6 bytes).
    Removing apm32f0xx_tmr.o(i.TMR_ReadIntFlag), (26 bytes).
    Removing apm32f0xx_tmr.o(i.TMR_ReadStatusFlag), (18 bytes).
    Removing apm32f0xx_tmr.o(i.TMR_Reset), (208 bytes).
    Removing apm32f0xx_tmr.o(i.TMR_SelectInputTrigger), (26 bytes).
    Removing apm32f0xx_tmr.o(i.TMR_SelectOCREFClear), (20 bytes).
    Removing apm32f0xx_tmr.o(i.TMR_SelectOCxMode), (108 bytes).
    Removing apm32f0xx_tmr.o(i.TMR_SelectOnePulseMode), (20 bytes).
    Removing apm32f0xx_tmr.o(i.TMR_SelectOutputTrigger), (20 bytes).
    Removing apm32f0xx_tmr.o(i.TMR_SelectSlaveMode), (16 bytes).
    Removing apm32f0xx_tmr.o(i.TMR_SetAutoReload), (4 bytes).
    Removing apm32f0xx_tmr.o(i.TMR_SetClockDivision), (24 bytes).
    Removing apm32f0xx_tmr.o(i.TMR_SetCompare1), (4 bytes).
    Removing apm32f0xx_tmr.o(i.TMR_SetCompare2), (4 bytes).
    Removing apm32f0xx_tmr.o(i.TMR_SetCompare3), (4 bytes).
    Removing apm32f0xx_tmr.o(i.TMR_SetCompare4), (4 bytes).
    Removing apm32f0xx_tmr.o(i.TMR_SetCounter), (4 bytes).
    Removing apm32f0xx_tmr.o(i.TMR_SetIC1Prescal), (26 bytes).
    Removing apm32f0xx_tmr.o(i.TMR_SetIC2Prescal), (30 bytes).
    Removing apm32f0xx_tmr.o(i.TMR_SetIC3Prescal), (26 bytes).
    Removing apm32f0xx_tmr.o(i.TMR_SetIC4Prescal), (30 bytes).
    Removing apm32f0xx_usart.o(.rev16_text), (4 bytes).
    Removing apm32f0xx_usart.o(.revsh_text), (4 bytes).
    Removing apm32f0xx_usart.o(i.USART_Address), (42 bytes).
    Removing apm32f0xx_usart.o(i.USART_ClearIntFlag), (8 bytes).
    Removing apm32f0xx_usart.o(i.USART_ClearStatusFlag), (4 bytes).
    Removing apm32f0xx_usart.o(i.USART_Config), (236 bytes).
    Removing apm32f0xx_usart.o(i.USART_ConfigAddressDetection), (20 bytes).
    Removing apm32f0xx_usart.o(i.USART_ConfigAutoBaudRate), (24 bytes).
    Removing apm32f0xx_usart.o(i.USART_ConfigBlockSize), (18 bytes).
    Removing apm32f0xx_usart.o(i.USART_ConfigDEPolarity), (24 bytes).
    Removing apm32f0xx_usart.o(i.USART_ConfigDMAReceptionError), (24 bytes).
    Removing apm32f0xx_usart.o(i.USART_ConfigMuteModeWakeUp), (24 bytes).
    Removing apm32f0xx_usart.o(i.USART_ConfigOverrunDetection), (24 bytes).
    Removing apm32f0xx_usart.o(i.USART_ConfigStructInit), (24 bytes).
    Removing apm32f0xx_usart.o(i.USART_ConfigSyncClock), (80 bytes).
    Removing apm32f0xx_usart.o(i.USART_ConfigSyncClockStructInit), (12 bytes).
    Removing apm32f0xx_usart.o(i.USART_DEAssertionTimeValue), (34 bytes).
    Removing apm32f0xx_usart.o(i.USART_DEDeassertionTimeValue), (34 bytes).
    Removing apm32f0xx_usart.o(i.USART_Disable), (10 bytes).
    Removing apm32f0xx_usart.o(i.USART_DisableAutoBaudRate), (12 bytes).
    Removing apm32f0xx_usart.o(i.USART_DisableDE), (12 bytes).
    Removing apm32f0xx_usart.o(i.USART_DisableDMA), (50 bytes).
    Removing apm32f0xx_usart.o(i.USART_DisableDataInv), (12 bytes).
    Removing apm32f0xx_usart.o(i.USART_DisableDirectionMode), (46 bytes).
    Removing apm32f0xx_usart.o(i.USART_DisableHalfDuplex), (10 bytes).
    Removing apm32f0xx_usart.o(i.USART_DisableInterrupt), (74 bytes).
    Removing apm32f0xx_usart.o(i.USART_DisableInvPin), (60 bytes).
    Removing apm32f0xx_usart.o(i.USART_DisableMSBFirst), (12 bytes).
    Removing apm32f0xx_usart.o(i.USART_DisableMuteMode), (12 bytes).
    Removing apm32f0xx_usart.o(i.USART_DisableOneBitMethod), (12 bytes).
    Removing apm32f0xx_usart.o(i.USART_DisableOverSampling8), (12 bytes).
    Removing apm32f0xx_usart.o(i.USART_DisableReceiverTimeOut), (12 bytes).
    Removing apm32f0xx_usart.o(i.USART_DisableRequest), (48 bytes).
    Removing apm32f0xx_usart.o(i.USART_DisableSWAPPin), (12 bytes).
    Removing apm32f0xx_usart.o(i.USART_Enable), (12 bytes).
    Removing apm32f0xx_usart.o(i.USART_EnableAutoBaudRate), (14 bytes).
    Removing apm32f0xx_usart.o(i.USART_EnableDE), (14 bytes).
    Removing apm32f0xx_usart.o(i.USART_EnableDMA), (58 bytes).
    Removing apm32f0xx_usart.o(i.USART_EnableDataInv), (14 bytes).
    Removing apm32f0xx_usart.o(i.USART_EnableDirectionMode), (54 bytes).
    Removing apm32f0xx_usart.o(i.USART_EnableHalfDuplex), (12 bytes).
    Removing apm32f0xx_usart.o(i.USART_EnableInterrupt), (74 bytes).
    Removing apm32f0xx_usart.o(i.USART_EnableInvPin), (68 bytes).
    Removing apm32f0xx_usart.o(i.USART_EnableMSBFirst), (14 bytes).
    Removing apm32f0xx_usart.o(i.USART_EnableMuteMode), (14 bytes).
    Removing apm32f0xx_usart.o(i.USART_EnableOneBitMethod), (14 bytes).
    Removing apm32f0xx_usart.o(i.USART_EnableOverSampling8), (14 bytes).
    Removing apm32f0xx_usart.o(i.USART_EnableReceiverTimeOut), (14 bytes).
    Removing apm32f0xx_usart.o(i.USART_EnableRequest), (56 bytes).
    Removing apm32f0xx_usart.o(i.USART_EnableSWAPPin), (14 bytes).
    Removing apm32f0xx_usart.o(i.USART_ReadIntFlag), (160 bytes).
    Removing apm32f0xx_usart.o(i.USART_ReadStatusFlag), (18 bytes).
    Removing apm32f0xx_usart.o(i.USART_ReceiverTimeOutValue), (20 bytes).
    Removing apm32f0xx_usart.o(i.USART_Reset), (168 bytes).
    Removing apm32f0xx_usart.o(i.USART_RxData), (10 bytes).
    Removing apm32f0xx_usart.o(i.USART_TxData), (8 bytes).
    Removing apm32f0xx_wwdt.o(.rev16_text), (4 bytes).
    Removing apm32f0xx_wwdt.o(.revsh_text), (4 bytes).
    Removing apm32f0xx_wwdt.o(i.WWDT_ClearStatusFlag), (20 bytes).
    Removing apm32f0xx_wwdt.o(i.WWDT_ConfigCounter), (16 bytes).
    Removing apm32f0xx_wwdt.o(i.WWDT_ConfigWindowValue), (32 bytes).
    Removing apm32f0xx_wwdt.o(i.WWDT_Enable), (40 bytes).
    Removing apm32f0xx_wwdt.o(i.WWDT_EnableEWI), (24 bytes).
    Removing apm32f0xx_wwdt.o(i.WWDT_ReadStatusFlag), (12 bytes).
    Removing apm32f0xx_wwdt.o(i.WWDT_Reset), (20 bytes).
    Removing apm32f0xx_wwdt.o(i.WWDT_SetTimebase), (44 bytes).
    Removing board.o(.rev16_text), (4 bytes).
    Removing board.o(.revsh_text), (4 bytes).
    Removing board.o(i.APM_MINI_COMInit), (312 bytes).
    Removing board.o(i.APM_MINI_PBGetState), (32 bytes).
    Removing board.o(i.APM_MINI_PBInit), (136 bytes).
    Removing board.o(i.APM_MINI_PB_Led_Isr), (46 bytes).
    Removing main.o(.rev16_text), (4 bytes).
    Removing main.o(.revsh_text), (4 bytes).
    Removing apm32f0xx_int.o(.rev16_text), (4 bytes).
    Removing apm32f0xx_int.o(.revsh_text), (4 bytes).
    Removing apm32f0xx_rtc.o(i.__ARM_common_switch8), (28 bytes).

632 unused section(s) (total 20532 bytes) removed from the image.

==============================================================================

Image Symbol Table

    Local Symbols

    Symbol Name                              Value     Ov Type        Size  Object(Section)

    ../clib/microlib/division.c              0x00000000   Number         0  uidiv.o ABSOLUTE
    ../clib/microlib/init/entry.s            0x00000000   Number         0  entry11b.o ABSOLUTE
    ../clib/microlib/init/entry.s            0x00000000   Number         0  entry7a.o ABSOLUTE
    ../clib/microlib/init/entry.s            0x00000000   Number         0  entry7b.o ABSOLUTE
    ../clib/microlib/init/entry.s            0x00000000   Number         0  entry2.o ABSOLUTE
    ../clib/microlib/init/entry.s            0x00000000   Number         0  entry5.o ABSOLUTE
    ../clib/microlib/init/entry.s            0x00000000   Number         0  entry8b.o ABSOLUTE
    ../clib/microlib/init/entry.s            0x00000000   Number         0  entry9b.o ABSOLUTE
    ../clib/microlib/init/entry.s            0x00000000   Number         0  entry.o ABSOLUTE
    ../clib/microlib/init/entry.s            0x00000000   Number         0  entry8a.o ABSOLUTE
    ../clib/microlib/init/entry.s            0x00000000   Number         0  entry10a.o ABSOLUTE
    ../clib/microlib/init/entry.s            0x00000000   Number         0  entry9a.o ABSOLUTE
    ../clib/microlib/init/entry.s            0x00000000   Number         0  entry11a.o ABSOLUTE
    ../clib/microlib/init/entry.s            0x00000000   Number         0  entry10b.o ABSOLUTE
    ..\..\..\..\..\Boards\Board.c            0x00000000   Number         0  board.o ABSOLUTE
    ..\..\..\..\..\Libraries\APM32F0xx_StdPeriphDriver\src\apm32f0xx_adc.c 0x00000000   Number         0  apm32f0xx_adc.o ABSOLUTE
    ..\..\..\..\..\Libraries\APM32F0xx_StdPeriphDriver\src\apm32f0xx_can.c 0x00000000   Number         0  apm32f0xx_can.o ABSOLUTE
    ..\..\..\..\..\Libraries\APM32F0xx_StdPeriphDriver\src\apm32f0xx_cec.c 0x00000000   Number         0  apm32f0xx_cec.o ABSOLUTE
    ..\..\..\..\..\Libraries\APM32F0xx_StdPeriphDriver\src\apm32f0xx_comp.c 0x00000000   Number         0  apm32f0xx_comp.o ABSOLUTE
    ..\..\..\..\..\Libraries\APM32F0xx_StdPeriphDriver\src\apm32f0xx_crc.c 0x00000000   Number         0  apm32f0xx_crc.o ABSOLUTE
    ..\..\..\..\..\Libraries\APM32F0xx_StdPeriphDriver\src\apm32f0xx_crs.c 0x00000000   Number         0  apm32f0xx_crs.o ABSOLUTE
    ..\..\..\..\..\Libraries\APM32F0xx_StdPeriphDriver\src\apm32f0xx_dac.c 0x00000000   Number         0  apm32f0xx_dac.o ABSOLUTE
    ..\..\..\..\..\Libraries\APM32F0xx_StdPeriphDriver\src\apm32f0xx_dbg.c 0x00000000   Number         0  apm32f0xx_dbg.o ABSOLUTE
    ..\..\..\..\..\Libraries\APM32F0xx_StdPeriphDriver\src\apm32f0xx_dma.c 0x00000000   Number         0  apm32f0xx_dma.o ABSOLUTE
    ..\..\..\..\..\Libraries\APM32F0xx_StdPeriphDriver\src\apm32f0xx_eint.c 0x00000000   Number         0  apm32f0xx_eint.o ABSOLUTE
    ..\..\..\..\..\Libraries\APM32F0xx_StdPeriphDriver\src\apm32f0xx_fmc.c 0x00000000   Number         0  apm32f0xx_fmc.o ABSOLUTE
    ..\..\..\..\..\Libraries\APM32F0xx_StdPeriphDriver\src\apm32f0xx_gpio.c 0x00000000   Number         0  apm32f0xx_gpio.o ABSOLUTE
    ..\..\..\..\..\Libraries\APM32F0xx_StdPeriphDriver\src\apm32f0xx_i2c.c 0x00000000   Number         0  apm32f0xx_i2c.o ABSOLUTE
    ..\..\..\..\..\Libraries\APM32F0xx_StdPeriphDriver\src\apm32f0xx_iwdt.c 0x00000000   Number         0  apm32f0xx_iwdt.o ABSOLUTE
    ..\..\..\..\..\Libraries\APM32F0xx_StdPeriphDriver\src\apm32f0xx_misc.c 0x00000000   Number         0  apm32f0xx_misc.o ABSOLUTE
    ..\..\..\..\..\Libraries\APM32F0xx_StdPeriphDriver\src\apm32f0xx_ob.c 0x00000000   Number         0  apm32f0xx_ob.o ABSOLUTE
    ..\..\..\..\..\Libraries\APM32F0xx_StdPeriphDriver\src\apm32f0xx_pmu.c 0x00000000   Number         0  apm32f0xx_pmu.o ABSOLUTE
    ..\..\..\..\..\Libraries\APM32F0xx_StdPeriphDriver\src\apm32f0xx_rcm.c 0x00000000   Number         0  apm32f0xx_rcm.o ABSOLUTE
    ..\..\..\..\..\Libraries\APM32F0xx_StdPeriphDriver\src\apm32f0xx_rtc.c 0x00000000   Number         0  apm32f0xx_rtc.o ABSOLUTE
    ..\..\..\..\..\Libraries\APM32F0xx_StdPeriphDriver\src\apm32f0xx_spi.c 0x00000000   Number         0  apm32f0xx_spi.o ABSOLUTE
    ..\..\..\..\..\Libraries\APM32F0xx_StdPeriphDriver\src\apm32f0xx_syscfg.c 0x00000000   Number         0  apm32f0xx_syscfg.o ABSOLUTE
    ..\..\..\..\..\Libraries\APM32F0xx_StdPeriphDriver\src\apm32f0xx_tmr.c 0x00000000   Number         0  apm32f0xx_tmr.o ABSOLUTE
    ..\..\..\..\..\Libraries\APM32F0xx_StdPeriphDriver\src\apm32f0xx_usart.c 0x00000000   Number         0  apm32f0xx_usart.o ABSOLUTE
    ..\..\..\..\..\Libraries\APM32F0xx_StdPeriphDriver\src\apm32f0xx_wwdt.c 0x00000000   Number         0  apm32f0xx_wwdt.o ABSOLUTE
    ..\..\..\..\..\Libraries\Device\Geehy\APM32F0xx\Source\arm\startup_apm32f030.s 0x00000000   Number         0  startup_apm32f030.o ABSOLUTE
    ..\..\..\..\..\Libraries\Device\Geehy\APM32F0xx\Source\system_apm32f0xx.c 0x00000000   Number         0  system_apm32f0xx.o ABSOLUTE
    ..\..\Source\apm32f0xx_int.c             0x00000000   Number         0  apm32f0xx_int.o ABSOLUTE
    ..\..\Source\main.c                      0x00000000   Number         0  main.o ABSOLUTE
    ..\\..\\..\\..\\..\\Boards\\Board.c      0x00000000   Number         0  board.o ABSOLUTE
    ..\\..\\..\\..\\..\\Libraries\\APM32F0xx_StdPeriphDriver\\src\\apm32f0xx_adc.c 0x00000000   Number         0  apm32f0xx_adc.o ABSOLUTE
    ..\\..\\..\\..\\..\\Libraries\\APM32F0xx_StdPeriphDriver\\src\\apm32f0xx_can.c 0x00000000   Number         0  apm32f0xx_can.o ABSOLUTE
    ..\\..\\..\\..\\..\\Libraries\\APM32F0xx_StdPeriphDriver\\src\\apm32f0xx_cec.c 0x00000000   Number         0  apm32f0xx_cec.o ABSOLUTE
    ..\\..\\..\\..\\..\\Libraries\\APM32F0xx_StdPeriphDriver\\src\\apm32f0xx_comp.c 0x00000000   Number         0  apm32f0xx_comp.o ABSOLUTE
    ..\\..\\..\\..\\..\\Libraries\\APM32F0xx_StdPeriphDriver\\src\\apm32f0xx_crc.c 0x00000000   Number         0  apm32f0xx_crc.o ABSOLUTE
    ..\\..\\..\\..\\..\\Libraries\\APM32F0xx_StdPeriphDriver\\src\\apm32f0xx_crs.c 0x00000000   Number         0  apm32f0xx_crs.o ABSOLUTE
    ..\\..\\..\\..\\..\\Libraries\\APM32F0xx_StdPeriphDriver\\src\\apm32f0xx_dac.c 0x00000000   Number         0  apm32f0xx_dac.o ABSOLUTE
    ..\\..\\..\\..\\..\\Libraries\\APM32F0xx_StdPeriphDriver\\src\\apm32f0xx_dbg.c 0x00000000   Number         0  apm32f0xx_dbg.o ABSOLUTE
    ..\\..\\..\\..\\..\\Libraries\\APM32F0xx_StdPeriphDriver\\src\\apm32f0xx_dma.c 0x00000000   Number         0  apm32f0xx_dma.o ABSOLUTE
    ..\\..\\..\\..\\..\\Libraries\\APM32F0xx_StdPeriphDriver\\src\\apm32f0xx_eint.c 0x00000000   Number         0  apm32f0xx_eint.o ABSOLUTE
    ..\\..\\..\\..\\..\\Libraries\\APM32F0xx_StdPeriphDriver\\src\\apm32f0xx_fmc.c 0x00000000   Number         0  apm32f0xx_fmc.o ABSOLUTE
    ..\\..\\..\\..\\..\\Libraries\\APM32F0xx_StdPeriphDriver\\src\\apm32f0xx_gpio.c 0x00000000   Number         0  apm32f0xx_gpio.o ABSOLUTE
    ..\\..\\..\\..\\..\\Libraries\\APM32F0xx_StdPeriphDriver\\src\\apm32f0xx_i2c.c 0x00000000   Number         0  apm32f0xx_i2c.o ABSOLUTE
    ..\\..\\..\\..\\..\\Libraries\\APM32F0xx_StdPeriphDriver\\src\\apm32f0xx_iwdt.c 0x00000000   Number         0  apm32f0xx_iwdt.o ABSOLUTE
    ..\\..\\..\\..\\..\\Libraries\\APM32F0xx_StdPeriphDriver\\src\\apm32f0xx_misc.c 0x00000000   Number         0  apm32f0xx_misc.o ABSOLUTE
    ..\\..\\..\\..\\..\\Libraries\\APM32F0xx_StdPeriphDriver\\src\\apm32f0xx_ob.c 0x00000000   Number         0  apm32f0xx_ob.o ABSOLUTE
    ..\\..\\..\\..\\..\\Libraries\\APM32F0xx_StdPeriphDriver\\src\\apm32f0xx_pmu.c 0x00000000   Number         0  apm32f0xx_pmu.o ABSOLUTE
    ..\\..\\..\\..\\..\\Libraries\\APM32F0xx_StdPeriphDriver\\src\\apm32f0xx_rcm.c 0x00000000   Number         0  apm32f0xx_rcm.o ABSOLUTE
    ..\\..\\..\\..\\..\\Libraries\\APM32F0xx_StdPeriphDriver\\src\\apm32f0xx_rtc.c 0x00000000   Number         0  apm32f0xx_rtc.o ABSOLUTE
    ..\\..\\..\\..\\..\\Libraries\\APM32F0xx_StdPeriphDriver\\src\\apm32f0xx_spi.c 0x00000000   Number         0  apm32f0xx_spi.o ABSOLUTE
    ..\\..\\..\\..\\..\\Libraries\\APM32F0xx_StdPeriphDriver\\src\\apm32f0xx_syscfg.c 0x00000000   Number         0  apm32f0xx_syscfg.o ABSOLUTE
    ..\\..\\..\\..\\..\\Libraries\\APM32F0xx_StdPeriphDriver\\src\\apm32f0xx_tmr.c 0x00000000   Number         0  apm32f0xx_tmr.o ABSOLUTE
    ..\\..\\..\\..\\..\\Libraries\\APM32F0xx_StdPeriphDriver\\src\\apm32f0xx_usart.c 0x00000000   Number         0  apm32f0xx_usart.o ABSOLUTE
    ..\\..\\..\\..\\..\\Libraries\\APM32F0xx_StdPeriphDriver\\src\\apm32f0xx_wwdt.c 0x00000000   Number         0  apm32f0xx_wwdt.o ABSOLUTE
    ..\\..\\..\\..\\..\\Libraries\\Device\\Geehy\\APM32F0xx\\Source\\system_apm32f0xx.c 0x00000000   Number         0  system_apm32f0xx.o ABSOLUTE
    ..\\..\\Source\\apm32f0xx_int.c          0x00000000   Number         0  apm32f0xx_int.o ABSOLUTE
    ..\\..\\Source\\main.c                   0x00000000   Number         0  main.o ABSOLUTE
    dc.s                                     0x00000000   Number         0  dc.o ABSOLUTE
    handlers.s                               0x00000000   Number         0  handlers.o ABSOLUTE
    init.s                                   0x00000000   Number         0  init.o ABSOLUTE
    RESET                                    0x08000000   Section      184  startup_apm32f030.o(RESET)
    .ARM.Collect$$$$00000000                 0x080000b8   Section        0  entry.o(.ARM.Collect$$$$00000000)
    .ARM.Collect$$$$00000001                 0x080000b8   Section        4  entry2.o(.ARM.Collect$$$$00000001)
    .ARM.Collect$$$$00000004                 0x080000bc   Section        4  entry5.o(.ARM.Collect$$$$00000004)
    .ARM.Collect$$$$00000008                 0x080000c0   Section        0  entry7b.o(.ARM.Collect$$$$00000008)
    .ARM.Collect$$$$0000000A                 0x080000c0   Section        0  entry8b.o(.ARM.Collect$$$$0000000A)
    .ARM.Collect$$$$0000000B                 0x080000c0   Section        8  entry9a.o(.ARM.Collect$$$$0000000B)
    .ARM.Collect$$$$0000000D                 0x080000c8   Section        0  entry10a.o(.ARM.Collect$$$$0000000D)
    .ARM.Collect$$$$0000000F                 0x080000c8   Section        0  entry11a.o(.ARM.Collect$$$$0000000F)
    .ARM.Collect$$$$00002712                 0x080000c8   Section        4  entry2.o(.ARM.Collect$$$$00002712)
    __lit__00000000                          0x080000c8   Data           4  entry2.o(.ARM.Collect$$$$00002712)
    .text                                    0x080000cc   Section       28  startup_apm32f030.o(.text)
    .text                                    0x080000e8   Section        0  uidiv.o(.text)
    .text                                    0x08000114   Section       36  init.o(.text)
    i.APM_MINI_LEDInit                       0x08000138   Section        0  board.o(i.APM_MINI_LEDInit)
    i.APM_MINI_LEDOff                        0x08000188   Section        0  board.o(i.APM_MINI_LEDOff)
    i.APM_MINI_LEDOn                         0x080001a0   Section        0  board.o(i.APM_MINI_LEDOn)
    i.APM_MINI_LEDToggle                     0x080001b8   Section        0  board.o(i.APM_MINI_LEDToggle)
    i.GPIO_Config                            0x080001dc   Section        0  apm32f0xx_gpio.o(i.GPIO_Config)
    i.HardFault_Handler                      0x08000266   Section        0  apm32f0xx_int.o(i.HardFault_Handler)
    i.NMI_Handler                            0x08000268   Section        0  apm32f0xx_int.o(i.NMI_Handler)
    i.PendSV_Handler                         0x0800026a   Section        0  apm32f0xx_int.o(i.PendSV_Handler)
    i.RCM_EnableAHBPeriphClock               0x0800026c   Section        0  apm32f0xx_rcm.o(i.RCM_EnableAHBPeriphClock)
    i.SVC_Handler                            0x0800027c   Section        0  apm32f0xx_int.o(i.SVC_Handler)
    i.SysTick_Handler                        0x08000280   Section        0  apm32f0xx_int.o(i.SysTick_Handler)
    i.SystemClock48M                         0x08000290   Section        0  system_apm32f0xx.o(i.SystemClock48M)
    SystemClock48M                           0x08000291   Thumb Code   206  system_apm32f0xx.o(i.SystemClock48M)
    i.SystemClockConfig                      0x08000368   Section        0  system_apm32f0xx.o(i.SystemClockConfig)
    i.SystemCoreClockUpdate                  0x08000374   Section        0  system_apm32f0xx.o(i.SystemCoreClockUpdate)
    i.SystemInit                             0x08000474   Section        0  system_apm32f0xx.o(i.SystemInit)
    i.__NVIC_SetPriority                     0x080004f4   Section        0  main.o(i.__NVIC_SetPriority)
    __NVIC_SetPriority                       0x080004f5   Thumb Code   110  main.o(i.__NVIC_SetPriority)
    i.__scatterload_copy                     0x0800056c   Section       14  handlers.o(i.__scatterload_copy)
    i.__scatterload_null                     0x0800057a   Section        2  handlers.o(i.__scatterload_null)
    i.__scatterload_zeroinit                 0x0800057c   Section       14  handlers.o(i.__scatterload_zeroinit)
    i.main                                   0x0800058c   Section        0  main.o(i.main)
    .constdata                               0x08000614   Section       64  board.o(.constdata)
    .data                                    0x20000000   Section        4  system_apm32f0xx.o(.data)
    .data                                    0x20000004   Section       40  board.o(.data)
    .data                                    0x2000002c   Section        4  main.o(.data)
    STACK                                    0x20000030   Section     1024  startup_apm32f030.o(STACK)

    Global Symbols

    Symbol Name                              Value     Ov Type        Size  Object(Section)

    BuildAttributes$$THM_ISAv3M$S$PE$A:L22$X:L11$S22$IEEE1$IW$USESV6$~STKCKD$USESV7$~SHL$OSPACE$EBA8$MICROLIB$REQ8$PRES8$EABIv2 0x00000000   Number         0  anon$$obj.o ABSOLUTE
    __ARM_use_no_argv                        0x00000000   Number         0  main.o ABSOLUTE
    __cpp_initialize__aeabi_                  - Undefined Weak Reference
    __cxa_finalize                            - Undefined Weak Reference
    __decompress                              - Undefined Weak Reference
    _clock_init                               - Undefined Weak Reference
    _microlib_exit                            - Undefined Weak Reference
    __Vectors_Size                           0x000000b8   Number         0  startup_apm32f030.o ABSOLUTE
    __Vectors                                0x08000000   Data           4  startup_apm32f030.o(RESET)
    __Vectors_End                            0x080000b8   Data           0  startup_apm32f030.o(RESET)
    __main                                   0x080000b9   Thumb Code     0  entry.o(.ARM.Collect$$$$00000000)
    _main_stk                                0x080000b9   Thumb Code     0  entry2.o(.ARM.Collect$$$$00000001)
    _main_scatterload                        0x080000bd   Thumb Code     0  entry5.o(.ARM.Collect$$$$00000004)
    __main_after_scatterload                 0x080000c1   Thumb Code     0  entry5.o(.ARM.Collect$$$$00000004)
    _main_clock                              0x080000c1   Thumb Code     0  entry7b.o(.ARM.Collect$$$$00000008)
    _main_cpp_init                           0x080000c1   Thumb Code     0  entry8b.o(.ARM.Collect$$$$0000000A)
    _main_init                               0x080000c1   Thumb Code     0  entry9a.o(.ARM.Collect$$$$0000000B)
    __rt_final_cpp                           0x080000c9   Thumb Code     0  entry10a.o(.ARM.Collect$$$$0000000D)
    __rt_final_exit                          0x080000c9   Thumb Code     0  entry11a.o(.ARM.Collect$$$$0000000F)
    Reset_Handler                            0x080000cd   Thumb Code     8  startup_apm32f030.o(.text)
    ADC1_IRQHandler                          0x080000df   Thumb Code     0  startup_apm32f030.o(.text)
    DMA1_CH1_IRQHandler                      0x080000df   Thumb Code     0  startup_apm32f030.o(.text)
    DMA1_CH2_3_IRQHandler                    0x080000df   Thumb Code     0  startup_apm32f030.o(.text)
    DMA1_CH4_5_IRQHandler                    0x080000df   Thumb Code     0  startup_apm32f030.o(.text)
    EINT0_1_IRQHandler                       0x080000df   Thumb Code     0  startup_apm32f030.o(.text)
    EINT2_3_IRQHandler                       0x080000df   Thumb Code     0  startup_apm32f030.o(.text)
    EINT4_15_IRQHandler                      0x080000df   Thumb Code     0  startup_apm32f030.o(.text)
    FLASH_IRQHandler                         0x080000df   Thumb Code     0  startup_apm32f030.o(.text)
    I2C1_IRQHandler                          0x080000df   Thumb Code     0  startup_apm32f030.o(.text)
    I2C2_IRQHandler                          0x080000df   Thumb Code     0  startup_apm32f030.o(.text)
    RCM_IRQHandler                           0x080000df   Thumb Code     0  startup_apm32f030.o(.text)
    RTC_IRQHandler                           0x080000df   Thumb Code     0  startup_apm32f030.o(.text)
    SPI1_IRQHandler                          0x080000df   Thumb Code     0  startup_apm32f030.o(.text)
    SPI2_IRQHandler                          0x080000df   Thumb Code     0  startup_apm32f030.o(.text)
    TMR14_IRQHandler                         0x080000df   Thumb Code     0  startup_apm32f030.o(.text)
    TMR15_IRQHandler                         0x080000df   Thumb Code     0  startup_apm32f030.o(.text)
    TMR16_IRQHandler                         0x080000df   Thumb Code     0  startup_apm32f030.o(.text)
    TMR17_IRQHandler                         0x080000df   Thumb Code     0  startup_apm32f030.o(.text)
    TMR1_BRK_UP_TRG_COM_IRQHandler           0x080000df   Thumb Code     0  startup_apm32f030.o(.text)
    TMR1_CC_IRQHandler                       0x080000df   Thumb Code     0  startup_apm32f030.o(.text)
    TMR3_IRQHandler                          0x080000df   Thumb Code     0  startup_apm32f030.o(.text)
    TMR6_IRQHandler                          0x080000df   Thumb Code     0  startup_apm32f030.o(.text)
    TMR7_IRQHandler                          0x080000df   Thumb Code     0  startup_apm32f030.o(.text)
    USART1_IRQHandler                        0x080000df   Thumb Code     0  startup_apm32f030.o(.text)
    USART2_IRQHandler                        0x080000df   Thumb Code     0  startup_apm32f030.o(.text)
    USART3_6_IRQHandler                      0x080000df   Thumb Code     0  startup_apm32f030.o(.text)
    WWDT_IRQHandler                          0x080000df   Thumb Code     0  startup_apm32f030.o(.text)
    __aeabi_uidiv                            0x080000e9   Thumb Code     0  uidiv.o(.text)
    __aeabi_uidivmod                         0x080000e9   Thumb Code    44  uidiv.o(.text)
    __scatterload                            0x08000115   Thumb Code    28  init.o(.text)
    __scatterload_rt2                        0x08000115   Thumb Code     0  init.o(.text)
    APM_MINI_LEDInit                         0x08000139   Thumb Code    68  board.o(i.APM_MINI_LEDInit)
    APM_MINI_LEDOff                          0x08000189   Thumb Code    16  board.o(i.APM_MINI_LEDOff)
    APM_MINI_LEDOn                           0x080001a1   Thumb Code    16  board.o(i.APM_MINI_LEDOn)
    APM_MINI_LEDToggle                       0x080001b9   Thumb Code    26  board.o(i.APM_MINI_LEDToggle)
    GPIO_Config                              0x080001dd   Thumb Code   138  apm32f0xx_gpio.o(i.GPIO_Config)
    HardFault_Handler                        0x08000267   Thumb Code     2  apm32f0xx_int.o(i.HardFault_Handler)
    NMI_Handler                              0x08000269   Thumb Code     2  apm32f0xx_int.o(i.NMI_Handler)
    PendSV_Handler                           0x0800026b   Thumb Code     2  apm32f0xx_int.o(i.PendSV_Handler)
    RCM_EnableAHBPeriphClock                 0x0800026d   Thumb Code    12  apm32f0xx_rcm.o(i.RCM_EnableAHBPeriphClock)
    SVC_Handler                              0x0800027d   Thumb Code     2  apm32f0xx_int.o(i.SVC_Handler)
    SysTick_Handler                          0x08000281   Thumb Code    12  apm32f0xx_int.o(i.SysTick_Handler)
    SystemClockConfig                        0x08000369   Thumb Code    12  system_apm32f0xx.o(i.SystemClockConfig)
    SystemCoreClockUpdate                    0x08000375   Thumb Code   220  system_apm32f0xx.o(i.SystemCoreClockUpdate)
    SystemInit                               0x08000475   Thumb Code   112  system_apm32f0xx.o(i.SystemInit)
    __scatterload_copy                       0x0800056d   Thumb Code    14  handlers.o(i.__scatterload_copy)
    __scatterload_null                       0x0800057b   Thumb Code     2  handlers.o(i.__scatterload_null)
    __scatterload_zeroinit                   0x0800057d   Thumb Code    14  handlers.o(i.__scatterload_zeroinit)
    main                                     0x0800058d   Thumb Code   120  main.o(i.main)
    GPIO_PIN                                 0x08000614   Data           4  board.o(.constdata)
    GPIO_CLK                                 0x08000618   Data           8  board.o(.constdata)
    BUTTON_PIN                               0x08000620   Data           4  board.o(.constdata)
    BUTTON_CLK                               0x08000624   Data           8  board.o(.constdata)
    COM_USART_CLK                            0x0800062c   Data           8  board.o(.constdata)
    COM_TX_PORT_CLK                          0x08000634   Data           8  board.o(.constdata)
    COM_RX_PORT_CLK                          0x0800063c   Data           8  board.o(.constdata)
    COM_TX_PIN                               0x08000644   Data           4  board.o(.constdata)
    COM_RX_PIN                               0x08000648   Data           4  board.o(.constdata)
    COM_TX_PIN_SOURCE                        0x0800064c   Data           2  board.o(.constdata)
    COM_RX_PIN_SOURCE                        0x0800064e   Data           2  board.o(.constdata)
    COM_TX_AF                                0x08000650   Data           2  board.o(.constdata)
    COM_RX_AF                                0x08000652   Data           2  board.o(.constdata)
    Region$$Table$$Base                      0x08000654   Number         0  anon$$obj.o(Region$$Table)
    Region$$Table$$Limit                     0x08000674   Number         0  anon$$obj.o(Region$$Table)
    SystemCoreClock                          0x20000000   Data           4  system_apm32f0xx.o(.data)
    GPIO_PORT                                0x20000004   Data           8  board.o(.data)
    BUTTON_PORT                              0x2000000c   Data           8  board.o(.data)
    COM_USART                                0x20000014   Data           8  board.o(.data)
    COM_TX_PORT                              0x2000001c   Data           8  board.o(.data)
    COM_RX_PORT                              0x20000024   Data           8  board.o(.data)
    sysTick                                  0x2000002c   Data           4  main.o(.data)
    __initial_sp                             0x20000430   Data           0  startup_apm32f030.o(STACK)



==============================================================================

Memory Map of the image

  Image Entry point : 0x080000b9

  Load Region LR_IROM1 (Base: 0x08000000, Size: 0x000006a4, Max: 0x00010000, ABSOLUTE)

    Execution Region ER_IROM1 (Exec base: 0x08000000, Load base: 0x08000000, Size: 0x00000674, Max: 0x00010000, ABSOLUTE)

    Exec Addr    Load Addr    Size         Type   Attr      Idx    E Section Name        Object

    0x08000000   0x08000000   0x000000b8   Data   RO           70    RESET               startup_apm32f030.o
    0x080000b8   0x080000b8   0x00000000   Code   RO         4082  * .ARM.Collect$$$$00000000  mc_p.l(entry.o)
    0x080000b8   0x080000b8   0x00000004   Code   RO         4087    .ARM.Collect$$$$00000001  mc_p.l(entry2.o)
    0x080000bc   0x080000bc   0x00000004   Code   RO         4090    .ARM.Collect$$$$00000004  mc_p.l(entry5.o)
    0x080000c0   0x080000c0   0x00000000   Code   RO         4092    .ARM.Collect$$$$00000008  mc_p.l(entry7b.o)
    0x080000c0   0x080000c0   0x00000000   Code   RO         4094    .ARM.Collect$$$$0000000A  mc_p.l(entry8b.o)
    0x080000c0   0x080000c0   0x00000008   Code   RO         4095    .ARM.Collect$$$$0000000B  mc_p.l(entry9a.o)
    0x080000c8   0x080000c8   0x00000000   Code   RO         4097    .ARM.Collect$$$$0000000D  mc_p.l(entry10a.o)
    0x080000c8   0x080000c8   0x00000000   Code   RO         4099    .ARM.Collect$$$$0000000F  mc_p.l(entry11a.o)
    0x080000c8   0x080000c8   0x00000004   Code   RO         4088    .ARM.Collect$$$$00002712  mc_p.l(entry2.o)
    0x080000cc   0x080000cc   0x0000001c   Code   RO           71    .text               startup_apm32f030.o
    0x080000e8   0x080000e8   0x0000002c   Code   RO         4085    .text               mc_p.l(uidiv.o)
    0x08000114   0x08000114   0x00000024   Code   RO         4101    .text               mc_p.l(init.o)
    0x08000138   0x08000138   0x00000050   Code   RO         3920    i.APM_MINI_LEDInit  board.o
    0x08000188   0x08000188   0x00000018   Code   RO         3921    i.APM_MINI_LEDOff   board.o
    0x080001a0   0x080001a0   0x00000018   Code   RO         3922    i.APM_MINI_LEDOn    board.o
    0x080001b8   0x080001b8   0x00000024   Code   RO         3923    i.APM_MINI_LEDToggle  board.o
    0x080001dc   0x080001dc   0x0000008a   Code   RO          986    i.GPIO_Config       apm32f0xx_gpio.o
    0x08000266   0x08000266   0x00000002   Code   RO         4033    i.HardFault_Handler  apm32f0xx_int.o
    0x08000268   0x08000268   0x00000002   Code   RO         4034    i.NMI_Handler       apm32f0xx_int.o
    0x0800026a   0x0800026a   0x00000002   Code   RO         4035    i.PendSV_Handler    apm32f0xx_int.o
    0x0800026c   0x0800026c   0x00000010   Code   RO         1790    i.RCM_EnableAHBPeriphClock  apm32f0xx_rcm.o
    0x0800027c   0x0800027c   0x00000002   Code   RO         4036    i.SVC_Handler       apm32f0xx_int.o
    0x0800027e   0x0800027e   0x00000002   PAD
    0x08000280   0x08000280   0x00000010   Code   RO         4037    i.SysTick_Handler   apm32f0xx_int.o
    0x08000290   0x08000290   0x000000d8   Code   RO            3    i.SystemClock48M    system_apm32f0xx.o
    0x08000368   0x08000368   0x0000000c   Code   RO            4    i.SystemClockConfig  system_apm32f0xx.o
    0x08000374   0x08000374   0x00000100   Code   RO            5    i.SystemCoreClockUpdate  system_apm32f0xx.o
    0x08000474   0x08000474   0x00000080   Code   RO            6    i.SystemInit        system_apm32f0xx.o
    0x080004f4   0x080004f4   0x00000078   Code   RO         3998    i.__NVIC_SetPriority  main.o
    0x0800056c   0x0800056c   0x0000000e   Code   RO         4105    i.__scatterload_copy  mc_p.l(handlers.o)
    0x0800057a   0x0800057a   0x00000002   Code   RO         4106    i.__scatterload_null  mc_p.l(handlers.o)
    0x0800057c   0x0800057c   0x0000000e   Code   RO         4107    i.__scatterload_zeroinit  mc_p.l(handlers.o)
    0x0800058a   0x0800058a   0x00000002   PAD
    0x0800058c   0x0800058c   0x00000088   Code   RO         3999    i.main              main.o
    0x08000614   0x08000614   0x00000040   Data   RO         3927    .constdata          board.o
    0x08000654   0x08000654   0x00000020   Data   RO         4103    Region$$Table       anon$$obj.o


    Execution Region RW_IRAM1 (Exec base: 0x20000000, Load base: 0x08000674, Size: 0x00000430, Max: 0x00002000, ABSOLUTE)

    Exec Addr    Load Addr    Size         Type   Attr      Idx    E Section Name        Object

    0x20000000   0x08000674   0x00000004   Data   RW            7    .data               system_apm32f0xx.o
    0x20000004   0x08000678   0x00000028   Data   RW         3928    .data               board.o
    0x2000002c   0x080006a0   0x00000004   Data   RW         4000    .data               main.o
    0x20000030        -       0x00000400   Zero   RW           68    STACK               startup_apm32f030.o


==============================================================================

Image component sizes


      Code (inc. data)   RO Data    RW Data    ZI Data      Debug   Object Name

         0          0          0          0          0       4564   apm32f0xx_adc.o
       138          0          0          0          0       3158   apm32f0xx_gpio.o
        24          4          0          0          0       2299   apm32f0xx_int.o
        16          4          0          0          0        611   apm32f0xx_rcm.o
       164         38         64         40          0       6165   board.o
       256         26          0          4          0       9465   main.o
        28          8        184          0       1024        744   startup_apm32f030.o
       612         62          0          4          0      46191   system_apm32f0xx.o

    ----------------------------------------------------------------------
      1240        142        280         48       1024      73197   Object Totals
         0          0         32          0          0          0   (incl. Generated)
         2          0          0          0          0          0   (incl. Padding)

    ----------------------------------------------------------------------

      Code (inc. data)   RO Data    RW Data    ZI Data      Debug   Library Member Name

         0          0          0          0          0          0   entry.o
         0          0          0          0          0          0   entry10a.o
         0          0          0          0          0          0   entry11a.o
         8          4          0          0          0          0   entry2.o
         4          0          0          0          0          0   entry5.o
         0          0          0          0          0          0   entry7b.o
         0          0          0          0          0          0   entry8b.o
         8          4          0          0          0          0   entry9a.o
        30          0          0          0          0          0   handlers.o
        36          8          0          0          0         68   init.o
        44          0          0          0          0         72   uidiv.o

    ----------------------------------------------------------------------
       132         16          0          0          0        140   Library Totals
         2          0          0          0          0          0   (incl. Padding)

    ----------------------------------------------------------------------

      Code (inc. data)   RO Data    RW Data    ZI Data      Debug   Library Name

       130         16          0          0          0        140   mc_p.l

    ----------------------------------------------------------------------
       132         16          0          0          0        140   Library Totals

    ----------------------------------------------------------------------

==============================================================================


      Code (inc. data)   RO Data    RW Data    ZI Data      Debug   

      1372        158        280         48       1024      72917   Grand Totals
      1372        158        280         48       1024      72917   ELF Image Totals
      1372        158        280         48          0          0   ROM Totals

==============================================================================

    Total RO  Size (Code + RO Data)                 1652 (   1.61kB)
    Total RW  Size (RW Data + ZI Data)              1072 (   1.05kB)
    Total ROM Size (Code + RO Data + RW Data)       1700 (   1.66kB)

==============================================================================

