Component: ARM Compiler 5.06 update 6 (build 750) Tool: armlink [4d35ed]

==============================================================================

Section Cross References

    system_apm32f0xx.o(i.SystemClockConfig) refers to system_apm32f0xx.o(i.SystemClock48M) for SystemClock48M
    system_apm32f0xx.o(i.SystemClockConfig) refers to system_apm32f0xx.o(i.SystemCoreClockUpdate) for SystemCoreClockUpdate
    system_apm32f0xx.o(i.SystemCoreClockUpdate) refers to uidiv.o(.text) for __aeabi_uidivmod
    system_apm32f0xx.o(i.SystemCoreClockUpdate) refers to system_apm32f0xx.o(.data) for SystemCoreClock
    startup_apm32f030.o(RESET) refers to startup_apm32f030.o(STACK) for __initial_sp
    startup_apm32f030.o(RESET) refers to startup_apm32f030.o(.text) for Reset_Handler
    startup_apm32f030.o(RESET) refers to apm32f0xx_int.o(i.NMI_Handler) for NMI_Handler
    startup_apm32f030.o(RESET) refers to apm32f0xx_int.o(i.HardFault_Handler) for HardFault_Handler
    startup_apm32f030.o(RESET) refers to apm32f0xx_int.o(i.SVC_Handler) for SVC_Handler
    startup_apm32f030.o(RESET) refers to apm32f0xx_int.o(i.PendSV_Handler) for PendSV_Handler
    startup_apm32f030.o(RESET) refers to apm32f0xx_int.o(i.SysTick_Handler) for SysTick_Handler
    startup_apm32f030.o(.text) refers to system_apm32f0xx.o(i.SystemInit) for SystemInit
    startup_apm32f030.o(.text) refers to entry.o(.ARM.Collect$$$$00000000) for __main
    apm32f0xx_adc.o(i.ADC_Reset) refers to apm32f0xx_rcm.o(i.RCM_EnableAPB2PeriphReset) for RCM_EnableAPB2PeriphReset
    apm32f0xx_adc.o(i.ADC_Reset) refers to apm32f0xx_rcm.o(i.RCM_DisableAPB2PeriphReset) for RCM_DisableAPB2PeriphReset
    apm32f0xx_fmc.o(i.FMC_ConfigOptionByteUser) refers to apm32f0xx_fmc.o(i.FMC_WaitForReady) for FMC_WaitForReady
    apm32f0xx_fmc.o(i.FMC_ConfigReadOutProtection) refers to apm32f0xx_fmc.o(i.FMC_WaitForReady) for FMC_WaitForReady
    apm32f0xx_fmc.o(i.FMC_DisableOptionByteBOOT) refers to apm32f0xx_fmc.o(i.FMC_WaitForReady) for FMC_WaitForReady
    apm32f0xx_fmc.o(i.FMC_DisableOptionByteSRAMParity) refers to apm32f0xx_fmc.o(i.FMC_WaitForReady) for FMC_WaitForReady
    apm32f0xx_fmc.o(i.FMC_DisableOptionByteVDDA) refers to apm32f0xx_fmc.o(i.FMC_WaitForReady) for FMC_WaitForReady
    apm32f0xx_fmc.o(i.FMC_EnableOptionByteBOOT) refers to apm32f0xx_fmc.o(i.FMC_WaitForReady) for FMC_WaitForReady
    apm32f0xx_fmc.o(i.FMC_EnableOptionByteSRAMParity) refers to apm32f0xx_fmc.o(i.FMC_WaitForReady) for FMC_WaitForReady
    apm32f0xx_fmc.o(i.FMC_EnableOptionByteVDDA) refers to apm32f0xx_fmc.o(i.FMC_WaitForReady) for FMC_WaitForReady
    apm32f0xx_fmc.o(i.FMC_EnableWriteProtection) refers to apm32f0xx_fmc.o(i.FMC_WaitForReady) for FMC_WaitForReady
    apm32f0xx_fmc.o(i.FMC_EraseAllPages) refers to apm32f0xx_fmc.o(i.FMC_WaitForReady) for FMC_WaitForReady
    apm32f0xx_fmc.o(i.FMC_EraseOptionByte) refers to apm32f0xx_fmc.o(i.FMC_WaitForReady) for FMC_WaitForReady
    apm32f0xx_fmc.o(i.FMC_ErasePage) refers to apm32f0xx_fmc.o(i.FMC_WaitForReady) for FMC_WaitForReady
    apm32f0xx_fmc.o(i.FMC_ProgramHalfWord) refers to apm32f0xx_fmc.o(i.FMC_WaitForReady) for FMC_WaitForReady
    apm32f0xx_fmc.o(i.FMC_ProgramOptionByteData) refers to apm32f0xx_fmc.o(i.FMC_WaitForReady) for FMC_WaitForReady
    apm32f0xx_fmc.o(i.FMC_ProgramWord) refers to apm32f0xx_fmc.o(i.FMC_WaitForReady) for FMC_WaitForReady
    apm32f0xx_fmc.o(i.FMC_WaitForReady) refers to apm32f0xx_fmc.o(i.FMC_ReadState) for FMC_ReadState
    apm32f0xx_fmc.o(i.FMC_WriteOptionByteUser) refers to apm32f0xx_fmc.o(i.FMC_WaitForReady) for FMC_WaitForReady
    apm32f0xx_gpio.o(i.GPIO_Reset) refers to apm32f0xx_rcm.o(i.RCM_EnableAHBPeriphReset) for RCM_EnableAHBPeriphReset
    apm32f0xx_gpio.o(i.GPIO_Reset) refers to apm32f0xx_rcm.o(i.RCM_DisableAHBPeriphReset) for RCM_DisableAHBPeriphReset
    apm32f0xx_i2c.o(i.I2C_Reset) refers to apm32f0xx_rcm.o(i.RCM_EnableAPB1PeriphReset) for RCM_EnableAPB1PeriphReset
    apm32f0xx_i2c.o(i.I2C_Reset) refers to apm32f0xx_rcm.o(i.RCM_DisableAPB1PeriphReset) for RCM_DisableAPB1PeriphReset
    apm32f0xx_misc.o(i.NVIC_EnableIRQRequest) refers to apm32f0xx_misc.o(i.__NVIC_SetPriority) for __NVIC_SetPriority
    apm32f0xx_pmu.o(i.PMU_Reset) refers to apm32f0xx_rcm.o(i.RCM_EnableAPB1PeriphReset) for RCM_EnableAPB1PeriphReset
    apm32f0xx_pmu.o(i.PMU_Reset) refers to apm32f0xx_rcm.o(i.RCM_DisableAPB1PeriphReset) for RCM_DisableAPB1PeriphReset
    apm32f0xx_rcm.o(i.RCM_ReadADCCLKFreq) refers to apm32f0xx_rcm.o(i.RCM_ReadPCLKFreq) for RCM_ReadPCLKFreq
    apm32f0xx_rcm.o(i.RCM_ReadHCLKFreq) refers to apm32f0xx_rcm.o(i.RCM_ReadSYSCLKFreq) for RCM_ReadSYSCLKFreq
    apm32f0xx_rcm.o(i.RCM_ReadI2C1CLKFreq) refers to apm32f0xx_rcm.o(i.RCM_ReadSYSCLKFreq) for RCM_ReadSYSCLKFreq
    apm32f0xx_rcm.o(i.RCM_ReadPCLKFreq) refers to apm32f0xx_rcm.o(i.RCM_ReadHCLKFreq) for RCM_ReadHCLKFreq
    apm32f0xx_rcm.o(i.RCM_ReadSYSCLKFreq) refers to uidiv.o(.text) for __aeabi_uidivmod
[...]
    apm32f0xx_rtc.o(i.RTC_ConfigDate) refers to apm32f0xx_rtc.o(i.RTC_Bcd2ConByte) for RTC_Bcd2ConByte
    apm32f0xx_rtc.o(i.RTC_ConfigDate) refers to apm32f0xx_rtc.o(i.RTC_ByteConBcd2) for RTC_ByteConBcd2
    apm32f0xx_rtc.o(i.RTC_ConfigDate) refers to apm32f0xx_rtc.o(i.RTC_DisableWriteProtection) for RTC_DisableWriteProtection
    apm32f0xx_rtc.o(i.RTC_ConfigDate) refers to apm32f0xx_rtc.o(i.RTC_EnableInit) for RTC_EnableInit
    apm32f0xx_rtc.o(i.RTC_ConfigDate) refers to apm32f0xx_rtc.o(i.RTC_DisableInit) for RTC_DisableInit
    apm32f0xx_rtc.o(i.RTC_ConfigDate) refers to apm32f0xx_rtc.o(i.RTC_WaitForSynchro) for RTC_WaitForSynchro
    apm32f0xx_rtc.o(i.RTC_ConfigDate) refers to apm32f0xx_rtc.o(i.RTC_EnableWriteProtection) for RTC_EnableWriteProtection
    apm32f0xx_rtc.o(i.RTC_ConfigDayLightSaving) refers to apm32f0xx_rtc.o(i.RTC_DisableWriteProtection) for RTC_DisableWriteProtection
    apm32f0xx_rtc.o(i.RTC_ConfigDayLightSaving) refers to apm32f0xx_rtc.o(i.RTC_EnableWriteProtection) for RTC_EnableWriteProtection
    apm32f0xx_rtc.o(i.RTC_ConfigOutput) refers to apm32f0xx_rtc.o(i.RTC_DisableWriteProtection) for RTC_DisableWriteProtection
    apm32f0xx_rtc.o(i.RTC_ConfigOutput) refers to apm32f0xx_rtc.o(i.RTC_EnableWriteProtection) for RTC_EnableWriteProtection
    apm32f0xx_rtc.o(i.RTC_ConfigSmoothCalib) refers to apm32f0xx_rtc.o(i.RTC_DisableWriteProtection) for RTC_DisableWriteProtection
    apm32f0xx_rtc.o(i.RTC_ConfigSmoothCalib) refers to apm32f0xx_rtc.o(i.RTC_EnableWriteProtection) for RTC_EnableWriteProtection
    apm32f0xx_rtc.o(i.RTC_ConfigSynchroShift) refers to apm32f0xx_rtc.o(i.RTC_DisableWriteProtection) for RTC_DisableWriteProtection
    apm32f0xx_rtc.o(i.RTC_ConfigSynchroShift) refers to apm32f0xx_rtc.o(i.RTC_WaitForSynchro) for RTC_WaitForSynchro
    apm32f0xx_rtc.o(i.RTC_ConfigSynchroShift) refers to apm32f0xx_rtc.o(i.RTC_EnableWriteProtection) for RTC_EnableWriteProtection
    apm32f0xx_rtc.o(i.RTC_ConfigTime) refers to apm32f0xx_rtc.o(i.RTC_Bcd2ConByte) for RTC_Bcd2ConByte
    apm32f0xx_rtc.o(i.RTC_ConfigTime) refers to apm32f0xx_rtc.o(i.RTC_ByteConBcd2) for RTC_ByteConBcd2
    apm32f0xx_rtc.o(i.RTC_ConfigTime) refers to apm32f0xx_rtc.o(i.RTC_DisableWriteProtection) for RTC_DisableWriteProtection
    apm32f0xx_rtc.o(i.RTC_ConfigTime) refers to apm32f0xx_rtc.o(i.RTC_EnableInit) for RTC_EnableInit
    apm32f0xx_rtc.o(i.RTC_ConfigTime) refers to apm32f0xx_rtc.o(i.RTC_DisableInit) for RTC_DisableInit
    apm32f0xx_rtc.o(i.RTC_ConfigTime) refers to apm32f0xx_rtc.o(i.RTC_WaitForSynchro) for RTC_WaitForSynchro
    apm32f0xx_rtc.o(i.RTC_ConfigTime) refers to apm32f0xx_rtc.o(i.RTC_EnableWriteProtection) for RTC_EnableWriteProtection
    apm32f0xx_rtc.o(i.RTC_ConfigWakeUpClock) refers to apm32f0xx_rtc.o(i.RTC_DisableWriteProtection) for RTC_DisableWriteProtection
    apm32f0xx_rtc.o(i.RTC_ConfigWakeUpClock) refers to apm32f0xx_rtc.o(i.RTC_EnableWriteProtection) for RTC_EnableWriteProtection
    apm32f0xx_rtc.o(i.RTC_DisableAlarm) refers to apm32f0xx_rtc.o(i.RTC_DisableWriteProtection) for RTC_DisableWriteProtection
    apm32f0xx_rtc.o(i.RTC_DisableAlarm) refers to apm32f0xx_rtc.o(i.RTC_EnableWriteProtection) for RTC_EnableWriteProtection
    apm32f0xx_rtc.o(i.RTC_DisableBypassShadow) refers to apm32f0xx_rtc.o(i.RTC_DisableWriteProtection) for RTC_DisableWriteProtection
    apm32f0xx_rtc.o(i.RTC_DisableBypassShadow) refers to apm32f0xx_rtc.o(i.RTC_EnableWriteProtection) for RTC_EnableWriteProtection
    apm32f0xx_rtc.o(i.RTC_DisableCalibOutput) refers to apm32f0xx_rtc.o(i.RTC_DisableWriteProtection) for RTC_DisableWriteProtection
    apm32f0xx_rtc.o(i.RTC_DisableCalibOutput) refers to apm32f0xx_rtc.o(i.RTC_EnableWriteProtection) for RTC_EnableWriteProtection
    apm32f0xx_rtc.o(i.RTC_DisableInterrupt) refers to apm32f0xx_rtc.o(i.RTC_DisableWriteProtection) for RTC_DisableWriteProtection
    apm32f0xx_rtc.o(i.RTC_DisableInterrupt) refers to apm32f0xx_rtc.o(i.RTC_EnableWriteProtection) for RTC_EnableWriteProtection
    apm32f0xx_rtc.o(i.RTC_DisableRefClock) refers to apm32f0xx_rtc.o(i.RTC_DisableWriteProtection) for RTC_DisableWriteProtection
    apm32f0xx_rtc.o(i.RTC_DisableRefClock) refers to apm32f0xx_rtc.o(i.RTC_EnableInit) for RTC_EnableInit
    apm32f0xx_rtc.o(i.RTC_DisableRefClock) refers to apm32f0xx_rtc.o(i.RTC_EnableWriteProtection) for RTC_EnableWriteProtection
    apm32f0xx_rtc.o(i.RTC_DisableRefClock) refers to apm32f0xx_rtc.o(i.RTC_DisableInit) for RTC_DisableInit
    apm32f0xx_rtc.o(i.RTC_DisableTimeStamp) refers to apm32f0xx_rtc.o(i.RTC_DisableWriteProtection) for RTC_DisableWriteProtection
    apm32f0xx_rtc.o(i.RTC_DisableTimeStamp) refers to apm32f0xx_rtc.o(i.RTC_EnableWriteProtection) for RTC_EnableWriteProtection
    apm32f0xx_rtc.o(i.RTC_DisableWakeUp) refers to apm32f0xx_rtc.o(i.RTC_DisableWriteProtection) for RTC_DisableWriteProtection
    apm32f0xx_rtc.o(i.RTC_DisableWakeUp) refers to apm32f0xx_rtc.o(i.RTC_EnableWriteProtection) for RTC_EnableWriteProtection
    apm32f0xx_rtc.o(i.RTC_EnableAlarm) refers to apm32f0xx_rtc.o(i.RTC_DisableWriteProtection) for RTC_DisableWriteProtection
    apm32f0xx_rtc.o(i.RTC_EnableAlarm) refers to apm32f0xx_rtc.o(i.RTC_EnableWriteProtection) for RTC_EnableWriteProtection
    apm32f0xx_rtc.o(i.RTC_EnableBypassShadow) refers to apm32f0xx_rtc.o(i.RTC_DisableWriteProtection) for RTC_DisableWriteProtection
    apm32f0xx_rtc.o(i.RTC_EnableBypassShadow) refers to apm32f0xx_rtc.o(i.RTC_EnableWriteProtection) for RTC_EnableWriteProtection
    apm32f0xx_rtc.o(i.RTC_EnableCalibOutput) refers to apm32f0xx_rtc.o(i.RTC_DisableWriteProtection) for RTC_DisableWriteProtection
    apm32f0xx_rtc.o(i.RTC_EnableCalibOutput) refers to apm32f0xx_rtc.o(i.RTC_EnableWriteProtection) for RTC_EnableWriteProtection
    apm32f0xx_rtc.o(i.RTC_EnableInterrupt) refers to apm32f0xx_rtc.o(i.RTC_DisableWriteProtection) for RTC_DisableWriteProtection
    apm32f0xx_rtc.o(i.RTC_EnableInterrupt) refers to apm32f0xx_rtc.o(i.RTC_EnableWriteProtection) for RTC_EnableWriteProtection
    apm32f0xx_rtc.o(i.RTC_EnableRefClock) refers to apm32f0xx_rtc.o(i.RTC_DisableWriteProtection) for RTC_DisableWriteProtection
    apm32f0xx_rtc.o(i.RTC_EnableRefClock) refers to apm32f0xx_rtc.o(i.RTC_EnableInit) for RTC_EnableInit
    apm32f0xx_rtc.o(i.RTC_EnableRefClock) refers to apm32f0xx_rtc.o(i.RTC_EnableWriteProtection) for RTC_EnableWriteProtection
    apm32f0xx_rtc.o(i.RTC_EnableRefClock) refers to apm32f0xx_rtc.o(i.RTC_DisableInit) for RTC_DisableInit
    apm32f0xx_rtc.o(i.RTC_EnableTimeStamp) refers to apm32f0xx_rtc.o(i.RTC_DisableWriteProtection) for RTC_DisableWriteProtection
    apm32f0xx_rtc.o(i.RTC_EnableTimeStamp) refers to apm32f0xx_rtc.o(i.RTC_EnableWriteProtection) for RTC_EnableWriteProtection
    apm32f0xx_rtc.o(i.RTC_EnableWakeUp) refers to apm32f0xx_rtc.o(i.RTC_DisableWriteProtection) for RTC_DisableWriteProtection
    apm32f0xx_rtc.o(i.RTC_EnableWakeUp) refers to apm32f0xx_rtc.o(i.RTC_EnableWriteProtection) for RTC_EnableWriteProtection
    apm32f0xx_rtc.o(i.RTC_ReadAlarm) refers to apm32f0xx_rtc.o(i.RTC_Bcd2ConByte) for RTC_Bcd2ConByte
    apm32f0xx_rtc.o(i.RTC_ReadBackup) refers to apm32f0xx_rtc.o(i.__ARM_common_switch8) for __ARM_common_switch8
    apm32f0xx_rtc.o(i.RTC_ReadDate) refers to apm32f0xx_rtc.o(i.RTC_Bcd2ConByte) for RTC_Bcd2ConByte
    apm32f0xx_rtc.o(i.RTC_ReadTime) refers to apm32f0xx_rtc.o(i.RTC_Bcd2ConByte) for RTC_Bcd2ConByte
    apm32f0xx_rtc.o(i.RTC_ReadTimeDate) refers to apm32f0xx_rtc.o(i.RTC_Bcd2ConByte) for RTC_Bcd2ConByte
    apm32f0xx_rtc.o(i.RTC_Reset) refers to apm32f0xx_rtc.o(i.RTC_DisableWriteProtection) for RTC_DisableWriteProtection
    apm32f0xx_rtc.o(i.RTC_Reset) refers to apm32f0xx_rtc.o(i.RTC_EnableInit) for RTC_EnableInit
    apm32f0xx_rtc.o(i.RTC_Reset) refers to apm32f0xx_rtc.o(i.RTC_EnableWriteProtection) for RTC_EnableWriteProtection
    apm32f0xx_rtc.o(i.RTC_Reset) refers to apm32f0xx_rtc.o(i.RTC_WaitForSynchro) for RTC_WaitForSynchro
    apm32f0xx_rtc.o(i.RTC_SetWakeUpValue) refers to apm32f0xx_rtc.o(i.RTC_DisableWriteProtection) for RTC_DisableWriteProtection
    apm32f0xx_rtc.o(i.RTC_SetWakeUpValue) refers to apm32f0xx_rtc.o(i.RTC_EnableWriteProtection) for RTC_EnableWriteProtection
    apm32f0xx_rtc.o(i.RTC_WaitForSynchro) refers to apm32f0xx_rtc.o(i.RTC_DisableWriteProtection) for RTC_DisableWriteProtection
    apm32f0xx_rtc.o(i.RTC_WaitForSynchro) refers to apm32f0xx_rtc.o(i.RTC_EnableWriteProtection) for RTC_EnableWriteProtection
    apm32f0xx_rtc.o(i.RTC_WriteBackup) refers to apm32f0xx_rtc.o(i.__ARM_common_switch8) for __ARM_common_switch8
    apm32f0xx_spi.o(i.SPI_Reset) refers to apm32f0xx_rcm.o(i.RCM_EnableAPB2PeriphReset) for RCM_EnableAPB2PeriphReset
    apm32f0xx_spi.o(i.SPI_Reset) refers to apm32f0xx_rcm.o(i.RCM_DisableAPB2PeriphReset) for RCM_DisableAPB2PeriphReset
    apm32f0xx_spi.o(i.SPI_Reset) refers to apm32f0xx_rcm.o(i.RCM_EnableAPB1PeriphReset) for RCM_EnableAPB1PeriphReset
    apm32f0xx_spi.o(i.SPI_Reset) refers to apm32f0xx_rcm.o(i.RCM_DisableAPB1PeriphReset) for RCM_DisableAPB1PeriphReset
    apm32f0xx_tmr.o(i.TMR_ConfigExternalClockMode1) refers to apm32f0xx_tmr.o(i.TMR_ConfigExternalTrigger) for TMR_ConfigExternalTrigger
    apm32f0xx_tmr.o(i.TMR_ConfigExternalClockMode2) refers to apm32f0xx_tmr.o(i.TMR_ConfigExternalTrigger) for TMR_ConfigExternalTrigger
    apm32f0xx_tmr.o(i.TMR_ConfigITRxExternalClock) refers to apm32f0xx_tmr.o(i.TMR_SelectInputTrigger) for TMR_SelectInputTrigger
    apm32f0xx_tmr.o(i.TMR_ConfigTIxExternalClock) refers to apm32f0xx_tmr.o(i.TI2Config) for TI2Config
    apm32f0xx_tmr.o(i.TMR_ConfigTIxExternalClock) refers to apm32f0xx_tmr.o(i.TI1Config) for TI1Config
    apm32f0xx_tmr.o(i.TMR_ConfigTIxExternalClock) refers to apm32f0xx_tmr.o(i.TMR_SelectInputTrigger) for TMR_SelectInputTrigger
    apm32f0xx_tmr.o(i.TMR_ICConfig) refers to apm32f0xx_tmr.o(i.TI1Config) for TI1Config
    apm32f0xx_tmr.o(i.TMR_ICConfig) refers to apm32f0xx_tmr.o(i.TMR_SetIC1Prescal) for TMR_SetIC1Prescal
    apm32f0xx_tmr.o(i.TMR_ICConfig) refers to apm32f0xx_tmr.o(i.TI2Config) for TI2Config
    apm32f0xx_tmr.o(i.TMR_ICConfig) refers to apm32f0xx_tmr.o(i.TMR_SetIC2Prescal) for TMR_SetIC2Prescal
    apm32f0xx_tmr.o(i.TMR_ICConfig) refers to apm32f0xx_tmr.o(i.TI3Config) for TI3Config
    apm32f0xx_tmr.o(i.TMR_ICConfig) refers to apm32f0xx_tmr.o(i.TMR_SetIC3Prescal) for TMR_SetIC3Prescal
    apm32f0xx_tmr.o(i.TMR_ICConfig) refers to apm32f0xx_tmr.o(i.TI4Config) for TI4Config
    apm32f0xx_tmr.o(i.TMR_ICConfig) refers to apm32f0xx_tmr.o(i.TMR_SetIC4Prescal) for TMR_SetIC4Prescal
    apm32f0xx_tmr.o(i.TMR_PWMConfig) refers to apm32f0xx_tmr.o(i.TI1Config) for TI1Config
    apm32f0xx_tmr.o(i.TMR_PWMConfig) refers to apm32f0xx_tmr.o(i.TMR_SetIC1Prescal) for TMR_SetIC1Prescal
    apm32f0xx_tmr.o(i.TMR_PWMConfig) refers to apm32f0xx_tmr.o(i.TI2Config) for TI2Config
    apm32f0xx_tmr.o(i.TMR_PWMConfig) refers to apm32f0xx_tmr.o(i.TMR_SetIC2Prescal) for TMR_SetIC2Prescal
    apm32f0xx_tmr.o(i.TMR_Reset) refers to apm32f0xx_rcm.o(i.RCM_EnableAPB2PeriphReset) for RCM_EnableAPB2PeriphReset
    apm32f0xx_tmr.o(i.TMR_Reset) refers to apm32f0xx_rcm.o(i.RCM_DisableAPB2PeriphReset) for RCM_DisableAPB2PeriphReset
    apm32f0xx_tmr.o(i.TMR_Reset) refers to apm32f0xx_rcm.o(i.RCM_EnableAPB1PeriphReset) for RCM_EnableAPB1PeriphReset
    apm32f0xx_tmr.o(i.TMR_Reset) refers to apm32f0xx_rcm.o(i.RCM_DisableAPB1PeriphReset) for RCM_DisableAPB1PeriphReset
    apm32f0xx_usart.o(i.USART_Config) refers to apm32f0xx_rcm.o(i.RCM_ReadUSART1CLKFreq) for RCM_ReadUSART1CLKFreq
    apm32f0xx_usart.o(i.USART_Config) refers to apm32f0xx_rcm.o(i.RCM_ReadUSART2CLKFreq) for RCM_ReadUSART2CLKFreq
    apm32f0xx_usart.o(i.USART_Config) refers to apm32f0xx_rcm.o(i.RCM_ReadPCLKFreq) for RCM_ReadPCLKFreq
    apm32f0xx_usart.o(i.USART_Config) refers to uidiv.o(.text) for __aeabi_uidivmod
    apm32f0xx_usart.o(i.USART_Reset) refers to apm32f0xx_rcm.o(i.RCM_EnableAPB2PeriphReset) for RCM_EnableAPB2PeriphReset
    apm32f0xx_usart.o(i.USART_Reset) refers to apm32f0xx_rcm.o(i.RCM_DisableAPB2PeriphReset) for RCM_DisableAPB2PeriphReset
    apm32f0xx_usart.o(i.USART_Reset) refers to apm32f0xx_rcm.o(i.RCM_EnableAPB1PeriphReset) for RCM_EnableAPB1PeriphReset
    apm32f0xx_usart.o(i.USART_Reset) refers to apm32f0xx_rcm.o(i.RCM_DisableAPB1PeriphReset) for RCM_DisableAPB1PeriphReset
    apm32f0xx_wwdt.o(i.WWDT_Reset) refers to apm32f0xx_rcm.o(i.RCM_EnableAPB1PeriphReset) for RCM_EnableAPB1PeriphReset
    apm32f0xx_wwdt.o(i.WWDT_Reset) refers to apm32f0xx_rcm.o(i.RCM_DisableAPB1PeriphReset) for RCM_DisableAPB1PeriphReset
    board.o(i.APM_MINI_COMInit) refers to apm32f0xx_rcm.o(i.RCM_EnableAHBPeriphClock) for RCM_EnableAHBPeriphClock
    board.o(i.APM_MINI_COMInit) refers to apm32f0xx_rcm.o(i.RCM_EnableAPB2PeriphClock) for RCM_EnableAPB2PeriphClock
    board.o(i.APM_MINI_COMInit) refers to apm32f0xx_rcm.o(i.RCM_EnableAPB1PeriphClock) for RCM_EnableAPB1PeriphClock
    board.o(i.APM_MINI_COMInit) refers to apm32f0xx_gpio.o(i.GPIO_ConfigPinAF) for GPIO_ConfigPinAF
    board.o(i.APM_MINI_COMInit) refers to apm32f0xx_gpio.o(i.GPIO_Config) for GPIO_Config
    board.o(i.APM_MINI_COMInit) refers to apm32f0xx_usart.o(i.USART_Config) for USART_Config
    board.o(i.APM_MINI_COMInit) refers to apm32f0xx_usart.o(i.USART_EnableInterrupt) for USART_EnableInterrupt
    board.o(i.APM_MINI_COMInit) refers to apm32f0xx_misc.o(i.NVIC_EnableIRQRequest) for NVIC_EnableIRQRequest
    board.o(i.APM_MINI_COMInit) refers to apm32f0xx_usart.o(i.USART_Enable) for USART_Enable
    board.o(i.APM_MINI_COMInit) refers to board.o(.constdata) for COM_TX_PORT_CLK
    board.o(i.APM_MINI_COMInit) refers to board.o(.data) for COM_TX_PORT
    board.o(i.APM_MINI_LEDInit) refers to apm32f0xx_rcm.o(i.RCM_EnableAHBPeriphClock) for RCM_EnableAHBPeriphClock
    board.o(i.APM_MINI_LEDInit) refers to apm32f0xx_gpio.o(i.GPIO_Config) for GPIO_Config
    board.o(i.APM_MINI_LEDInit) refers to board.o(.constdata) for GPIO_CLK
    board.o(i.APM_MINI_LEDInit) refers to board.o(.data) for GPIO_PORT
    board.o(i.APM_MINI_LEDOff) refers to board.o(.constdata) for GPIO_PIN
    board.o(i.APM_MINI_LEDOff) refers to board.o(.data) for GPIO_PORT
    board.o(i.APM_MINI_LEDOn) refers to board.o(.constdata) for GPIO_PIN
    board.o(i.APM_MINI_LEDOn) refers to board.o(.data) for GPIO_PORT
    board.o(i.APM_MINI_LEDToggle) refers to board.o(.data) for GPIO_PORT
    board.o(i.APM_MINI_LEDToggle) refers to board.o(.constdata) for GPIO_PIN
    board.o(i.APM_MINI_PBGetState) refers to apm32f0xx_gpio.o(i.GPIO_ReadInputBit) for GPIO_ReadInputBit
    board.o(i.APM_MINI_PBGetState) refers to board.o(.constdata) for BUTTON_PIN
    board.o(i.APM_MINI_PBGetState) refers to board.o(.data) for BUTTON_PORT
    board.o(i.APM_MINI_PBInit) refers to apm32f0xx_rcm.o(i.RCM_EnableAHBPeriphClock) for RCM_EnableAHBPeriphClock
    board.o(i.APM_MINI_PBInit) refers to apm32f0xx_rcm.o(i.RCM_EnableAPB2PeriphClock) for RCM_EnableAPB2PeriphClock
    board.o(i.APM_MINI_PBInit) refers to apm32f0xx_gpio.o(i.GPIO_Config) for GPIO_Config
    board.o(i.APM_MINI_PBInit) refers to apm32f0xx_eint.o(i.EINT_Config) for EINT_Config
    board.o(i.APM_MINI_PBInit) refers to apm32f0xx_misc.o(i.NVIC_EnableIRQRequest) for NVIC_EnableIRQRequest
    board.o(i.APM_MINI_PBInit) refers to board.o(.constdata) for BUTTON_CLK
    board.o(i.APM_MINI_PBInit) refers to board.o(.data) for BUTTON_PORT
    board.o(i.APM_MINI_PB_Led_Isr) refers to apm32f0xx_eint.o(i.EINT_ReadStatusFlag) for EINT_ReadStatusFlag
    board.o(i.APM_MINI_PB_Led_Isr) refers to board.o(i.APM_MINI_LEDToggle) for APM_MINI_LEDToggle
    board.o(i.APM_MINI_PB_Led_Isr) refers to apm32f0xx_eint.o(i.EINT_ClearStatusFlag) for EINT_ClearStatusFlag
    main.o(i.main) refers to system_apm32f0xx.o(i.SystemClockConfig) for SystemClockConfig
    main.o(i.main) refers to bsp_tick.o(i.BSP_Tick_Init) for BSP_Tick_Init
    main.o(i.main) refers to bsp_debug_uart.o(i.BSP_DebugUart_Init) for BSP_DebugUart_Init
    main.o(i.main) refers to bsp_debug_uart.o(i.BSP_DebugUart_Write) for BSP_DebugUart_Write
    main.o(i.main) refers to bsp_tick.o(i.BSP_Tick_GetMs) for BSP_Tick_GetMs
    main.o(i.main) refers to bsp_tick.o(i.BSP_Tick_Elapsed) for BSP_Tick_Elapsed
    apm32f0xx_int.o(i.SysTick_Handler) refers to bsp_tick.o(i.BSP_Tick_Increment) for BSP_Tick_Increment
    bsp_tick.o(i.BSP_Tick_Elapsed) refers to bsp_tick.o(i.BSP_Tick_GetMs) for BSP_Tick_GetMs
    bsp_tick.o(i.BSP_Tick_GetMs) refers to bsp_tick.o(.data) for s_tick_ms
    bsp_tick.o(i.BSP_Tick_Increment) refers to bsp_tick.o(.data) for s_tick_ms
    bsp_tick.o(i.BSP_Tick_Init) refers to uidiv.o(.text) for __aeabi_uidivmod
    bsp_tick.o(i.BSP_Tick_Init) refers to bsp_tick.o(i.__NVIC_SetPriority) for __NVIC_SetPriority
    bsp_tick.o(i.BSP_Tick_Init) refers to bsp_tick.o(.data) for s_tick_ms
    bsp_tick.o(i.BSP_Tick_Init) refers to system_apm32f0xx.o(.data) for SystemCoreClock
    bsp_debug_uart.o(i.BSP_DebugUart_Init) refers to apm32f0xx_rcm.o(i.RCM_EnableAHBPeriphClock) for RCM_EnableAHBPeriphClock
    bsp_debug_uart.o(i.BSP_DebugUart_Init) refers to apm32f0xx_rcm.o(i.RCM_EnableAPB2PeriphClock) for RCM_EnableAPB2PeriphClock
    bsp_debug_uart.o(i.BSP_DebugUart_Init) refers to apm32f0xx_gpio.o(i.GPIO_ConfigPinAF) for GPIO_ConfigPinAF
    bsp_debug_uart.o(i.BSP_DebugUart_Init) refers to apm32f0xx_gpio.o(i.GPIO_Config) for GPIO_Config
    bsp_debug_uart.o(i.BSP_DebugUart_Init) refers to apm32f0xx_usart.o(i.USART_Config) for USART_Config
    bsp_debug_uart.o(i.BSP_DebugUart_Init) refers to apm32f0xx_usart.o(i.USART_Enable) for USART_Enable
    bsp_debug_uart.o(i.BSP_DebugUart_Write) refers to bsp_debug_uart.o(i.BSP_DebugUart_WriteByte) for BSP_DebugUart_WriteByte
    bsp_debug_uart.o(i.BSP_DebugUart_WriteByte) refers to apm32f0xx_usart.o(i.USART_ReadStatusFlag) for USART_ReadStatusFlag
    bsp_debug_uart.o(i.BSP_DebugUart_WriteByte) refers to apm32f0xx_usart.o(i.USART_TxData) for USART_TxData
    entry.o(.ARM.Collect$$$$00000000) refers (Special) to entry10a.o(.ARM.Collect$$$$0000000D) for __rt_final_cpp
    entry.o(.ARM.Collect$$$$00000000) refers (Special) to entry11a.o(.ARM.Collect$$$$0000000F) for __rt_final_exit
    entry.o(.ARM.Collect$$$$00000000) refers (Special) to entry7b.o(.ARM.Collect$$$$00000008) for _main_clock
    entry.o(.ARM.Collect$$$$00000000) refers (Special) to entry8b.o(.ARM.Collect$$$$0000000A) for _main_cpp_init
    entry.o(.ARM.Collect$$$$00000000) refers (Special) to entry9a.o(.ARM.Collect$$$$0000000B) for _main_init
    entry.o(.ARM.Collect$$$$00000000) refers (Special) to entry5.o(.ARM.Collect$$$$00000004) for _main_scatterload
    entry.o(.ARM.Collect$$$$00000000) refers (Special) to entry2.o(.ARM.Collect$$$$00000001) for _main_stk
    entry2.o(.ARM.Collect$$$$00000001) refers to entry2.o(.ARM.Collect$$$$00002712) for __lit__00000000
    entry2.o(.ARM.Collect$$$$00002712) refers to startup_apm32f030.o(STACK) for __initial_sp
    entry2.o(__vectab_stack_and_reset_area) refers to startup_apm32f030.o(STACK) for __initial_sp
    entry2.o(__vectab_stack_and_reset_area) refers to entry.o(.ARM.Collect$$$$00000000) for __main
    entry5.o(.ARM.Collect$$$$00000004) refers to init.o(.text) for __scatterload
    entry9a.o(.ARM.Collect$$$$0000000B) refers to main.o(i.main) for main
    entry9b.o(.ARM.Collect$$$$0000000C) refers to main.o(i.main) for main
    init.o(.text) refers to entry5.o(.ARM.Collect$$$$00000004) for __main_after_scatterload


==============================================================================

Removing Unused input sections from the image.

    Removing system_apm32f0xx.o(.rev16_text), (4 bytes).
    Removing system_apm32f0xx.o(.revsh_text), (4 bytes).
    Removing startup_apm32f030.o(HEAP), (512 bytes).
    Removing apm32f0xx_adc.o(.rev16_text), (4 bytes).
    Removing apm32f0xx_adc.o(.revsh_text), (4 bytes).
    Removing apm32f0xx_adc.o(i.ADC_AnalogWatchdogHighThreshold), (32 bytes).
    Removing apm32f0xx_adc.o(i.ADC_AnalogWatchdogLowThreshold), (24 bytes).
    Removing apm32f0xx_adc.o(i.ADC_AnalogWatchdogSingleChannel), (32 bytes).
    Removing apm32f0xx_adc.o(i.ADC_ClearIntFlag), (12 bytes).
    Removing apm32f0xx_adc.o(i.ADC_ClearStatusFlag), (12 bytes).
    Removing apm32f0xx_adc.o(i.ADC_ClockMode), (28 bytes).
    Removing apm32f0xx_adc.o(i.ADC_Config), (148 bytes).
    Removing apm32f0xx_adc.o(i.ADC_ConfigChannel), (24 bytes).
    Removing apm32f0xx_adc.o(i.ADC_ConfigStructInit), (16 bytes).
    Removing apm32f0xx_adc.o(i.ADC_DMARequestMode), (28 bytes).
    Removing apm32f0xx_adc.o(i.ADC_Disable), (20 bytes).
    Removing apm32f0xx_adc.o(i.ADC_DisableAnalogWatchdog), (20 bytes).
    Removing apm32f0xx_adc.o(i.ADC_DisableAnalogWatchdogSingleChannel), (20 bytes).
    Removing apm32f0xx_adc.o(i.ADC_DisableAutoPowerOff), (20 bytes).
    Removing apm32f0xx_adc.o(i.ADC_DisableContinuousMode), (20 bytes).
    Removing apm32f0xx_adc.o(i.ADC_DisableDMA), (20 bytes).
    Removing apm32f0xx_adc.o(i.ADC_DisableDiscMode), (20 bytes).
    Removing apm32f0xx_adc.o(i.ADC_DisableInterrupt), (16 bytes).
    Removing apm32f0xx_adc.o(i.ADC_DisableJitter), (36 bytes).
    Removing apm32f0xx_adc.o(i.ADC_DisableOverrunMode), (20 bytes).
    Removing apm32f0xx_adc.o(i.ADC_DisableTempSensor), (20 bytes).
    Removing apm32f0xx_adc.o(i.ADC_DisableVrefint), (20 bytes).
    Removing apm32f0xx_adc.o(i.ADC_DisableWaitMode), (20 bytes).
    Removing apm32f0xx_adc.o(i.ADC_Enable), (20 bytes).
    Removing apm32f0xx_adc.o(i.ADC_EnableAnalogWatchdog), (24 bytes).
    Removing apm32f0xx_adc.o(i.ADC_EnableAnalogWatchdogSingleChannel), (24 bytes).
    Removing apm32f0xx_adc.o(i.ADC_EnableAutoPowerOff), (24 bytes).
    Removing apm32f0xx_adc.o(i.ADC_EnableContinuousMode), (24 bytes).
    Removing apm32f0xx_adc.o(i.ADC_EnableDMA), (20 bytes).
    Removing apm32f0xx_adc.o(i.ADC_EnableDiscMode), (24 bytes).
    Removing apm32f0xx_adc.o(i.ADC_EnableInterrupt), (16 bytes).
    Removing apm32f0xx_adc.o(i.ADC_EnableJitter), (36 bytes).
    Removing apm32f0xx_adc.o(i.ADC_EnableOverrunMode), (24 bytes).
    Removing apm32f0xx_adc.o(i.ADC_EnableTempSensor), (24 bytes).
    Removing apm32f0xx_adc.o(i.ADC_EnableVrefint), (24 bytes).
    Removing apm32f0xx_adc.o(i.ADC_EnableWaitMode), (24 bytes).
    Removing apm32f0xx_adc.o(i.ADC_ReadCalibrationFactor), (76 bytes).
    Removing apm32f0xx_adc.o(i.ADC_ReadConversionValue), (12 bytes).
    Removing apm32f0xx_adc.o(i.ADC_ReadIntFlag), (44 bytes).
    Removing apm32f0xx_adc.o(i.ADC_ReadStatusFlag), (48 bytes).
    Removing apm32f0xx_adc.o(i.ADC_Reset), (20 bytes).
    Removing apm32f0xx_adc.o(i.ADC_StartConversion), (20 bytes).
    Removing apm32f0xx_adc.o(i.ADC_StopConversion), (20 bytes).
    Removing apm32f0xx_can.o(.rev16_text), (4 bytes).
    Removing apm32f0xx_can.o(.revsh_text), (4 bytes).
    Removing apm32f0xx_cec.o(.rev16_text), (4 bytes).
    Removing apm32f0xx_cec.o(.revsh_text), (4 bytes).
    Removing apm32f0xx_comp.o(.rev16_text), (4 bytes).
    Removing apm32f0xx_comp.o(.revsh_text), (4 bytes).
    Removing apm32f0xx_crc.o(.rev16_text), (4 bytes).
    Removing apm32f0xx_crc.o(.revsh_text), (4 bytes).
    Removing apm32f0xx_crc.o(i.CRC_CalculateBlockCRC), (36 bytes).
    Removing apm32f0xx_crc.o(i.CRC_CalculateCRC), (16 bytes).
    Removing apm32f0xx_crc.o(i.CRC_CalculateCRC16bits), (16 bytes).
    Removing apm32f0xx_crc.o(i.CRC_CalculateCRC8bits), (16 bytes).
    Removing apm32f0xx_crc.o(i.CRC_DisableReverseOutputData), (20 bytes).
    Removing apm32f0xx_crc.o(i.CRC_EnableReverseOutputData), (20 bytes).
    Removing apm32f0xx_crc.o(i.CRC_ReadCRC), (12 bytes).
    Removing apm32f0xx_crc.o(i.CRC_ReadIDRegister), (12 bytes).
    Removing apm32f0xx_crc.o(i.CRC_Reset), (28 bytes).
    Removing apm32f0xx_crc.o(i.CRC_ResetDATA), (20 bytes).
    Removing apm32f0xx_crc.o(i.CRC_SelectReverseInputData), (28 bytes).
    Removing apm32f0xx_crc.o(i.CRC_WriteIDRegister), (12 bytes).
    Removing apm32f0xx_crc.o(i.CRC_WriteInitRegister), (12 bytes).
    Removing apm32f0xx_crs.o(.rev16_text), (4 bytes).
    Removing apm32f0xx_crs.o(.revsh_text), (4 bytes).
    Removing apm32f0xx_dac.o(.rev16_text), (4 bytes).
    Removing apm32f0xx_dac.o(.revsh_text), (4 bytes).
    Removing apm32f0xx_dbg.o(.rev16_text), (4 bytes).
    Removing apm32f0xx_dbg.o(.revsh_text), (4 bytes).
    Removing apm32f0xx_dbg.o(i.DBG_DisableAPB1Periph), (16 bytes).
    Removing apm32f0xx_dbg.o(i.DBG_DisableAPB2Periph), (16 bytes).
    Removing apm32f0xx_dbg.o(i.DBG_DisableDebugMode), (16 bytes).
    Removing apm32f0xx_dbg.o(i.DBG_EnableAPB1Periph), (16 bytes).
    Removing apm32f0xx_dbg.o(i.DBG_EnableAPB2Periph), (16 bytes).
    Removing apm32f0xx_dbg.o(i.DBG_EnableDebugMode), (16 bytes).
    Removing apm32f0xx_dbg.o(i.DBG_ReadDevId), (16 bytes).
    Removing apm32f0xx_dbg.o(i.DBG_ReadRevId), (12 bytes).
    Removing apm32f0xx_dma.o(.rev16_text), (4 bytes).
    Removing apm32f0xx_dma.o(.revsh_text), (4 bytes).
    Removing apm32f0xx_dma.o(i.DMA_ClearIntFlag), (20 bytes).
    Removing apm32f0xx_dma.o(i.DMA_ClearStatusFlag), (20 bytes).
    Removing apm32f0xx_dma.o(i.DMA_Config), (168 bytes).
    Removing apm32f0xx_dma.o(i.DMA_ConfigRemap), (36 bytes).
    Removing apm32f0xx_dma.o(i.DMA_ConfigStructInit), (26 bytes).
    Removing apm32f0xx_dma.o(i.DMA_Disable), (10 bytes).
    Removing apm32f0xx_dma.o(i.DMA_DisableInterrupt), (8 bytes).
    Removing apm32f0xx_dma.o(i.DMA_Enable), (12 bytes).
    Removing apm32f0xx_dma.o(i.DMA_EnableInterrupt), (8 bytes).
    Removing apm32f0xx_dma.o(i.DMA_ReadDataNumber), (6 bytes).
    Removing apm32f0xx_dma.o(i.DMA_ReadIntFlag), (32 bytes).
    Removing apm32f0xx_dma.o(i.DMA_ReadStatusFlag), (32 bytes).
    Removing apm32f0xx_dma.o(i.DMA_Reset), (116 bytes).
    Removing apm32f0xx_dma.o(i.DMA_SetDataNumber), (4 bytes).
    Removing apm32f0xx_eint.o(.rev16_text), (4 bytes).
    Removing apm32f0xx_eint.o(.revsh_text), (4 bytes).
    Removing apm32f0xx_eint.o(i.EINT_ClearIntFlag), (12 bytes).
    Removing apm32f0xx_eint.o(i.EINT_ClearStatusFlag), (12 bytes).
    Removing apm32f0xx_eint.o(i.EINT_Config), (156 bytes).
    Removing apm32f0xx_eint.o(i.EINT_ConfigStructInit), (16 bytes).
    Removing apm32f0xx_eint.o(i.EINT_ReadIntFlag), (40 bytes).
    Removing apm32f0xx_eint.o(i.EINT_ReadStatusFlag), (28 bytes).
    Removing apm32f0xx_eint.o(i.EINT_Reset), (28 bytes).
    Removing apm32f0xx_eint.o(i.EINT_SelectSWInterrupt), (16 bytes).
    Removing apm32f0xx_fmc.o(.rev16_text), (4 bytes).
    Removing apm32f0xx_fmc.o(.revsh_text), (4 bytes).
    Removing apm32f0xx_fmc.o(i.FMC_ClearStatusFlag), (16 bytes).
    Removing apm32f0xx_fmc.o(i.FMC_ConfigOptionByteUser), (108 bytes).
    Removing apm32f0xx_fmc.o(i.FMC_ConfigReadOutProtection), (168 bytes).
    Removing apm32f0xx_fmc.o(i.FMC_DisableInterrupt), (16 bytes).
    Removing apm32f0xx_fmc.o(i.FMC_DisableOptionByteBOOT), (80 bytes).
    Removing apm32f0xx_fmc.o(i.FMC_DisableOptionByteSRAMParity), (80 bytes).
    Removing apm32f0xx_fmc.o(i.FMC_DisableOptionByteVDDA), (80 bytes).
    Removing apm32f0xx_fmc.o(i.FMC_DisablePrefetchBuffer), (20 bytes).
    Removing apm32f0xx_fmc.o(i.FMC_EnableInterrupt), (16 bytes).
    Removing apm32f0xx_fmc.o(i.FMC_EnableOptionByteBOOT), (84 bytes).
    Removing apm32f0xx_fmc.o(i.FMC_EnableOptionByteSRAMParity), (84 bytes).
    Removing apm32f0xx_fmc.o(i.FMC_EnableOptionByteVDDA), (84 bytes).
    Removing apm32f0xx_fmc.o(i.FMC_EnablePrefetchBuffer), (20 bytes).
    Removing apm32f0xx_fmc.o(i.FMC_EnableWriteProtection), (128 bytes).
    Removing apm32f0xx_fmc.o(i.FMC_EraseAllPages), (76 bytes).
    Removing apm32f0xx_fmc.o(i.FMC_EraseOptionByte), (184 bytes).
    Removing apm32f0xx_fmc.o(i.FMC_ErasePage), (80 bytes).
    Removing apm32f0xx_fmc.o(i.FMC_GetReadProtectionStatus), (24 bytes).
    Removing apm32f0xx_fmc.o(i.FMC_LaunchOptionByte), (24 bytes).
    Removing apm32f0xx_fmc.o(i.FMC_Lock), (20 bytes).
    Removing apm32f0xx_fmc.o(i.FMC_LockOptionByte), (20 bytes).
    Removing apm32f0xx_fmc.o(i.FMC_ProgramHalfWord), (68 bytes).
    Removing apm32f0xx_fmc.o(i.FMC_ProgramOptionByteData), (72 bytes).
    Removing apm32f0xx_fmc.o(i.FMC_ProgramWord), (84 bytes).
    Removing apm32f0xx_fmc.o(i.FMC_ReadOptionByteUser), (16 bytes).
    Removing apm32f0xx_fmc.o(i.FMC_ReadOptionByteWriteProtection), (12 bytes).
    Removing apm32f0xx_fmc.o(i.FMC_ReadPrefetchBufferStatus), (24 bytes).
    Removing apm32f0xx_fmc.o(i.FMC_ReadState), (48 bytes).
    Removing apm32f0xx_fmc.o(i.FMC_ReadStatusFlag), (40 bytes).
    Removing apm32f0xx_fmc.o(i.FMC_SetLatency), (24 bytes).
    Removing apm32f0xx_fmc.o(i.FMC_Unlock), (24 bytes).
    Removing apm32f0xx_fmc.o(i.FMC_UnlockOptionByte), (24 bytes).
    Removing apm32f0xx_fmc.o(i.FMC_WaitForReady), (28 bytes).
    Removing apm32f0xx_fmc.o(i.FMC_WriteOptionByteUser), (76 bytes).
    Removing apm32f0xx_gpio.o(.rev16_text), (4 bytes).
    Removing apm32f0xx_gpio.o(.revsh_text), (4 bytes).
    Removing apm32f0xx_gpio.o(i.GPIO_ClearBit), (4 bytes).
    Removing apm32f0xx_gpio.o(i.GPIO_ConfigPinLock), (22 bytes).
    Removing apm32f0xx_gpio.o(i.GPIO_ConfigStructInit), (22 bytes).
    Removing apm32f0xx_gpio.o(i.GPIO_ReadInputBit), (20 bytes).
    Removing apm32f0xx_gpio.o(i.GPIO_ReadInputPort), (8 bytes).
    Removing apm32f0xx_gpio.o(i.GPIO_ReadOutputBit), (20 bytes).
    Removing apm32f0xx_gpio.o(i.GPIO_ReadOutputPort), (8 bytes).
    Removing apm32f0xx_gpio.o(i.GPIO_Reset), (136 bytes).
    Removing apm32f0xx_gpio.o(i.GPIO_SetBit), (4 bytes).
    Removing apm32f0xx_gpio.o(i.GPIO_WriteBitValue), (12 bytes).
    Removing apm32f0xx_gpio.o(i.GPIO_WriteOutputPort), (4 bytes).
    Removing apm32f0xx_i2c.o(.rev16_text), (4 bytes).
    Removing apm32f0xx_i2c.o(.revsh_text), (4 bytes).
    Removing apm32f0xx_i2c.o(i.I2C_ClearIntFlag), (4 bytes).
    Removing apm32f0xx_i2c.o(i.I2C_ClearStatusFlag), (4 bytes).
    Removing apm32f0xx_i2c.o(i.I2C_Config), (156 bytes).
    Removing apm32f0xx_i2c.o(i.I2C_ConfigMasterRequest), (24 bytes).
    Removing apm32f0xx_i2c.o(i.I2C_ConfigNumberOfBytes), (42 bytes).
    Removing apm32f0xx_i2c.o(i.I2C_ConfigStructInit), (22 bytes).
    Removing apm32f0xx_i2c.o(i.I2C_ConfigTimeoutA), (16 bytes).
    Removing apm32f0xx_i2c.o(i.I2C_ConfigTimeoutB), (28 bytes).
    Removing apm32f0xx_i2c.o(i.I2C_Disable), (10 bytes).
    Removing apm32f0xx_i2c.o(i.I2C_Disable10BitAddressHeader), (12 bytes).
    Removing apm32f0xx_i2c.o(i.I2C_Disable10BitAddressingMode), (12 bytes).
    Removing apm32f0xx_i2c.o(i.I2C_DisableAcknowledge), (14 bytes).
    Removing apm32f0xx_i2c.o(i.I2C_DisableAutoEnd), (12 bytes).
    Removing apm32f0xx_i2c.o(i.I2C_DisableBroadcastCall), (12 bytes).
    Removing apm32f0xx_i2c.o(i.I2C_DisableClockTimeout), (12 bytes).
    Removing apm32f0xx_i2c.o(i.I2C_DisableDMA), (28 bytes).
    Removing apm32f0xx_i2c.o(i.I2C_DisableExtendClockTimeout), (10 bytes).
    Removing apm32f0xx_i2c.o(i.I2C_DisableGenerateStart), (12 bytes).
    Removing apm32f0xx_i2c.o(i.I2C_DisableGenerateStop), (12 bytes).
    Removing apm32f0xx_i2c.o(i.I2C_DisableIdleClockTimeout), (12 bytes).
    Removing apm32f0xx_i2c.o(i.I2C_DisableInterrupt), (8 bytes).
    Removing apm32f0xx_i2c.o(i.I2C_DisableOwnAddress2), (12 bytes).
    Removing apm32f0xx_i2c.o(i.I2C_DisablePEC), (12 bytes).
    Removing apm32f0xx_i2c.o(i.I2C_DisablePECRequest), (12 bytes).
    Removing apm32f0xx_i2c.o(i.I2C_DisableReload), (12 bytes).
    Removing apm32f0xx_i2c.o(i.I2C_DisableSMBusAlert), (12 bytes).
    Removing apm32f0xx_i2c.o(i.I2C_DisableSMBusDAEN), (12 bytes).
    Removing apm32f0xx_i2c.o(i.I2C_DisableSMBusHAEN), (12 bytes).
    Removing apm32f0xx_i2c.o(i.I2C_DisableSlaveByteControl), (12 bytes).
    Removing apm32f0xx_i2c.o(i.I2C_DisableStretchClock), (14 bytes).
    Removing apm32f0xx_i2c.o(i.I2C_Enable), (12 bytes).
    Removing apm32f0xx_i2c.o(i.I2C_Enable10BitAddressHeader), (14 bytes).
    Removing apm32f0xx_i2c.o(i.I2C_Enable10BitAddressingMode), (14 bytes).
    Removing apm32f0xx_i2c.o(i.I2C_EnableAcknowledge), (12 bytes).
    Removing apm32f0xx_i2c.o(i.I2C_EnableAutoEnd), (14 bytes).
    Removing apm32f0xx_i2c.o(i.I2C_EnableBroadcastCall), (14 bytes).
    Removing apm32f0xx_i2c.o(i.I2C_EnableClockTimeout), (14 bytes).
    Removing apm32f0xx_i2c.o(i.I2C_EnableDMA), (32 bytes).
    Removing apm32f0xx_i2c.o(i.I2C_EnableExtendClockTimeout), (16 bytes).
    Removing apm32f0xx_i2c.o(i.I2C_EnableGenerateStart), (14 bytes).
    Removing apm32f0xx_i2c.o(i.I2C_EnableGenerateStop), (14 bytes).
    Removing apm32f0xx_i2c.o(i.I2C_EnableIdleClockTimeout), (14 bytes).
    Removing apm32f0xx_i2c.o(i.I2C_EnableInterrupt), (8 bytes).
    Removing apm32f0xx_i2c.o(i.I2C_EnableOwnAddress2), (14 bytes).
    Removing apm32f0xx_i2c.o(i.I2C_EnablePEC), (14 bytes).
    Removing apm32f0xx_i2c.o(i.I2C_EnablePECRequest), (14 bytes).
    Removing apm32f0xx_i2c.o(i.I2C_EnableReload), (14 bytes).
    Removing apm32f0xx_i2c.o(i.I2C_EnableSMBusAlert), (14 bytes).
    Removing apm32f0xx_i2c.o(i.I2C_EnableSMBusDAEN), (14 bytes).
    Removing apm32f0xx_i2c.o(i.I2C_EnableSMBusHAEN), (14 bytes).
    Removing apm32f0xx_i2c.o(i.I2C_EnableSlaveByteControl), (14 bytes).
    Removing apm32f0xx_i2c.o(i.I2C_EnableStretchClock), (12 bytes).
    Removing apm32f0xx_i2c.o(i.I2C_HandlingTransfer), (44 bytes).
    Removing apm32f0xx_i2c.o(i.I2C_OwnAddress2Mask), (40 bytes).
    Removing apm32f0xx_i2c.o(i.I2C_ReadAddressMatched), (10 bytes).
    Removing apm32f0xx_i2c.o(i.I2C_ReadIntFlag), (76 bytes).
    Removing apm32f0xx_i2c.o(i.I2C_ReadPEC), (8 bytes).
    Removing apm32f0xx_i2c.o(i.I2C_ReadRegister), (22 bytes).
    Removing apm32f0xx_i2c.o(i.I2C_ReadStatusFlag), (22 bytes).
    Removing apm32f0xx_i2c.o(i.I2C_ReadTransferDirection), (24 bytes).
    Removing apm32f0xx_i2c.o(i.I2C_Reset), (52 bytes).
    Removing apm32f0xx_i2c.o(i.I2C_RxData), (8 bytes).
    Removing apm32f0xx_i2c.o(i.I2C_SlaveAddress), (30 bytes).
    Removing apm32f0xx_i2c.o(i.I2C_SoftwareReset), (22 bytes).
    Removing apm32f0xx_i2c.o(i.I2C_TxData), (4 bytes).
    Removing apm32f0xx_iwdt.o(.rev16_text), (4 bytes).
    Removing apm32f0xx_iwdt.o(.revsh_text), (4 bytes).
    Removing apm32f0xx_iwdt.o(i.IWDT_ConfigDivider), (12 bytes).
    Removing apm32f0xx_iwdt.o(i.IWDT_ConfigReload), (12 bytes).
    Removing apm32f0xx_iwdt.o(i.IWDT_ConfigWindowValue), (12 bytes).
    Removing apm32f0xx_iwdt.o(i.IWDT_DisableWriteAccess), (12 bytes).
    Removing apm32f0xx_iwdt.o(i.IWDT_Enable), (16 bytes).
    Removing apm32f0xx_iwdt.o(i.IWDT_EnableWriteAccess), (16 bytes).
    Removing apm32f0xx_iwdt.o(i.IWDT_ReadStatusFlag), (28 bytes).
    Removing apm32f0xx_iwdt.o(i.IWDT_Refresh), (16 bytes).
    Removing apm32f0xx_misc.o(.rev16_text), (4 bytes).
    Removing apm32f0xx_misc.o(.revsh_text), (4 bytes).
    Removing apm32f0xx_misc.o(i.NVIC_DisableIRQRequest), (36 bytes).
    Removing apm32f0xx_misc.o(i.NVIC_DisableSystemLowPower), (16 bytes).
    Removing apm32f0xx_misc.o(i.NVIC_EnableIRQRequest), (48 bytes).
    Removing apm32f0xx_misc.o(i.NVIC_EnableSystemLowPower), (16 bytes).
    Removing apm32f0xx_misc.o(i.PMU_EnterHaltModeWFE), (24 bytes).
    Removing apm32f0xx_misc.o(i.PMU_EnterHaltModeWFI), (24 bytes).
    Removing apm32f0xx_misc.o(i.PMU_EnterWaitMode), (20 bytes).
    Removing apm32f0xx_misc.o(i.SysTick_ConfigCLKSource), (36 bytes).
    Removing apm32f0xx_misc.o(i.__NVIC_SetPriority), (120 bytes).
    Removing apm32f0xx_ob.o(.rev16_text), (4 bytes).
    Removing apm32f0xx_ob.o(.revsh_text), (4 bytes).
    Removing apm32f0xx_ob.o(i.OB_OptionBytesBoot1), (28 bytes).
    Removing apm32f0xx_ob.o(i.OB_OptionBytesRamParity), (28 bytes).
    Removing apm32f0xx_ob.o(i.OB_OptionBytesStandby), (28 bytes).
    Removing apm32f0xx_ob.o(i.OB_OptionBytesStop), (28 bytes).
    Removing apm32f0xx_ob.o(i.OB_OptionBytesVddaAnalog), (28 bytes).
    Removing apm32f0xx_ob.o(i.OB_OptionBytesWatchdog), (24 bytes).
    Removing apm32f0xx_ob.o(i.OB_ReadProtectionOptionByte), (24 bytes).
    Removing apm32f0xx_pmu.o(.rev16_text), (4 bytes).
    Removing apm32f0xx_pmu.o(.revsh_text), (4 bytes).
    Removing apm32f0xx_pmu.o(i.PMU_ClearStatusFlag), (44 bytes).
    Removing apm32f0xx_pmu.o(i.PMU_DisableBackupAccess), (20 bytes).
    Removing apm32f0xx_pmu.o(i.PMU_DisableWakeUpPin), (16 bytes).
    Removing apm32f0xx_pmu.o(i.PMU_EnableBackupAccess), (24 bytes).
    Removing apm32f0xx_pmu.o(i.PMU_EnableWakeUpPin), (16 bytes).
    Removing apm32f0xx_pmu.o(i.PMU_EnterSTANDBYMode), (40 bytes).
    Removing apm32f0xx_pmu.o(i.PMU_EnterSTOPMode), (120 bytes).
    Removing apm32f0xx_pmu.o(i.PMU_EnterSleepMode), (32 bytes).
    Removing apm32f0xx_pmu.o(i.PMU_ReadStatusFlag), (24 bytes).
    Removing apm32f0xx_pmu.o(i.PMU_Reset), (20 bytes).
    Removing apm32f0xx_rcm.o(.rev16_text), (4 bytes).
    Removing apm32f0xx_rcm.o(.revsh_text), (4 bytes).
    Removing apm32f0xx_rcm.o(i.RCM_ClearIntFlag), (20 bytes).
    Removing apm32f0xx_rcm.o(i.RCM_ClearStatusFlag), (24 bytes).
    Removing apm32f0xx_rcm.o(i.RCM_ConfigAHB), (28 bytes).
    Removing apm32f0xx_rcm.o(i.RCM_ConfigAPB), (32 bytes).
    Removing apm32f0xx_rcm.o(i.RCM_ConfigCLKDIV), (24 bytes).
    Removing apm32f0xx_rcm.o(i.RCM_ConfigCOC), (32 bytes).
    Removing apm32f0xx_rcm.o(i.RCM_ConfigDriveLSE), (28 bytes).
    Removing apm32f0xx_rcm.o(i.RCM_ConfigHSE), (92 bytes).
    Removing apm32f0xx_rcm.o(i.RCM_ConfigI2CCLK), (28 bytes).
    Removing apm32f0xx_rcm.o(i.RCM_ConfigLSE), (76 bytes).
    Removing apm32f0xx_rcm.o(i.RCM_ConfigPLL), (56 bytes).
    Removing apm32f0xx_rcm.o(i.RCM_ConfigRTCCLK), (32 bytes).
    Removing apm32f0xx_rcm.o(i.RCM_ConfigSYSCLK), (24 bytes).
    Removing apm32f0xx_rcm.o(i.RCM_ConfigUSARTCLK), (32 bytes).
    Removing apm32f0xx_rcm.o(i.RCM_DisableAHBPeriphClock), (16 bytes).
    Removing apm32f0xx_rcm.o(i.RCM_DisableAHBPeriphReset), (16 bytes).
    Removing apm32f0xx_rcm.o(i.RCM_DisableAPB1PeriphClock), (16 bytes).
    Removing apm32f0xx_rcm.o(i.RCM_DisableAPB1PeriphReset), (16 bytes).
    Removing apm32f0xx_rcm.o(i.RCM_DisableAPB2PeriphClock), (16 bytes).
    Removing apm32f0xx_rcm.o(i.RCM_DisableAPB2PeriphReset), (16 bytes).
    Removing apm32f0xx_rcm.o(i.RCM_DisableBackupReset), (20 bytes).
    Removing apm32f0xx_rcm.o(i.RCM_DisableCCS), (20 bytes).
    Removing apm32f0xx_rcm.o(i.RCM_DisableHSI), (20 bytes).
    Removing apm32f0xx_rcm.o(i.RCM_DisableHSI14), (20 bytes).
    Removing apm32f0xx_rcm.o(i.RCM_DisableHSI14ADC), (20 bytes).
    Removing apm32f0xx_rcm.o(i.RCM_DisableInterrupt), (20 bytes).
    Removing apm32f0xx_rcm.o(i.RCM_DisableLSI), (20 bytes).
    Removing apm32f0xx_rcm.o(i.RCM_DisablePLL), (20 bytes).
    Removing apm32f0xx_rcm.o(i.RCM_DisableRTCCLK), (20 bytes).
    Removing apm32f0xx_rcm.o(i.RCM_EnableAHBPeriphReset), (16 bytes).
    Removing apm32f0xx_rcm.o(i.RCM_EnableAPB1PeriphClock), (16 bytes).
    Removing apm32f0xx_rcm.o(i.RCM_EnableAPB1PeriphReset), (16 bytes).
    Removing apm32f0xx_rcm.o(i.RCM_EnableAPB2PeriphReset), (16 bytes).
    Removing apm32f0xx_rcm.o(i.RCM_EnableBackupReset), (24 bytes).
    Removing apm32f0xx_rcm.o(i.RCM_EnableCCS), (24 bytes).
    Removing apm32f0xx_rcm.o(i.RCM_EnableHSI), (20 bytes).
    Removing apm32f0xx_rcm.o(i.RCM_EnableHSI14), (20 bytes).
    Removing apm32f0xx_rcm.o(i.RCM_EnableHSI14ADC), (20 bytes).
    Removing apm32f0xx_rcm.o(i.RCM_EnableInterrupt), (20 bytes).
    Removing apm32f0xx_rcm.o(i.RCM_EnableLSI), (20 bytes).
    Removing apm32f0xx_rcm.o(i.RCM_EnablePLL), (24 bytes).
    Removing apm32f0xx_rcm.o(i.RCM_EnableRTCCLK), (24 bytes).
    Removing apm32f0xx_rcm.o(i.RCM_ReadADCCLKFreq), (40 bytes).
    Removing apm32f0xx_rcm.o(i.RCM_ReadI2C1CLKFreq), (40 bytes).
    Removing apm32f0xx_rcm.o(i.RCM_ReadIntFlag), (28 bytes).
    Removing apm32f0xx_rcm.o(i.RCM_ReadSYSCLKSource), (16 bytes).
    Removing apm32f0xx_rcm.o(i.RCM_ReadStatusFlag), (80 bytes).
    Removing apm32f0xx_rcm.o(i.RCM_Reset), (124 bytes).
    Removing apm32f0xx_rcm.o(i.RCM_SetHSI14Trim), (28 bytes).
    Removing apm32f0xx_rcm.o(i.RCM_SetHSITrim), (28 bytes).
    Removing apm32f0xx_rcm.o(i.RCM_WaitHSEReady), (48 bytes).
    Removing apm32f0xx_rtc.o(.rev16_text), (4 bytes).
    Removing apm32f0xx_rtc.o(.revsh_text), (4 bytes).
    Removing apm32f0xx_rtc.o(i.RTC_Bcd2ConByte), (26 bytes).
    Removing apm32f0xx_rtc.o(i.RTC_ByteConBcd2), (28 bytes).
    Removing apm32f0xx_rtc.o(i.RTC_ClearIntFlag), (20 bytes).
    Removing apm32f0xx_rtc.o(i.RTC_ClearStatusFlag), (16 bytes).
    Removing apm32f0xx_rtc.o(i.RTC_Config), (108 bytes).
    Removing apm32f0xx_rtc.o(i.RTC_ConfigAlarm), (192 bytes).
    Removing apm32f0xx_rtc.o(i.RTC_ConfigAlarmStructInit), (28 bytes).
    Removing apm32f0xx_rtc.o(i.RTC_ConfigAlarmSubSecond), (64 bytes).
    Removing apm32f0xx_rtc.o(i.RTC_ConfigCalibOutput), (44 bytes).
    Removing apm32f0xx_rtc.o(i.RTC_ConfigDate), (172 bytes).
    Removing apm32f0xx_rtc.o(i.RTC_ConfigDateStructInit), (14 bytes).
    Removing apm32f0xx_rtc.o(i.RTC_ConfigDayLightSaving), (108 bytes).
    Removing apm32f0xx_rtc.o(i.RTC_ConfigFilter), (32 bytes).
    Removing apm32f0xx_rtc.o(i.RTC_ConfigOutput), (68 bytes).
    Removing apm32f0xx_rtc.o(i.RTC_ConfigOutputType), (32 bytes).
    Removing apm32f0xx_rtc.o(i.RTC_ConfigSamplingFreq), (32 bytes).
    Removing apm32f0xx_rtc.o(i.RTC_ConfigSmoothCalib), (116 bytes).
    Removing apm32f0xx_rtc.o(i.RTC_ConfigStructInit), (14 bytes).
    Removing apm32f0xx_rtc.o(i.RTC_ConfigSynchroShift), (116 bytes).
    Removing apm32f0xx_rtc.o(i.RTC_ConfigTamperTrigger), (80 bytes).
    Removing apm32f0xx_rtc.o(i.RTC_ConfigTime), (196 bytes).
    Removing apm32f0xx_rtc.o(i.RTC_ConfigTimeStructInit), (12 bytes).
    Removing apm32f0xx_rtc.o(i.RTC_ConfigWakeUpClock), (36 bytes).
    Removing apm32f0xx_rtc.o(i.RTC_DisableAlarm), (88 bytes).
    Removing apm32f0xx_rtc.o(i.RTC_DisableBypassShadow), (28 bytes).
    Removing apm32f0xx_rtc.o(i.RTC_DisableCalibOutput), (32 bytes).
    Removing apm32f0xx_rtc.o(i.RTC_DisableInit), (20 bytes).
    Removing apm32f0xx_rtc.o(i.RTC_DisableInterrupt), (52 bytes).
    Removing apm32f0xx_rtc.o(i.RTC_DisablePullUp), (20 bytes).
    Removing apm32f0xx_rtc.o(i.RTC_DisableRefClock), (52 bytes).
    Removing apm32f0xx_rtc.o(i.RTC_DisableTDE), (20 bytes).
    Removing apm32f0xx_rtc.o(i.RTC_DisableTamper), (40 bytes).
    Removing apm32f0xx_rtc.o(i.RTC_DisableTimeStamp), (52 bytes).
    Removing apm32f0xx_rtc.o(i.RTC_DisableWakeUp), (88 bytes).
    Removing apm32f0xx_rtc.o(i.RTC_DisableWriteProtection), (16 bytes).
    Removing apm32f0xx_rtc.o(i.RTC_EnableAlarm), (32 bytes).
    Removing apm32f0xx_rtc.o(i.RTC_EnableBypassShadow), (32 bytes).
    Removing apm32f0xx_rtc.o(i.RTC_EnableCalibOutput), (32 bytes).
    Removing apm32f0xx_rtc.o(i.RTC_EnableInit), (84 bytes).
    Removing apm32f0xx_rtc.o(i.RTC_EnableInterrupt), (52 bytes).
    Removing apm32f0xx_rtc.o(i.RTC_EnablePullUp), (24 bytes).
    Removing apm32f0xx_rtc.o(i.RTC_EnableRefClock), (52 bytes).
    Removing apm32f0xx_rtc.o(i.RTC_EnableTDE), (20 bytes).
    Removing apm32f0xx_rtc.o(i.RTC_EnableTamper), (44 bytes).
    Removing apm32f0xx_rtc.o(i.RTC_EnableTimeStamp), (56 bytes).
    Removing apm32f0xx_rtc.o(i.RTC_EnableWakeUp), (32 bytes).
    Removing apm32f0xx_rtc.o(i.RTC_EnableWriteProtection), (12 bytes).
    Removing apm32f0xx_rtc.o(i.RTC_PinsPrechargeDuration), (32 bytes).
    Removing apm32f0xx_rtc.o(i.RTC_ReadAlarm), (248 bytes).
    Removing apm32f0xx_rtc.o(i.RTC_ReadAlarmSubSecond), (16 bytes).
    Removing apm32f0xx_rtc.o(i.RTC_ReadBackup), (60 bytes).
    Removing apm32f0xx_rtc.o(i.RTC_ReadDate), (96 bytes).
    Removing apm32f0xx_rtc.o(i.RTC_ReadIntFlag), (64 bytes).
    Removing apm32f0xx_rtc.o(i.RTC_ReadStatusFlag), (24 bytes).
    Removing apm32f0xx_rtc.o(i.RTC_ReadStoreOperation), (16 bytes).
    Removing apm32f0xx_rtc.o(i.RTC_ReadSubSecond), (16 bytes).
    Removing apm32f0xx_rtc.o(i.RTC_ReadTime), (92 bytes).
    Removing apm32f0xx_rtc.o(i.RTC_ReadTimeDate), (160 bytes).
    Removing apm32f0xx_rtc.o(i.RTC_ReadTimeStampSubSecond), (12 bytes).
    Removing apm32f0xx_rtc.o(i.RTC_ReadWakeUpValue), (12 bytes).
    Removing apm32f0xx_rtc.o(i.RTC_Reset), (116 bytes).
    Removing apm32f0xx_rtc.o(i.RTC_SetWakeUpValue), (24 bytes).
    Removing apm32f0xx_rtc.o(i.RTC_WaitForSynchro), (104 bytes).
    Removing apm32f0xx_rtc.o(i.RTC_WriteBackup), (56 bytes).
    Removing apm32f0xx_spi.o(.rev16_text), (4 bytes).
    Removing apm32f0xx_spi.o(.revsh_text), (4 bytes).
    Removing apm32f0xx_spi.o(i.SPI_CRCLength), (24 bytes).
    Removing apm32f0xx_spi.o(i.SPI_ClearStatusFlag), (8 bytes).
    Removing apm32f0xx_spi.o(i.SPI_Config), (160 bytes).
    Removing apm32f0xx_spi.o(i.SPI_ConfigDatalength), (24 bytes).
    Removing apm32f0xx_spi.o(i.SPI_ConfigFIFOThreshold), (24 bytes).
    Removing apm32f0xx_spi.o(i.SPI_ConfigStructInit), (32 bytes).
    Removing apm32f0xx_spi.o(i.SPI_Disable), (10 bytes).
    Removing apm32f0xx_spi.o(i.SPI_DisableCRC), (12 bytes).
    Removing apm32f0xx_spi.o(i.SPI_DisableDMARxBuffer), (10 bytes).
    Removing apm32f0xx_spi.o(i.SPI_DisableDMATxBuffer), (10 bytes).
    Removing apm32f0xx_spi.o(i.SPI_DisableFrameFormatMode), (10 bytes).
    Removing apm32f0xx_spi.o(i.SPI_DisableInternalSlave), (12 bytes).
    Removing apm32f0xx_spi.o(i.SPI_DisableInterrupt), (8 bytes).
    Removing apm32f0xx_spi.o(i.SPI_DisableNSSPulse), (10 bytes).
    Removing apm32f0xx_spi.o(i.SPI_DisableOutputDirection), (12 bytes).
    Removing apm32f0xx_spi.o(i.SPI_DisableSSoutput), (10 bytes).
    Removing apm32f0xx_spi.o(i.SPI_Enable), (12 bytes).
    Removing apm32f0xx_spi.o(i.SPI_EnableCRC), (14 bytes).
    Removing apm32f0xx_spi.o(i.SPI_EnableDMARxBuffer), (12 bytes).
    Removing apm32f0xx_spi.o(i.SPI_EnableDMATxBuffer), (12 bytes).
    Removing apm32f0xx_spi.o(i.SPI_EnableFrameFormatMode), (12 bytes).
    Removing apm32f0xx_spi.o(i.SPI_EnableInternalSlave), (14 bytes).
    Removing apm32f0xx_spi.o(i.SPI_EnableInterrupt), (8 bytes).
    Removing apm32f0xx_spi.o(i.SPI_EnableNSSPulse), (12 bytes).
    Removing apm32f0xx_spi.o(i.SPI_EnableOutputDirection), (14 bytes).
    Removing apm32f0xx_spi.o(i.SPI_EnableSSoutput), (12 bytes).
    Removing apm32f0xx_spi.o(i.SPI_I2S_RxData16), (8 bytes).
    Removing apm32f0xx_spi.o(i.SPI_I2S_TxData16), (4 bytes).
    Removing apm32f0xx_spi.o(i.SPI_LastDMATransfer), (20 bytes).
    Removing apm32f0xx_spi.o(i.SPI_ReadCRCPolynomial), (8 bytes).
    Removing apm32f0xx_spi.o(i.SPI_ReadIntFlag), (38 bytes).
    Removing apm32f0xx_spi.o(i.SPI_ReadReceptionFIFOLeve), (10 bytes).
    Removing apm32f0xx_spi.o(i.SPI_ReadRxCRC), (8 bytes).
    Removing apm32f0xx_spi.o(i.SPI_ReadStatusFlag), (20 bytes).
    Removing apm32f0xx_spi.o(i.SPI_ReadTransmissionFIFOLeve), (10 bytes).
    Removing apm32f0xx_spi.o(i.SPI_ReadTxCRC), (8 bytes).
    Removing apm32f0xx_spi.o(i.SPI_Reset), (48 bytes).
    Removing apm32f0xx_spi.o(i.SPI_RxData8), (6 bytes).
    Removing apm32f0xx_spi.o(i.SPI_TxCRC), (14 bytes).
    Removing apm32f0xx_spi.o(i.SPI_TxData8), (4 bytes).
    Removing apm32f0xx_syscfg.o(.rev16_text), (4 bytes).
    Removing apm32f0xx_syscfg.o(.revsh_text), (4 bytes).
    Removing apm32f0xx_syscfg.o(i.SYSCFG_BreakLock), (64 bytes).
    Removing apm32f0xx_syscfg.o(i.SYSCFG_ClearStatusFlag), (16 bytes).
    Removing apm32f0xx_syscfg.o(i.SYSCFG_DisableDMAChannelRemap), (16 bytes).
    Removing apm32f0xx_syscfg.o(i.SYSCFG_DisableI2CFastModePlus), (16 bytes).
    Removing apm32f0xx_syscfg.o(i.SYSCFG_EINTLine), (192 bytes).
    Removing apm32f0xx_syscfg.o(i.SYSCFG_EnableDMAChannelRemap), (16 bytes).
    Removing apm32f0xx_syscfg.o(i.SYSCFG_EnableI2CFastModePlus), (16 bytes).
    Removing apm32f0xx_syscfg.o(i.SYSCFG_MemoryRemapSelect), (24 bytes).
    Removing apm32f0xx_syscfg.o(i.SYSCFG_ReadStatusFlag), (28 bytes).
    Removing apm32f0xx_syscfg.o(i.SYSCFG_Reset), (40 bytes).
    Removing apm32f0xx_syscfg.o(i.SYSCFG_SelectIRDAEnv), (28 bytes).
    Removing apm32f0xx_tmr.o(.rev16_text), (4 bytes).
    Removing apm32f0xx_tmr.o(.revsh_text), (4 bytes).
    Removing apm32f0xx_tmr.o(i.TI1Config), (92 bytes).
    Removing apm32f0xx_tmr.o(i.TI2Config), (108 bytes).
    Removing apm32f0xx_tmr.o(i.TI3Config), (96 bytes).
    Removing apm32f0xx_tmr.o(i.TI4Config), (112 bytes).
    Removing apm32f0xx_tmr.o(i.TMR_ClearIntFlag), (6 bytes).
    Removing apm32f0xx_tmr.o(i.TMR_ClearOC1Ref), (20 bytes).
    Removing apm32f0xx_tmr.o(i.TMR_ClearOC2Ref), (24 bytes).
    Removing apm32f0xx_tmr.o(i.TMR_ClearOC3Ref), (20 bytes).
    Removing apm32f0xx_tmr.o(i.TMR_ClearOC4Ref), (24 bytes).
    Removing apm32f0xx_tmr.o(i.TMR_ClearStatusFlag), (6 bytes).
    Removing apm32f0xx_tmr.o(i.TMR_ConfigBDT), (42 bytes).
    Removing apm32f0xx_tmr.o(i.TMR_ConfigBDTStructInit), (18 bytes).
    Removing apm32f0xx_tmr.o(i.TMR_ConfigCounterMode), (38 bytes).
    Removing apm32f0xx_tmr.o(i.TMR_ConfigDIV), (20 bytes).
    Removing apm32f0xx_tmr.o(i.TMR_ConfigDMA), (8 bytes).
    Removing apm32f0xx_tmr.o(i.TMR_ConfigEncodeInterface), (82 bytes).
    Removing apm32f0xx_tmr.o(i.TMR_ConfigExternalClockMode1), (52 bytes).
    Removing apm32f0xx_tmr.o(i.TMR_ConfigExternalClockMode2), (36 bytes).
    Removing apm32f0xx_tmr.o(i.TMR_ConfigExternalTrigger), (70 bytes).
    Removing apm32f0xx_tmr.o(i.TMR_ConfigITRxExternalClock), (26 bytes).
    Removing apm32f0xx_tmr.o(i.TMR_ConfigInternalClock), (10 bytes).
    Removing apm32f0xx_tmr.o(i.TMR_ConfigRemap), (16 bytes).
    Removing apm32f0xx_tmr.o(i.TMR_ConfigTIxExternalClock), (60 bytes).
    Removing apm32f0xx_tmr.o(i.TMR_ConfigTimeBase), (152 bytes).
    Removing apm32f0xx_tmr.o(i.TMR_ConfigTimeBaseStruct), (18 bytes).
    Removing apm32f0xx_tmr.o(i.TMR_ConfigUPdateRequest), (26 bytes).
    Removing apm32f0xx_tmr.o(i.TMR_Disable), (10 bytes).
    Removing apm32f0xx_tmr.o(i.TMR_DisableAUTOReload), (10 bytes).
    Removing apm32f0xx_tmr.o(i.TMR_DisableCCDMA), (10 bytes).
    Removing apm32f0xx_tmr.o(i.TMR_DisableCCPreload), (10 bytes).
    Removing apm32f0xx_tmr.o(i.TMR_DisableCCxChannel), (12 bytes).
    Removing apm32f0xx_tmr.o(i.TMR_DisableCCxNChannel), (12 bytes).
    Removing apm32f0xx_tmr.o(i.TMR_DisableDMASoure), (8 bytes).
    Removing apm32f0xx_tmr.o(i.TMR_DisableHallSensor), (10 bytes).
    Removing apm32f0xx_tmr.o(i.TMR_DisableInterrupt), (8 bytes).
    Removing apm32f0xx_tmr.o(i.TMR_DisableMasterSlaveMode), (10 bytes).
    Removing apm32f0xx_tmr.o(i.TMR_DisableNGUpdate), (10 bytes).
    Removing apm32f0xx_tmr.o(i.TMR_DisablePWMOutputs), (12 bytes).
    Removing apm32f0xx_tmr.o(i.TMR_DisableSelectCOM), (10 bytes).
    Removing apm32f0xx_tmr.o(i.TMR_Enable), (12 bytes).
    Removing apm32f0xx_tmr.o(i.TMR_EnableAUTOReload), (12 bytes).
    Removing apm32f0xx_tmr.o(i.TMR_EnableCCDMA), (12 bytes).
    Removing apm32f0xx_tmr.o(i.TMR_EnableCCPreload), (12 bytes).
    Removing apm32f0xx_tmr.o(i.TMR_EnableCCxChannel), (12 bytes).
    Removing apm32f0xx_tmr.o(i.TMR_EnableCCxNChannel), (12 bytes).
    Removing apm32f0xx_tmr.o(i.TMR_EnableDMASoure), (8 bytes).
    Removing apm32f0xx_tmr.o(i.TMR_EnableHallSensor), (12 bytes).
    Removing apm32f0xx_tmr.o(i.TMR_EnableInterrupt), (8 bytes).
    Removing apm32f0xx_tmr.o(i.TMR_EnableMasterSlaveMode), (12 bytes).
    Removing apm32f0xx_tmr.o(i.TMR_EnableNGUpdate), (12 bytes).
    Removing apm32f0xx_tmr.o(i.TMR_EnablePWMOutputs), (14 bytes).
    Removing apm32f0xx_tmr.o(i.TMR_EnableSelectCOM), (12 bytes).
    Removing apm32f0xx_tmr.o(i.TMR_ForcedOC1Config), (20 bytes).
    Removing apm32f0xx_tmr.o(i.TMR_ForcedOC2Config), (24 bytes).
    Removing apm32f0xx_tmr.o(i.TMR_ForcedOC3Config), (20 bytes).
    Removing apm32f0xx_tmr.o(i.TMR_ForcedOC4Config), (24 bytes).
    Removing apm32f0xx_tmr.o(i.TMR_GenerateEvent), (8 bytes).
    Removing apm32f0xx_tmr.o(i.TMR_ICConfig), (118 bytes).
    Removing apm32f0xx_tmr.o(i.TMR_ICConfigStructInit), (18 bytes).
    Removing apm32f0xx_tmr.o(i.TMR_OC1Config), (204 bytes).
    Removing apm32f0xx_tmr.o(i.TMR_OC1FastConfit), (20 bytes).
    Removing apm32f0xx_tmr.o(i.TMR_OC1NPolarityConfig), (20 bytes).
    Removing apm32f0xx_tmr.o(i.TMR_OC1PolarityConfig), (20 bytes).
    Removing apm32f0xx_tmr.o(i.TMR_OC1PreloadConfig), (20 bytes).
    Removing apm32f0xx_tmr.o(i.TMR_OC2Config), (200 bytes).
    Removing apm32f0xx_tmr.o(i.TMR_OC2FastConfit), (24 bytes).
    Removing apm32f0xx_tmr.o(i.TMR_OC2NPolarityConfig), (20 bytes).
    Removing apm32f0xx_tmr.o(i.TMR_OC2PolarityConfig), (20 bytes).
    Removing apm32f0xx_tmr.o(i.TMR_OC2PreloadConfig), (24 bytes).
    Removing apm32f0xx_tmr.o(i.TMR_OC3Config), (200 bytes).
    Removing apm32f0xx_tmr.o(i.TMR_OC3FastConfit), (20 bytes).
    Removing apm32f0xx_tmr.o(i.TMR_OC3NPolarityConfig), (24 bytes).
    Removing apm32f0xx_tmr.o(i.TMR_OC3PolarityConfig), (24 bytes).
    Removing apm32f0xx_tmr.o(i.TMR_OC3PreloadConfig), (20 bytes).
    Removing apm32f0xx_tmr.o(i.TMR_OC4Config), (132 bytes).
    Removing apm32f0xx_tmr.o(i.TMR_OC4FastConfit), (24 bytes).
    Removing apm32f0xx_tmr.o(i.TMR_OC4PolarityConfig), (24 bytes).
    Removing apm32f0xx_tmr.o(i.TMR_OC4PreloadConfig), (24 bytes).
    Removing apm32f0xx_tmr.o(i.TMR_OCConfigStructInit), (20 bytes).
    Removing apm32f0xx_tmr.o(i.TMR_PWMConfig), (124 bytes).
    Removing apm32f0xx_tmr.o(i.TMR_ReadCaputer1), (8 bytes).
    Removing apm32f0xx_tmr.o(i.TMR_ReadCaputer2), (8 bytes).
    Removing apm32f0xx_tmr.o(i.TMR_ReadCaputer3), (8 bytes).
    Removing apm32f0xx_tmr.o(i.TMR_ReadCaputer4), (8 bytes).
    Removing apm32f0xx_tmr.o(i.TMR_ReadCounter), (6 bytes).
    Removing apm32f0xx_tmr.o(i.TMR_ReadDiv), (6 bytes).
    Removing apm32f0xx_tmr.o(i.TMR_ReadIntFlag), (26 bytes).
    Removing apm32f0xx_tmr.o(i.TMR_ReadStatusFlag), (18 bytes).
    Removing apm32f0xx_tmr.o(i.TMR_Reset), (208 bytes).
    Removing apm32f0xx_tmr.o(i.TMR_SelectInputTrigger), (26 bytes).
    Removing apm32f0xx_tmr.o(i.TMR_SelectOCREFClear), (20 bytes).
    Removing apm32f0xx_tmr.o(i.TMR_SelectOCxMode), (108 bytes).
    Removing apm32f0xx_tmr.o(i.TMR_SelectOnePulseMode), (20 bytes).
    Removing apm32f0xx_tmr.o(i.TMR_SelectOutputTrigger), (20 bytes).
    Removing apm32f0xx_tmr.o(i.TMR_SelectSlaveMode), (16 bytes).
    Removing apm32f0xx_tmr.o(i.TMR_SetAutoReload), (4 bytes).
    Removing apm32f0xx_tmr.o(i.TMR_SetClockDivision), (24 bytes).
    Removing apm32f0xx_tmr.o(i.TMR_SetCompare1), (4 bytes).
    Removing apm32f0xx_tmr.o(i.TMR_SetCompare2), (4 bytes).
    Removing apm32f0xx_tmr.o(i.TMR_SetCompare3), (4 bytes).
    Removing apm32f0xx_tmr.o(i.TMR_SetCompare4), (4 bytes).
    Removing apm32f0xx_tmr.o(i.TMR_SetCounter), (4 bytes).
    Removing apm32f0xx_tmr.o(i.TMR_SetIC1Prescal), (26 bytes).
    Removing apm32f0xx_tmr.o(i.TMR_SetIC2Prescal), (30 bytes).
    Removing apm32f0xx_tmr.o(i.TMR_SetIC3Prescal), (26 bytes).
    Removing apm32f0xx_tmr.o(i.TMR_SetIC4Prescal), (30 bytes).
    Removing apm32f0xx_usart.o(.rev16_text), (4 bytes).
    Removing apm32f0xx_usart.o(.revsh_text), (4 bytes).
    Removing apm32f0xx_usart.o(i.USART_Address), (42 bytes).
    Removing apm32f0xx_usart.o(i.USART_ClearIntFlag), (8 bytes).
    Removing apm32f0xx_usart.o(i.USART_ClearStatusFlag), (4 bytes).
    Removing apm32f0xx_usart.o(i.USART_ConfigAddressDetection), (20 bytes).
    Removing apm32f0xx_usart.o(i.USART_ConfigAutoBaudRate), (24 bytes).
    Removing apm32f0xx_usart.o(i.USART_ConfigBlockSize), (18 bytes).
    Removing apm32f0xx_usart.o(i.USART_ConfigDEPolarity), (24 bytes).
    Removing apm32f0xx_usart.o(i.USART_ConfigDMAReceptionError), (24 bytes).
    Removing apm32f0xx_usart.o(i.USART_ConfigMuteModeWakeUp), (24 bytes).
    Removing apm32f0xx_usart.o(i.USART_ConfigOverrunDetection), (24 bytes).
    Removing apm32f0xx_usart.o(i.USART_ConfigStructInit), (24 bytes).
    Removing apm32f0xx_usart.o(i.USART_ConfigSyncClock), (80 bytes).
    Removing apm32f0xx_usart.o(i.USART_ConfigSyncClockStructInit), (12 bytes).
    Removing apm32f0xx_usart.o(i.USART_DEAssertionTimeValue), (34 bytes).
    Removing apm32f0xx_usart.o(i.USART_DEDeassertionTimeValue), (34 bytes).
    Removing apm32f0xx_usart.o(i.USART_Disable), (10 bytes).
    Removing apm32f0xx_usart.o(i.USART_DisableAutoBaudRate), (12 bytes).
    Removing apm32f0xx_usart.o(i.USART_DisableDE), (12 bytes).
    Removing apm32f0xx_usart.o(i.USART_DisableDMA), (50 bytes).
    Removing apm32f0xx_usart.o(i.USART_DisableDataInv), (12 bytes).
    Removing apm32f0xx_usart.o(i.USART_DisableDirectionMode), (46 bytes).
    Removing apm32f0xx_usart.o(i.USART_DisableHalfDuplex), (10 bytes).
    Removing apm32f0xx_usart.o(i.USART_DisableInterrupt), (74 bytes).
    Removing apm32f0xx_usart.o(i.USART_DisableInvPin), (60 bytes).
    Removing apm32f0xx_usart.o(i.USART_DisableMSBFirst), (12 bytes).
    Removing apm32f0xx_usart.o(i.USART_DisableMuteMode), (12 bytes).
    Removing apm32f0xx_usart.o(i.USART_DisableOneBitMethod), (12 bytes).
    Removing apm32f0xx_usart.o(i.USART_DisableOverSampling8), (12 bytes).
    Removing apm32f0xx_usart.o(i.USART_DisableReceiverTimeOut), (12 bytes).
    Removing apm32f0xx_usart.o(i.USART_DisableRequest), (48 bytes).
    Removing apm32f0xx_usart.o(i.USART_DisableSWAPPin), (12 bytes).
    Removing apm32f0xx_usart.o(i.USART_EnableAutoBaudRate), (14 bytes).
    Removing apm32f0xx_usart.o(i.USART_EnableDE), (14 bytes).
    Removing apm32f0xx_usart.o(i.USART_EnableDMA), (58 bytes).
    Removing apm32f0xx_usart.o(i.USART_EnableDataInv), (14 bytes).
    Removing apm32f0xx_usart.o(i.USART_EnableDirectionMode), (54 bytes).
    Removing apm32f0xx_usart.o(i.USART_EnableHalfDuplex), (12 bytes).
    Removing apm32f0xx_usart.o(i.USART_EnableInterrupt), (74 bytes).
    Removing apm32f0xx_usart.o(i.USART_EnableInvPin), (68 bytes).
    Removing apm32f0xx_usart.o(i.USART_EnableMSBFirst), (14 bytes).
    Removing apm32f0xx_usart.o(i.USART_EnableMuteMode), (14 bytes).
    Removing apm32f0xx_usart.o(i.USART_EnableOneBitMethod), (14 bytes).
    Removing apm32f0xx_usart.o(i.USART_EnableOverSampling8), (14 bytes).
    Removing apm32f0xx_usart.o(i.USART_EnableReceiverTimeOut), (14 bytes).
    Removing apm32f0xx_usart.o(i.USART_EnableRequest), (56 bytes).
    Removing apm32f0xx_usart.o(i.USART_EnableSWAPPin), (14 bytes).
    Removing apm32f0xx_usart.o(i.USART_ReadIntFlag), (160 bytes).
    Removing apm32f0xx_usart.o(i.USART_ReceiverTimeOutValue), (20 bytes).
    Removing apm32f0xx_usart.o(i.USART_Reset), (168 bytes).
    Removing apm32f0xx_usart.o(i.USART_RxData), (10 bytes).
    Removing apm32f0xx_wwdt.o(.rev16_text), (4 bytes).
    Removing apm32f0xx_wwdt.o(.revsh_text), (4 bytes).
    Removing apm32f0xx_wwdt.o(i.WWDT_ClearStatusFlag), (20 bytes).
    Removing apm32f0xx_wwdt.o(i.WWDT_ConfigCounter), (16 bytes).
    Removing apm32f0xx_wwdt.o(i.WWDT_ConfigWindowValue), (32 bytes).
    Removing apm32f0xx_wwdt.o(i.WWDT_Enable), (40 bytes).
    Removing apm32f0xx_wwdt.o(i.WWDT_EnableEWI), (24 bytes).
    Removing apm32f0xx_wwdt.o(i.WWDT_ReadStatusFlag), (12 bytes).
    Removing apm32f0xx_wwdt.o(i.WWDT_Reset), (20 bytes).
    Removing apm32f0xx_wwdt.o(i.WWDT_SetTimebase), (44 bytes).
    Removing board.o(.rev16_text), (4 bytes).
    Removing board.o(.revsh_text), (4 bytes).
    Removing board.o(i.APM_MINI_COMInit), (312 bytes).
    Removing board.o(i.APM_MINI_LEDInit), (80 bytes).
    Removing board.o(i.APM_MINI_LEDOff), (24 bytes).
    Removing board.o(i.APM_MINI_LEDOn), (24 bytes).
    Removing board.o(i.APM_MINI_LEDToggle), (36 bytes).
    Removing board.o(i.APM_MINI_PBGetState), (32 bytes).
    Removing board.o(i.APM_MINI_PBInit), (136 bytes).
    Removing board.o(i.APM_MINI_PB_Led_Isr), (46 bytes).
    Removing board.o(.constdata), (64 bytes).
    Removing board.o(.data), (40 bytes).
    Removing main.o(.rev16_text), (4 bytes).
    Removing main.o(.revsh_text), (4 bytes).
    Removing bsp_tick.o(.rev16_text), (4 bytes).
    Removing bsp_tick.o(.revsh_text), (4 bytes).
    Removing bsp_debug_uart.o(.rev16_text), (4 bytes).
    Removing bsp_debug_uart.o(.revsh_text), (4 bytes).
    Removing apm32f0xx_rtc.o(i.__ARM_common_switch8), (28 bytes).

630 unused section(s) (total 20114 bytes) removed from the image.

==============================================================================

Image Symbol Table

    Local Symbols

    Symbol Name                              Value     Ov Type        Size  Object(Section)

    ../clib/microlib/division.c              0x00000000   Number         0  uidiv.o ABSOLUTE
    ../clib/microlib/init/entry.s            0x00000000   Number         0  entry7b.o ABSOLUTE
    ../clib/microlib/init/entry.s            0x00000000   Number         0  entry10b.o ABSOLUTE
    ../clib/microlib/init/entry.s            0x00000000   Number         0  entry10a.o ABSOLUTE
    ../clib/microlib/init/entry.s            0x00000000   Number         0  entry9b.o ABSOLUTE
    ../clib/microlib/init/entry.s            0x00000000   Number         0  entry9a.o ABSOLUTE
    ../clib/microlib/init/entry.s            0x00000000   Number         0  entry8a.o ABSOLUTE
    ../clib/microlib/init/entry.s            0x00000000   Number         0  entry.o ABSOLUTE
    ../clib/microlib/init/entry.s            0x00000000   Number         0  entry7a.o ABSOLUTE
    ../clib/microlib/init/entry.s            0x00000000   Number         0  entry8b.o ABSOLUTE
    ../clib/microlib/init/entry.s            0x00000000   Number         0  entry5.o ABSOLUTE
    ../clib/microlib/init/entry.s            0x00000000   Number         0  entry2.o ABSOLUTE
    ../clib/microlib/init/entry.s            0x00000000   Number         0  entry11a.o ABSOLUTE
    ../clib/microlib/init/entry.s            0x00000000   Number         0  entry11b.o ABSOLUTE
    ..\..\..\..\..\Boards\Board.c            0x00000000   Number         0  board.o ABSOLUTE
    ..\..\..\..\..\Libraries\APM32F0xx_StdPeriphDriver\src\apm32f0xx_adc.c 0x00000000   Number         0  apm32f0xx_adc.o ABSOLUTE
    ..\..\..\..\..\Libraries\APM32F0xx_StdPeriphDriver\src\apm32f0xx_can.c 0x00000000   Number         0  apm32f0xx_can.o ABSOLUTE
    ..\..\..\..\..\Libraries\APM32F0xx_StdPeriphDriver\src\apm32f0xx_cec.c 0x00000000   Number         0  apm32f0xx_cec.o ABSOLUTE
    ..\..\..\..\..\Libraries\APM32F0xx_StdPeriphDriver\src\apm32f0xx_comp.c 0x00000000   Number         0  apm32f0xx_comp.o ABSOLUTE
    ..\..\..\..\..\Libraries\APM32F0xx_StdPeriphDriver\src\apm32f0xx_crc.c 0x00000000   Number         0  apm32f0xx_crc.o ABSOLUTE
    ..\..\..\..\..\Libraries\APM32F0xx_StdPeriphDriver\src\apm32f0xx_crs.c 0x00000000   Number         0  apm32f0xx_crs.o ABSOLUTE
    ..\..\..\..\..\Libraries\APM32F0xx_StdPeriphDriver\src\apm32f0xx_dac.c 0x00000000   Number         0  apm32f0xx_dac.o ABSOLUTE
    ..\..\..\..\..\Libraries\APM32F0xx_StdPeriphDriver\src\apm32f0xx_dbg.c 0x00000000   Number         0  apm32f0xx_dbg.o ABSOLUTE
    ..\..\..\..\..\Libraries\APM32F0xx_StdPeriphDriver\src\apm32f0xx_dma.c 0x00000000   Number         0  apm32f0xx_dma.o ABSOLUTE
    ..\..\..\..\..\Libraries\APM32F0xx_StdPeriphDriver\src\apm32f0xx_eint.c 0x00000000   Number         0  apm32f0xx_eint.o ABSOLUTE
    ..\..\..\..\..\Libraries\APM32F0xx_StdPeriphDriver\src\apm32f0xx_fmc.c 0x00000000   Number         0  apm32f0xx_fmc.o ABSOLUTE
    ..\..\..\..\..\Libraries\APM32F0xx_StdPeriphDriver\src\apm32f0xx_gpio.c 0x00000000   Number         0  apm32f0xx_gpio.o ABSOLUTE
    ..\..\..\..\..\Libraries\APM32F0xx_StdPeriphDriver\src\apm32f0xx_i2c.c 0x00000000   Number         0  apm32f0xx_i2c.o ABSOLUTE
    ..\..\..\..\..\Libraries\APM32F0xx_StdPeriphDriver\src\apm32f0xx_iwdt.c 0x00000000   Number         0  apm32f0xx_iwdt.o ABSOLUTE
    ..\..\..\..\..\Libraries\APM32F0xx_StdPeriphDriver\src\apm32f0xx_misc.c 0x00000000   Number         0  apm32f0xx_misc.o ABSOLUTE
    ..\..\..\..\..\Libraries\APM32F0xx_StdPeriphDriver\src\apm32f0xx_ob.c 0x00000000   Number         0  apm32f0xx_ob.o ABSOLUTE
    ..\..\..\..\..\Libraries\APM32F0xx_StdPeriphDriver\src\apm32f0xx_pmu.c 0x00000000   Number         0  apm32f0xx_pmu.o ABSOLUTE
    ..\..\..\..\..\Libraries\APM32F0xx_StdPeriphDriver\src\apm32f0xx_rcm.c 0x00000000   Number         0  apm32f0xx_rcm.o ABSOLUTE
    ..\..\..\..\..\Libraries\APM32F0xx_StdPeriphDriver\src\apm32f0xx_rtc.c 0x00000000   Number         0  apm32f0xx_rtc.o ABSOLUTE
    ..\..\..\..\..\Libraries\APM32F0xx_StdPeriphDriver\src\apm32f0xx_spi.c 0x00000000   Number         0  apm32f0xx_spi.o ABSOLUTE
    ..\..\..\..\..\Libraries\APM32F0xx_StdPeriphDriver\src\apm32f0xx_syscfg.c 0x00000000   Number         0  apm32f0xx_syscfg.o ABSOLUTE
    ..\..\..\..\..\Libraries\APM32F0xx_StdPeriphDriver\src\apm32f0xx_tmr.c 0x00000000   Number         0  apm32f0xx_tmr.o ABSOLUTE
    ..\..\..\..\..\Libraries\APM32F0xx_StdPeriphDriver\src\apm32f0xx_usart.c 0x00000000   Number         0  apm32f0xx_usart.o ABSOLUTE
    ..\..\..\..\..\Libraries\APM32F0xx_StdPeriphDriver\src\apm32f0xx_wwdt.c 0x00000000   Number         0  apm32f0xx_wwdt.o ABSOLUTE
    ..\..\..\..\..\Libraries\Device\Geehy\APM32F0xx\Source\arm\startup_apm32f030.s 0x00000000   Number         0  startup_apm32f030.o ABSOLUTE
    ..\..\..\..\..\Libraries\Device\Geehy\APM32F0xx\Source\system_apm32f0xx.c 0x00000000   Number         0  system_apm32f0xx.o ABSOLUTE
    ..\..\Source\apm32f0xx_int.c             0x00000000   Number         0  apm32f0xx_int.o ABSOLUTE
    ..\..\Source\bsp_debug_uart.c            0x00000000   Number         0  bsp_debug_uart.o ABSOLUTE
    ..\..\Source\bsp_tick.c                  0x00000000   Number         0  bsp_tick.o ABSOLUTE
    ..\..\Source\main.c                      0x00000000   Number         0  main.o ABSOLUTE
    ..\\..\\..\\..\\..\\Boards\\Board.c      0x00000000   Number         0  board.o ABSOLUTE
    ..\\..\\..\\..\\..\\Libraries\\APM32F0xx_StdPeriphDriver\\src\\apm32f0xx_adc.c 0x00000000   Number         0  apm32f0xx_adc.o ABSOLUTE
    ..\\..\\..\\..\\..\\Libraries\\APM32F0xx_StdPeriphDriver\\src\\apm32f0xx_can.c 0x00000000   Number         0  apm32f0xx_can.o ABSOLUTE
    ..\\..\\..\\..\\..\\Libraries\\APM32F0xx_StdPeriphDriver\\src\\apm32f0xx_cec.c 0x00000000   Number         0  apm32f0xx_cec.o ABSOLUTE
    ..\\..\\..\\..\\..\\Libraries\\APM32F0xx_StdPeriphDriver\\src\\apm32f0xx_comp.c 0x00000000   Number         0  apm32f0xx_comp.o ABSOLUTE
    ..\\..\\..\\..\\..\\Libraries\\APM32F0xx_StdPeriphDriver\\src\\apm32f0xx_crc.c 0x00000000   Number         0  apm32f0xx_crc.o ABSOLUTE
    ..\\..\\..\\..\\..\\Libraries\\APM32F0xx_StdPeriphDriver\\src\\apm32f0xx_crs.c 0x00000000   Number         0  apm32f0xx_crs.o ABSOLUTE
    ..\\..\\..\\..\\..\\Libraries\\APM32F0xx_StdPeriphDriver\\src\\apm32f0xx_dac.c 0x00000000   Number         0  apm32f0xx_dac.o ABSOLUTE
    ..\\..\\..\\..\\..\\Libraries\\APM32F0xx_StdPeriphDriver\\src\\apm32f0xx_dbg.c 0x00000000   Number         0  apm32f0xx_dbg.o ABSOLUTE
    ..\\..\\..\\..\\..\\Libraries\\APM32F0xx_StdPeriphDriver\\src\\apm32f0xx_dma.c 0x00000000   Number         0  apm32f0xx_dma.o ABSOLUTE
    ..\\..\\..\\..\\..\\Libraries\\APM32F0xx_StdPeriphDriver\\src\\apm32f0xx_eint.c 0x00000000   Number         0  apm32f0xx_eint.o ABSOLUTE
    ..\\..\\..\\..\\..\\Libraries\\APM32F0xx_StdPeriphDriver\\src\\apm32f0xx_fmc.c 0x00000000   Number         0  apm32f0xx_fmc.o ABSOLUTE
    ..\\..\\..\\..\\..\\Libraries\\APM32F0xx_StdPeriphDriver\\src\\apm32f0xx_gpio.c 0x00000000   Number         0  apm32f0xx_gpio.o ABSOLUTE
    ..\\..\\..\\..\\..\\Libraries\\APM32F0xx_StdPeriphDriver\\src\\apm32f0xx_i2c.c 0x00000000   Number         0  apm32f0xx_i2c.o ABSOLUTE
    ..\\..\\..\\..\\..\\Libraries\\APM32F0xx_StdPeriphDriver\\src\\apm32f0xx_iwdt.c 0x00000000   Number         0  apm32f0xx_iwdt.o ABSOLUTE
    ..\\..\\..\\..\\..\\Libraries\\APM32F0xx_StdPeriphDriver\\src\\apm32f0xx_misc.c 0x00000000   Number         0  apm32f0xx_misc.o ABSOLUTE
    ..\\..\\..\\..\\..\\Libraries\\APM32F0xx_StdPeriphDriver\\src\\apm32f0xx_ob.c 0x00000000   Number         0  apm32f0xx_ob.o ABSOLUTE
    ..\\..\\..\\..\\..\\Libraries\\APM32F0xx_StdPeriphDriver\\src\\apm32f0xx_pmu.c 0x00000000   Number         0  apm32f0xx_pmu.o ABSOLUTE
    ..\\..\\..\\..\\..\\Libraries\\APM32F0xx_StdPeriphDriver\\src\\apm32f0xx_rcm.c 0x00000000   Number         0  apm32f0xx_rcm.o ABSOLUTE
    ..\\..\\..\\..\\..\\Libraries\\APM32F0xx_StdPeriphDriver\\src\\apm32f0xx_rtc.c 0x00000000   Number         0  apm32f0xx_rtc.o ABSOLUTE
    ..\\..\\..\\..\\..\\Libraries\\APM32F0xx_StdPeriphDriver\\src\\apm32f0xx_spi.c 0x00000000   Number         0  apm32f0xx_spi.o ABSOLUTE
    ..\\..\\..\\..\\..\\Libraries\\APM32F0xx_StdPeriphDriver\\src\\apm32f0xx_syscfg.c 0x00000000   Number         0  apm32f0xx_syscfg.o ABSOLUTE
    ..\\..\\..\\..\\..\\Libraries\\APM32F0xx_StdPeriphDriver\\src\\apm32f0xx_tmr.c 0x00000000   Number         0  apm32f0xx_tmr.o ABSOLUTE
    ..\\..\\..\\..\\..\\Libraries\\APM32F0xx_StdPeriphDriver\\src\\apm32f0xx_usart.c 0x00000000   Number         0  apm32f0xx_usart.o ABSOLUTE
    ..\\..\\..\\..\\..\\Libraries\\APM32F0xx_StdPeriphDriver\\src\\apm32f0xx_wwdt.c 0x00000000   Number         0  apm32f0xx_wwdt.o ABSOLUTE
    ..\\..\\..\\..\\..\\Libraries\\Device\\Geehy\\APM32F0xx\\Source\\system_apm32f0xx.c 0x00000000   Number         0  system_apm32f0xx.o ABSOLUTE
    ..\\..\\Source\\bsp_debug_uart.c         0x00000000   Number         0  bsp_debug_uart.o ABSOLUTE
    ..\\..\\Source\\bsp_tick.c               0x00000000   Number         0  bsp_tick.o ABSOLUTE
    ..\\..\\Source\\main.c                   0x00000000   Number         0  main.o ABSOLUTE
    dc.s                                     0x00000000   Number         0  dc.o ABSOLUTE
    handlers.s                               0x00000000   Number         0  handlers.o ABSOLUTE
    init.s                                   0x00000000   Number         0  init.o ABSOLUTE
    RESET                                    0x08000000   Section      184  startup_apm32f030.o(RESET)
    .ARM.Collect$$$$00000000                 0x080000b8   Section        0  entry.o(.ARM.Collect$$$$00000000)
    .ARM.Collect$$$$00000001                 0x080000b8   Section        4  entry2.o(.ARM.Collect$$$$00000001)
    .ARM.Collect$$$$00000004                 0x080000bc   Section        4  entry5.o(.ARM.Collect$$$$00000004)
    .ARM.Collect$$$$00000008                 0x080000c0   Section        0  entry7b.o(.ARM.Collect$$$$00000008)
    .ARM.Collect$$$$0000000A                 0x080000c0   Section        0  entry8b.o(.ARM.Collect$$$$0000000A)
    .ARM.Collect$$$$0000000B                 0x080000c0   Section        8  entry9a.o(.ARM.Collect$$$$0000000B)
    .ARM.Collect$$$$0000000D                 0x080000c8   Section        0  entry10a.o(.ARM.Collect$$$$0000000D)
    .ARM.Collect$$$$0000000F                 0x080000c8   Section        0  entry11a.o(.ARM.Collect$$$$0000000F)
    .ARM.Collect$$$$00002712                 0x080000c8   Section        4  entry2.o(.ARM.Collect$$$$00002712)
    __lit__00000000                          0x080000c8   Data           4  entry2.o(.ARM.Collect$$$$00002712)
    .text                                    0x080000cc   Section       28  startup_apm32f030.o(.text)
    .text                                    0x080000e8   Section        0  uidiv.o(.text)
    .text                                    0x08000114   Section       36  init.o(.text)
    i.BSP_DebugUart_Init                     0x08000138   Section        0  bsp_debug_uart.o(i.BSP_DebugUart_Init)
    i.BSP_DebugUart_Write                    0x080001c8   Section        0  bsp_debug_uart.o(i.BSP_DebugUart_Write)
    i.BSP_DebugUart_WriteByte                0x080001e8   Section        0  bsp_debug_uart.o(i.BSP_DebugUart_WriteByte)
    i.BSP_Tick_Elapsed                       0x08000208   Section        0  bsp_tick.o(i.BSP_Tick_Elapsed)
    i.BSP_Tick_GetMs                         0x08000220   Section        0  bsp_tick.o(i.BSP_Tick_GetMs)
    i.BSP_Tick_Increment                     0x0800022c   Section        0  bsp_tick.o(i.BSP_Tick_Increment)
    i.BSP_Tick_Init                          0x0800023c   Section        0  bsp_tick.o(i.BSP_Tick_Init)
    i.GPIO_Config                            0x08000288   Section        0  apm32f0xx_gpio.o(i.GPIO_Config)
    i.GPIO_ConfigPinAF                       0x08000312   Section        0  apm32f0xx_gpio.o(i.GPIO_ConfigPinAF)
    i.HardFault_Handler                      0x08000358   Section        0  apm32f0xx_int.o(i.HardFault_Handler)
    i.NMI_Handler                            0x0800035c   Section        0  apm32f0xx_int.o(i.NMI_Handler)
    i.PendSV_Handler                         0x0800035e   Section        0  apm32f0xx_int.o(i.PendSV_Handler)
    i.RCM_EnableAHBPeriphClock               0x08000360   Section        0  apm32f0xx_rcm.o(i.RCM_EnableAHBPeriphClock)
    i.RCM_EnableAPB2PeriphClock              0x08000370   Section        0  apm32f0xx_rcm.o(i.RCM_EnableAPB2PeriphClock)
    i.RCM_ReadHCLKFreq                       0x08000380   Section        0  apm32f0xx_rcm.o(i.RCM_ReadHCLKFreq)
    i.RCM_ReadPCLKFreq                       0x080003bc   Section        0  apm32f0xx_rcm.o(i.RCM_ReadPCLKFreq)
    i.RCM_ReadSYSCLKFreq                     0x080003f0   Section        0  apm32f0xx_rcm.o(i.RCM_ReadSYSCLKFreq)
    i.RCM_ReadUSART1CLKFreq                  0x0800048c   Section        0  apm32f0xx_rcm.o(i.RCM_ReadUSART1CLKFreq)
    i.RCM_ReadUSART2CLKFreq                  0x080004e4   Section        0  apm32f0xx_rcm.o(i.RCM_ReadUSART2CLKFreq)
    i.SVC_Handler                            0x080004f2   Section        0  apm32f0xx_int.o(i.SVC_Handler)
    i.SysTick_Handler                        0x080004f4   Section        0  apm32f0xx_int.o(i.SysTick_Handler)
    i.SystemClock48M                         0x080004fc   Section        0  system_apm32f0xx.o(i.SystemClock48M)
    SystemClock48M                           0x080004fd   Thumb Code   210  system_apm32f0xx.o(i.SystemClock48M)
    i.SystemClockConfig                      0x080005d8   Section        0  system_apm32f0xx.o(i.SystemClockConfig)
    i.SystemCoreClockUpdate                  0x080005e4   Section        0  system_apm32f0xx.o(i.SystemCoreClockUpdate)
    i.SystemInit                             0x080006e4   Section        0  system_apm32f0xx.o(i.SystemInit)
    i.USART_Config                           0x08000764   Section        0  apm32f0xx_usart.o(i.USART_Config)
    i.USART_Enable                           0x08000850   Section        0  apm32f0xx_usart.o(i.USART_Enable)
    i.USART_ReadStatusFlag                   0x0800085c   Section        0  apm32f0xx_usart.o(i.USART_ReadStatusFlag)
    i.USART_TxData                           0x0800086e   Section        0  apm32f0xx_usart.o(i.USART_TxData)
    i.__NVIC_SetPriority                     0x08000878   Section        0  bsp_tick.o(i.__NVIC_SetPriority)
    __NVIC_SetPriority                       0x08000879   Thumb Code   110  bsp_tick.o(i.__NVIC_SetPriority)
    i.__scatterload_copy                     0x080008f0   Section       14  handlers.o(i.__scatterload_copy)
    i.__scatterload_null                     0x080008fe   Section        2  handlers.o(i.__scatterload_null)
    i.__scatterload_zeroinit                 0x08000900   Section       14  handlers.o(i.__scatterload_zeroinit)
    i.main                                   0x08000910   Section        0  main.o(i.main)
    .data                                    0x20000000   Section        4  system_apm32f0xx.o(.data)
    .data                                    0x20000004   Section        4  bsp_tick.o(.data)
    s_tick_ms                                0x20000004   Data           4  bsp_tick.o(.data)
    STACK                                    0x20000008   Section     1024  startup_apm32f030.o(STACK)

    Global Symbols

    Symbol Name                              Value     Ov Type        Size  Object(Section)

    BuildAttributes$$THM_ISAv3M$S$PE$A:L22$X:L11$S22$IEEE1$IW$USESV6$~STKCKD$USESV7$~SHL$OSPACE$EBA8$MICROLIB$REQ8$PRES8$EABIv2 0x00000000   Number         0  anon$$obj.o ABSOLUTE
    __ARM_use_no_argv                        0x00000000   Number         0  main.o ABSOLUTE
    __cpp_initialize__aeabi_                  - Undefined Weak Reference
    __cxa_finalize                            - Undefined Weak Reference
    __decompress                              - Undefined Weak Reference
    _clock_init                               - Undefined Weak Reference
    _microlib_exit                            - Undefined Weak Reference
    __Vectors_Size                           0x000000b8   Number         0  startup_apm32f030.o ABSOLUTE
    __Vectors                                0x08000000   Data           4  startup_apm32f030.o(RESET)
    __Vectors_End                            0x080000b8   Data           0  startup_apm32f030.o(RESET)
    __main                                   0x080000b9   Thumb Code     0  entry.o(.ARM.Collect$$$$00000000)
    _main_stk                                0x080000b9   Thumb Code     0  entry2.o(.ARM.Collect$$$$00000001)
    _main_scatterload                        0x080000bd   Thumb Code     0  entry5.o(.ARM.Collect$$$$00000004)
    __main_after_scatterload                 0x080000c1   Thumb Code     0  entry5.o(.ARM.Collect$$$$00000004)
    _main_clock                              0x080000c1   Thumb Code     0  entry7b.o(.ARM.Collect$$$$00000008)
    _main_cpp_init                           0x080000c1   Thumb Code     0  entry8b.o(.ARM.Collect$$$$0000000A)
    _main_init                               0x080000c1   Thumb Code     0  entry9a.o(.ARM.Collect$$$$0000000B)
    __rt_final_cpp                           0x080000c9   Thumb Code     0  entry10a.o(.ARM.Collect$$$$0000000D)
    __rt_final_exit                          0x080000c9   Thumb Code     0  entry11a.o(.ARM.Collect$$$$0000000F)
    Reset_Handler                            0x080000cd   Thumb Code     8  startup_apm32f030.o(.text)
    ADC1_IRQHandler                          0x080000df   Thumb Code     0  startup_apm32f030.o(.text)
    DMA1_CH1_IRQHandler                      0x080000df   Thumb Code     0  startup_apm32f030.o(.text)
    DMA1_CH2_3_IRQHandler                    0x080000df   Thumb Code     0  startup_apm32f030.o(.text)
    DMA1_CH4_5_IRQHandler                    0x080000df   Thumb Code     0  startup_apm32f030.o(.text)
    EINT0_1_IRQHandler                       0x080000df   Thumb Code     0  startup_apm32f030.o(.text)
    EINT2_3_IRQHandler                       0x080000df   Thumb Code     0  startup_apm32f030.o(.text)
    EINT4_15_IRQHandler                      0x080000df   Thumb Code     0  startup_apm32f030.o(.text)
    FLASH_IRQHandler                         0x080000df   Thumb Code     0  startup_apm32f030.o(.text)
    I2C1_IRQHandler                          0x080000df   Thumb Code     0  startup_apm32f030.o(.text)
    I2C2_IRQHandler                          0x080000df   Thumb Code     0  startup_apm32f030.o(.text)
    RCM_IRQHandler                           0x080000df   Thumb Code     0  startup_apm32f030.o(.text)
    RTC_IRQHandler                           0x080000df   Thumb Code     0  startup_apm32f030.o(.text)
    SPI1_IRQHandler                          0x080000df   Thumb Code     0  startup_apm32f030.o(.text)
    SPI2_IRQHandler                          0x080000df   Thumb Code     0  startup_apm32f030.o(.text)
    TMR14_IRQHandler                         0x080000df   Thumb Code     0  startup_apm32f030.o(.text)
    TMR15_IRQHandler                         0x080000df   Thumb Code     0  startup_apm32f030.o(.text)
    TMR16_IRQHandler                         0x080000df   Thumb Code     0  startup_apm32f030.o(.text)
    TMR17_IRQHandler                         0x080000df   Thumb Code     0  startup_apm32f030.o(.text)
    TMR1_BRK_UP_TRG_COM_IRQHandler           0x080000df   Thumb Code     0  startup_apm32f030.o(.text)
    TMR1_CC_IRQHandler                       0x080000df   Thumb Code     0  startup_apm32f030.o(.text)
    TMR3_IRQHandler                          0x080000df   Thumb Code     0  startup_apm32f030.o(.text)
    TMR6_IRQHandler                          0x080000df   Thumb Code     0  startup_apm32f030.o(.text)
    TMR7_IRQHandler                          0x080000df   Thumb Code     0  startup_apm32f030.o(.text)
    USART1_IRQHandler                        0x080000df   Thumb Code     0  startup_apm32f030.o(.text)
    USART2_IRQHandler                        0x080000df   Thumb Code     0  startup_apm32f030.o(.text)
    USART3_6_IRQHandler                      0x080000df   Thumb Code     0  startup_apm32f030.o(.text)
    WWDT_IRQHandler                          0x080000df   Thumb Code     0  startup_apm32f030.o(.text)
    __aeabi_uidiv                            0x080000e9   Thumb Code     0  uidiv.o(.text)
    __aeabi_uidivmod                         0x080000e9   Thumb Code    44  uidiv.o(.text)
    __scatterload                            0x08000115   Thumb Code    28  init.o(.text)
    __scatterload_rt2                        0x08000115   Thumb Code     0  init.o(.text)
    BSP_DebugUart_Init                       0x08000139   Thumb Code   138  bsp_debug_uart.o(i.BSP_DebugUart_Init)
    BSP_DebugUart_Write                      0x080001c9   Thumb Code    30  bsp_debug_uart.o(i.BSP_DebugUart_Write)
    BSP_DebugUart_WriteByte                  0x080001e9   Thumb Code    28  bsp_debug_uart.o(i.BSP_DebugUart_WriteByte)
    BSP_Tick_Elapsed                         0x08000209   Thumb Code    22  bsp_tick.o(i.BSP_Tick_Elapsed)
    BSP_Tick_GetMs                           0x08000221   Thumb Code     6  bsp_tick.o(i.BSP_Tick_GetMs)
    BSP_Tick_Increment                       0x0800022d   Thumb Code    12  bsp_tick.o(i.BSP_Tick_Increment)
    BSP_Tick_Init                            0x0800023d   Thumb Code    60  bsp_tick.o(i.BSP_Tick_Init)
    GPIO_Config                              0x08000289   Thumb Code   138  apm32f0xx_gpio.o(i.GPIO_Config)
    GPIO_ConfigPinAF                         0x08000313   Thumb Code    70  apm32f0xx_gpio.o(i.GPIO_ConfigPinAF)
    HardFault_Handler                        0x08000359   Thumb Code     4  apm32f0xx_int.o(i.HardFault_Handler)
    NMI_Handler                              0x0800035d   Thumb Code     2  apm32f0xx_int.o(i.NMI_Handler)
    PendSV_Handler                           0x0800035f   Thumb Code     2  apm32f0xx_int.o(i.PendSV_Handler)
    RCM_EnableAHBPeriphClock                 0x08000361   Thumb Code    12  apm32f0xx_rcm.o(i.RCM_EnableAHBPeriphClock)
    RCM_EnableAPB2PeriphClock                0x08000371   Thumb Code    12  apm32f0xx_rcm.o(i.RCM_EnableAPB2PeriphClock)
    RCM_ReadHCLKFreq                         0x08000381   Thumb Code    40  apm32f0xx_rcm.o(i.RCM_ReadHCLKFreq)
    RCM_ReadPCLKFreq                         0x080003bd   Thumb Code    38  apm32f0xx_rcm.o(i.RCM_ReadPCLKFreq)
    RCM_ReadSYSCLKFreq                       0x080003f1   Thumb Code   140  apm32f0xx_rcm.o(i.RCM_ReadSYSCLKFreq)
    RCM_ReadUSART1CLKFreq                    0x0800048d   Thumb Code    78  apm32f0xx_rcm.o(i.RCM_ReadUSART1CLKFreq)
    RCM_ReadUSART2CLKFreq                    0x080004e5   Thumb Code    14  apm32f0xx_rcm.o(i.RCM_ReadUSART2CLKFreq)
    SVC_Handler                              0x080004f3   Thumb Code     2  apm32f0xx_int.o(i.SVC_Handler)
    SysTick_Handler                          0x080004f5   Thumb Code     8  apm32f0xx_int.o(i.SysTick_Handler)
    SystemClockConfig                        0x080005d9   Thumb Code    12  system_apm32f0xx.o(i.SystemClockConfig)
    SystemCoreClockUpdate                    0x080005e5   Thumb Code   220  system_apm32f0xx.o(i.SystemCoreClockUpdate)
    SystemInit                               0x080006e5   Thumb Code   112  system_apm32f0xx.o(i.SystemInit)
    USART_Config                             0x08000765   Thumb Code   214  apm32f0xx_usart.o(i.USART_Config)
    USART_Enable                             0x08000851   Thumb Code    12  apm32f0xx_usart.o(i.USART_Enable)
    USART_ReadStatusFlag                     0x0800085d   Thumb Code    18  apm32f0xx_usart.o(i.USART_ReadStatusFlag)
    USART_TxData                             0x0800086f   Thumb Code     8  apm32f0xx_usart.o(i.USART_TxData)
    __scatterload_copy                       0x080008f1   Thumb Code    14  handlers.o(i.__scatterload_copy)
    __scatterload_null                       0x080008ff   Thumb Code     2  handlers.o(i.__scatterload_null)
    __scatterload_zeroinit                   0x08000901   Thumb Code    14  handlers.o(i.__scatterload_zeroinit)
    main                                     0x08000911   Thumb Code    72  main.o(i.main)
    Region$$Table$$Base                      0x08000a10   Number         0  anon$$obj.o(Region$$Table)
    Region$$Table$$Limit                     0x08000a30   Number         0  anon$$obj.o(Region$$Table)
    SystemCoreClock                          0x20000000   Data           4  system_apm32f0xx.o(.data)
    __initial_sp                             0x20000408   Data           0  startup_apm32f030.o(STACK)



==============================================================================

Memory Map of the image

  Image Entry point : 0x080000b9

  Load Region LR_IROM1 (Base: 0x08000000, Size: 0x00000a38, Max: 0x00040000, ABSOLUTE)

    Execution Region ER_IROM1 (Exec base: 0x08000000, Load base: 0x08000000, Size: 0x00000a30, Max: 0x00040000, ABSOLUTE)

    Exec Addr    Load Addr    Size         Type   Attr      Idx    E Section Name        Object

    0x08000000   0x08000000   0x000000b8   Data   RO           70    RESET               startup_apm32f030.o
    0x080000b8   0x080000b8   0x00000000   Code   RO         4150  * .ARM.Collect$$$$00000000  mc_p.l(entry.o)
    0x080000b8   0x080000b8   0x00000004   Code   RO         4155    .ARM.Collect$$$$00000001  mc_p.l(entry2.o)
    0x080000bc   0x080000bc   0x00000004   Code   RO         4158    .ARM.Collect$$$$00000004  mc_p.l(entry5.o)
    0x080000c0   0x080000c0   0x00000000   Code   RO         4160    .ARM.Collect$$$$00000008  mc_p.l(entry7b.o)
    0x080000c0   0x080000c0   0x00000000   Code   RO         4162    .ARM.Collect$$$$0000000A  mc_p.l(entry8b.o)
    0x080000c0   0x080000c0   0x00000008   Code   RO         4163    .ARM.Collect$$$$0000000B  mc_p.l(entry9a.o)
    0x080000c8   0x080000c8   0x00000000   Code   RO         4165    .ARM.Collect$$$$0000000D  mc_p.l(entry10a.o)
    0x080000c8   0x080000c8   0x00000000   Code   RO         4167    .ARM.Collect$$$$0000000F  mc_p.l(entry11a.o)
    0x080000c8   0x080000c8   0x00000004   Code   RO         4156    .ARM.Collect$$$$00002712  mc_p.l(entry2.o)
    0x080000cc   0x080000cc   0x0000001c   Code   RO           71    .text               startup_apm32f030.o
    0x080000e8   0x080000e8   0x0000002c   Code   RO         4153    .text               mc_p.l(uidiv.o)
    0x08000114   0x08000114   0x00000024   Code   RO         4169    .text               mc_p.l(init.o)
    0x08000138   0x08000138   0x00000090   Code   RO         4120    i.BSP_DebugUart_Init  bsp_debug_uart.o
    0x080001c8   0x080001c8   0x0000001e   Code   RO         4121    i.BSP_DebugUart_Write  bsp_debug_uart.o
    0x080001e6   0x080001e6   0x00000002   PAD
    0x080001e8   0x080001e8   0x00000020   Code   RO         4122    i.BSP_DebugUart_WriteByte  bsp_debug_uart.o
    0x08000208   0x08000208   0x00000016   Code   RO         4072    i.BSP_Tick_Elapsed  bsp_tick.o
    0x0800021e   0x0800021e   0x00000002   PAD
    0x08000220   0x08000220   0x0000000c   Code   RO         4073    i.BSP_Tick_GetMs    bsp_tick.o
    0x0800022c   0x0800022c   0x00000010   Code   RO         4074    i.BSP_Tick_Increment  bsp_tick.o
    0x0800023c   0x0800023c   0x0000004c   Code   RO         4075    i.BSP_Tick_Init     bsp_tick.o
    0x08000288   0x08000288   0x0000008a   Code   RO          992    i.GPIO_Config       apm32f0xx_gpio.o
    0x08000312   0x08000312   0x00000046   Code   RO          993    i.GPIO_ConfigPinAF  apm32f0xx_gpio.o
    0x08000358   0x08000358   0x00000004   Code   RO         4031    i.HardFault_Handler  apm32f0xx_int.o
    0x0800035c   0x0800035c   0x00000002   Code   RO         4032    i.NMI_Handler       apm32f0xx_int.o
    0x0800035e   0x0800035e   0x00000002   Code   RO         4033    i.PendSV_Handler    apm32f0xx_int.o
    0x08000360   0x08000360   0x00000010   Code   RO         1796    i.RCM_EnableAHBPeriphClock  apm32f0xx_rcm.o
    0x08000370   0x08000370   0x00000010   Code   RO         1800    i.RCM_EnableAPB2PeriphClock  apm32f0xx_rcm.o
    0x08000380   0x08000380   0x0000003c   Code   RO         1812    i.RCM_ReadHCLKFreq  apm32f0xx_rcm.o
    0x080003bc   0x080003bc   0x00000034   Code   RO         1815    i.RCM_ReadPCLKFreq  apm32f0xx_rcm.o
    0x080003f0   0x080003f0   0x0000009c   Code   RO         1816    i.RCM_ReadSYSCLKFreq  apm32f0xx_rcm.o
    0x0800048c   0x0800048c   0x00000058   Code   RO         1819    i.RCM_ReadUSART1CLKFreq  apm32f0xx_rcm.o
    0x080004e4   0x080004e4   0x0000000e   Code   RO         1820    i.RCM_ReadUSART2CLKFreq  apm32f0xx_rcm.o
    0x080004f2   0x080004f2   0x00000002   Code   RO         4034    i.SVC_Handler       apm32f0xx_int.o
    0x080004f4   0x080004f4   0x00000008   Code   RO         4035    i.SysTick_Handler   apm32f0xx_int.o
    0x080004fc   0x080004fc   0x000000dc   Code   RO            3    i.SystemClock48M    system_apm32f0xx.o
    0x080005d8   0x080005d8   0x0000000c   Code   RO            4    i.SystemClockConfig  system_apm32f0xx.o
    0x080005e4   0x080005e4   0x00000100   Code   RO            5    i.SystemCoreClockUpdate  system_apm32f0xx.o
    0x080006e4   0x080006e4   0x00000080   Code   RO            6    i.SystemInit        system_apm32f0xx.o
    0x08000764   0x08000764   0x000000ec   Code   RO         3522    i.USART_Config      apm32f0xx_usart.o
    0x08000850   0x08000850   0x0000000c   Code   RO         3551    i.USART_Enable      apm32f0xx_usart.o
    0x0800085c   0x0800085c   0x00000012   Code   RO         3568    i.USART_ReadStatusFlag  apm32f0xx_usart.o
    0x0800086e   0x0800086e   0x00000008   Code   RO         3572    i.USART_TxData      apm32f0xx_usart.o
    0x08000876   0x08000876   0x00000002   PAD
    0x08000878   0x08000878   0x00000078   Code   RO         4076    i.__NVIC_SetPriority  bsp_tick.o
    0x080008f0   0x080008f0   0x0000000e   Code   RO         4173    i.__scatterload_copy  mc_p.l(handlers.o)
    0x080008fe   0x080008fe   0x00000002   Code   RO         4174    i.__scatterload_null  mc_p.l(handlers.o)
    0x08000900   0x08000900   0x0000000e   Code   RO         4175    i.__scatterload_zeroinit  mc_p.l(handlers.o)
    0x0800090e   0x0800090e   0x00000002   PAD
    0x08000910   0x08000910   0x00000100   Code   RO         4004    i.main              main.o
    0x08000a10   0x08000a10   0x00000020   Data   RO         4171    Region$$Table       anon$$obj.o


    Execution Region RW_IRAM1 (Exec base: 0x20000000, Load base: 0x08000a30, Size: 0x00000408, Max: 0x00008000, ABSOLUTE)

    Exec Addr    Load Addr    Size         Type   Attr      Idx    E Section Name        Object

    0x20000000   0x08000a30   0x00000004   Data   RW            7    .data               system_apm32f0xx.o
    0x20000004   0x08000a34   0x00000004   Data   RW         4077    .data               bsp_tick.o
    0x20000008        -       0x00000400   Zero   RW           68    STACK               startup_apm32f030.o


==============================================================================

Image component sizes


      Code (inc. data)   RO Data    RW Data    ZI Data      Debug   Object Name

       208          0          0          0          0       3985   apm32f0xx_gpio.o
        18          0          0          0          0       2363   apm32f0xx_int.o
       402         68          0          0          0       4802   apm32f0xx_rcm.o
       274         22          0          0          0       7244   apm32f0xx_usart.o
       206         10          0          0          0       1825   bsp_debug_uart.o
       246         36          0          4          0      11561   bsp_tick.o
       256        184          0          0          0        539   main.o
        28          8        184          0       1024        752   startup_apm32f030.o
       616         62          0          4          0      46239   system_apm32f0xx.o

    ----------------------------------------------------------------------
      2260        390        216          8       1024      79310   Object Totals
         0          0         32          0          0          0   (incl. Generated)
         6          0          0          0          0          0   (incl. Padding)

    ----------------------------------------------------------------------

      Code (inc. data)   RO Data    RW Data    ZI Data      Debug   Library Member Name

         0          0          0          0          0          0   entry.o
         0          0          0          0          0          0   entry10a.o
         0          0          0          0          0          0   entry11a.o
         8          4          0          0          0          0   entry2.o
         4          0          0          0          0          0   entry5.o
         0          0          0          0          0          0   entry7b.o
         0          0          0          0          0          0   entry8b.o
         8          4          0          0          0          0   entry9a.o
        30          0          0          0          0          0   handlers.o
        36          8          0          0          0         68   init.o
        44          0          0          0          0         72   uidiv.o

    ----------------------------------------------------------------------
       132         16          0          0          0        140   Library Totals
         2          0          0          0          0          0   (incl. Padding)

    ----------------------------------------------------------------------

      Code (inc. data)   RO Data    RW Data    ZI Data      Debug   Library Name

       130         16          0          0          0        140   mc_p.l

    ----------------------------------------------------------------------
       132         16          0          0          0        140   Library Totals

    ----------------------------------------------------------------------

==============================================================================


      Code (inc. data)   RO Data    RW Data    ZI Data      Debug   

      2392        406        216          8       1024      78458   Grand Totals
      2392        406        216          8       1024      78458   ELF Image Totals
      2392        406        216          8          0          0   ROM Totals

==============================================================================

    Total RO  Size (Code + RO Data)                 2608 (   2.55kB)
    Total RW  Size (RW Data + ZI Data)              1032 (   1.01kB)
    Total ROM Size (Code + RO Data + RW Data)       2616 (   2.55kB)

==============================================================================

