Component: ARM Compiler 5.06 update 6 (build 750) Tool: armlink [4d35ed]

==============================================================================

Section Cross References

    system_apm32f0xx.o(i.SystemClockConfig) refers to system_apm32f0xx.o(i.SystemClock48M) for SystemClock48M
    system_apm32f0xx.o(i.SystemClockConfig) refers to system_apm32f0xx.o(i.SystemCoreClockUpdate) for SystemCoreClockUpdate
    system_apm32f0xx.o(i.SystemCoreClockUpdate) refers to uidiv.o(.text) for __aeabi_uidivmod
    system_apm32f0xx.o(i.SystemCoreClockUpdate) refers to system_apm32f0xx.o(.data) for SystemCoreClock
    startup_apm32f030.o(RESET) refers to startup_apm32f030.o(STACK) for __initial_sp
    startup_apm32f030.o(RESET) refers to startup_apm32f030.o(.text) for Reset_Handler
    startup_apm32f030.o(RESET) refers to apm32f0xx_int.o(i.NMI_Handler) for NMI_Handler
    startup_apm32f030.o(RESET) refers to apm32f0xx_int.o(i.HardFault_Handler) for HardFault_Handler
    startup_apm32f030.o(RESET) refers to apm32f0xx_int.o(i.SVC_Handler) for SVC_Handler
    startup_apm32f030.o(RESET) refers to apm32f0xx_int.o(i.PendSV_Handler) for PendSV_Handler
    startup_apm32f030.o(RESET) refers to apm32f0xx_int.o(i.SysTick_Handler) for SysTick_Handler
    startup_apm32f030.o(RESET) refers to apm32f0xx_int.o(i.EINT4_15_IRQHandler) for EINT4_15_IRQHandler
    startup_apm32f030.o(RESET) refers to apm32f0xx_int.o(i.DMA1_CH2_3_IRQHandler) for DMA1_CH2_3_IRQHandler
    startup_apm32f030.o(RESET) refers to apm32f0xx_int.o(i.DMA1_CH4_5_IRQHandler) for DMA1_CH4_5_IRQHandler
    startup_apm32f030.o(RESET) refers to apm32f0xx_int.o(i.TMR16_IRQHandler) for TMR16_IRQHandler
    startup_apm32f030.o(RESET) refers to apm32f0xx_int.o(i.USART1_IRQHandler) for USART1_IRQHandler
    startup_apm32f030.o(RESET) refers to apm32f0xx_int.o(i.USART2_IRQHandler) for USART2_IRQHandler
    startup_apm32f030.o(RESET) refers to apm32f0xx_int.o(i.USART3_6_IRQHandler) for USART3_6_IRQHandler
    startup_apm32f030.o(.text) refers to system_apm32f0xx.o(i.SystemInit) for SystemInit
    startup_apm32f030.o(.text) refers to entry.o(.ARM.Collect$$$$00000000) for __main
    apm32f0xx_adc.o(i.ADC_Reset) refers to apm32f0xx_rcm.o(i.RCM_EnableAPB2PeriphReset) for RCM_EnableAPB2PeriphReset
    apm32f0xx_adc.o(i.ADC_Reset) refers to apm32f0xx_rcm.o(i.RCM_DisableAPB2PeriphReset) for RCM_DisableAPB2PeriphReset
    apm32f0xx_fmc.o(i.FMC_ConfigOptionByteUser) refers to apm32f0xx_fmc.o(i.FMC_WaitForReady) for FMC_WaitForReady
    apm32f0xx_fmc.o(i.FMC_ConfigReadOutProtection) refers to apm32f0xx_fmc.o(i.FMC_WaitForReady) for FMC_WaitForReady
    apm32f0xx_fmc.o(i.FMC_DisableOptionByteBOOT) refers to apm32f0xx_fmc.o(i.FMC_WaitForReady) for FMC_WaitForReady
    apm32f0xx_fmc.o(i.FMC_DisableOptionByteSRAMParity) refers to apm32f0xx_fmc.o(i.FMC_WaitForReady) for FMC_WaitForReady
    apm32f0xx_fmc.o(i.FMC_DisableOptionByteVDDA) refers to apm32f0xx_fmc.o(i.FMC_WaitForReady) for FMC_WaitForReady
    apm32f0xx_fmc.o(i.FMC_EnableOptionByteBOOT) refers to apm32f0xx_fmc.o(i.FMC_WaitForReady) for FMC_WaitForReady
    apm32f0xx_fmc.o(i.FMC_EnableOptionByteSRAMParity) refers to apm32f0xx_fmc.o(i.FMC_WaitForReady) for FMC_WaitForReady
    apm32f0xx_fmc.o(i.FMC_EnableOptionByteVDDA) refers to apm32f0xx_fmc.o(i.FMC_WaitForReady) for FMC_WaitForReady
    apm32f0xx_fmc.o(i.FMC_EnableWriteProtection) refers to apm32f0xx_fmc.o(i.FMC_WaitForReady) for FMC_WaitForReady
    apm32f0xx_fmc.o(i.FMC_EraseAllPages) refers to apm32f0xx_fmc.o(i.FMC_WaitForReady) for FMC_WaitForReady
    apm32f0xx_fmc.o(i.FMC_EraseOptionByte) refers to apm32f0xx_fmc.o(i.FMC_WaitForReady) for FMC_WaitForReady
    apm32f0xx_fmc.o(i.FMC_ErasePage) refers to apm32f0xx_fmc.o(i.FMC_WaitForReady) for FMC_WaitForReady
    apm32f0xx_fmc.o(i.FMC_ProgramHalfWord) refers to apm32f0xx_fmc.o(i.FMC_WaitForReady) for FMC_WaitForReady
    apm32f0xx_fmc.o(i.FMC_ProgramOptionByteData) refers to apm32f0xx_fmc.o(i.FMC_WaitForReady) for FMC_WaitForReady
    apm32f0xx_fmc.o(i.FMC_ProgramWord) refers to apm32f0xx_fmc.o(i.FMC_WaitForReady) for FMC_WaitForReady
    apm32f0xx_fmc.o(i.FMC_WaitForReady) refers to apm32f0xx_fmc.o(i.FMC_ReadState) for FMC_ReadState
    apm32f0xx_fmc.o(i.FMC_WriteOptionByteUser) refers to apm32f0xx_fmc.o(i.FMC_WaitForReady) for FMC_WaitForReady
    apm32f0xx_gpio.o(i.GPIO_Reset) refers to apm32f0xx_rcm.o(i.RCM_EnableAHBPeriphReset) for RCM_EnableAHBPeriphReset
    apm32f0xx_gpio.o(i.GPIO_Reset) refers to apm32f0xx_rcm.o(i.RCM_DisableAHBPeriphReset) for RCM_DisableAHBPeriphReset
    apm32f0xx_i2c.o(i.I2C_Reset) refers to apm32f0xx_rcm.o(i.RCM_EnableAPB1PeriphReset) for RCM_EnableAPB1PeriphReset
    apm32f0xx_i2c.o(i.I2C_Reset) refers to apm32f0xx_rcm.o(i.RCM_DisableAPB1PeriphReset) for RCM_DisableAPB1PeriphReset
    apm32f0xx_misc.o(i.NVIC_EnableIRQRequest) refers to apm32f0xx_misc.o(i.__NVIC_SetPriority) for __NVIC_SetPriority
[...]
    Removing apm32f0xx_tmr.o(i.TMR_OC2Config), (200 bytes).
    Removing apm32f0xx_tmr.o(i.TMR_OC2FastConfit), (24 bytes).
    Removing apm32f0xx_tmr.o(i.TMR_OC2NPolarityConfig), (20 bytes).
    Removing apm32f0xx_tmr.o(i.TMR_OC2PolarityConfig), (20 bytes).
    Removing apm32f0xx_tmr.o(i.TMR_OC2PreloadConfig), (24 bytes).
    Removing apm32f0xx_tmr.o(i.TMR_OC3Config), (200 bytes).
    Removing apm32f0xx_tmr.o(i.TMR_OC3FastConfit), (20 bytes).
    Removing apm32f0xx_tmr.o(i.TMR_OC3NPolarityConfig), (24 bytes).
    Removing apm32f0xx_tmr.o(i.TMR_OC3PolarityConfig), (24 bytes).
    Removing apm32f0xx_tmr.o(i.TMR_OC3PreloadConfig), (20 bytes).
    Removing apm32f0xx_tmr.o(i.TMR_OC4Config), (132 bytes).
    Removing apm32f0xx_tmr.o(i.TMR_OC4FastConfit), (24 bytes).
    Removing apm32f0xx_tmr.o(i.TMR_OC4PolarityConfig), (24 bytes).
    Removing apm32f0xx_tmr.o(i.TMR_OC4PreloadConfig), (24 bytes).
    Removing apm32f0xx_tmr.o(i.TMR_OCConfigStructInit), (20 bytes).
    Removing apm32f0xx_tmr.o(i.TMR_PWMConfig), (124 bytes).
    Removing apm32f0xx_tmr.o(i.TMR_ReadCaputer1), (8 bytes).
    Removing apm32f0xx_tmr.o(i.TMR_ReadCaputer2), (8 bytes).
    Removing apm32f0xx_tmr.o(i.TMR_ReadCaputer3), (8 bytes).
    Removing apm32f0xx_tmr.o(i.TMR_ReadCaputer4), (8 bytes).
    Removing apm32f0xx_tmr.o(i.TMR_ReadCounter), (6 bytes).
    Removing apm32f0xx_tmr.o(i.TMR_ReadDiv), (6 bytes).
    Removing apm32f0xx_tmr.o(i.TMR_ReadIntFlag), (26 bytes).
    Removing apm32f0xx_tmr.o(i.TMR_Reset), (208 bytes).
    Removing apm32f0xx_tmr.o(i.TMR_SelectInputTrigger), (26 bytes).
    Removing apm32f0xx_tmr.o(i.TMR_SelectOCREFClear), (20 bytes).
    Removing apm32f0xx_tmr.o(i.TMR_SelectOCxMode), (108 bytes).
    Removing apm32f0xx_tmr.o(i.TMR_SelectOnePulseMode), (20 bytes).
    Removing apm32f0xx_tmr.o(i.TMR_SelectOutputTrigger), (20 bytes).
    Removing apm32f0xx_tmr.o(i.TMR_SelectSlaveMode), (16 bytes).
    Removing apm32f0xx_tmr.o(i.TMR_SetAutoReload), (4 bytes).
    Removing apm32f0xx_tmr.o(i.TMR_SetClockDivision), (24 bytes).
    Removing apm32f0xx_tmr.o(i.TMR_SetCompare1), (4 bytes).
    Removing apm32f0xx_tmr.o(i.TMR_SetCompare2), (4 bytes).
    Removing apm32f0xx_tmr.o(i.TMR_SetCompare3), (4 bytes).
    Removing apm32f0xx_tmr.o(i.TMR_SetCompare4), (4 bytes).
    Removing apm32f0xx_tmr.o(i.TMR_SetIC1Prescal), (26 bytes).
    Removing apm32f0xx_tmr.o(i.TMR_SetIC2Prescal), (30 bytes).
    Removing apm32f0xx_tmr.o(i.TMR_SetIC3Prescal), (26 bytes).
    Removing apm32f0xx_tmr.o(i.TMR_SetIC4Prescal), (30 bytes).
    Removing apm32f0xx_usart.o(.rev16_text), (4 bytes).
    Removing apm32f0xx_usart.o(.revsh_text), (4 bytes).
    Removing apm32f0xx_usart.o(i.USART_Address), (42 bytes).
    Removing apm32f0xx_usart.o(i.USART_ClearIntFlag), (8 bytes).
    Removing apm32f0xx_usart.o(i.USART_ConfigAddressDetection), (20 bytes).
    Removing apm32f0xx_usart.o(i.USART_ConfigAutoBaudRate), (24 bytes).
    Removing apm32f0xx_usart.o(i.USART_ConfigBlockSize), (18 bytes).
    Removing apm32f0xx_usart.o(i.USART_ConfigDEPolarity), (24 bytes).
    Removing apm32f0xx_usart.o(i.USART_ConfigDMAReceptionError), (24 bytes).
    Removing apm32f0xx_usart.o(i.USART_ConfigMuteModeWakeUp), (24 bytes).
    Removing apm32f0xx_usart.o(i.USART_ConfigOverrunDetection), (24 bytes).
    Removing apm32f0xx_usart.o(i.USART_ConfigSyncClock), (80 bytes).
    Removing apm32f0xx_usart.o(i.USART_ConfigSyncClockStructInit), (12 bytes).
    Removing apm32f0xx_usart.o(i.USART_DEAssertionTimeValue), (34 bytes).
    Removing apm32f0xx_usart.o(i.USART_DEDeassertionTimeValue), (34 bytes).
    Removing apm32f0xx_usart.o(i.USART_Disable), (10 bytes).
    Removing apm32f0xx_usart.o(i.USART_DisableAutoBaudRate), (12 bytes).
    Removing apm32f0xx_usart.o(i.USART_DisableDE), (12 bytes).
    Removing apm32f0xx_usart.o(i.USART_DisableDMA), (50 bytes).
    Removing apm32f0xx_usart.o(i.USART_DisableDataInv), (12 bytes).
    Removing apm32f0xx_usart.o(i.USART_DisableDirectionMode), (46 bytes).
    Removing apm32f0xx_usart.o(i.USART_DisableHalfDuplex), (10 bytes).
    Removing apm32f0xx_usart.o(i.USART_DisableInterrupt), (74 bytes).
    Removing apm32f0xx_usart.o(i.USART_DisableInvPin), (60 bytes).
    Removing apm32f0xx_usart.o(i.USART_DisableMSBFirst), (12 bytes).
    Removing apm32f0xx_usart.o(i.USART_DisableMuteMode), (12 bytes).
    Removing apm32f0xx_usart.o(i.USART_DisableOneBitMethod), (12 bytes).
    Removing apm32f0xx_usart.o(i.USART_DisableOverSampling8), (12 bytes).
    Removing apm32f0xx_usart.o(i.USART_DisableReceiverTimeOut), (12 bytes).
    Removing apm32f0xx_usart.o(i.USART_DisableRequest), (48 bytes).
    Removing apm32f0xx_usart.o(i.USART_DisableSWAPPin), (12 bytes).
    Removing apm32f0xx_usart.o(i.USART_EnableAutoBaudRate), (14 bytes).
    Removing apm32f0xx_usart.o(i.USART_EnableDE), (14 bytes).
    Removing apm32f0xx_usart.o(i.USART_EnableDataInv), (14 bytes).
    Removing apm32f0xx_usart.o(i.USART_EnableDirectionMode), (54 bytes).
    Removing apm32f0xx_usart.o(i.USART_EnableHalfDuplex), (12 bytes).
    Removing apm32f0xx_usart.o(i.USART_EnableInvPin), (68 bytes).
    Removing apm32f0xx_usart.o(i.USART_EnableMSBFirst), (14 bytes).
    Removing apm32f0xx_usart.o(i.USART_EnableMuteMode), (14 bytes).
    Removing apm32f0xx_usart.o(i.USART_EnableOneBitMethod), (14 bytes).
    Removing apm32f0xx_usart.o(i.USART_EnableOverSampling8), (14 bytes).
    Removing apm32f0xx_usart.o(i.USART_EnableReceiverTimeOut), (14 bytes).
    Removing apm32f0xx_usart.o(i.USART_EnableRequest), (56 bytes).
    Removing apm32f0xx_usart.o(i.USART_EnableSWAPPin), (14 bytes).
    Removing apm32f0xx_usart.o(i.USART_ReceiverTimeOutValue), (20 bytes).
    Removing apm32f0xx_usart.o(i.USART_Reset), (168 bytes).
    Removing apm32f0xx_wwdt.o(.rev16_text), (4 bytes).
    Removing apm32f0xx_wwdt.o(.revsh_text), (4 bytes).
    Removing apm32f0xx_wwdt.o(i.WWDT_ClearStatusFlag), (20 bytes).
    Removing apm32f0xx_wwdt.o(i.WWDT_ConfigCounter), (16 bytes).
    Removing apm32f0xx_wwdt.o(i.WWDT_ConfigWindowValue), (32 bytes).
    Removing apm32f0xx_wwdt.o(i.WWDT_Enable), (40 bytes).
    Removing apm32f0xx_wwdt.o(i.WWDT_EnableEWI), (24 bytes).
    Removing apm32f0xx_wwdt.o(i.WWDT_ReadStatusFlag), (12 bytes).
    Removing apm32f0xx_wwdt.o(i.WWDT_Reset), (20 bytes).
    Removing apm32f0xx_wwdt.o(i.WWDT_SetTimebase), (44 bytes).
    Removing board.o(.rev16_text), (4 bytes).
    Removing board.o(.revsh_text), (4 bytes).
    Removing board.o(i.APM_MINI_COMInit), (312 bytes).
    Removing board.o(i.APM_MINI_LEDInit), (80 bytes).
    Removing board.o(i.APM_MINI_LEDOff), (24 bytes).
    Removing board.o(i.APM_MINI_LEDOn), (24 bytes).
    Removing board.o(i.APM_MINI_LEDToggle), (36 bytes).
    Removing board.o(i.APM_MINI_PBGetState), (32 bytes).
    Removing board.o(i.APM_MINI_PBInit), (136 bytes).
    Removing board.o(i.APM_MINI_PB_Led_Isr), (46 bytes).
    Removing board.o(.constdata), (64 bytes).
    Removing board.o(.data), (40 bytes).
    Removing main.o(.rev16_text), (4 bytes).
    Removing main.o(.revsh_text), (4 bytes).
    Removing bsp_tick.o(.rev16_text), (4 bytes).
    Removing bsp_tick.o(.revsh_text), (4 bytes).
    Removing bsp_debug_uart.o(.rev16_text), (4 bytes).
    Removing bsp_debug_uart.o(.revsh_text), (4 bytes).
    Removing bsp_ring_buffer.o(i.BSP_RingBuffer_Available), (26 bytes).
    Removing bsp_ring_buffer.o(i.BSP_RingBuffer_Pop), (46 bytes).
    Removing bsp_ring_buffer.o(i.BSP_RingBuffer_Read), (36 bytes).
    Removing bsp_gpio.o(.rev16_text), (4 bytes).
    Removing bsp_gpio.o(.revsh_text), (4 bytes).
    Removing bsp_gpio.o(i.BSP_4G_PowerKeyAssert), (14 bytes).
    Removing bsp_gpio.o(i.BSP_4G_PowerKeyRelease), (14 bytes).
    Removing bsp_gpio.o(i.BSP_4G_ResetAssert), (14 bytes).
    Removing bsp_gpio.o(i.BSP_4G_ResetRelease), (14 bytes).
    Removing bsp_gpio.o(i.BSP_4G_WakeupIn_Read), (20 bytes).
    Removing bsp_gpio.o(i.BSP_4G_WakeupOut_Write), (32 bytes).
    Removing bsp_gpio.o(i.BSP_Bluetooth_SetPower), (30 bytes).
    Removing bsp_gpio.o(i.BSP_Charger_SetEnable), (30 bytes).
    Removing bsp_gpio.o(i.BSP_FlowDirection_Read), (20 bytes).
    Removing bsp_gpio.o(i.BSP_Flow_SetPower), (32 bytes).
    Removing bsp_gpio.o(i.BSP_Gnss_ResetAssert), (16 bytes).
    Removing bsp_gpio.o(i.BSP_Gnss_ResetRelease), (16 bytes).
    Removing bsp_gpio.o(i.BSP_Gnss_SetPower), (32 bytes).
    Removing bsp_gpio.o(i.BSP_InsertDetect_Read), (20 bytes).
    Removing bsp_gpio.o(i.BSP_RS485_RxEnablePin_Write), (30 bytes).
    Removing bsp_gpio.o(i.BSP_RS485_TxEnablePin_Write), (32 bytes).
    Removing bsp_uart.o(.rev16_text), (4 bytes).
    Removing bsp_uart.o(.revsh_text), (4 bytes).
    Removing bsp_uart.o(i.BSP_Flow_ReadFrame), (124 bytes).
    Removing bsp_uart.o(i.BSP_Uart_Available), (26 bytes).
    Removing bsp_uart.o(i.BSP_Uart_Read), (46 bytes).
    Removing bsp_uart.o(i.BSP_Uart_Write), (82 bytes).
    Removing bsp_uart.o(i.Uart_GetPeripheral), (64 bytes).
    Removing bsp_i2c.o(.rev16_text), (4 bytes).
    Removing bsp_i2c.o(.revsh_text), (4 bytes).
    Removing bsp_i2c.o(i.BSP_Charger_ReadRegister), (18 bytes).
    Removing bsp_i2c.o(i.BSP_Charger_WriteRegister), (18 bytes).
    Removing bsp_i2c.o(i.BSP_I2C1_ErrorCount), (12 bytes).
    Removing bsp_i2c.o(i.BSP_I2C1_WriteRegister), (152 bytes).
    Removing bsp_adc.o(.rev16_text), (4 bytes).
    Removing bsp_adc.o(.revsh_text), (4 bytes).
    Removing bsp_adc.o(i.BSP_Adc_ReadMillivolts), (34 bytes).
    Removing bsp_adc.o(i.BSP_Adc_ReadRaw), (22 bytes).
    Removing sgm41511.o(i.SGM41511_SetChargeCurrentMa), (72 bytes).
    Removing sgm41511.o(i.SGM41511_SetChargeEnable), (56 bytes).
    Removing sgm41511.o(i.SGM41511_SetInputCurrentLimitMa), (72 bytes).
    Removing sgm41511.o(i.SGM41511_UpdateBits), (52 bytes).
    Removing sgm41511.o(i.SGM41511_WriteRegister), (18 bytes).

609 unused section(s) (total 18952 bytes) removed from the image.

==============================================================================

Image Symbol Table

    Local Symbols

    Symbol Name                              Value     Ov Type        Size  Object(Section)

    ../clib/microlib/division.c              0x00000000   Number         0  uidiv.o ABSOLUTE
    ../clib/microlib/init/entry.s            0x00000000   Number         0  entry2.o ABSOLUTE
    ../clib/microlib/init/entry.s            0x00000000   Number         0  entry9a.o ABSOLUTE
    ../clib/microlib/init/entry.s            0x00000000   Number         0  entry11b.o ABSOLUTE
    ../clib/microlib/init/entry.s            0x00000000   Number         0  entry8b.o ABSOLUTE
    ../clib/microlib/init/entry.s            0x00000000   Number         0  entry8a.o ABSOLUTE
    ../clib/microlib/init/entry.s            0x00000000   Number         0  entry10a.o ABSOLUTE
    ../clib/microlib/init/entry.s            0x00000000   Number         0  entry.o ABSOLUTE
    ../clib/microlib/init/entry.s            0x00000000   Number         0  entry7b.o ABSOLUTE
    ../clib/microlib/init/entry.s            0x00000000   Number         0  entry7a.o ABSOLUTE
    ../clib/microlib/init/entry.s            0x00000000   Number         0  entry10b.o ABSOLUTE
    ../clib/microlib/init/entry.s            0x00000000   Number         0  entry5.o ABSOLUTE
    ../clib/microlib/init/entry.s            0x00000000   Number         0  entry11a.o ABSOLUTE
    ../clib/microlib/init/entry.s            0x00000000   Number         0  entry9b.o ABSOLUTE
    ..\..\..\..\..\Boards\Board.c            0x00000000   Number         0  board.o ABSOLUTE
    ..\..\..\..\..\Libraries\APM32F0xx_StdPeriphDriver\src\apm32f0xx_adc.c 0x00000000   Number         0  apm32f0xx_adc.o ABSOLUTE
    ..\..\..\..\..\Libraries\APM32F0xx_StdPeriphDriver\src\apm32f0xx_can.c 0x00000000   Number         0  apm32f0xx_can.o ABSOLUTE
    ..\..\..\..\..\Libraries\APM32F0xx_StdPeriphDriver\src\apm32f0xx_cec.c 0x00000000   Number         0  apm32f0xx_cec.o ABSOLUTE
    ..\..\..\..\..\Libraries\APM32F0xx_StdPeriphDriver\src\apm32f0xx_comp.c 0x00000000   Number         0  apm32f0xx_comp.o ABSOLUTE
    ..\..\..\..\..\Libraries\APM32F0xx_StdPeriphDriver\src\apm32f0xx_crc.c 0x00000000   Number         0  apm32f0xx_crc.o ABSOLUTE
    ..\..\..\..\..\Libraries\APM32F0xx_StdPeriphDriver\src\apm32f0xx_crs.c 0x00000000   Number         0  apm32f0xx_crs.o ABSOLUTE
    ..\..\..\..\..\Libraries\APM32F0xx_StdPeriphDriver\src\apm32f0xx_dac.c 0x00000000   Number         0  apm32f0xx_dac.o ABSOLUTE
    ..\..\..\..\..\Libraries\APM32F0xx_StdPeriphDriver\src\apm32f0xx_dbg.c 0x00000000   Number         0  apm32f0xx_dbg.o ABSOLUTE
    ..\..\..\..\..\Libraries\APM32F0xx_StdPeriphDriver\src\apm32f0xx_dma.c 0x00000000   Number         0  apm32f0xx_dma.o ABSOLUTE
    ..\..\..\..\..\Libraries\APM32F0xx_StdPeriphDriver\src\apm32f0xx_eint.c 0x00000000   Number         0  apm32f0xx_eint.o ABSOLUTE
    ..\..\..\..\..\Libraries\APM32F0xx_StdPeriphDriver\src\apm32f0xx_fmc.c 0x00000000   Number         0  apm32f0xx_fmc.o ABSOLUTE
    ..\..\..\..\..\Libraries\APM32F0xx_StdPeriphDriver\src\apm32f0xx_gpio.c 0x00000000   Number         0  apm32f0xx_gpio.o ABSOLUTE
    ..\..\..\..\..\Libraries\APM32F0xx_StdPeriphDriver\src\apm32f0xx_i2c.c 0x00000000   Number         0  apm32f0xx_i2c.o ABSOLUTE
    ..\..\..\..\..\Libraries\APM32F0xx_StdPeriphDriver\src\apm32f0xx_iwdt.c 0x00000000   Number         0  apm32f0xx_iwdt.o ABSOLUTE
    ..\..\..\..\..\Libraries\APM32F0xx_StdPeriphDriver\src\apm32f0xx_misc.c 0x00000000   Number         0  apm32f0xx_misc.o ABSOLUTE
    ..\..\..\..\..\Libraries\APM32F0xx_StdPeriphDriver\src\apm32f0xx_ob.c 0x00000000   Number         0  apm32f0xx_ob.o ABSOLUTE
    ..\..\..\..\..\Libraries\APM32F0xx_StdPeriphDriver\src\apm32f0xx_pmu.c 0x00000000   Number         0  apm32f0xx_pmu.o ABSOLUTE
    ..\..\..\..\..\Libraries\APM32F0xx_StdPeriphDriver\src\apm32f0xx_rcm.c 0x00000000   Number         0  apm32f0xx_rcm.o ABSOLUTE
    ..\..\..\..\..\Libraries\APM32F0xx_StdPeriphDriver\src\apm32f0xx_rtc.c 0x00000000   Number         0  apm32f0xx_rtc.o ABSOLUTE
    ..\..\..\..\..\Libraries\APM32F0xx_StdPeriphDriver\src\apm32f0xx_spi.c 0x00000000   Number         0  apm32f0xx_spi.o ABSOLUTE
    ..\..\..\..\..\Libraries\APM32F0xx_StdPeriphDriver\src\apm32f0xx_syscfg.c 0x00000000   Number         0  apm32f0xx_syscfg.o ABSOLUTE
    ..\..\..\..\..\Libraries\APM32F0xx_StdPeriphDriver\src\apm32f0xx_tmr.c 0x00000000   Number         0  apm32f0xx_tmr.o ABSOLUTE
    ..\..\..\..\..\Libraries\APM32F0xx_StdPeriphDriver\src\apm32f0xx_usart.c 0x00000000   Number         0  apm32f0xx_usart.o ABSOLUTE
    ..\..\..\..\..\Libraries\APM32F0xx_StdPeriphDriver\src\apm32f0xx_wwdt.c 0x00000000   Number         0  apm32f0xx_wwdt.o ABSOLUTE
    ..\..\..\..\..\Libraries\Device\Geehy\APM32F0xx\Source\arm\startup_apm32f030.s 0x00000000   Number         0  startup_apm32f030.o ABSOLUTE
    ..\..\..\..\..\Libraries\Device\Geehy\APM32F0xx\Source\system_apm32f0xx.c 0x00000000   Number         0  system_apm32f0xx.o ABSOLUTE
    ..\..\Drivers\SGM41511\sgm41511.c        0x00000000   Number         0  sgm41511.o ABSOLUTE
    ..\..\Source\apm32f0xx_int.c             0x00000000   Number         0  apm32f0xx_int.o ABSOLUTE
    ..\..\Source\bsp_adc.c                   0x00000000   Number         0  bsp_adc.o ABSOLUTE
    ..\..\Source\bsp_debug_uart.c            0x00000000   Number         0  bsp_debug_uart.o ABSOLUTE
    ..\..\Source\bsp_gpio.c                  0x00000000   Number         0  bsp_gpio.o ABSOLUTE
    ..\..\Source\bsp_i2c.c                   0x00000000   Number         0  bsp_i2c.o ABSOLUTE
    ..\..\Source\bsp_peripherals.c           0x00000000   Number         0  bsp_peripherals.o ABSOLUTE
    ..\..\Source\bsp_ring_buffer.c           0x00000000   Number         0  bsp_ring_buffer.o ABSOLUTE
    ..\..\Source\bsp_selftest.c              0x00000000   Number         0  bsp_selftest.o ABSOLUTE
    ..\..\Source\bsp_tick.c                  0x00000000   Number         0  bsp_tick.o ABSOLUTE
    ..\..\Source\bsp_uart.c                  0x00000000   Number         0  bsp_uart.o ABSOLUTE
    ..\..\Source\main.c                      0x00000000   Number         0  main.o ABSOLUTE
    ..\\..\\..\\..\\..\\Boards\\Board.c      0x00000000   Number         0  board.o ABSOLUTE
    ..\\..\\..\\..\\..\\Libraries\\APM32F0xx_StdPeriphDriver\\src\\apm32f0xx_adc.c 0x00000000   Number         0  apm32f0xx_adc.o ABSOLUTE
    ..\\..\\..\\..\\..\\Libraries\\APM32F0xx_StdPeriphDriver\\src\\apm32f0xx_can.c 0x00000000   Number         0  apm32f0xx_can.o ABSOLUTE
    ..\\..\\..\\..\\..\\Libraries\\APM32F0xx_StdPeriphDriver\\src\\apm32f0xx_cec.c 0x00000000   Number         0  apm32f0xx_cec.o ABSOLUTE
    ..\\..\\..\\..\\..\\Libraries\\APM32F0xx_StdPeriphDriver\\src\\apm32f0xx_comp.c 0x00000000   Number         0  apm32f0xx_comp.o ABSOLUTE
    ..\\..\\..\\..\\..\\Libraries\\APM32F0xx_StdPeriphDriver\\src\\apm32f0xx_crc.c 0x00000000   Number         0  apm32f0xx_crc.o ABSOLUTE
    ..\\..\\..\\..\\..\\Libraries\\APM32F0xx_StdPeriphDriver\\src\\apm32f0xx_crs.c 0x00000000   Number         0  apm32f0xx_crs.o ABSOLUTE
    ..\\..\\..\\..\\..\\Libraries\\APM32F0xx_StdPeriphDriver\\src\\apm32f0xx_dac.c 0x00000000   Number         0  apm32f0xx_dac.o ABSOLUTE
    ..\\..\\..\\..\\..\\Libraries\\APM32F0xx_StdPeriphDriver\\src\\apm32f0xx_dbg.c 0x00000000   Number         0  apm32f0xx_dbg.o ABSOLUTE
    ..\\..\\..\\..\\..\\Libraries\\APM32F0xx_StdPeriphDriver\\src\\apm32f0xx_dma.c 0x00000000   Number         0  apm32f0xx_dma.o ABSOLUTE
    ..\\..\\..\\..\\..\\Libraries\\APM32F0xx_StdPeriphDriver\\src\\apm32f0xx_eint.c 0x00000000   Number         0  apm32f0xx_eint.o ABSOLUTE
    ..\\..\\..\\..\\..\\Libraries\\APM32F0xx_StdPeriphDriver\\src\\apm32f0xx_fmc.c 0x00000000   Number         0  apm32f0xx_fmc.o ABSOLUTE
    ..\\..\\..\\..\\..\\Libraries\\APM32F0xx_StdPeriphDriver\\src\\apm32f0xx_gpio.c 0x00000000   Number         0  apm32f0xx_gpio.o ABSOLUTE
    ..\\..\\..\\..\\..\\Libraries\\APM32F0xx_StdPeriphDriver\\src\\apm32f0xx_i2c.c 0x00000000   Number         0  apm32f0xx_i2c.o ABSOLUTE
    ..\\..\\..\\..\\..\\Libraries\\APM32F0xx_StdPeriphDriver\\src\\apm32f0xx_iwdt.c 0x00000000   Number         0  apm32f0xx_iwdt.o ABSOLUTE
    ..\\..\\..\\..\\..\\Libraries\\APM32F0xx_StdPeriphDriver\\src\\apm32f0xx_misc.c 0x00000000   Number         0  apm32f0xx_misc.o ABSOLUTE
    ..\\..\\..\\..\\..\\Libraries\\APM32F0xx_StdPeriphDriver\\src\\apm32f0xx_ob.c 0x00000000   Number         0  apm32f0xx_ob.o ABSOLUTE
    ..\\..\\..\\..\\..\\Libraries\\APM32F0xx_StdPeriphDriver\\src\\apm32f0xx_pmu.c 0x00000000   Number         0  apm32f0xx_pmu.o ABSOLUTE
    ..\\..\\..\\..\\..\\Libraries\\APM32F0xx_StdPeriphDriver\\src\\apm32f0xx_rcm.c 0x00000000   Number         0  apm32f0xx_rcm.o ABSOLUTE
    ..\\..\\..\\..\\..\\Libraries\\APM32F0xx_StdPeriphDriver\\src\\apm32f0xx_rtc.c 0x00000000   Number         0  apm32f0xx_rtc.o ABSOLUTE
    ..\\..\\..\\..\\..\\Libraries\\APM32F0xx_StdPeriphDriver\\src\\apm32f0xx_spi.c 0x00000000   Number         0  apm32f0xx_spi.o ABSOLUTE
    ..\\..\\..\\..\\..\\Libraries\\APM32F0xx_StdPeriphDriver\\src\\apm32f0xx_syscfg.c 0x00000000   Number         0  apm32f0xx_syscfg.o ABSOLUTE
    ..\\..\\..\\..\\..\\Libraries\\APM32F0xx_StdPeriphDriver\\src\\apm32f0xx_tmr.c 0x00000000   Number         0  apm32f0xx_tmr.o ABSOLUTE
    ..\\..\\..\\..\\..\\Libraries\\APM32F0xx_StdPeriphDriver\\src\\apm32f0xx_usart.c 0x00000000   Number         0  apm32f0xx_usart.o ABSOLUTE
    ..\\..\\..\\..\\..\\Libraries\\APM32F0xx_StdPeriphDriver\\src\\apm32f0xx_wwdt.c 0x00000000   Number         0  apm32f0xx_wwdt.o ABSOLUTE
    ..\\..\\..\\..\\..\\Libraries\\Device\\Geehy\\APM32F0xx\\Source\\system_apm32f0xx.c 0x00000000   Number         0  system_apm32f0xx.o ABSOLUTE
    ..\\..\\Source\\bsp_adc.c                0x00000000   Number         0  bsp_adc.o ABSOLUTE
    ..\\..\\Source\\bsp_debug_uart.c         0x00000000   Number         0  bsp_debug_uart.o ABSOLUTE
    ..\\..\\Source\\bsp_gpio.c               0x00000000   Number         0  bsp_gpio.o ABSOLUTE
    ..\\..\\Source\\bsp_i2c.c                0x00000000   Number         0  bsp_i2c.o ABSOLUTE
    ..\\..\\Source\\bsp_tick.c               0x00000000   Number         0  bsp_tick.o ABSOLUTE
    ..\\..\\Source\\bsp_uart.c               0x00000000   Number         0  bsp_uart.o ABSOLUTE
    ..\\..\\Source\\main.c                   0x00000000   Number         0  main.o ABSOLUTE
    dc.s                                     0x00000000   Number         0  dc.o ABSOLUTE
    handlers.s                               0x00000000   Number         0  handlers.o ABSOLUTE
    init.s                                   0x00000000   Number         0  init.o ABSOLUTE
    RESET                                    0x08000000   Section      184  startup_apm32f030.o(RESET)
    .ARM.Collect$$$$00000000                 0x080000b8   Section        0  entry.o(.ARM.Collect$$$$00000000)
    .ARM.Collect$$$$00000001                 0x080000b8   Section        4  entry2.o(.ARM.Collect$$$$00000001)
    .ARM.Collect$$$$00000004                 0x080000bc   Section        4  entry5.o(.ARM.Collect$$$$00000004)
    .ARM.Collect$$$$00000008                 0x080000c0   Section        0  entry7b.o(.ARM.Collect$$$$00000008)
    .ARM.Collect$$$$0000000A                 0x080000c0   Section        0  entry8b.o(.ARM.Collect$$$$0000000A)
    .ARM.Collect$$$$0000000B                 0x080000c0   Section        8  entry9a.o(.ARM.Collect$$$$0000000B)
    .ARM.Collect$$$$0000000D                 0x080000c8   Section        0  entry10a.o(.ARM.Collect$$$$0000000D)
    .ARM.Collect$$$$0000000F                 0x080000c8   Section        0  entry11a.o(.ARM.Collect$$$$0000000F)
    .ARM.Collect$$$$00002712                 0x080000c8   Section        4  entry2.o(.ARM.Collect$$$$00002712)
    __lit__00000000                          0x080000c8   Data           4  entry2.o(.ARM.Collect$$$$00002712)
    .text                                    0x080000cc   Section       28  startup_apm32f030.o(.text)
    .text                                    0x080000e8   Section        0  uidiv.o(.text)
    .text                                    0x08000114   Section       36  init.o(.text)
    i.ADC_ClearStatusFlag                    0x08000138   Section        0  apm32f0xx_adc.o(i.ADC_ClearStatusFlag)
    i.ADC_Config                             0x08000144   Section        0  apm32f0xx_adc.o(i.ADC_Config)
    i.ADC_ConfigChannel                      0x080001d8   Section        0  apm32f0xx_adc.o(i.ADC_ConfigChannel)
    i.ADC_ConfigStructInit                   0x080001f0   Section        0  apm32f0xx_adc.o(i.ADC_ConfigStructInit)
    i.ADC_Enable                             0x08000200   Section        0  apm32f0xx_adc.o(i.ADC_Enable)
    i.ADC_ReadCalibrationFactor              0x08000214   Section        0  apm32f0xx_adc.o(i.ADC_ReadCalibrationFactor)
    i.ADC_ReadConversionValue                0x08000260   Section        0  apm32f0xx_adc.o(i.ADC_ReadConversionValue)
    i.ADC_ReadStatusFlag                     0x0800026c   Section        0  apm32f0xx_adc.o(i.ADC_ReadStatusFlag)
    i.ADC_Reset                              0x0800029c   Section        0  apm32f0xx_adc.o(i.ADC_Reset)
    i.ADC_StartConversion                    0x080002b0   Section        0  apm32f0xx_adc.o(i.ADC_StartConversion)
    i.Adc_ChannelFromInput                   0x080002c4   Section        0  bsp_adc.o(i.Adc_ChannelFromInput)
    Adc_ChannelFromInput                     0x080002c5   Thumb Code    44  bsp_adc.o(i.Adc_ChannelFromInput)
    i.Adc_ConfigAnalogPin                    0x080002f0   Section        0  bsp_adc.o(i.Adc_ConfigAnalogPin)
    Adc_ConfigAnalogPin                      0x080002f1   Thumb Code    34  bsp_adc.o(i.Adc_ConfigAnalogPin)
    i.BSP_Adc_Init                           0x08000314   Section        0  bsp_adc.o(i.BSP_Adc_Init)
    i.BSP_Adc_IsReady                        0x080003a4   Section        0  bsp_adc.o(i.BSP_Adc_IsReady)
    i.BSP_Adc_RawToMillivolts                0x080003b0   Section        0  bsp_adc.o(i.BSP_Adc_RawToMillivolts)
    i.BSP_Adc_ReadAverageRaw                 0x080003d0   Section        0  bsp_adc.o(i.BSP_Adc_ReadAverageRaw)
    i.BSP_Adc_ReadRawChecked                 0x08000420   Section        0  bsp_adc.o(i.BSP_Adc_ReadRawChecked)
    i.BSP_BoardGpio_Init                     0x08000494   Section        0  bsp_gpio.o(i.BSP_BoardGpio_Init)
    i.BSP_ChargerInterrupt_Consume           0x08000554   Section        0  bsp_gpio.o(i.BSP_ChargerInterrupt_Consume)
    i.BSP_ChargerInterrupt_Count             0x08000578   Section        0  bsp_gpio.o(i.BSP_ChargerInterrupt_Count)
    i.BSP_ChargerInterrupt_IRQHandler        0x08000584   Section        0  bsp_gpio.o(i.BSP_ChargerInterrupt_IRQHandler)
    i.BSP_ChargerInterrupt_Read              0x080005b4   Section        0  bsp_gpio.o(i.BSP_ChargerInterrupt_Read)
    i.BSP_DebugUart_Init                     0x080005c4   Section        0  bsp_debug_uart.o(i.BSP_DebugUart_Init)
    i.BSP_DebugUart_Write                    0x08000660   Section        0  bsp_debug_uart.o(i.BSP_DebugUart_Write)
    i.BSP_DebugUart_WriteByte                0x08000680   Section        0  bsp_debug_uart.o(i.BSP_DebugUart_WriteByte)
    i.BSP_DebugUart_WriteHex8                0x080006a0   Section        0  bsp_debug_uart.o(i.BSP_DebugUart_WriteHex8)
    i.BSP_DebugUart_WriteUInt32              0x080006c4   Section        0  bsp_debug_uart.o(i.BSP_DebugUart_WriteUInt32)
    i.BSP_I2C1_Init                          0x08000714   Section        0  bsp_i2c.o(i.BSP_I2C1_Init)
    i.BSP_I2C1_ReadRegister                  0x080007d0   Section        0  bsp_i2c.o(i.BSP_I2C1_ReadRegister)
    i.BSP_I2C1_ReadRegisters                 0x080007e8   Section        0  bsp_i2c.o(i.BSP_I2C1_ReadRegisters)
    i.BSP_Peripherals_Init                   0x080008c8   Section        0  bsp_peripherals.o(i.BSP_Peripherals_Init)
    i.BSP_RingBuffer_Init                    0x080008dc   Section        0  bsp_ring_buffer.o(i.BSP_RingBuffer_Init)
    i.BSP_RingBuffer_OverflowCount           0x080008ea   Section        0  bsp_ring_buffer.o(i.BSP_RingBuffer_OverflowCount)
    i.BSP_RingBuffer_Push                    0x080008f0   Section        0  bsp_ring_buffer.o(i.BSP_RingBuffer_Push)
    i.BSP_RingBuffer_PushBlock               0x08000920   Section        0  bsp_ring_buffer.o(i.BSP_RingBuffer_PushBlock)
    i.BSP_RingBuffer_Reset                   0x08000944   Section        0  bsp_ring_buffer.o(i.BSP_RingBuffer_Reset)
    i.BSP_SelfTest_DumpUartStats             0x0800094c   Section        0  bsp_selftest.o(i.BSP_SelfTest_DumpUartStats)
    i.BSP_SelfTest_Run                       0x080009a0   Section        0  bsp_selftest.o(i.BSP_SelfTest_Run)
    i.BSP_Tick_Elapsed                       0x08000ef8   Section        0  bsp_tick.o(i.BSP_Tick_Elapsed)
    i.BSP_Tick_GetMs                         0x08000f10   Section        0  bsp_tick.o(i.BSP_Tick_GetMs)
    i.BSP_Tick_Increment                     0x08000f1c   Section        0  bsp_tick.o(i.BSP_Tick_Increment)
    i.BSP_Tick_Init                          0x08000f2c   Section        0  bsp_tick.o(i.BSP_Tick_Init)
    i.BSP_Uart_DmaCh2To3IRQHandler           0x08000f78   Section        0  bsp_uart.o(i.BSP_Uart_DmaCh2To3IRQHandler)
    i.BSP_Uart_DmaCh4To5IRQHandler           0x08000fc4   Section        0  bsp_uart.o(i.BSP_Uart_DmaCh4To5IRQHandler)
    i.BSP_Uart_GetStats                      0x08001010   Section        0  bsp_uart.o(i.BSP_Uart_GetStats)
    i.BSP_Uart_Init                          0x08001060   Section        0  bsp_uart.o(i.BSP_Uart_Init)
    i.BSP_Uart_OverflowCount                 0x080012dc   Section        0  bsp_uart.o(i.BSP_Uart_OverflowCount)
    i.BSP_Uart_Tmr16IRQHandler               0x080012f8   Section        0  bsp_uart.o(i.BSP_Uart_Tmr16IRQHandler)
    i.BSP_Uart_Usart1IRQHandler              0x08001364   Section        0  bsp_uart.o(i.BSP_Uart_Usart1IRQHandler)
    i.BSP_Uart_Usart2IRQHandler              0x0800139c   Section        0  bsp_uart.o(i.BSP_Uart_Usart2IRQHandler)
    i.BSP_Uart_Usart3To6IRQHandler           0x080013d4   Section        0  bsp_uart.o(i.BSP_Uart_Usart3To6IRQHandler)
    i.DMA1_CH2_3_IRQHandler                  0x080014d4   Section        0  apm32f0xx_int.o(i.DMA1_CH2_3_IRQHandler)
    i.DMA1_CH4_5_IRQHandler                  0x080014dc   Section        0  apm32f0xx_int.o(i.DMA1_CH4_5_IRQHandler)
    i.DMA_ClearIntFlag                       0x080014e4   Section        0  apm32f0xx_dma.o(i.DMA_ClearIntFlag)
    i.DMA_Config                             0x080014f8   Section        0  apm32f0xx_dma.o(i.DMA_Config)
    i.DMA_ConfigRemap                        0x080015a0   Section        0  apm32f0xx_dma.o(i.DMA_ConfigRemap)
    i.DMA_ConfigStructInit                   0x080015c4   Section        0  apm32f0xx_dma.o(i.DMA_ConfigStructInit)
    i.DMA_Disable                            0x080015de   Section        0  apm32f0xx_dma.o(i.DMA_Disable)
    i.DMA_Enable                             0x080015e8   Section        0  apm32f0xx_dma.o(i.DMA_Enable)
    i.DMA_EnableInterrupt                    0x080015f4   Section        0  apm32f0xx_dma.o(i.DMA_EnableInterrupt)
    i.DMA_ReadDataNumber                     0x080015fc   Section        0  apm32f0xx_dma.o(i.DMA_ReadDataNumber)
    i.DMA_ReadIntFlag                        0x08001604   Section        0  apm32f0xx_dma.o(i.DMA_ReadIntFlag)
    i.DMA_Reset                              0x08001624   Section        0  apm32f0xx_dma.o(i.DMA_Reset)
    i.DMA_SetDataNumber                      0x08001698   Section        0  apm32f0xx_dma.o(i.DMA_SetDataNumber)
    i.Dma_ConfigRx                           0x0800169c   Section        0  bsp_uart.o(i.Dma_ConfigRx)
    Dma_ConfigRx                             0x0800169d   Thumb Code   116  bsp_uart.o(i.Dma_ConfigRx)
    i.Dma_FlushToRing                        0x08001714   Section        0  bsp_uart.o(i.Dma_FlushToRing)
    Dma_FlushToRing                          0x08001715   Thumb Code    72  bsp_uart.o(i.Dma_FlushToRing)
    i.EINT4_15_IRQHandler                    0x0800175c   Section        0  apm32f0xx_int.o(i.EINT4_15_IRQHandler)
    i.EINT_ClearIntFlag                      0x08001764   Section        0  apm32f0xx_eint.o(i.EINT_ClearIntFlag)
    i.EINT_Config                            0x08001770   Section        0  apm32f0xx_eint.o(i.EINT_Config)
    i.EINT_ConfigStructInit                  0x0800180c   Section        0  apm32f0xx_eint.o(i.EINT_ConfigStructInit)
    i.EINT_ReadIntFlag                       0x0800181c   Section        0  apm32f0xx_eint.o(i.EINT_ReadIntFlag)
    i.Flow_QueueFrameLength                  0x08001844   Section        0  bsp_uart.o(i.Flow_QueueFrameLength)
    Flow_QueueFrameLength                    0x08001845   Thumb Code    72  bsp_uart.o(i.Flow_QueueFrameLength)
    i.Flow_RestartGapTimer                   0x080018a0   Section        0  bsp_uart.o(i.Flow_RestartGapTimer)
    Flow_RestartGapTimer                     0x080018a1   Thumb Code    32  bsp_uart.o(i.Flow_RestartGapTimer)
    i.GPIO_ClearBit                          0x080018c4   Section        0  apm32f0xx_gpio.o(i.GPIO_ClearBit)
    i.GPIO_Config                            0x080018c8   Section        0  apm32f0xx_gpio.o(i.GPIO_Config)
    i.GPIO_ConfigChargerInterrupt            0x08001954   Section        0  bsp_gpio.o(i.GPIO_ConfigChargerInterrupt)
    GPIO_ConfigChargerInterrupt              0x08001955   Thumb Code    64  bsp_gpio.o(i.GPIO_ConfigChargerInterrupt)
    i.GPIO_ConfigInput                       0x0800199c   Section        0  bsp_gpio.o(i.GPIO_ConfigInput)
    GPIO_ConfigInput                         0x0800199d   Thumb Code    38  bsp_gpio.o(i.GPIO_ConfigInput)
    i.GPIO_ConfigOutput                      0x080019c2   Section        0  bsp_gpio.o(i.GPIO_ConfigOutput)
    GPIO_ConfigOutput                        0x080019c3   Thumb Code    62  bsp_gpio.o(i.GPIO_ConfigOutput)
    i.GPIO_ConfigPinAF                       0x08001a00   Section        0  apm32f0xx_gpio.o(i.GPIO_ConfigPinAF)
    i.GPIO_ConfigStructInit                  0x08001a46   Section        0  apm32f0xx_gpio.o(i.GPIO_ConfigStructInit)
    i.GPIO_ReadInputBit                      0x08001a5c   Section        0  apm32f0xx_gpio.o(i.GPIO_ReadInputBit)
    i.GPIO_SetBit                            0x08001a70   Section        0  apm32f0xx_gpio.o(i.GPIO_SetBit)
    i.HardFault_Handler                      0x08001a74   Section        0  apm32f0xx_int.o(i.HardFault_Handler)
    i.I2C_AbortTransfer                      0x08001a78   Section        0  bsp_i2c.o(i.I2C_AbortTransfer)
    I2C_AbortTransfer                        0x08001a79   Thumb Code    28  bsp_i2c.o(i.I2C_AbortTransfer)
    i.I2C_ClearErrorFlags                    0x08001a98   Section        0  bsp_i2c.o(i.I2C_ClearErrorFlags)
    I2C_ClearErrorFlags                      0x08001a99   Thumb Code   110  bsp_i2c.o(i.I2C_ClearErrorFlags)
    i.I2C_ClearIntFlag                       0x08001b0c   Section        0  apm32f0xx_i2c.o(i.I2C_ClearIntFlag)
    i.I2C_ClearStop                          0x08001b10   Section        0  bsp_i2c.o(i.I2C_ClearStop)
    I2C_ClearStop                            0x08001b11   Thumb Code    24  bsp_i2c.o(i.I2C_ClearStop)
    i.I2C_Config                             0x08001b2c   Section        0  apm32f0xx_i2c.o(i.I2C_Config)
    i.I2C_ConfigStructInit                   0x08001bc8   Section        0  apm32f0xx_i2c.o(i.I2C_ConfigStructInit)
    i.I2C_Enable                             0x08001bde   Section        0  apm32f0xx_i2c.o(i.I2C_Enable)
    i.I2C_EnableGenerateStop                 0x08001bea   Section        0  apm32f0xx_i2c.o(i.I2C_EnableGenerateStop)
    i.I2C_HandlingTransfer                   0x08001bf8   Section        0  apm32f0xx_i2c.o(i.I2C_HandlingTransfer)
    i.I2C_ReadStatusFlag                     0x08001c24   Section        0  apm32f0xx_i2c.o(i.I2C_ReadStatusFlag)
    i.I2C_RecordError                        0x08001c3c   Section        0  bsp_i2c.o(i.I2C_RecordError)
    I2C_RecordError                          0x08001c3d   Thumb Code    26  bsp_i2c.o(i.I2C_RecordError)
    i.I2C_Reset                              0x08001c5c   Section        0  apm32f0xx_i2c.o(i.I2C_Reset)
    i.I2C_RxData                             0x08001c90   Section        0  apm32f0xx_i2c.o(i.I2C_RxData)
    i.I2C_TxData                             0x08001c98   Section        0  apm32f0xx_i2c.o(i.I2C_TxData)
    i.I2C_WaitBusIdle                        0x08001c9c   Section        0  bsp_i2c.o(i.I2C_WaitBusIdle)
    I2C_WaitBusIdle                          0x08001c9d   Thumb Code    14  bsp_i2c.o(i.I2C_WaitBusIdle)
    i.I2C_WaitFlag                           0x08001cac   Section        0  bsp_i2c.o(i.I2C_WaitFlag)
    I2C_WaitFlag                             0x08001cad   Thumb Code   118  bsp_i2c.o(i.I2C_WaitFlag)
    i.NMI_Handler                            0x08001d28   Section        0  apm32f0xx_int.o(i.NMI_Handler)
    i.NVIC_DisableIRQRequest                 0x08001d2c   Section        0  apm32f0xx_misc.o(i.NVIC_DisableIRQRequest)
    i.NVIC_EnableIRQRequest                  0x08001d50   Section        0  apm32f0xx_misc.o(i.NVIC_EnableIRQRequest)
    i.PendSV_Handler                         0x08001d80   Section        0  apm32f0xx_int.o(i.PendSV_Handler)
    i.RCM_ConfigI2CCLK                       0x08001d84   Section        0  apm32f0xx_rcm.o(i.RCM_ConfigI2CCLK)
    i.RCM_DisableAPB1PeriphReset             0x08001da0   Section        0  apm32f0xx_rcm.o(i.RCM_DisableAPB1PeriphReset)
    i.RCM_DisableAPB2PeriphReset             0x08001db0   Section        0  apm32f0xx_rcm.o(i.RCM_DisableAPB2PeriphReset)
    i.RCM_EnableAHBPeriphClock               0x08001dc0   Section        0  apm32f0xx_rcm.o(i.RCM_EnableAHBPeriphClock)
    i.RCM_EnableAPB1PeriphClock              0x08001dd0   Section        0  apm32f0xx_rcm.o(i.RCM_EnableAPB1PeriphClock)
    i.RCM_EnableAPB1PeriphReset              0x08001de0   Section        0  apm32f0xx_rcm.o(i.RCM_EnableAPB1PeriphReset)
    i.RCM_EnableAPB2PeriphClock              0x08001df0   Section        0  apm32f0xx_rcm.o(i.RCM_EnableAPB2PeriphClock)
    i.RCM_EnableAPB2PeriphReset              0x08001e00   Section        0  apm32f0xx_rcm.o(i.RCM_EnableAPB2PeriphReset)
    i.RCM_ReadHCLKFreq                       0x08001e10   Section        0  apm32f0xx_rcm.o(i.RCM_ReadHCLKFreq)
    i.RCM_ReadPCLKFreq                       0x08001e4c   Section        0  apm32f0xx_rcm.o(i.RCM_ReadPCLKFreq)
    i.RCM_ReadSYSCLKFreq                     0x08001e80   Section        0  apm32f0xx_rcm.o(i.RCM_ReadSYSCLKFreq)
    i.RCM_ReadUSART1CLKFreq                  0x08001f1c   Section        0  apm32f0xx_rcm.o(i.RCM_ReadUSART1CLKFreq)
    i.RCM_ReadUSART2CLKFreq                  0x08001f74   Section        0  apm32f0xx_rcm.o(i.RCM_ReadUSART2CLKFreq)
    i.SGM41511_GetChargeCurrentMa            0x08001f82   Section        0  sgm41511.o(i.SGM41511_GetChargeCurrentMa)
    i.SGM41511_GetInputCurrentLimitMa        0x08001fb8   Section        0  sgm41511.o(i.SGM41511_GetInputCurrentLimitMa)
    i.SGM41511_GetStatus                     0x08001ff0   Section        0  sgm41511.o(i.SGM41511_GetStatus)
    i.SGM41511_Probe                         0x0800209a   Section        0  sgm41511.o(i.SGM41511_Probe)
    i.SGM41511_ReadFault                     0x08002104   Section        0  sgm41511.o(i.SGM41511_ReadFault)
    i.SGM41511_ReadRegister                  0x08002130   Section        0  sgm41511.o(i.SGM41511_ReadRegister)
    i.SVC_Handler                            0x0800214a   Section        0  apm32f0xx_int.o(i.SVC_Handler)
    i.SYSCFG_EINTLine                        0x0800214c   Section        0  apm32f0xx_syscfg.o(i.SYSCFG_EINTLine)
    i.SelfTest_PrintAdc                      0x0800220c   Section        0  bsp_selftest.o(i.SelfTest_PrintAdc)
    SelfTest_PrintAdc                        0x0800220d   Thumb Code    96  bsp_selftest.o(i.SelfTest_PrintAdc)
    i.SelfTest_PrintDec                      0x080022a8   Section        0  bsp_selftest.o(i.SelfTest_PrintDec)
    SelfTest_PrintDec                        0x080022a9   Thumb Code    12  bsp_selftest.o(i.SelfTest_PrintDec)
    i.SelfTest_PrintHex8                     0x080022b4   Section        0  bsp_selftest.o(i.SelfTest_PrintHex8)
    SelfTest_PrintHex8                       0x080022b5   Thumb Code    12  bsp_selftest.o(i.SelfTest_PrintHex8)
    i.SelfTest_PrintOneUart                  0x080022c0   Section        0  bsp_selftest.o(i.SelfTest_PrintOneUart)
    SelfTest_PrintOneUart                    0x080022c1   Thumb Code    82  bsp_selftest.o(i.SelfTest_PrintOneUart)
    i.SysTick_Handler                        0x0800234c   Section        0  apm32f0xx_int.o(i.SysTick_Handler)
    i.SystemClock48M                         0x08002354   Section        0  system_apm32f0xx.o(i.SystemClock48M)
    SystemClock48M                           0x08002355   Thumb Code   210  system_apm32f0xx.o(i.SystemClock48M)
    i.SystemClockConfig                      0x08002430   Section        0  system_apm32f0xx.o(i.SystemClockConfig)
    i.SystemCoreClockUpdate                  0x0800243c   Section        0  system_apm32f0xx.o(i.SystemCoreClockUpdate)
    i.SystemInit                             0x0800253c   Section        0  system_apm32f0xx.o(i.SystemInit)
    i.TMR16_IRQHandler                       0x080025bc   Section        0  apm32f0xx_int.o(i.TMR16_IRQHandler)
    i.TMR_ClearStatusFlag                    0x080025c4   Section        0  apm32f0xx_tmr.o(i.TMR_ClearStatusFlag)
    i.TMR_ConfigTimeBase                     0x080025cc   Section        0  apm32f0xx_tmr.o(i.TMR_ConfigTimeBase)
    i.TMR_ConfigTimeBaseStruct               0x08002664   Section        0  apm32f0xx_tmr.o(i.TMR_ConfigTimeBaseStruct)
    i.TMR_Disable                            0x08002676   Section        0  apm32f0xx_tmr.o(i.TMR_Disable)
    i.TMR_Enable                             0x08002680   Section        0  apm32f0xx_tmr.o(i.TMR_Enable)
    i.TMR_EnableInterrupt                    0x0800268c   Section        0  apm32f0xx_tmr.o(i.TMR_EnableInterrupt)
    i.TMR_ReadStatusFlag                     0x08002694   Section        0  apm32f0xx_tmr.o(i.TMR_ReadStatusFlag)
    i.TMR_SetCounter                         0x080026a6   Section        0  apm32f0xx_tmr.o(i.TMR_SetCounter)
    i.USART1_IRQHandler                      0x080026aa   Section        0  apm32f0xx_int.o(i.USART1_IRQHandler)
    i.USART2_IRQHandler                      0x080026b2   Section        0  apm32f0xx_int.o(i.USART2_IRQHandler)
    i.USART3_6_IRQHandler                    0x080026ba   Section        0  apm32f0xx_int.o(i.USART3_6_IRQHandler)
    i.USART_ClearStatusFlag                  0x080026c2   Section        0  apm32f0xx_usart.o(i.USART_ClearStatusFlag)
    i.USART_Config                           0x080026c8   Section        0  apm32f0xx_usart.o(i.USART_Config)
    i.USART_ConfigStructInit                 0x080027b4   Section        0  apm32f0xx_usart.o(i.USART_ConfigStructInit)
    i.USART_Enable                           0x080027cc   Section        0  apm32f0xx_usart.o(i.USART_Enable)
    i.USART_EnableDMA                        0x080027d8   Section        0  apm32f0xx_usart.o(i.USART_EnableDMA)
    i.USART_EnableInterrupt                  0x08002812   Section        0  apm32f0xx_usart.o(i.USART_EnableInterrupt)
    i.USART_ReadIntFlag                      0x0800285c   Section        0  apm32f0xx_usart.o(i.USART_ReadIntFlag)
    i.USART_ReadStatusFlag                   0x080028fc   Section        0  apm32f0xx_usart.o(i.USART_ReadStatusFlag)
    i.USART_RxData                           0x0800290e   Section        0  apm32f0xx_usart.o(i.USART_RxData)
    i.USART_TxData                           0x08002918   Section        0  apm32f0xx_usart.o(i.USART_TxData)
    i.Uart_Config                            0x08002920   Section        0  bsp_uart.o(i.Uart_Config)
    Uart_Config                              0x08002921   Thumb Code    56  bsp_uart.o(i.Uart_Config)
    i.Uart_ConfigPins                        0x08002958   Section        0  bsp_uart.o(i.Uart_ConfigPins)
    Uart_ConfigPins                          0x08002959   Thumb Code    78  bsp_uart.o(i.Uart_ConfigPins)
    i.Uart_GetRing                           0x080029a8   Section        0  bsp_uart.o(i.Uart_GetRing)
    Uart_GetRing                             0x080029a9   Thumb Code    42  bsp_uart.o(i.Uart_GetRing)
    i.__ARM_common_switch8                   0x080029e8   Section        0  apm32f0xx_rtc.o(i.__ARM_common_switch8)
    i.__NVIC_SetPriority                     0x08002a04   Section        0  apm32f0xx_misc.o(i.__NVIC_SetPriority)
    __NVIC_SetPriority                       0x08002a05   Thumb Code   110  apm32f0xx_misc.o(i.__NVIC_SetPriority)
    i.__NVIC_SetPriority                     0x08002a7c   Section        0  bsp_tick.o(i.__NVIC_SetPriority)
    __NVIC_SetPriority                       0x08002a7d   Thumb Code   110  bsp_tick.o(i.__NVIC_SetPriority)
    i.__scatterload_copy                     0x08002af4   Section       14  handlers.o(i.__scatterload_copy)
    i.__scatterload_null                     0x08002b02   Section        2  handlers.o(i.__scatterload_null)
    i.__scatterload_zeroinit                 0x08002b04   Section       14  handlers.o(i.__scatterload_zeroinit)
    i.main                                   0x08002b14   Section        0  main.o(i.main)
    .constdata                               0x08002df0   Section       17  bsp_debug_uart.o(.constdata)
    hex                                      0x08002df0   Data          17  bsp_debug_uart.o(.constdata)
    .conststring                             0x08002e04   Section       68  main.o(.conststring)
    .conststring                             0x08002e48   Section       88  bsp_selftest.o(.conststring)
    .data                                    0x20000000   Section        4  system_apm32f0xx.o(.data)
    .data                                    0x20000004   Section        4  bsp_tick.o(.data)
    s_tick_ms                                0x20000004   Data           4  bsp_tick.o(.data)
    .data                                    0x20000008   Section        5  bsp_gpio.o(.data)
    g_charger_interrupt_count                0x20000008   Data           4  bsp_gpio.o(.data)
    g_charger_interrupt_pending              0x2000000c   Data           1  bsp_gpio.o(.data)
    .data                                    0x20000010   Section       12  bsp_uart.o(.data)
    g_flow_current_length                    0x20000010   Data           2  bsp_uart.o(.data)
    g_flow_current_valid                     0x20000012   Data           1  bsp_uart.o(.data)
    g_flow_frame_head                        0x20000013   Data           1  bsp_uart.o(.data)
    g_flow_frame_tail                        0x20000014   Data           1  bsp_uart.o(.data)
    g_flow_frame_overflow                    0x20000018   Data           4  bsp_uart.o(.data)
    .data                                    0x2000001c   Section        4  bsp_i2c.o(.data)
    g_i2c_error_count                        0x2000001c   Data           4  bsp_i2c.o(.data)
    .data                                    0x20000020   Section        1  bsp_adc.o(.data)
    g_adc_ready                              0x20000020   Data           1  bsp_adc.o(.data)
    .bss                                     0x20000024   Section     4648  bsp_uart.o(.bss)
    g_debug_storage                          0x20000024   Data         128  bsp_uart.o(.bss)
    g_bt_storage                             0x200000a4   Data         512  bsp_uart.o(.bss)
    g_modem_storage                          0x200002a4   Data        2048  bsp_uart.o(.bss)
    g_modem_dma                              0x20000aa4   Data         512  bsp_uart.o(.bss)
    g_gnss_storage                           0x20000ca4   Data         512  bsp_uart.o(.bss)
    g_gnss_dma                               0x20000ea4   Data         256  bsp_uart.o(.bss)
    g_flow_storage                           0x20000fa4   Data         512  bsp_uart.o(.bss)
    g_debug_rb                               0x200011a4   Data          16  bsp_uart.o(.bss)
    g_bt_rb                                  0x200011b4   Data          16  bsp_uart.o(.bss)
    g_modem_rb                               0x200011c4   Data          16  bsp_uart.o(.bss)
    g_gnss_rb                                0x200011d4   Data          16  bsp_uart.o(.bss)
    g_flow_rb                                0x200011e4   Data          16  bsp_uart.o(.bss)
    g_flow_frame_lengths                     0x200011f4   Data          16  bsp_uart.o(.bss)
    g_uart_rx_bytes                          0x20001204   Data          24  bsp_uart.o(.bss)
    g_uart_idle_events                       0x2000121c   Data          24  bsp_uart.o(.bss)
    g_uart_dma_full_events                   0x20001234   Data          24  bsp_uart.o(.bss)
    STACK                                    0x20001250   Section     1024  startup_apm32f030.o(STACK)

    Global Symbols

    Symbol Name                              Value     Ov Type        Size  Object(Section)

    BuildAttributes$$THM_ISAv3M$S$PE$A:L22$X:L11$S22$IEEE1$IW$USESV6$~STKCKD$USESV7$~SHL$OSPACE$EBA8$MICROLIB$REQ8$PRES8$EABIv2 0x00000000   Number         0  anon$$obj.o ABSOLUTE
    __ARM_use_no_argv                        0x00000000   Number         0  main.o ABSOLUTE
    __cpp_initialize__aeabi_                  - Undefined Weak Reference
    __cxa_finalize                            - Undefined Weak Reference
    __decompress                              - Undefined Weak Reference
    _clock_init                               - Undefined Weak Reference
    _microlib_exit                            - Undefined Weak Reference
    __Vectors_Size                           0x000000b8   Number         0  startup_apm32f030.o ABSOLUTE
    __Vectors                                0x08000000   Data           4  startup_apm32f030.o(RESET)
    __Vectors_End                            0x080000b8   Data           0  startup_apm32f030.o(RESET)
    __main                                   0x080000b9   Thumb Code     0  entry.o(.ARM.Collect$$$$00000000)
    _main_stk                                0x080000b9   Thumb Code     0  entry2.o(.ARM.Collect$$$$00000001)
    _main_scatterload                        0x080000bd   Thumb Code     0  entry5.o(.ARM.Collect$$$$00000004)
    __main_after_scatterload                 0x080000c1   Thumb Code     0  entry5.o(.ARM.Collect$$$$00000004)
    _main_clock                              0x080000c1   Thumb Code     0  entry7b.o(.ARM.Collect$$$$00000008)
    _main_cpp_init                           0x080000c1   Thumb Code     0  entry8b.o(.ARM.Collect$$$$0000000A)
    _main_init                               0x080000c1   Thumb Code     0  entry9a.o(.ARM.Collect$$$$0000000B)
    __rt_final_cpp                           0x080000c9   Thumb Code     0  entry10a.o(.ARM.Collect$$$$0000000D)
    __rt_final_exit                          0x080000c9   Thumb Code     0  entry11a.o(.ARM.Collect$$$$0000000F)
    Reset_Handler                            0x080000cd   Thumb Code     8  startup_apm32f030.o(.text)
    ADC1_IRQHandler                          0x080000df   Thumb Code     0  startup_apm32f030.o(.text)
    DMA1_CH1_IRQHandler                      0x080000df   Thumb Code     0  startup_apm32f030.o(.text)
    EINT0_1_IRQHandler                       0x080000df   Thumb Code     0  startup_apm32f030.o(.text)
    EINT2_3_IRQHandler                       0x080000df   Thumb Code     0  startup_apm32f030.o(.text)
    FLASH_IRQHandler                         0x080000df   Thumb Code     0  startup_apm32f030.o(.text)
    I2C1_IRQHandler                          0x080000df   Thumb Code     0  startup_apm32f030.o(.text)
    I2C2_IRQHandler                          0x080000df   Thumb Code     0  startup_apm32f030.o(.text)
    RCM_IRQHandler                           0x080000df   Thumb Code     0  startup_apm32f030.o(.text)
    RTC_IRQHandler                           0x080000df   Thumb Code     0  startup_apm32f030.o(.text)
    SPI1_IRQHandler                          0x080000df   Thumb Code     0  startup_apm32f030.o(.text)
    SPI2_IRQHandler                          0x080000df   Thumb Code     0  startup_apm32f030.o(.text)
    TMR14_IRQHandler                         0x080000df   Thumb Code     0  startup_apm32f030.o(.text)
    TMR15_IRQHandler                         0x080000df   Thumb Code     0  startup_apm32f030.o(.text)
    TMR17_IRQHandler                         0x080000df   Thumb Code     0  startup_apm32f030.o(.text)
    TMR1_BRK_UP_TRG_COM_IRQHandler           0x080000df   Thumb Code     0  startup_apm32f030.o(.text)
    TMR1_CC_IRQHandler                       0x080000df   Thumb Code     0  startup_apm32f030.o(.text)
    TMR3_IRQHandler                          0x080000df   Thumb Code     0  startup_apm32f030.o(.text)
    TMR6_IRQHandler                          0x080000df   Thumb Code     0  startup_apm32f030.o(.text)
    TMR7_IRQHandler                          0x080000df   Thumb Code     0  startup_apm32f030.o(.text)
    WWDT_IRQHandler                          0x080000df   Thumb Code     0  startup_apm32f030.o(.text)
    __aeabi_uidiv                            0x080000e9   Thumb Code     0  uidiv.o(.text)
    __aeabi_uidivmod                         0x080000e9   Thumb Code    44  uidiv.o(.text)
    __scatterload                            0x08000115   Thumb Code    28  init.o(.text)
    __scatterload_rt2                        0x08000115   Thumb Code     0  init.o(.text)
    ADC_ClearStatusFlag                      0x08000139   Thumb Code     6  apm32f0xx_adc.o(i.ADC_ClearStatusFlag)
    ADC_Config                               0x08000145   Thumb Code   142  apm32f0xx_adc.o(i.ADC_Config)
    ADC_ConfigChannel                        0x080001d9   Thumb Code    20  apm32f0xx_adc.o(i.ADC_ConfigChannel)
    ADC_ConfigStructInit                     0x080001f1   Thumb Code    16  apm32f0xx_adc.o(i.ADC_ConfigStructInit)
    ADC_Enable                               0x08000201   Thumb Code    16  apm32f0xx_adc.o(i.ADC_Enable)
    ADC_ReadCalibrationFactor                0x08000215   Thumb Code    70  apm32f0xx_adc.o(i.ADC_ReadCalibrationFactor)
    ADC_ReadConversionValue                  0x08000261   Thumb Code     8  apm32f0xx_adc.o(i.ADC_ReadConversionValue)
    ADC_ReadStatusFlag                       0x0800026d   Thumb Code    44  apm32f0xx_adc.o(i.ADC_ReadStatusFlag)
    ADC_Reset                                0x0800029d   Thumb Code    20  apm32f0xx_adc.o(i.ADC_Reset)
    ADC_StartConversion                      0x080002b1   Thumb Code    16  apm32f0xx_adc.o(i.ADC_StartConversion)
    BSP_Adc_Init                             0x08000315   Thumb Code   128  bsp_adc.o(i.BSP_Adc_Init)
    BSP_Adc_IsReady                          0x080003a5   Thumb Code     6  bsp_adc.o(i.BSP_Adc_IsReady)
    BSP_Adc_RawToMillivolts                  0x080003b1   Thumb Code    22  bsp_adc.o(i.BSP_Adc_RawToMillivolts)
    BSP_Adc_ReadAverageRaw                   0x080003d1   Thumb Code    80  bsp_adc.o(i.BSP_Adc_ReadAverageRaw)
    BSP_Adc_ReadRawChecked                   0x08000421   Thumb Code   104  bsp_adc.o(i.BSP_Adc_ReadRawChecked)
    BSP_BoardGpio_Init                       0x08000495   Thumb Code   186  bsp_gpio.o(i.BSP_BoardGpio_Init)
    BSP_ChargerInterrupt_Consume             0x08000555   Thumb Code    30  bsp_gpio.o(i.BSP_ChargerInterrupt_Consume)
    BSP_ChargerInterrupt_Count               0x08000579   Thumb Code     6  bsp_gpio.o(i.BSP_ChargerInterrupt_Count)
    BSP_ChargerInterrupt_IRQHandler          0x08000585   Thumb Code    38  bsp_gpio.o(i.BSP_ChargerInterrupt_IRQHandler)
    BSP_ChargerInterrupt_Read                0x080005b5   Thumb Code    16  bsp_gpio.o(i.BSP_ChargerInterrupt_Read)
    BSP_DebugUart_Init                       0x080005c5   Thumb Code   150  bsp_debug_uart.o(i.BSP_DebugUart_Init)
    BSP_DebugUart_Write                      0x08000661   Thumb Code    30  bsp_debug_uart.o(i.BSP_DebugUart_Write)
    BSP_DebugUart_WriteByte                  0x08000681   Thumb Code    28  bsp_debug_uart.o(i.BSP_DebugUart_WriteByte)
    BSP_DebugUart_WriteHex8                  0x080006a1   Thumb Code    30  bsp_debug_uart.o(i.BSP_DebugUart_WriteHex8)
    BSP_DebugUart_WriteUInt32                0x080006c5   Thumb Code    78  bsp_debug_uart.o(i.BSP_DebugUart_WriteUInt32)
    BSP_I2C1_Init                            0x08000715   Thumb Code   172  bsp_i2c.o(i.BSP_I2C1_Init)
    BSP_I2C1_ReadRegister                    0x080007d1   Thumb Code    22  bsp_i2c.o(i.BSP_I2C1_ReadRegister)
    BSP_I2C1_ReadRegisters                   0x080007e9   Thumb Code   218  bsp_i2c.o(i.BSP_I2C1_ReadRegisters)
    BSP_Peripherals_Init                     0x080008c9   Thumb Code    20  bsp_peripherals.o(i.BSP_Peripherals_Init)
    BSP_RingBuffer_Init                      0x080008dd   Thumb Code    14  bsp_ring_buffer.o(i.BSP_RingBuffer_Init)
    BSP_RingBuffer_OverflowCount             0x080008eb   Thumb Code     6  bsp_ring_buffer.o(i.BSP_RingBuffer_OverflowCount)
    BSP_RingBuffer_Push                      0x080008f1   Thumb Code    48  bsp_ring_buffer.o(i.BSP_RingBuffer_Push)
    BSP_RingBuffer_PushBlock                 0x08000921   Thumb Code    36  bsp_ring_buffer.o(i.BSP_RingBuffer_PushBlock)
    BSP_RingBuffer_Reset                     0x08000945   Thumb Code     8  bsp_ring_buffer.o(i.BSP_RingBuffer_Reset)
    BSP_SelfTest_DumpUartStats               0x0800094d   Thumb Code    44  bsp_selftest.o(i.BSP_SelfTest_DumpUartStats)
    BSP_SelfTest_Run                         0x080009a1   Thumb Code   644  bsp_selftest.o(i.BSP_SelfTest_Run)
    BSP_Tick_Elapsed                         0x08000ef9   Thumb Code    22  bsp_tick.o(i.BSP_Tick_Elapsed)
    BSP_Tick_GetMs                           0x08000f11   Thumb Code     6  bsp_tick.o(i.BSP_Tick_GetMs)
    BSP_Tick_Increment                       0x08000f1d   Thumb Code    12  bsp_tick.o(i.BSP_Tick_Increment)
    BSP_Tick_Init                            0x08000f2d   Thumb Code    60  bsp_tick.o(i.BSP_Tick_Init)
    BSP_Uart_DmaCh2To3IRQHandler             0x08000f79   Thumb Code    56  bsp_uart.o(i.BSP_Uart_DmaCh2To3IRQHandler)
    BSP_Uart_DmaCh4To5IRQHandler             0x08000fc5   Thumb Code    56  bsp_uart.o(i.BSP_Uart_DmaCh4To5IRQHandler)
    BSP_Uart_GetStats                        0x08001011   Thumb Code    66  bsp_uart.o(i.BSP_Uart_GetStats)
    BSP_Uart_Init                            0x08001061   Thumb Code   508  bsp_uart.o(i.BSP_Uart_Init)
    BSP_Uart_OverflowCount                   0x080012dd   Thumb Code    26  bsp_uart.o(i.BSP_Uart_OverflowCount)
    BSP_Uart_Tmr16IRQHandler                 0x080012f9   Thumb Code    84  bsp_uart.o(i.BSP_Uart_Tmr16IRQHandler)
    BSP_Uart_Usart1IRQHandler                0x08001365   Thumb Code    42  bsp_uart.o(i.BSP_Uart_Usart1IRQHandler)
    BSP_Uart_Usart2IRQHandler                0x0800139d   Thumb Code    42  bsp_uart.o(i.BSP_Uart_Usart2IRQHandler)
    BSP_Uart_Usart3To6IRQHandler             0x080013d5   Thumb Code   200  bsp_uart.o(i.BSP_Uart_Usart3To6IRQHandler)
    DMA1_CH2_3_IRQHandler                    0x080014d5   Thumb Code     8  apm32f0xx_int.o(i.DMA1_CH2_3_IRQHandler)
    DMA1_CH4_5_IRQHandler                    0x080014dd   Thumb Code     8  apm32f0xx_int.o(i.DMA1_CH4_5_IRQHandler)
    DMA_ClearIntFlag                         0x080014e5   Thumb Code    16  apm32f0xx_dma.o(i.DMA_ClearIntFlag)
    DMA_Config                               0x080014f9   Thumb Code   168  apm32f0xx_dma.o(i.DMA_Config)
    DMA_ConfigRemap                          0x080015a1   Thumb Code    36  apm32f0xx_dma.o(i.DMA_ConfigRemap)
    DMA_ConfigStructInit                     0x080015c5   Thumb Code    26  apm32f0xx_dma.o(i.DMA_ConfigStructInit)
    DMA_Disable                              0x080015df   Thumb Code    10  apm32f0xx_dma.o(i.DMA_Disable)
    DMA_Enable                               0x080015e9   Thumb Code    12  apm32f0xx_dma.o(i.DMA_Enable)
    DMA_EnableInterrupt                      0x080015f5   Thumb Code     8  apm32f0xx_dma.o(i.DMA_EnableInterrupt)
    DMA_ReadDataNumber                       0x080015fd   Thumb Code     6  apm32f0xx_dma.o(i.DMA_ReadDataNumber)
    DMA_ReadIntFlag                          0x08001605   Thumb Code    26  apm32f0xx_dma.o(i.DMA_ReadIntFlag)
    DMA_Reset                                0x08001625   Thumb Code   112  apm32f0xx_dma.o(i.DMA_Reset)
    DMA_SetDataNumber                        0x08001699   Thumb Code     4  apm32f0xx_dma.o(i.DMA_SetDataNumber)
    EINT4_15_IRQHandler                      0x0800175d   Thumb Code     8  apm32f0xx_int.o(i.EINT4_15_IRQHandler)
    EINT_ClearIntFlag                        0x08001765   Thumb Code     6  apm32f0xx_eint.o(i.EINT_ClearIntFlag)
    EINT_Config                              0x08001771   Thumb Code   150  apm32f0xx_eint.o(i.EINT_Config)
    EINT_ConfigStructInit                    0x0800180d   Thumb Code    16  apm32f0xx_eint.o(i.EINT_ConfigStructInit)
    EINT_ReadIntFlag                         0x0800181d   Thumb Code    36  apm32f0xx_eint.o(i.EINT_ReadIntFlag)
    GPIO_ClearBit                            0x080018c5   Thumb Code     4  apm32f0xx_gpio.o(i.GPIO_ClearBit)
    GPIO_Config                              0x080018c9   Thumb Code   138  apm32f0xx_gpio.o(i.GPIO_Config)
    GPIO_ConfigPinAF                         0x08001a01   Thumb Code    70  apm32f0xx_gpio.o(i.GPIO_ConfigPinAF)
    GPIO_ConfigStructInit                    0x08001a47   Thumb Code    22  apm32f0xx_gpio.o(i.GPIO_ConfigStructInit)
    GPIO_ReadInputBit                        0x08001a5d   Thumb Code    20  apm32f0xx_gpio.o(i.GPIO_ReadInputBit)
    GPIO_SetBit                              0x08001a71   Thumb Code     4  apm32f0xx_gpio.o(i.GPIO_SetBit)
    HardFault_Handler                        0x08001a75   Thumb Code     4  apm32f0xx_int.o(i.HardFault_Handler)
    I2C_ClearIntFlag                         0x08001b0d   Thumb Code     4  apm32f0xx_i2c.o(i.I2C_ClearIntFlag)
    I2C_Config                               0x08001b2d   Thumb Code   148  apm32f0xx_i2c.o(i.I2C_Config)
    I2C_ConfigStructInit                     0x08001bc9   Thumb Code    22  apm32f0xx_i2c.o(i.I2C_ConfigStructInit)
    I2C_Enable                               0x08001bdf   Thumb Code    12  apm32f0xx_i2c.o(i.I2C_Enable)
    I2C_EnableGenerateStop                   0x08001beb   Thumb Code    14  apm32f0xx_i2c.o(i.I2C_EnableGenerateStop)
    I2C_HandlingTransfer                     0x08001bf9   Thumb Code    38  apm32f0xx_i2c.o(i.I2C_HandlingTransfer)
    I2C_ReadStatusFlag                       0x08001c25   Thumb Code    22  apm32f0xx_i2c.o(i.I2C_ReadStatusFlag)
    I2C_Reset                                0x08001c5d   Thumb Code    46  apm32f0xx_i2c.o(i.I2C_Reset)
    I2C_RxData                               0x08001c91   Thumb Code     8  apm32f0xx_i2c.o(i.I2C_RxData)
    I2C_TxData                               0x08001c99   Thumb Code     4  apm32f0xx_i2c.o(i.I2C_TxData)
    NMI_Handler                              0x08001d29   Thumb Code     2  apm32f0xx_int.o(i.NMI_Handler)
    NVIC_DisableIRQRequest                   0x08001d2d   Thumb Code    30  apm32f0xx_misc.o(i.NVIC_DisableIRQRequest)
    NVIC_EnableIRQRequest                    0x08001d51   Thumb Code    44  apm32f0xx_misc.o(i.NVIC_EnableIRQRequest)
    PendSV_Handler                           0x08001d81   Thumb Code     2  apm32f0xx_int.o(i.PendSV_Handler)
    RCM_ConfigI2CCLK                         0x08001d85   Thumb Code    22  apm32f0xx_rcm.o(i.RCM_ConfigI2CCLK)
    RCM_DisableAPB1PeriphReset               0x08001da1   Thumb Code    12  apm32f0xx_rcm.o(i.RCM_DisableAPB1PeriphReset)
    RCM_DisableAPB2PeriphReset               0x08001db1   Thumb Code    12  apm32f0xx_rcm.o(i.RCM_DisableAPB2PeriphReset)
    RCM_EnableAHBPeriphClock                 0x08001dc1   Thumb Code    12  apm32f0xx_rcm.o(i.RCM_EnableAHBPeriphClock)
    RCM_EnableAPB1PeriphClock                0x08001dd1   Thumb Code    12  apm32f0xx_rcm.o(i.RCM_EnableAPB1PeriphClock)
    RCM_EnableAPB1PeriphReset                0x08001de1   Thumb Code    12  apm32f0xx_rcm.o(i.RCM_EnableAPB1PeriphReset)
    RCM_EnableAPB2PeriphClock                0x08001df1   Thumb Code    12  apm32f0xx_rcm.o(i.RCM_EnableAPB2PeriphClock)
    RCM_EnableAPB2PeriphReset                0x08001e01   Thumb Code    12  apm32f0xx_rcm.o(i.RCM_EnableAPB2PeriphReset)
    RCM_ReadHCLKFreq                         0x08001e11   Thumb Code    40  apm32f0xx_rcm.o(i.RCM_ReadHCLKFreq)
    RCM_ReadPCLKFreq                         0x08001e4d   Thumb Code    38  apm32f0xx_rcm.o(i.RCM_ReadPCLKFreq)
    RCM_ReadSYSCLKFreq                       0x08001e81   Thumb Code   140  apm32f0xx_rcm.o(i.RCM_ReadSYSCLKFreq)
    RCM_ReadUSART1CLKFreq                    0x08001f1d   Thumb Code    78  apm32f0xx_rcm.o(i.RCM_ReadUSART1CLKFreq)
    RCM_ReadUSART2CLKFreq                    0x08001f75   Thumb Code    14  apm32f0xx_rcm.o(i.RCM_ReadUSART2CLKFreq)
    SGM41511_GetChargeCurrentMa              0x08001f83   Thumb Code    54  sgm41511.o(i.SGM41511_GetChargeCurrentMa)
    SGM41511_GetInputCurrentLimitMa          0x08001fb9   Thumb Code    56  sgm41511.o(i.SGM41511_GetInputCurrentLimitMa)
    SGM41511_GetStatus                       0x08001ff1   Thumb Code   170  sgm41511.o(i.SGM41511_GetStatus)
    SGM41511_Probe                           0x0800209b   Thumb Code   106  sgm41511.o(i.SGM41511_Probe)
    SGM41511_ReadFault                       0x08002105   Thumb Code    44  sgm41511.o(i.SGM41511_ReadFault)
    SGM41511_ReadRegister                    0x08002131   Thumb Code    26  sgm41511.o(i.SGM41511_ReadRegister)
    SVC_Handler                              0x0800214b   Thumb Code     2  apm32f0xx_int.o(i.SVC_Handler)
    SYSCFG_EINTLine                          0x0800214d   Thumb Code   188  apm32f0xx_syscfg.o(i.SYSCFG_EINTLine)
    SysTick_Handler                          0x0800234d   Thumb Code     8  apm32f0xx_int.o(i.SysTick_Handler)
    SystemClockConfig                        0x08002431   Thumb Code    12  system_apm32f0xx.o(i.SystemClockConfig)
    SystemCoreClockUpdate                    0x0800243d   Thumb Code   220  system_apm32f0xx.o(i.SystemCoreClockUpdate)
    SystemInit                               0x0800253d   Thumb Code   112  system_apm32f0xx.o(i.SystemInit)
    TMR16_IRQHandler                         0x080025bd   Thumb Code     8  apm32f0xx_int.o(i.TMR16_IRQHandler)
    TMR_ClearStatusFlag                      0x080025c5   Thumb Code     6  apm32f0xx_tmr.o(i.TMR_ClearStatusFlag)
    TMR_ConfigTimeBase                       0x080025cd   Thumb Code   128  apm32f0xx_tmr.o(i.TMR_ConfigTimeBase)
    TMR_ConfigTimeBaseStruct                 0x08002665   Thumb Code    18  apm32f0xx_tmr.o(i.TMR_ConfigTimeBaseStruct)
    TMR_Disable                              0x08002677   Thumb Code    10  apm32f0xx_tmr.o(i.TMR_Disable)
    TMR_Enable                               0x08002681   Thumb Code    12  apm32f0xx_tmr.o(i.TMR_Enable)
    TMR_EnableInterrupt                      0x0800268d   Thumb Code     8  apm32f0xx_tmr.o(i.TMR_EnableInterrupt)
    TMR_ReadStatusFlag                       0x08002695   Thumb Code    18  apm32f0xx_tmr.o(i.TMR_ReadStatusFlag)
    TMR_SetCounter                           0x080026a7   Thumb Code     4  apm32f0xx_tmr.o(i.TMR_SetCounter)
    USART1_IRQHandler                        0x080026ab   Thumb Code     8  apm32f0xx_int.o(i.USART1_IRQHandler)
    USART2_IRQHandler                        0x080026b3   Thumb Code     8  apm32f0xx_int.o(i.USART2_IRQHandler)
    USART3_6_IRQHandler                      0x080026bb   Thumb Code     8  apm32f0xx_int.o(i.USART3_6_IRQHandler)
    USART_ClearStatusFlag                    0x080026c3   Thumb Code     4  apm32f0xx_usart.o(i.USART_ClearStatusFlag)
    USART_Config                             0x080026c9   Thumb Code   214  apm32f0xx_usart.o(i.USART_Config)
    USART_ConfigStructInit                   0x080027b5   Thumb Code    24  apm32f0xx_usart.o(i.USART_ConfigStructInit)
    USART_Enable                             0x080027cd   Thumb Code    12  apm32f0xx_usart.o(i.USART_Enable)
    USART_EnableDMA                          0x080027d9   Thumb Code    58  apm32f0xx_usart.o(i.USART_EnableDMA)
    USART_EnableInterrupt                    0x08002813   Thumb Code    74  apm32f0xx_usart.o(i.USART_EnableInterrupt)
    USART_ReadIntFlag                        0x0800285d   Thumb Code   160  apm32f0xx_usart.o(i.USART_ReadIntFlag)
    USART_ReadStatusFlag                     0x080028fd   Thumb Code    18  apm32f0xx_usart.o(i.USART_ReadStatusFlag)
    USART_RxData                             0x0800290f   Thumb Code    10  apm32f0xx_usart.o(i.USART_RxData)
    USART_TxData                             0x08002919   Thumb Code     8  apm32f0xx_usart.o(i.USART_TxData)
    __ARM_common_switch8                     0x080029e9   Thumb Code    28  apm32f0xx_rtc.o(i.__ARM_common_switch8)
    __scatterload_copy                       0x08002af5   Thumb Code    14  handlers.o(i.__scatterload_copy)
    __scatterload_null                       0x08002b03   Thumb Code     2  handlers.o(i.__scatterload_null)
    __scatterload_zeroinit                   0x08002b05   Thumb Code    14  handlers.o(i.__scatterload_zeroinit)
    main                                     0x08002b15   Thumb Code   156  main.o(i.main)
    Region$$Table$$Base                      0x08002ea0   Number         0  anon$$obj.o(Region$$Table)
    Region$$Table$$Limit                     0x08002ec0   Number         0  anon$$obj.o(Region$$Table)
    SystemCoreClock                          0x20000000   Data           4  system_apm32f0xx.o(.data)
    __initial_sp                             0x20001650   Data           0  startup_apm32f030.o(STACK)



==============================================================================

Memory Map of the image

  Image Entry point : 0x080000b9

  Load Region LR_IROM1 (Base: 0x08000000, Size: 0x00002ee4, Max: 0x00040000, ABSOLUTE)

    Execution Region ER_IROM1 (Exec base: 0x08000000, Load base: 0x08000000, Size: 0x00002ec0, Max: 0x00040000, ABSOLUTE)

    Exec Addr    Load Addr    Size         Type   Attr      Idx    E Section Name        Object

    0x08000000   0x08000000   0x000000b8   Data   RO           70    RESET               startup_apm32f030.o
    0x080000b8   0x080000b8   0x00000000   Code   RO         4857  * .ARM.Collect$$$$00000000  mc_p.l(entry.o)
    0x080000b8   0x080000b8   0x00000004   Code   RO         4862    .ARM.Collect$$$$00000001  mc_p.l(entry2.o)
    0x080000bc   0x080000bc   0x00000004   Code   RO         4865    .ARM.Collect$$$$00000004  mc_p.l(entry5.o)
    0x080000c0   0x080000c0   0x00000000   Code   RO         4867    .ARM.Collect$$$$00000008  mc_p.l(entry7b.o)
    0x080000c0   0x080000c0   0x00000000   Code   RO         4869    .ARM.Collect$$$$0000000A  mc_p.l(entry8b.o)
    0x080000c0   0x080000c0   0x00000008   Code   RO         4870    .ARM.Collect$$$$0000000B  mc_p.l(entry9a.o)
    0x080000c8   0x080000c8   0x00000000   Code   RO         4872    .ARM.Collect$$$$0000000D  mc_p.l(entry10a.o)
    0x080000c8   0x080000c8   0x00000000   Code   RO         4874    .ARM.Collect$$$$0000000F  mc_p.l(entry11a.o)
    0x080000c8   0x080000c8   0x00000004   Code   RO         4863    .ARM.Collect$$$$00002712  mc_p.l(entry2.o)
    0x080000cc   0x080000cc   0x0000001c   Code   RO           71    .text               startup_apm32f030.o
    0x080000e8   0x080000e8   0x0000002c   Code   RO         4860    .text               mc_p.l(uidiv.o)
    0x08000114   0x08000114   0x00000024   Code   RO         4876    .text               mc_p.l(init.o)
    0x08000138   0x08000138   0x0000000c   Code   RO           81    i.ADC_ClearStatusFlag  apm32f0xx_adc.o
    0x08000144   0x08000144   0x00000094   Code   RO           83    i.ADC_Config        apm32f0xx_adc.o
    0x080001d8   0x080001d8   0x00000018   Code   RO           84    i.ADC_ConfigChannel  apm32f0xx_adc.o
    0x080001f0   0x080001f0   0x00000010   Code   RO           85    i.ADC_ConfigStructInit  apm32f0xx_adc.o
    0x08000200   0x08000200   0x00000014   Code   RO          100    i.ADC_Enable        apm32f0xx_adc.o
    0x08000214   0x08000214   0x0000004c   Code   RO          113    i.ADC_ReadCalibrationFactor  apm32f0xx_adc.o
    0x08000260   0x08000260   0x0000000c   Code   RO          114    i.ADC_ReadConversionValue  apm32f0xx_adc.o
    0x0800026c   0x0800026c   0x00000030   Code   RO          116    i.ADC_ReadStatusFlag  apm32f0xx_adc.o
    0x0800029c   0x0800029c   0x00000014   Code   RO          117    i.ADC_Reset         apm32f0xx_adc.o
    0x080002b0   0x080002b0   0x00000014   Code   RO          118    i.ADC_StartConversion  apm32f0xx_adc.o
    0x080002c4   0x080002c4   0x0000002c   Code   RO         4663    i.Adc_ChannelFromInput  bsp_adc.o
    0x080002f0   0x080002f0   0x00000022   Code   RO         4664    i.Adc_ConfigAnalogPin  bsp_adc.o
    0x08000312   0x08000312   0x00000002   PAD
    0x08000314   0x08000314   0x00000090   Code   RO         4665    i.BSP_Adc_Init      bsp_adc.o
    0x080003a4   0x080003a4   0x0000000c   Code   RO         4666    i.BSP_Adc_IsReady   bsp_adc.o
    0x080003b0   0x080003b0   0x00000020   Code   RO         4667    i.BSP_Adc_RawToMillivolts  bsp_adc.o
    0x080003d0   0x080003d0   0x00000050   Code   RO         4668    i.BSP_Adc_ReadAverageRaw  bsp_adc.o
    0x08000420   0x08000420   0x00000074   Code   RO         4671    i.BSP_Adc_ReadRawChecked  bsp_adc.o
    0x08000494   0x08000494   0x000000c0   Code   RO         4287    i.BSP_BoardGpio_Init  bsp_gpio.o
    0x08000554   0x08000554   0x00000024   Code   RO         4288    i.BSP_ChargerInterrupt_Consume  bsp_gpio.o
    0x08000578   0x08000578   0x0000000c   Code   RO         4289    i.BSP_ChargerInterrupt_Count  bsp_gpio.o
    0x08000584   0x08000584   0x00000030   Code   RO         4290    i.BSP_ChargerInterrupt_IRQHandler  bsp_gpio.o
    0x080005b4   0x080005b4   0x00000010   Code   RO         4291    i.BSP_ChargerInterrupt_Read  bsp_gpio.o
    0x080005c4   0x080005c4   0x0000009c   Code   RO         4175    i.BSP_DebugUart_Init  bsp_debug_uart.o
    0x08000660   0x08000660   0x0000001e   Code   RO         4176    i.BSP_DebugUart_Write  bsp_debug_uart.o
    0x0800067e   0x0800067e   0x00000002   PAD
    0x08000680   0x08000680   0x00000020   Code   RO         4177    i.BSP_DebugUart_WriteByte  bsp_debug_uart.o
    0x080006a0   0x080006a0   0x00000024   Code   RO         4178    i.BSP_DebugUart_WriteHex8  bsp_debug_uart.o
    0x080006c4   0x080006c4   0x0000004e   Code   RO         4179    i.BSP_DebugUart_WriteUInt32  bsp_debug_uart.o
    0x08000712   0x08000712   0x00000002   PAD
    0x08000714   0x08000714   0x000000bc   Code   RO         4575    i.BSP_I2C1_Init     bsp_i2c.o
    0x080007d0   0x080007d0   0x00000016   Code   RO         4576    i.BSP_I2C1_ReadRegister  bsp_i2c.o
    0x080007e6   0x080007e6   0x00000002   PAD
    0x080007e8   0x080007e8   0x000000e0   Code   RO         4577    i.BSP_I2C1_ReadRegisters  bsp_i2c.o
    0x080008c8   0x080008c8   0x00000014   Code   RO         4732    i.BSP_Peripherals_Init  bsp_peripherals.o
    0x080008dc   0x080008dc   0x0000000e   Code   RO         4222    i.BSP_RingBuffer_Init  bsp_ring_buffer.o
    0x080008ea   0x080008ea   0x00000006   Code   RO         4223    i.BSP_RingBuffer_OverflowCount  bsp_ring_buffer.o
    0x080008f0   0x080008f0   0x00000030   Code   RO         4225    i.BSP_RingBuffer_Push  bsp_ring_buffer.o
    0x08000920   0x08000920   0x00000024   Code   RO         4226    i.BSP_RingBuffer_PushBlock  bsp_ring_buffer.o
    0x08000944   0x08000944   0x00000008   Code   RO         4228    i.BSP_RingBuffer_Reset  bsp_ring_buffer.o
    0x0800094c   0x0800094c   0x00000054   Code   RO         4744    i.BSP_SelfTest_DumpUartStats  bsp_selftest.o
    0x080009a0   0x080009a0   0x00000558   Code   RO         4745    i.BSP_SelfTest_Run  bsp_selftest.o
    0x08000ef8   0x08000ef8   0x00000016   Code   RO         4127    i.BSP_Tick_Elapsed  bsp_tick.o
    0x08000f0e   0x08000f0e   0x00000002   PAD
    0x08000f10   0x08000f10   0x0000000c   Code   RO         4128    i.BSP_Tick_GetMs    bsp_tick.o
    0x08000f1c   0x08000f1c   0x00000010   Code   RO         4129    i.BSP_Tick_Increment  bsp_tick.o
    0x08000f2c   0x08000f2c   0x0000004c   Code   RO         4130    i.BSP_Tick_Init     bsp_tick.o
    0x08000f78   0x08000f78   0x0000004c   Code   RO         4439    i.BSP_Uart_DmaCh2To3IRQHandler  bsp_uart.o
    0x08000fc4   0x08000fc4   0x0000004c   Code   RO         4440    i.BSP_Uart_DmaCh4To5IRQHandler  bsp_uart.o
    0x08001010   0x08001010   0x00000050   Code   RO         4441    i.BSP_Uart_GetStats  bsp_uart.o
    0x08001060   0x08001060   0x0000027c   Code   RO         4442    i.BSP_Uart_Init     bsp_uart.o
    0x080012dc   0x080012dc   0x0000001a   Code   RO         4443    i.BSP_Uart_OverflowCount  bsp_uart.o
    0x080012f6   0x080012f6   0x00000002   PAD
    0x080012f8   0x080012f8   0x0000006c   Code   RO         4445    i.BSP_Uart_Tmr16IRQHandler  bsp_uart.o
    0x08001364   0x08001364   0x00000038   Code   RO         4446    i.BSP_Uart_Usart1IRQHandler  bsp_uart.o
    0x0800139c   0x0800139c   0x00000038   Code   RO         4447    i.BSP_Uart_Usart2IRQHandler  bsp_uart.o
    0x080013d4   0x080013d4   0x00000100   Code   RO         4448    i.BSP_Uart_Usart3To6IRQHandler  bsp_uart.o
    0x080014d4   0x080014d4   0x00000008   Code   RO         4041    i.DMA1_CH2_3_IRQHandler  apm32f0xx_int.o
    0x080014dc   0x080014dc   0x00000008   Code   RO         4042    i.DMA1_CH4_5_IRQHandler  apm32f0xx_int.o
    0x080014e4   0x080014e4   0x00000014   Code   RO          604    i.DMA_ClearIntFlag  apm32f0xx_dma.o
    0x080014f8   0x080014f8   0x000000a8   Code   RO          606    i.DMA_Config        apm32f0xx_dma.o
    0x080015a0   0x080015a0   0x00000024   Code   RO          607    i.DMA_ConfigRemap   apm32f0xx_dma.o
    0x080015c4   0x080015c4   0x0000001a   Code   RO          608    i.DMA_ConfigStructInit  apm32f0xx_dma.o
    0x080015de   0x080015de   0x0000000a   Code   RO          609    i.DMA_Disable       apm32f0xx_dma.o
    0x080015e8   0x080015e8   0x0000000c   Code   RO          611    i.DMA_Enable        apm32f0xx_dma.o
    0x080015f4   0x080015f4   0x00000008   Code   RO          612    i.DMA_EnableInterrupt  apm32f0xx_dma.o
    0x080015fc   0x080015fc   0x00000006   Code   RO          613    i.DMA_ReadDataNumber  apm32f0xx_dma.o
    0x08001602   0x08001602   0x00000002   PAD
    0x08001604   0x08001604   0x00000020   Code   RO          614    i.DMA_ReadIntFlag   apm32f0xx_dma.o
    0x08001624   0x08001624   0x00000074   Code   RO          616    i.DMA_Reset         apm32f0xx_dma.o
    0x08001698   0x08001698   0x00000004   Code   RO          617    i.DMA_SetDataNumber  apm32f0xx_dma.o
    0x0800169c   0x0800169c   0x00000078   Code   RO         4450    i.Dma_ConfigRx      bsp_uart.o
    0x08001714   0x08001714   0x00000048   Code   RO         4451    i.Dma_FlushToRing   bsp_uart.o
    0x0800175c   0x0800175c   0x00000008   Code   RO         4043    i.EINT4_15_IRQHandler  apm32f0xx_int.o
    0x08001764   0x08001764   0x0000000c   Code   RO          705    i.EINT_ClearIntFlag  apm32f0xx_eint.o
    0x08001770   0x08001770   0x0000009c   Code   RO          707    i.EINT_Config       apm32f0xx_eint.o
    0x0800180c   0x0800180c   0x00000010   Code   RO          708    i.EINT_ConfigStructInit  apm32f0xx_eint.o
    0x0800181c   0x0800181c   0x00000028   Code   RO          709    i.EINT_ReadIntFlag  apm32f0xx_eint.o
    0x08001844   0x08001844   0x0000005c   Code   RO         4452    i.Flow_QueueFrameLength  bsp_uart.o
    0x080018a0   0x080018a0   0x00000024   Code   RO         4453    i.Flow_RestartGapTimer  bsp_uart.o
    0x080018c4   0x080018c4   0x00000004   Code   RO          991    i.GPIO_ClearBit     apm32f0xx_gpio.o
    0x080018c8   0x080018c8   0x0000008a   Code   RO          992    i.GPIO_Config       apm32f0xx_gpio.o
    0x08001952   0x08001952   0x00000002   PAD
    0x08001954   0x08001954   0x00000048   Code   RO         4301    i.GPIO_ConfigChargerInterrupt  bsp_gpio.o
    0x0800199c   0x0800199c   0x00000026   Code   RO         4302    i.GPIO_ConfigInput  bsp_gpio.o
    0x080019c2   0x080019c2   0x0000003e   Code   RO         4303    i.GPIO_ConfigOutput  bsp_gpio.o
    0x08001a00   0x08001a00   0x00000046   Code   RO          993    i.GPIO_ConfigPinAF  apm32f0xx_gpio.o
    0x08001a46   0x08001a46   0x00000016   Code   RO          995    i.GPIO_ConfigStructInit  apm32f0xx_gpio.o
    0x08001a5c   0x08001a5c   0x00000014   Code   RO          996    i.GPIO_ReadInputBit  apm32f0xx_gpio.o
    0x08001a70   0x08001a70   0x00000004   Code   RO         1001    i.GPIO_SetBit       apm32f0xx_gpio.o
    0x08001a74   0x08001a74   0x00000004   Code   RO         4044    i.HardFault_Handler  apm32f0xx_int.o
    0x08001a78   0x08001a78   0x00000020   Code   RO         4579    i.I2C_AbortTransfer  bsp_i2c.o
    0x08001a98   0x08001a98   0x00000074   Code   RO         4580    i.I2C_ClearErrorFlags  bsp_i2c.o
    0x08001b0c   0x08001b0c   0x00000004   Code   RO         1086    i.I2C_ClearIntFlag  apm32f0xx_i2c.o
    0x08001b10   0x08001b10   0x0000001c   Code   RO         4581    i.I2C_ClearStop     bsp_i2c.o
    0x08001b2c   0x08001b2c   0x0000009c   Code   RO         1088    i.I2C_Config        apm32f0xx_i2c.o
    0x08001bc8   0x08001bc8   0x00000016   Code   RO         1091    i.I2C_ConfigStructInit  apm32f0xx_i2c.o
    0x08001bde   0x08001bde   0x0000000c   Code   RO         1116    i.I2C_Enable        apm32f0xx_i2c.o
    0x08001bea   0x08001bea   0x0000000e   Code   RO         1126    i.I2C_EnableGenerateStop  apm32f0xx_i2c.o
    0x08001bf8   0x08001bf8   0x0000002c   Code   RO         1138    i.I2C_HandlingTransfer  apm32f0xx_i2c.o
    0x08001c24   0x08001c24   0x00000016   Code   RO         1144    i.I2C_ReadStatusFlag  apm32f0xx_i2c.o
    0x08001c3a   0x08001c3a   0x00000002   PAD
    0x08001c3c   0x08001c3c   0x00000020   Code   RO         4582    i.I2C_RecordError   bsp_i2c.o
    0x08001c5c   0x08001c5c   0x00000034   Code   RO         1146    i.I2C_Reset         apm32f0xx_i2c.o
    0x08001c90   0x08001c90   0x00000008   Code   RO         1147    i.I2C_RxData        apm32f0xx_i2c.o
    0x08001c98   0x08001c98   0x00000004   Code   RO         1150    i.I2C_TxData        apm32f0xx_i2c.o
    0x08001c9c   0x08001c9c   0x0000000e   Code   RO         4583    i.I2C_WaitBusIdle   bsp_i2c.o
    0x08001caa   0x08001caa   0x00000002   PAD
    0x08001cac   0x08001cac   0x0000007c   Code   RO         4584    i.I2C_WaitFlag      bsp_i2c.o
    0x08001d28   0x08001d28   0x00000002   Code   RO         4045    i.NMI_Handler       apm32f0xx_int.o
    0x08001d2a   0x08001d2a   0x00000002   PAD
    0x08001d2c   0x08001d2c   0x00000024   Code   RO         1558    i.NVIC_DisableIRQRequest  apm32f0xx_misc.o
    0x08001d50   0x08001d50   0x00000030   Code   RO         1560    i.NVIC_EnableIRQRequest  apm32f0xx_misc.o
    0x08001d80   0x08001d80   0x00000002   Code   RO         4046    i.PendSV_Handler    apm32f0xx_int.o
    0x08001d82   0x08001d82   0x00000002   PAD
    0x08001d84   0x08001d84   0x0000001c   Code   RO         1775    i.RCM_ConfigI2CCLK  apm32f0xx_rcm.o
    0x08001da0   0x08001da0   0x00000010   Code   RO         1784    i.RCM_DisableAPB1PeriphReset  apm32f0xx_rcm.o
    0x08001db0   0x08001db0   0x00000010   Code   RO         1786    i.RCM_DisableAPB2PeriphReset  apm32f0xx_rcm.o
    0x08001dc0   0x08001dc0   0x00000010   Code   RO         1796    i.RCM_EnableAHBPeriphClock  apm32f0xx_rcm.o
    0x08001dd0   0x08001dd0   0x00000010   Code   RO         1798    i.RCM_EnableAPB1PeriphClock  apm32f0xx_rcm.o
    0x08001de0   0x08001de0   0x00000010   Code   RO         1799    i.RCM_EnableAPB1PeriphReset  apm32f0xx_rcm.o
    0x08001df0   0x08001df0   0x00000010   Code   RO         1800    i.RCM_EnableAPB2PeriphClock  apm32f0xx_rcm.o
    0x08001e00   0x08001e00   0x00000010   Code   RO         1801    i.RCM_EnableAPB2PeriphReset  apm32f0xx_rcm.o
    0x08001e10   0x08001e10   0x0000003c   Code   RO         1812    i.RCM_ReadHCLKFreq  apm32f0xx_rcm.o
    0x08001e4c   0x08001e4c   0x00000034   Code   RO         1815    i.RCM_ReadPCLKFreq  apm32f0xx_rcm.o
    0x08001e80   0x08001e80   0x0000009c   Code   RO         1816    i.RCM_ReadSYSCLKFreq  apm32f0xx_rcm.o
    0x08001f1c   0x08001f1c   0x00000058   Code   RO         1819    i.RCM_ReadUSART1CLKFreq  apm32f0xx_rcm.o
    0x08001f74   0x08001f74   0x0000000e   Code   RO         1820    i.RCM_ReadUSART2CLKFreq  apm32f0xx_rcm.o
    0x08001f82   0x08001f82   0x00000036   Code   RO         4786    i.SGM41511_GetChargeCurrentMa  sgm41511.o
    0x08001fb8   0x08001fb8   0x00000038   Code   RO         4787    i.SGM41511_GetInputCurrentLimitMa  sgm41511.o
    0x08001ff0   0x08001ff0   0x000000aa   Code   RO         4788    i.SGM41511_GetStatus  sgm41511.o
    0x0800209a   0x0800209a   0x0000006a   Code   RO         4789    i.SGM41511_Probe    sgm41511.o
    0x08002104   0x08002104   0x0000002c   Code   RO         4790    i.SGM41511_ReadFault  sgm41511.o
    0x08002130   0x08002130   0x0000001a   Code   RO         4791    i.SGM41511_ReadRegister  sgm41511.o
    0x0800214a   0x0800214a   0x00000002   Code   RO         4047    i.SVC_Handler       apm32f0xx_int.o
    0x0800214c   0x0800214c   0x000000c0   Code   RO         2791    i.SYSCFG_EINTLine   apm32f0xx_syscfg.o
    0x0800220c   0x0800220c   0x0000009c   Code   RO         4746    i.SelfTest_PrintAdc  bsp_selftest.o
    0x080022a8   0x080022a8   0x0000000c   Code   RO         4747    i.SelfTest_PrintDec  bsp_selftest.o
    0x080022b4   0x080022b4   0x0000000c   Code   RO         4748    i.SelfTest_PrintHex8  bsp_selftest.o
    0x080022c0   0x080022c0   0x0000008c   Code   RO         4749    i.SelfTest_PrintOneUart  bsp_selftest.o
    0x0800234c   0x0800234c   0x00000008   Code   RO         4048    i.SysTick_Handler   apm32f0xx_int.o
    0x08002354   0x08002354   0x000000dc   Code   RO            3    i.SystemClock48M    system_apm32f0xx.o
    0x08002430   0x08002430   0x0000000c   Code   RO            4    i.SystemClockConfig  system_apm32f0xx.o
    0x0800243c   0x0800243c   0x00000100   Code   RO            5    i.SystemCoreClockUpdate  system_apm32f0xx.o
    0x0800253c   0x0800253c   0x00000080   Code   RO            6    i.SystemInit        system_apm32f0xx.o
    0x080025bc   0x080025bc   0x00000008   Code   RO         4049    i.TMR16_IRQHandler  apm32f0xx_int.o
    0x080025c4   0x080025c4   0x00000006   Code   RO         2879    i.TMR_ClearStatusFlag  apm32f0xx_tmr.o
    0x080025ca   0x080025ca   0x00000002   PAD
    0x080025cc   0x080025cc   0x00000098   Code   RO         2893    i.TMR_ConfigTimeBase  apm32f0xx_tmr.o
    0x08002664   0x08002664   0x00000012   Code   RO         2894    i.TMR_ConfigTimeBaseStruct  apm32f0xx_tmr.o
    0x08002676   0x08002676   0x0000000a   Code   RO         2896    i.TMR_Disable       apm32f0xx_tmr.o
    0x08002680   0x08002680   0x0000000c   Code   RO         2909    i.TMR_Enable        apm32f0xx_tmr.o
    0x0800268c   0x0800268c   0x00000008   Code   RO         2917    i.TMR_EnableInterrupt  apm32f0xx_tmr.o
    0x08002694   0x08002694   0x00000012   Code   RO         2957    i.TMR_ReadStatusFlag  apm32f0xx_tmr.o
    0x080026a6   0x080026a6   0x00000004   Code   RO         2971    i.TMR_SetCounter    apm32f0xx_tmr.o
    0x080026aa   0x080026aa   0x00000008   Code   RO         4050    i.USART1_IRQHandler  apm32f0xx_int.o
    0x080026b2   0x080026b2   0x00000008   Code   RO         4051    i.USART2_IRQHandler  apm32f0xx_int.o
    0x080026ba   0x080026ba   0x00000008   Code   RO         4052    i.USART3_6_IRQHandler  apm32f0xx_int.o
    0x080026c2   0x080026c2   0x00000004   Code   RO         3521    i.USART_ClearStatusFlag  apm32f0xx_usart.o
    0x080026c6   0x080026c6   0x00000002   PAD
    0x080026c8   0x080026c8   0x000000ec   Code   RO         3522    i.USART_Config      apm32f0xx_usart.o
    0x080027b4   0x080027b4   0x00000018   Code   RO         3530    i.USART_ConfigStructInit  apm32f0xx_usart.o
    0x080027cc   0x080027cc   0x0000000c   Code   RO         3551    i.USART_Enable      apm32f0xx_usart.o
    0x080027d8   0x080027d8   0x0000003a   Code   RO         3554    i.USART_EnableDMA   apm32f0xx_usart.o
    0x08002812   0x08002812   0x0000004a   Code   RO         3558    i.USART_EnableInterrupt  apm32f0xx_usart.o
    0x0800285c   0x0800285c   0x000000a0   Code   RO         3567    i.USART_ReadIntFlag  apm32f0xx_usart.o
    0x080028fc   0x080028fc   0x00000012   Code   RO         3568    i.USART_ReadStatusFlag  apm32f0xx_usart.o
    0x0800290e   0x0800290e   0x0000000a   Code   RO         3571    i.USART_RxData      apm32f0xx_usart.o
    0x08002918   0x08002918   0x00000008   Code   RO         3572    i.USART_TxData      apm32f0xx_usart.o
    0x08002920   0x08002920   0x00000038   Code   RO         4454    i.Uart_Config       bsp_uart.o
    0x08002958   0x08002958   0x0000004e   Code   RO         4455    i.Uart_ConfigPins   bsp_uart.o
    0x080029a6   0x080029a6   0x00000002   PAD
    0x080029a8   0x080029a8   0x00000040   Code   RO         4457    i.Uart_GetRing      bsp_uart.o
    0x080029e8   0x080029e8   0x0000001c   Code   RO         2520    i.__ARM_common_switch8  apm32f0xx_rtc.o
    0x08002a04   0x08002a04   0x00000078   Code   RO         1566    i.__NVIC_SetPriority  apm32f0xx_misc.o
    0x08002a7c   0x08002a7c   0x00000078   Code   RO         4131    i.__NVIC_SetPriority  bsp_tick.o
    0x08002af4   0x08002af4   0x0000000e   Code   RO         4880    i.__scatterload_copy  mc_p.l(handlers.o)
    0x08002b02   0x08002b02   0x00000002   Code   RO         4881    i.__scatterload_null  mc_p.l(handlers.o)
    0x08002b04   0x08002b04   0x0000000e   Code   RO         4882    i.__scatterload_zeroinit  mc_p.l(handlers.o)
    0x08002b12   0x08002b12   0x00000002   PAD
    0x08002b14   0x08002b14   0x000002dc   Code   RO         4004    i.main              main.o
    0x08002df0   0x08002df0   0x00000011   Data   RO         4180    .constdata          bsp_debug_uart.o
    0x08002e01   0x08002e01   0x00000003   PAD
    0x08002e04   0x08002e04   0x00000044   Data   RO         4005    .conststring        main.o
    0x08002e48   0x08002e48   0x00000058   Data   RO         4750    .conststring        bsp_selftest.o
    0x08002ea0   0x08002ea0   0x00000020   Data   RO         4878    Region$$Table       anon$$obj.o


    Execution Region RW_IRAM1 (Exec base: 0x20000000, Load base: 0x08002ec0, Size: 0x00001650, Max: 0x00008000, ABSOLUTE)

    Exec Addr    Load Addr    Size         Type   Attr      Idx    E Section Name        Object

    0x20000000   0x08002ec0   0x00000004   Data   RW            7    .data               system_apm32f0xx.o
    0x20000004   0x08002ec4   0x00000004   Data   RW         4132    .data               bsp_tick.o
    0x20000008   0x08002ec8   0x00000005   Data   RW         4304    .data               bsp_gpio.o
    0x2000000d   0x08002ecd   0x00000003   PAD
    0x20000010   0x08002ed0   0x0000000c   Data   RW         4459    .data               bsp_uart.o
    0x2000001c   0x08002edc   0x00000004   Data   RW         4585    .data               bsp_i2c.o
    0x20000020   0x08002ee0   0x00000001   Data   RW         4672    .data               bsp_adc.o
    0x20000021   0x08002ee1   0x00000003   PAD
    0x20000024        -       0x00001228   Zero   RW         4458    .bss                bsp_uart.o
    0x2000124c   0x08002ee1   0x00000004   PAD
    0x20001250        -       0x00000400   Zero   RW           68    STACK               startup_apm32f030.o


==============================================================================

Image component sizes


      Code (inc. data)   RO Data    RW Data    ZI Data      Debug   Object Name

       396         38          0          0          0      14796   apm32f0xx_adc.o
       438         14          0          0          0      15949   apm32f0xx_dma.o
       224         16          0          0          0       4693   apm32f0xx_eint.o
       258          0          0          0          0       6559   apm32f0xx_gpio.o
       338         20          0          0          0      10907   apm32f0xx_i2c.o
        74          0          0          0          0       6494   apm32f0xx_int.o
       204         20          0          0          0      10193   apm32f0xx_misc.o
       510         94          0          0          0       8503   apm32f0xx_rcm.o
        28          0          0          0          0         76   apm32f0xx_rtc.o
       192          4          0          0          0       2814   apm32f0xx_syscfg.o
       228         24          0          0          0      12361   apm32f0xx_tmr.o
       604         22          0          0          0      11418   apm32f0xx_usart.o
       462         44          0          1          0       6001   bsp_adc.o
       332         16         17          0          0       3151   bsp_debug_uart.o
       476         36          0          5          0       5475   bsp_gpio.o
       780         48          0          4          0       6437   bsp_i2c.o
        20          0          0          0          0        523   bsp_peripherals.o
       112          0          0          0          0       4157   bsp_ring_buffer.o
      1772        882         88          0          0       5976   bsp_selftest.o
       246         36          0          4          0      11561   bsp_tick.o
      1888        348          0         12       4648      12341   bsp_uart.o
       732        576         68          0          0       1123   main.o
       456          0          0          0          0       5767   sgm41511.o
        28          8        184          0       1024        752   startup_apm32f030.o
       616         62          0          4          0      46239   system_apm32f0xx.o

    ----------------------------------------------------------------------
     11444       2308        392         36       5676     214266   Object Totals
         0          0         32          0          0          0   (incl. Generated)
        30          0          3          6          4          0   (incl. Padding)

    ----------------------------------------------------------------------

      Code (inc. data)   RO Data    RW Data    ZI Data      Debug   Library Member Name

         0          0          0          0          0          0   entry.o
         0          0          0          0          0          0   entry10a.o
         0          0          0          0          0          0   entry11a.o
         8          4          0          0          0          0   entry2.o
         4          0          0          0          0          0   entry5.o
         0          0          0          0          0          0   entry7b.o
         0          0          0          0          0          0   entry8b.o
         8          4          0          0          0          0   entry9a.o
        30          0          0          0          0          0   handlers.o
        36          8          0          0          0         68   init.o
        44          0          0          0          0         72   uidiv.o

    ----------------------------------------------------------------------
       132         16          0          0          0        140   Library Totals
         2          0          0          0          0          0   (incl. Padding)

    ----------------------------------------------------------------------

      Code (inc. data)   RO Data    RW Data    ZI Data      Debug   Library Name

       130         16          0          0          0        140   mc_p.l

    ----------------------------------------------------------------------
       132         16          0          0          0        140   Library Totals

    ----------------------------------------------------------------------

==============================================================================


      Code (inc. data)   RO Data    RW Data    ZI Data      Debug   

     11576       2324        392         36       5676     207650   Grand Totals
     11576       2324        392         36       5676     207650   ELF Image Totals
     11576       2324        392         36          0          0   ROM Totals

==============================================================================

    Total RO  Size (Code + RO Data)                11968 (  11.69kB)
    Total RW  Size (RW Data + ZI Data)              5712 (   5.58kB)
    Total ROM Size (Code + RO Data + RW Data)      12004 (  11.72kB)

==============================================================================

