<html>
<body>
<pre>
<h1>µVision Build Log</h1>
<h2>Tool Versions:</h2>
IDE-Version: ¶ÃVision V5.39.0.0
Copyright (C) 2023 ARM Ltd and ARM Germany GmbH. All rights reserved.
License Information: 8632 5, 9, LIC=YA39H-WRM31-KP0ZY-I19QP-U1XV9-RVPGJ
 
Tool Versions:
Toolchain:       MDK-ARM Plus  Version: 5.39.0.0
Toolchain Path:  D:\soft\codeSoft\Keil_v5\ARM\ARMCC\Bin
C Compiler:      Armcc.exe V5.06 update 6 (build 750)
Assembler:       Armasm.exe V5.06 update 6 (build 750)
Linker/Locator:  ArmLink.exe V5.06 update 6 (build 750)
Library Manager: ArmAr.exe V5.06 update 6 (build 750)
Hex Converter:   FromElf.exe V5.06 update 6 (build 750)
CPU DLL:         SARMCM3.DLL V5.39.0.0
Dialog DLL:      DARMCM1.DLL V1.19.6.0
Target DLL:      UL2CM3.DLL V1.164.9.0
Dialog DLL:      TARMCM1.DLL V1.14.6.0
 
<h2>Project:</h2>
F:\work-2026\ø®≥µ”Õ¡øº∆\work\code\APM32F0xx_SDK_V1.8.7\Applications\TankerFlow\Firmware\Project\MDK\TankerFlow.uvprojx
Project File Date:  09/20/2026

<h2>Output:</h2>
*** Using Compiler 'V5.06 update 6 (build 750)', folder: 'D:\soft\codeSoft\Keil_v5\ARM\ARMCC\Bin'
Rebuild target 'APM32F030RC'
assembling startup_apm32f030.s...
compiling apm32f0xx_dac.c...
compiling apm32f0xx_dma.c...
compiling apm32f0xx_crs.c...
compiling apm32f0xx_cec.c...
compiling apm32f0xx_fmc.c...
compiling apm32f0xx_crc.c...
compiling apm32f0xx_dbg.c...
compiling apm32f0xx_eint.c...
compiling system_apm32f0xx.c...
compiling apm32f0xx_adc.c...
compiling apm32f0xx_can.c...
compiling apm32f0xx_gpio.c...
compiling apm32f0xx_i2c.c...
compiling apm32f0xx_comp.c...
compiling apm32f0xx_wwdt.c...
compiling apm32f0xx_int.c...
compiling apm32f0xx_iwdt.c...
compiling apm32f0xx_rtc.c...
compiling apm32f0xx_rcm.c...
compiling apm32f0xx_misc.c...
compiling apm32f0xx_spi.c...
compiling apm32f0xx_ob.c...
compiling apm32f0xx_pmu.c...
compiling Board.c...
compiling apm32f0xx_syscfg.c...
compiling apm32f0xx_usart.c...
compiling apm32f0xx_tmr.c...
compiling main.c...
compiling bsp_tick.c...
compiling bsp_debug_uart.c...
linking...
Program Size: Code=2392 RO-data=216 RW-data=8 ZI-data=1024  
FromELF: creating hex file...
".\Out\APM32F030RC\TankerFlow.axf" - 0 Error(s), 0 Warning(s).

<h2>Software Packages used:</h2>

Package Vendor: Geehy
                https://global.geehy.com/uploads/tool/Geehy.APM32F0xx_DFP.1.1.4.pack
                Geehy::APM32F0xx_DFP@1.1.4
                Geehy Semiconductor APM32F0xx Series Device Support

<h2>Collection of Component include folders:</h2>
  D:/soft/codeSoft/keil_pack/Geehy/APM32F0xx_DFP/1.1.4/Device/Device/Geehy/APM32F0xx/Include

<h2>Collection of Component Files used:</h2>
Build Time Elapsed:  00:00:06
</pre>
</body>
</html>
