<!doctype html public "-//w3c//dtd html 4.0 transitional//en">
<html><head>
<title>Static Call Graph - [.\Out\APM32F030RC\TankerFlow.axf]</title></head>
<body><HR>
<H1>Static Call Graph for image .\Out\APM32F030RC\TankerFlow.axf</H1><HR>
<BR><P>#&#060CALLGRAPH&#062# ARM Linker, 5060750: Last Updated: Sun Sep 20 15:02:35 2026
<BR><P>
<H3>Maximum Stack Usage =        228 bytes + Unknown(Cycles, Untraceable Function Pointers)</H3><H3>
Call chain for Maximum Stack Depth:</H3>
main &rArr; BSP_Peripherals_Init &rArr; BSP_Uart_Init &rArr; Uart_Config &rArr; USART_Config &rArr; RCM_ReadUSART2CLKFreq &rArr; RCM_ReadPCLKFreq &rArr; RCM_ReadHCLKFreq &rArr; RCM_ReadSYSCLKFreq &rArr; __aeabi_uidivmod
<P>
<H3>
Mutually Recursive functions
</H3> <LI><a href="#[10]">ADC1_IRQHandler</a>&nbsp;&nbsp;&nbsp;&rArr;&nbsp;&nbsp;&nbsp;<a href="#[10]">ADC1_IRQHandler</a><BR>
</UL>
<P>
<H3>
Function Pointers
</H3><UL>
 <LI><a href="#[10]">ADC1_IRQHandler</a> from startup_apm32f030.o(.text) referenced from startup_apm32f030.o(RESET)
 <LI><a href="#[d]">DMA1_CH1_IRQHandler</a> from startup_apm32f030.o(.text) referenced from startup_apm32f030.o(RESET)
 <LI><a href="#[e]">DMA1_CH2_3_IRQHandler</a> from apm32f0xx_int.o(i.DMA1_CH2_3_IRQHandler) referenced from startup_apm32f030.o(RESET)
 <LI><a href="#[f]">DMA1_CH4_5_IRQHandler</a> from apm32f0xx_int.o(i.DMA1_CH4_5_IRQHandler) referenced from startup_apm32f030.o(RESET)
 <LI><a href="#[a]">EINT0_1_IRQHandler</a> from startup_apm32f030.o(.text) referenced from startup_apm32f030.o(RESET)
 <LI><a href="#[b]">EINT2_3_IRQHandler</a> from startup_apm32f030.o(.text) referenced from startup_apm32f030.o(RESET)
 <LI><a href="#[c]">EINT4_15_IRQHandler</a> from apm32f0xx_int.o(i.EINT4_15_IRQHandler) referenced from startup_apm32f030.o(RESET)
 <LI><a href="#[8]">FLASH_IRQHandler</a> from startup_apm32f030.o(.text) referenced from startup_apm32f030.o(RESET)
 <LI><a href="#[2]">HardFault_Handler</a> from apm32f0xx_int.o(i.HardFault_Handler) referenced from startup_apm32f030.o(RESET)
 <LI><a href="#[1a]">I2C1_IRQHandler</a> from startup_apm32f030.o(.text) referenced from startup_apm32f030.o(RESET)
 <LI><a href="#[1b]">I2C2_IRQHandler</a> from startup_apm32f030.o(.text) referenced from startup_apm32f030.o(RESET)
 <LI><a href="#[1]">NMI_Handler</a> from apm32f0xx_int.o(i.NMI_Handler) referenced from startup_apm32f030.o(RESET)
 <LI><a href="#[4]">PendSV_Handler</a> from apm32f0xx_int.o(i.PendSV_Handler) referenced from startup_apm32f030.o(RESET)
 <LI><a href="#[9]">RCM_IRQHandler</a> from startup_apm32f030.o(.text) referenced from startup_apm32f030.o(RESET)
 <LI><a href="#[7]">RTC_IRQHandler</a> from startup_apm32f030.o(.text) referenced from startup_apm32f030.o(RESET)
 <LI><a href="#[0]">Reset_Handler</a> from startup_apm32f030.o(.text) referenced from startup_apm32f030.o(RESET)
 <LI><a href="#[1c]">SPI1_IRQHandler</a> from startup_apm32f030.o(.text) referenced from startup_apm32f030.o(RESET)
 <LI><a href="#[1d]">SPI2_IRQHandler</a> from startup_apm32f030.o(.text) referenced from startup_apm32f030.o(RESET)
 <LI><a href="#[3]">SVC_Handler</a> from apm32f0xx_int.o(i.SVC_Handler) referenced from startup_apm32f030.o(RESET)
 <LI><a href="#[5]">SysTick_Handler</a> from apm32f0xx_int.o(i.SysTick_Handler) referenced from startup_apm32f030.o(RESET)
 <LI><a href="#[22]">SystemInit</a> from system_apm32f0xx.o(i.SystemInit) referenced from startup_apm32f030.o(.text)
 <LI><a href="#[16]">TMR14_IRQHandler</a> from startup_apm32f030.o(.text) referenced from startup_apm32f030.o(RESET)
 <LI><a href="#[17]">TMR15_IRQHandler</a> from startup_apm32f030.o(.text) referenced from startup_apm32f030.o(RESET)
 <LI><a href="#[18]">TMR16_IRQHandler</a> from apm32f0xx_int.o(i.TMR16_IRQHandler) referenced from startup_apm32f030.o(RESET)
 <LI><a href="#[19]">TMR17_IRQHandler</a> from startup_apm32f030.o(.text) referenced from startup_apm32f030.o(RESET)
 <LI><a href="#[11]">TMR1_BRK_UP_TRG_COM_IRQHandler</a> from startup_apm32f030.o(.text) referenced from startup_apm32f030.o(RESET)
 <LI><a href="#[12]">TMR1_CC_IRQHandler</a> from startup_apm32f030.o(.text) referenced from startup_apm32f030.o(RESET)
 <LI><a href="#[13]">TMR3_IRQHandler</a> from startup_apm32f030.o(.text) referenced from startup_apm32f030.o(RESET)
 <LI><a href="#[14]">TMR6_IRQHandler</a> from startup_apm32f030.o(.text) referenced from startup_apm32f030.o(RESET)
 <LI><a href="#[15]">TMR7_IRQHandler</a> from startup_apm32f030.o(.text) referenced from startup_apm32f030.o(RESET)
 <LI><a href="#[1e]">USART1_IRQHandler</a> from apm32f0xx_int.o(i.USART1_IRQHandler) referenced from startup_apm32f030.o(RESET)
 <LI><a href="#[1f]">USART2_IRQHandler</a> from apm32f0xx_int.o(i.USART2_IRQHandler) referenced from startup_apm32f030.o(RESET)
 <LI><a href="#[20]">USART3_6_IRQHandler</a> from apm32f0xx_int.o(i.USART3_6_IRQHandler) referenced from startup_apm32f030.o(RESET)
 <LI><a href="#[6]">WWDT_IRQHandler</a> from startup_apm32f030.o(.text) referenced from startup_apm32f030.o(RESET)
 <LI><a href="#[23]">__main</a> from entry.o(.ARM.Collect$$$$00000000) referenced from startup_apm32f030.o(.text)
 <LI><a href="#[21]">main</a> from main.o(i.main) referenced from entry9a.o(.ARM.Collect$$$$0000000B)
</UL>
<P>
<H3>
Global Symbols
</H3>
<P><STRONG><a name="[23]"></a>__main</STRONG> (Thumb, 0 bytes, Stack size unknown bytes, entry.o(.ARM.Collect$$$$00000000))
<BR>[Address Reference Count : 1]<UL><LI> startup_apm32f030.o(.text)
</UL>
<P><STRONG><a name="[bc]"></a>_main_stk</STRONG> (Thumb, 0 bytes, Stack size unknown bytes, entry2.o(.ARM.Collect$$$$00000001))

<P><STRONG><a name="[24]"></a>_main_scatterload</STRONG> (Thumb, 0 bytes, Stack size unknown bytes, entry5.o(.ARM.Collect$$$$00000004))
<BR><BR>[Calls]<UL><LI><a href="#[25]">&gt;&gt;</a>&nbsp;&nbsp;&nbsp;__scatterload
</UL>

<P><STRONG><a name="[26]"></a>__main_after_scatterload</STRONG> (Thumb, 0 bytes, Stack size unknown bytes, entry5.o(.ARM.Collect$$$$00000004))
<BR><BR>[Called By]<UL><LI><a href="#[25]">&gt;&gt;</a>&nbsp;&nbsp;&nbsp;__scatterload
</UL>

<P><STRONG><a name="[bd]"></a>_main_clock</STRONG> (Thumb, 0 bytes, Stack size unknown bytes, entry7b.o(.ARM.Collect$$$$00000008))

<P><STRONG><a name="[be]"></a>_main_cpp_init</STRONG> (Thumb, 0 bytes, Stack size unknown bytes, entry8b.o(.ARM.Collect$$$$0000000A))

<P><STRONG><a name="[bf]"></a>_main_init</STRONG> (Thumb, 0 bytes, Stack size unknown bytes, entry9a.o(.ARM.Collect$$$$0000000B))

<P><STRONG><a name="[c0]"></a>__rt_final_cpp</STRONG> (Thumb, 0 bytes, Stack size unknown bytes, entry10a.o(.ARM.Collect$$$$0000000D))

<P><STRONG><a name="[c1]"></a>__rt_final_exit</STRONG> (Thumb, 0 bytes, Stack size unknown bytes, entry11a.o(.ARM.Collect$$$$0000000F))

<P><STRONG><a name="[0]"></a>Reset_Handler</STRONG> (Thumb, 8 bytes, Stack size 0 bytes, startup_apm32f030.o(.text))
<BR>[Address Reference Count : 1]<UL><LI> startup_apm32f030.o(RESET)
</UL>
<P><STRONG><a name="[10]"></a>ADC1_IRQHandler</STRONG> (Thumb, 0 bytes, Stack size 0 bytes, startup_apm32f030.o(.text))
<BR><BR>[Calls]<UL><LI><a href="#[10]">&gt;&gt;</a>&nbsp;&nbsp;&nbsp;ADC1_IRQHandler
</UL>
<BR>[Called By]<UL><LI><a href="#[10]">&gt;&gt;</a>&nbsp;&nbsp;&nbsp;ADC1_IRQHandler
</UL>
<BR>[Address Reference Count : 1]<UL><LI> startup_apm32f030.o(RESET)
</UL>
<P><STRONG><a name="[d]"></a>DMA1_CH1_IRQHandler</STRONG> (Thumb, 0 bytes, Stack size 0 bytes, startup_apm32f030.o(.text))
<BR>[Address Reference Count : 1]<UL><LI> startup_apm32f030.o(RESET)
</UL>
<P><STRONG><a name="[a]"></a>EINT0_1_IRQHandler</STRONG> (Thumb, 0 bytes, Stack size 0 bytes, startup_apm32f030.o(.text))
<BR>[Address Reference Count : 1]<UL><LI> startup_apm32f030.o(RESET)
</UL>
<P><STRONG><a name="[b]"></a>EINT2_3_IRQHandler</STRONG> (Thumb, 0 bytes, Stack size 0 bytes, startup_apm32f030.o(.text))
<BR>[Address Reference Count : 1]<UL><LI> startup_apm32f030.o(RESET)
</UL>
<P><STRONG><a name="[8]"></a>FLASH_IRQHandler</STRONG> (Thumb, 0 bytes, Stack size 0 bytes, startup_apm32f030.o(.text))
<BR>[Address Reference Count : 1]<UL><LI> startup_apm32f030.o(RESET)
</UL>
<P><STRONG><a name="[1a]"></a>I2C1_IRQHandler</STRONG> (Thumb, 0 bytes, Stack size 0 bytes, startup_apm32f030.o(.text))
<BR>[Address Reference Count : 1]<UL><LI> startup_apm32f030.o(RESET)
</UL>
<P><STRONG><a name="[1b]"></a>I2C2_IRQHandler</STRONG> (Thumb, 0 bytes, Stack size 0 bytes, startup_apm32f030.o(.text))
<BR>[Address Reference Count : 1]<UL><LI> startup_apm32f030.o(RESET)
</UL>
<P><STRONG><a name="[9]"></a>RCM_IRQHandler</STRONG> (Thumb, 0 bytes, Stack size 0 bytes, startup_apm32f030.o(.text))
<BR>[Address Reference Count : 1]<UL><LI> startup_apm32f030.o(RESET)
</UL>
<P><STRONG><a name="[7]"></a>RTC_IRQHandler</STRONG> (Thumb, 0 bytes, Stack size 0 bytes, startup_apm32f030.o(.text))
<BR>[Address Reference Count : 1]<UL><LI> startup_apm32f030.o(RESET)
</UL>
<P><STRONG><a name="[1c]"></a>SPI1_IRQHandler</STRONG> (Thumb, 0 bytes, Stack size 0 bytes, startup_apm32f030.o(.text))
<BR>[Address Reference Count : 1]<UL><LI> startup_apm32f030.o(RESET)
</UL>
<P><STRONG><a name="[1d]"></a>SPI2_IRQHandler</STRONG> (Thumb, 0 bytes, Stack size 0 bytes, startup_apm32f030.o(.text))
<BR>[Address Reference Count : 1]<UL><LI> startup_apm32f030.o(RESET)
</UL>
<P><STRONG><a name="[16]"></a>TMR14_IRQHandler</STRONG> (Thumb, 0 bytes, Stack size 0 bytes, startup_apm32f030.o(.text))
<BR>[Address Reference Count : 1]<UL><LI> startup_apm32f030.o(RESET)
</UL>
<P><STRONG><a name="[17]"></a>TMR15_IRQHandler</STRONG> (Thumb, 0 bytes, Stack size 0 bytes, startup_apm32f030.o(.text))
<BR>[Address Reference Count : 1]<UL><LI> startup_apm32f030.o(RESET)
</UL>
<P><STRONG><a name="[19]"></a>TMR17_IRQHandler</STRONG> (Thumb, 0 bytes, Stack size 0 bytes, startup_apm32f030.o(.text))
<BR>[Address Reference Count : 1]<UL><LI> startup_apm32f030.o(RESET)
</UL>
<P><STRONG><a name="[11]"></a>TMR1_BRK_UP_TRG_COM_IRQHandler</STRONG> (Thumb, 0 bytes, Stack size 0 bytes, startup_apm32f030.o(.text))
<BR>[Address Reference Count : 1]<UL><LI> startup_apm32f030.o(RESET)
</UL>
<P><STRONG><a name="[12]"></a>TMR1_CC_IRQHandler</STRONG> (Thumb, 0 bytes, Stack size 0 bytes, startup_apm32f030.o(.text))
<BR>[Address Reference Count : 1]<UL><LI> startup_apm32f030.o(RESET)
</UL>
<P><STRONG><a name="[13]"></a>TMR3_IRQHandler</STRONG> (Thumb, 0 bytes, Stack size 0 bytes, startup_apm32f030.o(.text))
<BR>[Address Reference Count : 1]<UL><LI> startup_apm32f030.o(RESET)
</UL>
<P><STRONG><a name="[14]"></a>TMR6_IRQHandler</STRONG> (Thumb, 0 bytes, Stack size 0 bytes, startup_apm32f030.o(.text))
<BR>[Address Reference Count : 1]<UL><LI> startup_apm32f030.o(RESET)
</UL>
<P><STRONG><a name="[15]"></a>TMR7_IRQHandler</STRONG> (Thumb, 0 bytes, Stack size 0 bytes, startup_apm32f030.o(.text))
<BR>[Address Reference Count : 1]<UL><LI> startup_apm32f030.o(RESET)
</UL>
<P><STRONG><a name="[6]"></a>WWDT_IRQHandler</STRONG> (Thumb, 0 bytes, Stack size 0 bytes, startup_apm32f030.o(.text))
<BR>[Address Reference Count : 1]<UL><LI> startup_apm32f030.o(RESET)
</UL>
<P><STRONG><a name="[c2]"></a>__aeabi_uidiv</STRONG> (Thumb, 0 bytes, Stack size 12 bytes, uidiv.o(.text), UNUSED)

<P><STRONG><a name="[36]"></a>__aeabi_uidivmod</STRONG> (Thumb, 44 bytes, Stack size 12 bytes, uidiv.o(.text))
<BR><BR>[Stack]<UL><LI>Max Depth = 12<LI>Call Chain = __aeabi_uidivmod
</UL>
<BR>[Called By]<UL><LI><a href="#[ba]">&gt;&gt;</a>&nbsp;&nbsp;&nbsp;SystemCoreClockUpdate
<LI><a href="#[b2]">&gt;&gt;</a>&nbsp;&nbsp;&nbsp;RCM_ReadSYSCLKFreq
<LI><a href="#[37]">&gt;&gt;</a>&nbsp;&nbsp;&nbsp;BSP_Adc_ReadAverageRaw
<LI><a href="#[35]">&gt;&gt;</a>&nbsp;&nbsp;&nbsp;BSP_Adc_RawToMillivolts
<LI><a href="#[7a]">&gt;&gt;</a>&nbsp;&nbsp;&nbsp;BSP_Tick_Init
<LI><a href="#[54]">&gt;&gt;</a>&nbsp;&nbsp;&nbsp;BSP_DebugUart_WriteUInt32
<LI><a href="#[4d]">&gt;&gt;</a>&nbsp;&nbsp;&nbsp;USART_Config
</UL>

<P><STRONG><a name="[25]"></a>__scatterload</STRONG> (Thumb, 28 bytes, Stack size 0 bytes, init.o(.text))
<BR><BR>[Calls]<UL><LI><a href="#[26]">&gt;&gt;</a>&nbsp;&nbsp;&nbsp;__main_after_scatterload
</UL>
<BR>[Called By]<UL><LI><a href="#[24]">&gt;&gt;</a>&nbsp;&nbsp;&nbsp;_main_scatterload
</UL>

<P><STRONG><a name="[c3]"></a>__scatterload_rt2</STRONG> (Thumb, 0 bytes, Stack size 0 bytes, init.o(.text), UNUSED)

<P><STRONG><a name="[3b]"></a>ADC_ClearStatusFlag</STRONG> (Thumb, 6 bytes, Stack size 0 bytes, apm32f0xx_adc.o(i.ADC_ClearStatusFlag))
<BR><BR>[Called By]<UL><LI><a href="#[38]">&gt;&gt;</a>&nbsp;&nbsp;&nbsp;BSP_Adc_ReadRawChecked
</UL>

<P><STRONG><a name="[31]"></a>ADC_Config</STRONG> (Thumb, 142 bytes, Stack size 0 bytes, apm32f0xx_adc.o(i.ADC_Config))
<BR><BR>[Called By]<UL><LI><a href="#[2d]">&gt;&gt;</a>&nbsp;&nbsp;&nbsp;BSP_Adc_Init
</UL>

<P><STRONG><a name="[3a]"></a>ADC_ConfigChannel</STRONG> (Thumb, 20 bytes, Stack size 0 bytes, apm32f0xx_adc.o(i.ADC_ConfigChannel))
<BR><BR>[Called By]<UL><LI><a href="#[38]">&gt;&gt;</a>&nbsp;&nbsp;&nbsp;BSP_Adc_ReadRawChecked
</UL>

<P><STRONG><a name="[30]"></a>ADC_ConfigStructInit</STRONG> (Thumb, 16 bytes, Stack size 0 bytes, apm32f0xx_adc.o(i.ADC_ConfigStructInit))
<BR><BR>[Called By]<UL><LI><a href="#[2d]">&gt;&gt;</a>&nbsp;&nbsp;&nbsp;BSP_Adc_Init
</UL>

<P><STRONG><a name="[33]"></a>ADC_Enable</STRONG> (Thumb, 16 bytes, Stack size 0 bytes, apm32f0xx_adc.o(i.ADC_Enable))
<BR><BR>[Called By]<UL><LI><a href="#[2d]">&gt;&gt;</a>&nbsp;&nbsp;&nbsp;BSP_Adc_Init
</UL>

<P><STRONG><a name="[32]"></a>ADC_ReadCalibrationFactor</STRONG> (Thumb, 70 bytes, Stack size 8 bytes, apm32f0xx_adc.o(i.ADC_ReadCalibrationFactor))
<BR><BR>[Stack]<UL><LI>Max Depth = 8<LI>Call Chain = ADC_ReadCalibrationFactor
</UL>
<BR>[Called By]<UL><LI><a href="#[2d]">&gt;&gt;</a>&nbsp;&nbsp;&nbsp;BSP_Adc_Init
</UL>

<P><STRONG><a name="[3d]"></a>ADC_ReadConversionValue</STRONG> (Thumb, 8 bytes, Stack size 0 bytes, apm32f0xx_adc.o(i.ADC_ReadConversionValue))
<BR><BR>[Called By]<UL><LI><a href="#[38]">&gt;&gt;</a>&nbsp;&nbsp;&nbsp;BSP_Adc_ReadRawChecked
</UL>

<P><STRONG><a name="[34]"></a>ADC_ReadStatusFlag</STRONG> (Thumb, 44 bytes, Stack size 0 bytes, apm32f0xx_adc.o(i.ADC_ReadStatusFlag))
<BR><BR>[Called By]<UL><LI><a href="#[38]">&gt;&gt;</a>&nbsp;&nbsp;&nbsp;BSP_Adc_ReadRawChecked
<LI><a href="#[2d]">&gt;&gt;</a>&nbsp;&nbsp;&nbsp;BSP_Adc_Init
</UL>

<P><STRONG><a name="[27]"></a>ADC_Reset</STRONG> (Thumb, 20 bytes, Stack size 8 bytes, apm32f0xx_adc.o(i.ADC_Reset))
<BR><BR>[Stack]<UL><LI>Max Depth = 8<LI>Call Chain = ADC_Reset
</UL>
<BR>[Calls]<UL><LI><a href="#[28]">&gt;&gt;</a>&nbsp;&nbsp;&nbsp;RCM_EnableAPB2PeriphReset
<LI><a href="#[29]">&gt;&gt;</a>&nbsp;&nbsp;&nbsp;RCM_DisableAPB2PeriphReset
</UL>
<BR>[Called By]<UL><LI><a href="#[2d]">&gt;&gt;</a>&nbsp;&nbsp;&nbsp;BSP_Adc_Init
</UL>

<P><STRONG><a name="[3c]"></a>ADC_StartConversion</STRONG> (Thumb, 16 bytes, Stack size 0 bytes, apm32f0xx_adc.o(i.ADC_StartConversion))
<BR><BR>[Called By]<UL><LI><a href="#[38]">&gt;&gt;</a>&nbsp;&nbsp;&nbsp;BSP_Adc_ReadRawChecked
</UL>

<P><STRONG><a name="[2d]"></a>BSP_Adc_Init</STRONG> (Thumb, 128 bytes, Stack size 16 bytes, bsp_adc.o(i.BSP_Adc_Init))
<BR><BR>[Stack]<UL><LI>Max Depth = 56<LI>Call Chain = BSP_Adc_Init &rArr; Adc_ConfigAnalogPin &rArr; GPIO_Config
</UL>
<BR>[Calls]<UL><LI><a href="#[27]">&gt;&gt;</a>&nbsp;&nbsp;&nbsp;ADC_Reset
<LI><a href="#[34]">&gt;&gt;</a>&nbsp;&nbsp;&nbsp;ADC_ReadStatusFlag
<LI><a href="#[32]">&gt;&gt;</a>&nbsp;&nbsp;&nbsp;ADC_ReadCalibrationFactor
<LI><a href="#[33]">&gt;&gt;</a>&nbsp;&nbsp;&nbsp;ADC_Enable
<LI><a href="#[30]">&gt;&gt;</a>&nbsp;&nbsp;&nbsp;ADC_ConfigStructInit
<LI><a href="#[31]">&gt;&gt;</a>&nbsp;&nbsp;&nbsp;ADC_Config
<LI><a href="#[2f]">&gt;&gt;</a>&nbsp;&nbsp;&nbsp;RCM_EnableAPB2PeriphClock
<LI><a href="#[2e]">&gt;&gt;</a>&nbsp;&nbsp;&nbsp;RCM_EnableAHBPeriphClock
<LI><a href="#[2a]">&gt;&gt;</a>&nbsp;&nbsp;&nbsp;Adc_ConfigAnalogPin
</UL>
<BR>[Called By]<UL><LI><a href="#[67]">&gt;&gt;</a>&nbsp;&nbsp;&nbsp;BSP_Peripherals_Init
</UL>

<P><STRONG><a name="[76]"></a>BSP_Adc_IsReady</STRONG> (Thumb, 6 bytes, Stack size 0 bytes, bsp_adc.o(i.BSP_Adc_IsReady))
<BR><BR>[Called By]<UL><LI><a href="#[6d]">&gt;&gt;</a>&nbsp;&nbsp;&nbsp;BSP_SelfTest_Run
</UL>

<P><STRONG><a name="[35]"></a>BSP_Adc_RawToMillivolts</STRONG> (Thumb, 22 bytes, Stack size 16 bytes, bsp_adc.o(i.BSP_Adc_RawToMillivolts))
<BR><BR>[Stack]<UL><LI>Max Depth = 28<LI>Call Chain = BSP_Adc_RawToMillivolts &rArr; __aeabi_uidivmod
</UL>
<BR>[Calls]<UL><LI><a href="#[36]">&gt;&gt;</a>&nbsp;&nbsp;&nbsp;__aeabi_uidivmod
</UL>
<BR>[Called By]<UL><LI><a href="#[77]">&gt;&gt;</a>&nbsp;&nbsp;&nbsp;SelfTest_PrintAdc
</UL>

<P><STRONG><a name="[37]"></a>BSP_Adc_ReadAverageRaw</STRONG> (Thumb, 80 bytes, Stack size 40 bytes, bsp_adc.o(i.BSP_Adc_ReadAverageRaw))
<BR><BR>[Stack]<UL><LI>Max Depth = 64<LI>Call Chain = BSP_Adc_ReadAverageRaw &rArr; BSP_Adc_ReadRawChecked
</UL>
<BR>[Calls]<UL><LI><a href="#[36]">&gt;&gt;</a>&nbsp;&nbsp;&nbsp;__aeabi_uidivmod
<LI><a href="#[38]">&gt;&gt;</a>&nbsp;&nbsp;&nbsp;BSP_Adc_ReadRawChecked
</UL>
<BR>[Called By]<UL><LI><a href="#[77]">&gt;&gt;</a>&nbsp;&nbsp;&nbsp;SelfTest_PrintAdc
</UL>

<P><STRONG><a name="[38]"></a>BSP_Adc_ReadRawChecked</STRONG> (Thumb, 104 bytes, Stack size 24 bytes, bsp_adc.o(i.BSP_Adc_ReadRawChecked))
<BR><BR>[Stack]<UL><LI>Max Depth = 24<LI>Call Chain = BSP_Adc_ReadRawChecked
</UL>
<BR>[Calls]<UL><LI><a href="#[3c]">&gt;&gt;</a>&nbsp;&nbsp;&nbsp;ADC_StartConversion
<LI><a href="#[34]">&gt;&gt;</a>&nbsp;&nbsp;&nbsp;ADC_ReadStatusFlag
<LI><a href="#[3d]">&gt;&gt;</a>&nbsp;&nbsp;&nbsp;ADC_ReadConversionValue
<LI><a href="#[3a]">&gt;&gt;</a>&nbsp;&nbsp;&nbsp;ADC_ConfigChannel
<LI><a href="#[3b]">&gt;&gt;</a>&nbsp;&nbsp;&nbsp;ADC_ClearStatusFlag
<LI><a href="#[39]">&gt;&gt;</a>&nbsp;&nbsp;&nbsp;Adc_ChannelFromInput
</UL>
<BR>[Called By]<UL><LI><a href="#[37]">&gt;&gt;</a>&nbsp;&nbsp;&nbsp;BSP_Adc_ReadAverageRaw
</UL>

<P><STRONG><a name="[3e]"></a>BSP_BoardGpio_Init</STRONG> (Thumb, 186 bytes, Stack size 8 bytes, bsp_gpio.o(i.BSP_BoardGpio_Init))
<BR><BR>[Stack]<UL><LI>Max Depth = 48<LI>Call Chain = BSP_BoardGpio_Init &rArr; GPIO_ConfigOutput &rArr; GPIO_Config
</UL>
<BR>[Calls]<UL><LI><a href="#[2f]">&gt;&gt;</a>&nbsp;&nbsp;&nbsp;RCM_EnableAPB2PeriphClock
<LI><a href="#[2e]">&gt;&gt;</a>&nbsp;&nbsp;&nbsp;RCM_EnableAHBPeriphClock
<LI><a href="#[3f]">&gt;&gt;</a>&nbsp;&nbsp;&nbsp;GPIO_ConfigOutput
<LI><a href="#[40]">&gt;&gt;</a>&nbsp;&nbsp;&nbsp;GPIO_ConfigInput
<LI><a href="#[41]">&gt;&gt;</a>&nbsp;&nbsp;&nbsp;GPIO_ConfigChargerInterrupt
</UL>
<BR>[Called By]<UL><LI><a href="#[67]">&gt;&gt;</a>&nbsp;&nbsp;&nbsp;BSP_Peripherals_Init
</UL>

<P><STRONG><a name="[42]"></a>BSP_ChargerInterrupt_Consume</STRONG> (Thumb, 30 bytes, Stack size 8 bytes, bsp_gpio.o(i.BSP_ChargerInterrupt_Consume))
<BR><BR>[Stack]<UL><LI>Max Depth = 32<LI>Call Chain = BSP_ChargerInterrupt_Consume &rArr; NVIC_EnableIRQRequest &rArr; __NVIC_SetPriority
</UL>
<BR>[Calls]<UL><LI><a href="#[44]">&gt;&gt;</a>&nbsp;&nbsp;&nbsp;NVIC_EnableIRQRequest
<LI><a href="#[43]">&gt;&gt;</a>&nbsp;&nbsp;&nbsp;NVIC_DisableIRQRequest
</UL>
<BR>[Called By]<UL><LI><a href="#[21]">&gt;&gt;</a>&nbsp;&nbsp;&nbsp;main
</UL>

<P><STRONG><a name="[6f]"></a>BSP_ChargerInterrupt_Count</STRONG> (Thumb, 6 bytes, Stack size 0 bytes, bsp_gpio.o(i.BSP_ChargerInterrupt_Count))
<BR><BR>[Called By]<UL><LI><a href="#[6d]">&gt;&gt;</a>&nbsp;&nbsp;&nbsp;BSP_SelfTest_Run
<LI><a href="#[21]">&gt;&gt;</a>&nbsp;&nbsp;&nbsp;main
</UL>

<P><STRONG><a name="[45]"></a>BSP_ChargerInterrupt_IRQHandler</STRONG> (Thumb, 38 bytes, Stack size 8 bytes, bsp_gpio.o(i.BSP_ChargerInterrupt_IRQHandler))
<BR><BR>[Stack]<UL><LI>Max Depth = 8<LI>Call Chain = BSP_ChargerInterrupt_IRQHandler
</UL>
<BR>[Calls]<UL><LI><a href="#[46]">&gt;&gt;</a>&nbsp;&nbsp;&nbsp;EINT_ReadIntFlag
<LI><a href="#[47]">&gt;&gt;</a>&nbsp;&nbsp;&nbsp;EINT_ClearIntFlag
</UL>
<BR>[Called By]<UL><LI><a href="#[c]">&gt;&gt;</a>&nbsp;&nbsp;&nbsp;EINT4_15_IRQHandler
</UL>

<P><STRONG><a name="[48]"></a>BSP_ChargerInterrupt_Read</STRONG> (Thumb, 16 bytes, Stack size 8 bytes, bsp_gpio.o(i.BSP_ChargerInterrupt_Read))
<BR><BR>[Stack]<UL><LI>Max Depth = 8<LI>Call Chain = BSP_ChargerInterrupt_Read
</UL>
<BR>[Calls]<UL><LI><a href="#[49]">&gt;&gt;</a>&nbsp;&nbsp;&nbsp;GPIO_ReadInputBit
</UL>
<BR>[Called By]<UL><LI><a href="#[6d]">&gt;&gt;</a>&nbsp;&nbsp;&nbsp;BSP_SelfTest_Run
</UL>

<P><STRONG><a name="[4a]"></a>BSP_DebugUart_Init</STRONG> (Thumb, 150 bytes, Stack size 32 bytes, bsp_debug_uart.o(i.BSP_DebugUart_Init))
<BR><BR>[Stack]<UL><LI>Max Depth = 164<LI>Call Chain = BSP_DebugUart_Init &rArr; USART_Config &rArr; RCM_ReadUSART2CLKFreq &rArr; RCM_ReadPCLKFreq &rArr; RCM_ReadHCLKFreq &rArr; RCM_ReadSYSCLKFreq &rArr; __aeabi_uidivmod
</UL>
<BR>[Calls]<UL><LI><a href="#[2b]">&gt;&gt;</a>&nbsp;&nbsp;&nbsp;GPIO_ConfigStructInit
<LI><a href="#[4b]">&gt;&gt;</a>&nbsp;&nbsp;&nbsp;GPIO_ConfigPinAF
<LI><a href="#[2c]">&gt;&gt;</a>&nbsp;&nbsp;&nbsp;GPIO_Config
<LI><a href="#[2f]">&gt;&gt;</a>&nbsp;&nbsp;&nbsp;RCM_EnableAPB2PeriphClock
<LI><a href="#[2e]">&gt;&gt;</a>&nbsp;&nbsp;&nbsp;RCM_EnableAHBPeriphClock
<LI><a href="#[4e]">&gt;&gt;</a>&nbsp;&nbsp;&nbsp;USART_Enable
<LI><a href="#[4c]">&gt;&gt;</a>&nbsp;&nbsp;&nbsp;USART_ConfigStructInit
<LI><a href="#[4d]">&gt;&gt;</a>&nbsp;&nbsp;&nbsp;USART_Config
</UL>
<BR>[Called By]<UL><LI><a href="#[21]">&gt;&gt;</a>&nbsp;&nbsp;&nbsp;main
</UL>

<P><STRONG><a name="[4f]"></a>BSP_DebugUart_Write</STRONG> (Thumb, 30 bytes, Stack size 8 bytes, bsp_debug_uart.o(i.BSP_DebugUart_Write))
<BR><BR>[Stack]<UL><LI>Max Depth = 16<LI>Call Chain = BSP_DebugUart_Write &rArr; BSP_DebugUart_WriteByte
</UL>
<BR>[Calls]<UL><LI><a href="#[50]">&gt;&gt;</a>&nbsp;&nbsp;&nbsp;BSP_DebugUart_WriteByte
</UL>
<BR>[Called By]<UL><LI><a href="#[6c]">&gt;&gt;</a>&nbsp;&nbsp;&nbsp;SelfTest_PrintOneUart
<LI><a href="#[77]">&gt;&gt;</a>&nbsp;&nbsp;&nbsp;SelfTest_PrintAdc
<LI><a href="#[6d]">&gt;&gt;</a>&nbsp;&nbsp;&nbsp;BSP_SelfTest_Run
<LI><a href="#[21]">&gt;&gt;</a>&nbsp;&nbsp;&nbsp;main
</UL>

<P><STRONG><a name="[50]"></a>BSP_DebugUart_WriteByte</STRONG> (Thumb, 28 bytes, Stack size 8 bytes, bsp_debug_uart.o(i.BSP_DebugUart_WriteByte))
<BR><BR>[Stack]<UL><LI>Max Depth = 8<LI>Call Chain = BSP_DebugUart_WriteByte
</UL>
<BR>[Calls]<UL><LI><a href="#[52]">&gt;&gt;</a>&nbsp;&nbsp;&nbsp;USART_TxData
<LI><a href="#[51]">&gt;&gt;</a>&nbsp;&nbsp;&nbsp;USART_ReadStatusFlag
</UL>
<BR>[Called By]<UL><LI><a href="#[53]">&gt;&gt;</a>&nbsp;&nbsp;&nbsp;BSP_DebugUart_WriteHex8
<LI><a href="#[54]">&gt;&gt;</a>&nbsp;&nbsp;&nbsp;BSP_DebugUart_WriteUInt32
<LI><a href="#[4f]">&gt;&gt;</a>&nbsp;&nbsp;&nbsp;BSP_DebugUart_Write
</UL>

<P><STRONG><a name="[53]"></a>BSP_DebugUart_WriteHex8</STRONG> (Thumb, 30 bytes, Stack size 8 bytes, bsp_debug_uart.o(i.BSP_DebugUart_WriteHex8))
<BR><BR>[Stack]<UL><LI>Max Depth = 16<LI>Call Chain = BSP_DebugUart_WriteHex8 &rArr; BSP_DebugUart_WriteByte
</UL>
<BR>[Calls]<UL><LI><a href="#[50]">&gt;&gt;</a>&nbsp;&nbsp;&nbsp;BSP_DebugUart_WriteByte
</UL>
<BR>[Called By]<UL><LI><a href="#[71]">&gt;&gt;</a>&nbsp;&nbsp;&nbsp;SelfTest_PrintHex8
</UL>

<P><STRONG><a name="[54]"></a>BSP_DebugUart_WriteUInt32</STRONG> (Thumb, 78 bytes, Stack size 24 bytes, bsp_debug_uart.o(i.BSP_DebugUart_WriteUInt32))
<BR><BR>[Stack]<UL><LI>Max Depth = 36<LI>Call Chain = BSP_DebugUart_WriteUInt32 &rArr; __aeabi_uidivmod
</UL>
<BR>[Calls]<UL><LI><a href="#[36]">&gt;&gt;</a>&nbsp;&nbsp;&nbsp;__aeabi_uidivmod
<LI><a href="#[50]">&gt;&gt;</a>&nbsp;&nbsp;&nbsp;BSP_DebugUart_WriteByte
</UL>
<BR>[Called By]<UL><LI><a href="#[6e]">&gt;&gt;</a>&nbsp;&nbsp;&nbsp;SelfTest_PrintDec
<LI><a href="#[21]">&gt;&gt;</a>&nbsp;&nbsp;&nbsp;main
</UL>

<P><STRONG><a name="[55]"></a>BSP_I2C1_Init</STRONG> (Thumb, 172 bytes, Stack size 32 bytes, bsp_i2c.o(i.BSP_I2C1_Init))
<BR><BR>[Stack]<UL><LI>Max Depth = 52<LI>Call Chain = BSP_I2C1_Init &rArr; GPIO_ConfigPinAF
</UL>
<BR>[Calls]<UL><LI><a href="#[57]">&gt;&gt;</a>&nbsp;&nbsp;&nbsp;I2C_Reset
<LI><a href="#[5c]">&gt;&gt;</a>&nbsp;&nbsp;&nbsp;I2C_Enable
<LI><a href="#[59]">&gt;&gt;</a>&nbsp;&nbsp;&nbsp;I2C_ConfigStructInit
<LI><a href="#[5a]">&gt;&gt;</a>&nbsp;&nbsp;&nbsp;I2C_Config
<LI><a href="#[2b]">&gt;&gt;</a>&nbsp;&nbsp;&nbsp;GPIO_ConfigStructInit
<LI><a href="#[4b]">&gt;&gt;</a>&nbsp;&nbsp;&nbsp;GPIO_ConfigPinAF
<LI><a href="#[2c]">&gt;&gt;</a>&nbsp;&nbsp;&nbsp;GPIO_Config
<LI><a href="#[2f]">&gt;&gt;</a>&nbsp;&nbsp;&nbsp;RCM_EnableAPB2PeriphClock
<LI><a href="#[56]">&gt;&gt;</a>&nbsp;&nbsp;&nbsp;RCM_EnableAPB1PeriphClock
<LI><a href="#[2e]">&gt;&gt;</a>&nbsp;&nbsp;&nbsp;RCM_EnableAHBPeriphClock
<LI><a href="#[58]">&gt;&gt;</a>&nbsp;&nbsp;&nbsp;RCM_ConfigI2CCLK
<LI><a href="#[5b]">&gt;&gt;</a>&nbsp;&nbsp;&nbsp;I2C_ClearErrorFlags
</UL>
<BR>[Called By]<UL><LI><a href="#[67]">&gt;&gt;</a>&nbsp;&nbsp;&nbsp;BSP_Peripherals_Init
</UL>

<P><STRONG><a name="[5d]"></a>BSP_I2C1_ReadRegister</STRONG> (Thumb, 22 bytes, Stack size 16 bytes, bsp_i2c.o(i.BSP_I2C1_ReadRegister))
<BR><BR>[Stack]<UL><LI>Max Depth = 92<LI>Call Chain = BSP_I2C1_ReadRegister &rArr; BSP_I2C1_ReadRegisters &rArr; I2C_WaitBusIdle &rArr; I2C_WaitFlag &rArr; BSP_Tick_Elapsed
</UL>
<BR>[Calls]<UL><LI><a href="#[5e]">&gt;&gt;</a>&nbsp;&nbsp;&nbsp;BSP_I2C1_ReadRegisters
</UL>
<BR>[Called By]<UL><LI><a href="#[b6]">&gt;&gt;</a>&nbsp;&nbsp;&nbsp;SGM41511_ReadRegister
</UL>

<P><STRONG><a name="[5e]"></a>BSP_I2C1_ReadRegisters</STRONG> (Thumb, 218 bytes, Stack size 48 bytes, bsp_i2c.o(i.BSP_I2C1_ReadRegisters))
<BR><BR>[Stack]<UL><LI>Max Depth = 76<LI>Call Chain = BSP_I2C1_ReadRegisters &rArr; I2C_WaitBusIdle &rArr; I2C_WaitFlag &rArr; BSP_Tick_Elapsed
</UL>
<BR>[Calls]<UL><LI><a href="#[64]">&gt;&gt;</a>&nbsp;&nbsp;&nbsp;I2C_TxData
<LI><a href="#[65]">&gt;&gt;</a>&nbsp;&nbsp;&nbsp;I2C_RxData
<LI><a href="#[62]">&gt;&gt;</a>&nbsp;&nbsp;&nbsp;I2C_HandlingTransfer
<LI><a href="#[66]">&gt;&gt;</a>&nbsp;&nbsp;&nbsp;I2C_ClearIntFlag
<LI><a href="#[63]">&gt;&gt;</a>&nbsp;&nbsp;&nbsp;I2C_WaitFlag
<LI><a href="#[5f]">&gt;&gt;</a>&nbsp;&nbsp;&nbsp;I2C_WaitBusIdle
<LI><a href="#[60]">&gt;&gt;</a>&nbsp;&nbsp;&nbsp;I2C_RecordError
<LI><a href="#[61]">&gt;&gt;</a>&nbsp;&nbsp;&nbsp;I2C_ClearStop
</UL>
<BR>[Called By]<UL><LI><a href="#[5d]">&gt;&gt;</a>&nbsp;&nbsp;&nbsp;BSP_I2C1_ReadRegister
</UL>

<P><STRONG><a name="[67]"></a>BSP_Peripherals_Init</STRONG> (Thumb, 20 bytes, Stack size 8 bytes, bsp_peripherals.o(i.BSP_Peripherals_Init))
<BR><BR>[Stack]<UL><LI>Max Depth = 220<LI>Call Chain = BSP_Peripherals_Init &rArr; BSP_Uart_Init &rArr; Uart_Config &rArr; USART_Config &rArr; RCM_ReadUSART2CLKFreq &rArr; RCM_ReadPCLKFreq &rArr; RCM_ReadHCLKFreq &rArr; RCM_ReadSYSCLKFreq &rArr; __aeabi_uidivmod
</UL>
<BR>[Calls]<UL><LI><a href="#[2d]">&gt;&gt;</a>&nbsp;&nbsp;&nbsp;BSP_Adc_Init
<LI><a href="#[55]">&gt;&gt;</a>&nbsp;&nbsp;&nbsp;BSP_I2C1_Init
<LI><a href="#[68]">&gt;&gt;</a>&nbsp;&nbsp;&nbsp;BSP_Uart_Init
<LI><a href="#[3e]">&gt;&gt;</a>&nbsp;&nbsp;&nbsp;BSP_BoardGpio_Init
</UL>
<BR>[Called By]<UL><LI><a href="#[21]">&gt;&gt;</a>&nbsp;&nbsp;&nbsp;main
</UL>

<P><STRONG><a name="[82]"></a>BSP_RingBuffer_Init</STRONG> (Thumb, 14 bytes, Stack size 0 bytes, bsp_ring_buffer.o(i.BSP_RingBuffer_Init))
<BR><BR>[Called By]<UL><LI><a href="#[68]">&gt;&gt;</a>&nbsp;&nbsp;&nbsp;BSP_Uart_Init
</UL>

<P><STRONG><a name="[8d]"></a>BSP_RingBuffer_OverflowCount</STRONG> (Thumb, 6 bytes, Stack size 0 bytes, bsp_ring_buffer.o(i.BSP_RingBuffer_OverflowCount))
<BR><BR>[Called By]<UL><LI><a href="#[81]">&gt;&gt;</a>&nbsp;&nbsp;&nbsp;BSP_Uart_OverflowCount
</UL>

<P><STRONG><a name="[6a]"></a>BSP_RingBuffer_Push</STRONG> (Thumb, 48 bytes, Stack size 8 bytes, bsp_ring_buffer.o(i.BSP_RingBuffer_Push))
<BR><BR>[Stack]<UL><LI>Max Depth = 8<LI>Call Chain = BSP_RingBuffer_Push
</UL>
<BR>[Called By]<UL><LI><a href="#[69]">&gt;&gt;</a>&nbsp;&nbsp;&nbsp;BSP_RingBuffer_PushBlock
<LI><a href="#[96]">&gt;&gt;</a>&nbsp;&nbsp;&nbsp;BSP_Uart_Usart3To6IRQHandler
<LI><a href="#[95]">&gt;&gt;</a>&nbsp;&nbsp;&nbsp;BSP_Uart_Usart2IRQHandler
<LI><a href="#[92]">&gt;&gt;</a>&nbsp;&nbsp;&nbsp;BSP_Uart_Usart1IRQHandler
</UL>

<P><STRONG><a name="[69]"></a>BSP_RingBuffer_PushBlock</STRONG> (Thumb, 36 bytes, Stack size 20 bytes, bsp_ring_buffer.o(i.BSP_RingBuffer_PushBlock))
<BR><BR>[Stack]<UL><LI>Max Depth = 28<LI>Call Chain = BSP_RingBuffer_PushBlock &rArr; BSP_RingBuffer_Push
</UL>
<BR>[Calls]<UL><LI><a href="#[6a]">&gt;&gt;</a>&nbsp;&nbsp;&nbsp;BSP_RingBuffer_Push
</UL>
<BR>[Called By]<UL><LI><a href="#[7e]">&gt;&gt;</a>&nbsp;&nbsp;&nbsp;Dma_FlushToRing
</UL>

<P><STRONG><a name="[91]"></a>BSP_RingBuffer_Reset</STRONG> (Thumb, 8 bytes, Stack size 0 bytes, bsp_ring_buffer.o(i.BSP_RingBuffer_Reset))
<BR><BR>[Called By]<UL><LI><a href="#[90]">&gt;&gt;</a>&nbsp;&nbsp;&nbsp;Flow_QueueFrameLength
<LI><a href="#[8e]">&gt;&gt;</a>&nbsp;&nbsp;&nbsp;BSP_Uart_Tmr16IRQHandler
</UL>

<P><STRONG><a name="[6b]"></a>BSP_SelfTest_DumpUartStats</STRONG> (Thumb, 44 bytes, Stack size 8 bytes, bsp_selftest.o(i.BSP_SelfTest_DumpUartStats))
<BR><BR>[Stack]<UL><LI>Max Depth = 84<LI>Call Chain = BSP_SelfTest_DumpUartStats &rArr; SelfTest_PrintOneUart &rArr; SelfTest_PrintDec &rArr; BSP_DebugUart_WriteUInt32 &rArr; __aeabi_uidivmod
</UL>
<BR>[Calls]<UL><LI><a href="#[6c]">&gt;&gt;</a>&nbsp;&nbsp;&nbsp;SelfTest_PrintOneUart
</UL>
<BR>[Called By]<UL><LI><a href="#[6d]">&gt;&gt;</a>&nbsp;&nbsp;&nbsp;BSP_SelfTest_Run
</UL>

<P><STRONG><a name="[6d]"></a>BSP_SelfTest_Run</STRONG> (Thumb, 644 bytes, Stack size 56 bytes, bsp_selftest.o(i.BSP_SelfTest_Run))
<BR><BR>[Stack]<UL><LI>Max Depth = 188<LI>Call Chain = BSP_SelfTest_Run &rArr; SGM41511_GetStatus &rArr; SGM41511_ReadRegister &rArr; BSP_I2C1_ReadRegister &rArr; BSP_I2C1_ReadRegisters &rArr; I2C_WaitBusIdle &rArr; I2C_WaitFlag &rArr; BSP_Tick_Elapsed
</UL>
<BR>[Calls]<UL><LI><a href="#[73]">&gt;&gt;</a>&nbsp;&nbsp;&nbsp;SGM41511_ReadFault
<LI><a href="#[70]">&gt;&gt;</a>&nbsp;&nbsp;&nbsp;SGM41511_Probe
<LI><a href="#[72]">&gt;&gt;</a>&nbsp;&nbsp;&nbsp;SGM41511_GetStatus
<LI><a href="#[74]">&gt;&gt;</a>&nbsp;&nbsp;&nbsp;SGM41511_GetInputCurrentLimitMa
<LI><a href="#[75]">&gt;&gt;</a>&nbsp;&nbsp;&nbsp;SGM41511_GetChargeCurrentMa
<LI><a href="#[6b]">&gt;&gt;</a>&nbsp;&nbsp;&nbsp;BSP_SelfTest_DumpUartStats
<LI><a href="#[71]">&gt;&gt;</a>&nbsp;&nbsp;&nbsp;SelfTest_PrintHex8
<LI><a href="#[6e]">&gt;&gt;</a>&nbsp;&nbsp;&nbsp;SelfTest_PrintDec
<LI><a href="#[77]">&gt;&gt;</a>&nbsp;&nbsp;&nbsp;SelfTest_PrintAdc
<LI><a href="#[76]">&gt;&gt;</a>&nbsp;&nbsp;&nbsp;BSP_Adc_IsReady
<LI><a href="#[48]">&gt;&gt;</a>&nbsp;&nbsp;&nbsp;BSP_ChargerInterrupt_Read
<LI><a href="#[4f]">&gt;&gt;</a>&nbsp;&nbsp;&nbsp;BSP_DebugUart_Write
<LI><a href="#[6f]">&gt;&gt;</a>&nbsp;&nbsp;&nbsp;BSP_ChargerInterrupt_Count
</UL>
<BR>[Called By]<UL><LI><a href="#[21]">&gt;&gt;</a>&nbsp;&nbsp;&nbsp;main
</UL>

<P><STRONG><a name="[78]"></a>BSP_Tick_Elapsed</STRONG> (Thumb, 22 bytes, Stack size 4 bytes, bsp_tick.o(i.BSP_Tick_Elapsed))
<BR><BR>[Stack]<UL><LI>Max Depth = 4<LI>Call Chain = BSP_Tick_Elapsed
</UL>
<BR>[Calls]<UL><LI><a href="#[79]">&gt;&gt;</a>&nbsp;&nbsp;&nbsp;BSP_Tick_GetMs
</UL>
<BR>[Called By]<UL><LI><a href="#[63]">&gt;&gt;</a>&nbsp;&nbsp;&nbsp;I2C_WaitFlag
<LI><a href="#[21]">&gt;&gt;</a>&nbsp;&nbsp;&nbsp;main
</UL>

<P><STRONG><a name="[79]"></a>BSP_Tick_GetMs</STRONG> (Thumb, 6 bytes, Stack size 0 bytes, bsp_tick.o(i.BSP_Tick_GetMs))
<BR><BR>[Called By]<UL><LI><a href="#[63]">&gt;&gt;</a>&nbsp;&nbsp;&nbsp;I2C_WaitFlag
<LI><a href="#[78]">&gt;&gt;</a>&nbsp;&nbsp;&nbsp;BSP_Tick_Elapsed
<LI><a href="#[21]">&gt;&gt;</a>&nbsp;&nbsp;&nbsp;main
</UL>

<P><STRONG><a name="[b7]"></a>BSP_Tick_Increment</STRONG> (Thumb, 12 bytes, Stack size 0 bytes, bsp_tick.o(i.BSP_Tick_Increment))
<BR><BR>[Called By]<UL><LI><a href="#[5]">&gt;&gt;</a>&nbsp;&nbsp;&nbsp;SysTick_Handler
</UL>

<P><STRONG><a name="[7a]"></a>BSP_Tick_Init</STRONG> (Thumb, 60 bytes, Stack size 8 bytes, bsp_tick.o(i.BSP_Tick_Init))
<BR><BR>[Stack]<UL><LI>Max Depth = 20<LI>Call Chain = BSP_Tick_Init &rArr; __aeabi_uidivmod
</UL>
<BR>[Calls]<UL><LI><a href="#[36]">&gt;&gt;</a>&nbsp;&nbsp;&nbsp;__aeabi_uidivmod
<LI><a href="#[7b]">&gt;&gt;</a>&nbsp;&nbsp;&nbsp;__NVIC_SetPriority
</UL>
<BR>[Called By]<UL><LI><a href="#[21]">&gt;&gt;</a>&nbsp;&nbsp;&nbsp;main
</UL>

<P><STRONG><a name="[7c]"></a>BSP_Uart_DmaCh2To3IRQHandler</STRONG> (Thumb, 56 bytes, Stack size 16 bytes, bsp_uart.o(i.BSP_Uart_DmaCh2To3IRQHandler))
<BR><BR>[Stack]<UL><LI>Max Depth = 84<LI>Call Chain = BSP_Uart_DmaCh2To3IRQHandler &rArr; Dma_FlushToRing &rArr; BSP_RingBuffer_PushBlock &rArr; BSP_RingBuffer_Push
</UL>
<BR>[Calls]<UL><LI><a href="#[7d]">&gt;&gt;</a>&nbsp;&nbsp;&nbsp;DMA_ReadIntFlag
<LI><a href="#[7e]">&gt;&gt;</a>&nbsp;&nbsp;&nbsp;Dma_FlushToRing
</UL>
<BR>[Called By]<UL><LI><a href="#[e]">&gt;&gt;</a>&nbsp;&nbsp;&nbsp;DMA1_CH2_3_IRQHandler
</UL>

<P><STRONG><a name="[7f]"></a>BSP_Uart_DmaCh4To5IRQHandler</STRONG> (Thumb, 56 bytes, Stack size 16 bytes, bsp_uart.o(i.BSP_Uart_DmaCh4To5IRQHandler))
<BR><BR>[Stack]<UL><LI>Max Depth = 84<LI>Call Chain = BSP_Uart_DmaCh4To5IRQHandler &rArr; Dma_FlushToRing &rArr; BSP_RingBuffer_PushBlock &rArr; BSP_RingBuffer_Push
</UL>
<BR>[Calls]<UL><LI><a href="#[7d]">&gt;&gt;</a>&nbsp;&nbsp;&nbsp;DMA_ReadIntFlag
<LI><a href="#[7e]">&gt;&gt;</a>&nbsp;&nbsp;&nbsp;Dma_FlushToRing
</UL>
<BR>[Called By]<UL><LI><a href="#[f]">&gt;&gt;</a>&nbsp;&nbsp;&nbsp;DMA1_CH4_5_IRQHandler
</UL>

<P><STRONG><a name="[80]"></a>BSP_Uart_GetStats</STRONG> (Thumb, 66 bytes, Stack size 16 bytes, bsp_uart.o(i.BSP_Uart_GetStats))
<BR><BR>[Stack]<UL><LI>Max Depth = 44<LI>Call Chain = BSP_Uart_GetStats &rArr; BSP_Uart_OverflowCount &rArr; Uart_GetRing &rArr; __ARM_common_switch8
</UL>
<BR>[Calls]<UL><LI><a href="#[81]">&gt;&gt;</a>&nbsp;&nbsp;&nbsp;BSP_Uart_OverflowCount
</UL>
<BR>[Called By]<UL><LI><a href="#[6c]">&gt;&gt;</a>&nbsp;&nbsp;&nbsp;SelfTest_PrintOneUart
</UL>

<P><STRONG><a name="[68]"></a>BSP_Uart_Init</STRONG> (Thumb, 508 bytes, Stack size 40 bytes, bsp_uart.o(i.BSP_Uart_Init))
<BR><BR>[Stack]<UL><LI>Max Depth = 212<LI>Call Chain = BSP_Uart_Init &rArr; Uart_Config &rArr; USART_Config &rArr; RCM_ReadUSART2CLKFreq &rArr; RCM_ReadPCLKFreq &rArr; RCM_ReadHCLKFreq &rArr; RCM_ReadSYSCLKFreq &rArr; __aeabi_uidivmod
</UL>
<BR>[Calls]<UL><LI><a href="#[44]">&gt;&gt;</a>&nbsp;&nbsp;&nbsp;NVIC_EnableIRQRequest
<LI><a href="#[2f]">&gt;&gt;</a>&nbsp;&nbsp;&nbsp;RCM_EnableAPB2PeriphClock
<LI><a href="#[56]">&gt;&gt;</a>&nbsp;&nbsp;&nbsp;RCM_EnableAPB1PeriphClock
<LI><a href="#[2e]">&gt;&gt;</a>&nbsp;&nbsp;&nbsp;RCM_EnableAHBPeriphClock
<LI><a href="#[83]">&gt;&gt;</a>&nbsp;&nbsp;&nbsp;Uart_ConfigPins
<LI><a href="#[84]">&gt;&gt;</a>&nbsp;&nbsp;&nbsp;Uart_Config
<LI><a href="#[86]">&gt;&gt;</a>&nbsp;&nbsp;&nbsp;Dma_ConfigRx
<LI><a href="#[82]">&gt;&gt;</a>&nbsp;&nbsp;&nbsp;BSP_RingBuffer_Init
<LI><a href="#[85]">&gt;&gt;</a>&nbsp;&nbsp;&nbsp;USART_EnableInterrupt
<LI><a href="#[8a]">&gt;&gt;</a>&nbsp;&nbsp;&nbsp;TMR_EnableInterrupt
<LI><a href="#[8b]">&gt;&gt;</a>&nbsp;&nbsp;&nbsp;TMR_Disable
<LI><a href="#[87]">&gt;&gt;</a>&nbsp;&nbsp;&nbsp;TMR_ConfigTimeBaseStruct
<LI><a href="#[88]">&gt;&gt;</a>&nbsp;&nbsp;&nbsp;TMR_ConfigTimeBase
<LI><a href="#[89]">&gt;&gt;</a>&nbsp;&nbsp;&nbsp;TMR_ClearStatusFlag
</UL>
<BR>[Called By]<UL><LI><a href="#[67]">&gt;&gt;</a>&nbsp;&nbsp;&nbsp;BSP_Peripherals_Init
</UL>

<P><STRONG><a name="[81]"></a>BSP_Uart_OverflowCount</STRONG> (Thumb, 26 bytes, Stack size 16 bytes, bsp_uart.o(i.BSP_Uart_OverflowCount))
<BR><BR>[Stack]<UL><LI>Max Depth = 28<LI>Call Chain = BSP_Uart_OverflowCount &rArr; Uart_GetRing &rArr; __ARM_common_switch8
</UL>
<BR>[Calls]<UL><LI><a href="#[8c]">&gt;&gt;</a>&nbsp;&nbsp;&nbsp;Uart_GetRing
<LI><a href="#[8d]">&gt;&gt;</a>&nbsp;&nbsp;&nbsp;BSP_RingBuffer_OverflowCount
</UL>
<BR>[Called By]<UL><LI><a href="#[80]">&gt;&gt;</a>&nbsp;&nbsp;&nbsp;BSP_Uart_GetStats
</UL>

<P><STRONG><a name="[8e]"></a>BSP_Uart_Tmr16IRQHandler</STRONG> (Thumb, 84 bytes, Stack size 8 bytes, bsp_uart.o(i.BSP_Uart_Tmr16IRQHandler))
<BR><BR>[Stack]<UL><LI>Max Depth = 24<LI>Call Chain = BSP_Uart_Tmr16IRQHandler &rArr; Flow_QueueFrameLength
</UL>
<BR>[Calls]<UL><LI><a href="#[90]">&gt;&gt;</a>&nbsp;&nbsp;&nbsp;Flow_QueueFrameLength
<LI><a href="#[91]">&gt;&gt;</a>&nbsp;&nbsp;&nbsp;BSP_RingBuffer_Reset
<LI><a href="#[8f]">&gt;&gt;</a>&nbsp;&nbsp;&nbsp;TMR_ReadStatusFlag
<LI><a href="#[8b]">&gt;&gt;</a>&nbsp;&nbsp;&nbsp;TMR_Disable
<LI><a href="#[89]">&gt;&gt;</a>&nbsp;&nbsp;&nbsp;TMR_ClearStatusFlag
</UL>
<BR>[Called By]<UL><LI><a href="#[18]">&gt;&gt;</a>&nbsp;&nbsp;&nbsp;TMR16_IRQHandler
</UL>

<P><STRONG><a name="[92]"></a>BSP_Uart_Usart1IRQHandler</STRONG> (Thumb, 42 bytes, Stack size 8 bytes, bsp_uart.o(i.BSP_Uart_Usart1IRQHandler))
<BR><BR>[Stack]<UL><LI>Max Depth = 16<LI>Call Chain = BSP_Uart_Usart1IRQHandler &rArr; BSP_RingBuffer_Push
</UL>
<BR>[Calls]<UL><LI><a href="#[6a]">&gt;&gt;</a>&nbsp;&nbsp;&nbsp;BSP_RingBuffer_Push
<LI><a href="#[94]">&gt;&gt;</a>&nbsp;&nbsp;&nbsp;USART_RxData
<LI><a href="#[93]">&gt;&gt;</a>&nbsp;&nbsp;&nbsp;USART_ReadIntFlag
</UL>
<BR>[Called By]<UL><LI><a href="#[1e]">&gt;&gt;</a>&nbsp;&nbsp;&nbsp;USART1_IRQHandler
</UL>

<P><STRONG><a name="[95]"></a>BSP_Uart_Usart2IRQHandler</STRONG> (Thumb, 42 bytes, Stack size 8 bytes, bsp_uart.o(i.BSP_Uart_Usart2IRQHandler))
<BR><BR>[Stack]<UL><LI>Max Depth = 16<LI>Call Chain = BSP_Uart_Usart2IRQHandler &rArr; BSP_RingBuffer_Push
</UL>
<BR>[Calls]<UL><LI><a href="#[6a]">&gt;&gt;</a>&nbsp;&nbsp;&nbsp;BSP_RingBuffer_Push
<LI><a href="#[94]">&gt;&gt;</a>&nbsp;&nbsp;&nbsp;USART_RxData
<LI><a href="#[93]">&gt;&gt;</a>&nbsp;&nbsp;&nbsp;USART_ReadIntFlag
</UL>
<BR>[Called By]<UL><LI><a href="#[1f]">&gt;&gt;</a>&nbsp;&nbsp;&nbsp;USART2_IRQHandler
</UL>

<P><STRONG><a name="[96]"></a>BSP_Uart_Usart3To6IRQHandler</STRONG> (Thumb, 200 bytes, Stack size 16 bytes, bsp_uart.o(i.BSP_Uart_Usart3To6IRQHandler))
<BR><BR>[Stack]<UL><LI>Max Depth = 84<LI>Call Chain = BSP_Uart_Usart3To6IRQHandler &rArr; Dma_FlushToRing &rArr; BSP_RingBuffer_PushBlock &rArr; BSP_RingBuffer_Push
</UL>
<BR>[Calls]<UL><LI><a href="#[98]">&gt;&gt;</a>&nbsp;&nbsp;&nbsp;Flow_RestartGapTimer
<LI><a href="#[7e]">&gt;&gt;</a>&nbsp;&nbsp;&nbsp;Dma_FlushToRing
<LI><a href="#[6a]">&gt;&gt;</a>&nbsp;&nbsp;&nbsp;BSP_RingBuffer_Push
<LI><a href="#[94]">&gt;&gt;</a>&nbsp;&nbsp;&nbsp;USART_RxData
<LI><a href="#[93]">&gt;&gt;</a>&nbsp;&nbsp;&nbsp;USART_ReadIntFlag
<LI><a href="#[97]">&gt;&gt;</a>&nbsp;&nbsp;&nbsp;USART_ClearStatusFlag
</UL>
<BR>[Called By]<UL><LI><a href="#[20]">&gt;&gt;</a>&nbsp;&nbsp;&nbsp;USART3_6_IRQHandler
</UL>

<P><STRONG><a name="[e]"></a>DMA1_CH2_3_IRQHandler</STRONG> (Thumb, 8 bytes, Stack size 8 bytes, apm32f0xx_int.o(i.DMA1_CH2_3_IRQHandler))
<BR><BR>[Stack]<UL><LI>Max Depth = 92<LI>Call Chain = DMA1_CH2_3_IRQHandler &rArr; BSP_Uart_DmaCh2To3IRQHandler &rArr; Dma_FlushToRing &rArr; BSP_RingBuffer_PushBlock &rArr; BSP_RingBuffer_Push
</UL>
<BR>[Calls]<UL><LI><a href="#[7c]">&gt;&gt;</a>&nbsp;&nbsp;&nbsp;BSP_Uart_DmaCh2To3IRQHandler
</UL>
<BR>[Address Reference Count : 1]<UL><LI> startup_apm32f030.o(RESET)
</UL>
<P><STRONG><a name="[f]"></a>DMA1_CH4_5_IRQHandler</STRONG> (Thumb, 8 bytes, Stack size 8 bytes, apm32f0xx_int.o(i.DMA1_CH4_5_IRQHandler))
<BR><BR>[Stack]<UL><LI>Max Depth = 92<LI>Call Chain = DMA1_CH4_5_IRQHandler &rArr; BSP_Uart_DmaCh4To5IRQHandler &rArr; Dma_FlushToRing &rArr; BSP_RingBuffer_PushBlock &rArr; BSP_RingBuffer_Push
</UL>
<BR>[Calls]<UL><LI><a href="#[7f]">&gt;&gt;</a>&nbsp;&nbsp;&nbsp;BSP_Uart_DmaCh4To5IRQHandler
</UL>
<BR>[Address Reference Count : 1]<UL><LI> startup_apm32f030.o(RESET)
</UL>
<P><STRONG><a name="[9e]"></a>DMA_ClearIntFlag</STRONG> (Thumb, 16 bytes, Stack size 0 bytes, apm32f0xx_dma.o(i.DMA_ClearIntFlag))
<BR><BR>[Called By]<UL><LI><a href="#[7e]">&gt;&gt;</a>&nbsp;&nbsp;&nbsp;Dma_FlushToRing
<LI><a href="#[86]">&gt;&gt;</a>&nbsp;&nbsp;&nbsp;Dma_ConfigRx
</UL>

<P><STRONG><a name="[9d]"></a>DMA_Config</STRONG> (Thumb, 168 bytes, Stack size 8 bytes, apm32f0xx_dma.o(i.DMA_Config))
<BR><BR>[Stack]<UL><LI>Max Depth = 8<LI>Call Chain = DMA_Config
</UL>
<BR>[Called By]<UL><LI><a href="#[86]">&gt;&gt;</a>&nbsp;&nbsp;&nbsp;Dma_ConfigRx
</UL>

<P><STRONG><a name="[9b]"></a>DMA_ConfigRemap</STRONG> (Thumb, 36 bytes, Stack size 8 bytes, apm32f0xx_dma.o(i.DMA_ConfigRemap))
<BR><BR>[Stack]<UL><LI>Max Depth = 8<LI>Call Chain = DMA_ConfigRemap
</UL>
<BR>[Called By]<UL><LI><a href="#[86]">&gt;&gt;</a>&nbsp;&nbsp;&nbsp;Dma_ConfigRx
</UL>

<P><STRONG><a name="[9c]"></a>DMA_ConfigStructInit</STRONG> (Thumb, 26 bytes, Stack size 0 bytes, apm32f0xx_dma.o(i.DMA_ConfigStructInit))
<BR><BR>[Called By]<UL><LI><a href="#[86]">&gt;&gt;</a>&nbsp;&nbsp;&nbsp;Dma_ConfigRx
</UL>

<P><STRONG><a name="[99]"></a>DMA_Disable</STRONG> (Thumb, 10 bytes, Stack size 0 bytes, apm32f0xx_dma.o(i.DMA_Disable))
<BR><BR>[Called By]<UL><LI><a href="#[7e]">&gt;&gt;</a>&nbsp;&nbsp;&nbsp;Dma_FlushToRing
<LI><a href="#[86]">&gt;&gt;</a>&nbsp;&nbsp;&nbsp;Dma_ConfigRx
</UL>

<P><STRONG><a name="[a0]"></a>DMA_Enable</STRONG> (Thumb, 12 bytes, Stack size 0 bytes, apm32f0xx_dma.o(i.DMA_Enable))
<BR><BR>[Called By]<UL><LI><a href="#[7e]">&gt;&gt;</a>&nbsp;&nbsp;&nbsp;Dma_FlushToRing
<LI><a href="#[86]">&gt;&gt;</a>&nbsp;&nbsp;&nbsp;Dma_ConfigRx
</UL>

<P><STRONG><a name="[9f]"></a>DMA_EnableInterrupt</STRONG> (Thumb, 8 bytes, Stack size 0 bytes, apm32f0xx_dma.o(i.DMA_EnableInterrupt))
<BR><BR>[Called By]<UL><LI><a href="#[86]">&gt;&gt;</a>&nbsp;&nbsp;&nbsp;Dma_ConfigRx
</UL>

<P><STRONG><a name="[a2]"></a>DMA_ReadDataNumber</STRONG> (Thumb, 6 bytes, Stack size 0 bytes, apm32f0xx_dma.o(i.DMA_ReadDataNumber))
<BR><BR>[Called By]<UL><LI><a href="#[7e]">&gt;&gt;</a>&nbsp;&nbsp;&nbsp;Dma_FlushToRing
</UL>

<P><STRONG><a name="[7d]"></a>DMA_ReadIntFlag</STRONG> (Thumb, 26 bytes, Stack size 0 bytes, apm32f0xx_dma.o(i.DMA_ReadIntFlag))
<BR><BR>[Called By]<UL><LI><a href="#[7f]">&gt;&gt;</a>&nbsp;&nbsp;&nbsp;BSP_Uart_DmaCh4To5IRQHandler
<LI><a href="#[7c]">&gt;&gt;</a>&nbsp;&nbsp;&nbsp;BSP_Uart_DmaCh2To3IRQHandler
</UL>

<P><STRONG><a name="[9a]"></a>DMA_Reset</STRONG> (Thumb, 112 bytes, Stack size 0 bytes, apm32f0xx_dma.o(i.DMA_Reset))
<BR><BR>[Called By]<UL><LI><a href="#[86]">&gt;&gt;</a>&nbsp;&nbsp;&nbsp;Dma_ConfigRx
</UL>

<P><STRONG><a name="[a3]"></a>DMA_SetDataNumber</STRONG> (Thumb, 4 bytes, Stack size 0 bytes, apm32f0xx_dma.o(i.DMA_SetDataNumber))
<BR><BR>[Called By]<UL><LI><a href="#[7e]">&gt;&gt;</a>&nbsp;&nbsp;&nbsp;Dma_FlushToRing
</UL>

<P><STRONG><a name="[c]"></a>EINT4_15_IRQHandler</STRONG> (Thumb, 8 bytes, Stack size 8 bytes, apm32f0xx_int.o(i.EINT4_15_IRQHandler))
<BR><BR>[Stack]<UL><LI>Max Depth = 16<LI>Call Chain = EINT4_15_IRQHandler &rArr; BSP_ChargerInterrupt_IRQHandler
</UL>
<BR>[Calls]<UL><LI><a href="#[45]">&gt;&gt;</a>&nbsp;&nbsp;&nbsp;BSP_ChargerInterrupt_IRQHandler
</UL>
<BR>[Address Reference Count : 1]<UL><LI> startup_apm32f030.o(RESET)
</UL>
<P><STRONG><a name="[47]"></a>EINT_ClearIntFlag</STRONG> (Thumb, 6 bytes, Stack size 0 bytes, apm32f0xx_eint.o(i.EINT_ClearIntFlag))
<BR><BR>[Called By]<UL><LI><a href="#[41]">&gt;&gt;</a>&nbsp;&nbsp;&nbsp;GPIO_ConfigChargerInterrupt
<LI><a href="#[45]">&gt;&gt;</a>&nbsp;&nbsp;&nbsp;BSP_ChargerInterrupt_IRQHandler
</UL>

<P><STRONG><a name="[a8]"></a>EINT_Config</STRONG> (Thumb, 150 bytes, Stack size 0 bytes, apm32f0xx_eint.o(i.EINT_Config))
<BR><BR>[Called By]<UL><LI><a href="#[41]">&gt;&gt;</a>&nbsp;&nbsp;&nbsp;GPIO_ConfigChargerInterrupt
</UL>

<P><STRONG><a name="[a7]"></a>EINT_ConfigStructInit</STRONG> (Thumb, 16 bytes, Stack size 0 bytes, apm32f0xx_eint.o(i.EINT_ConfigStructInit))
<BR><BR>[Called By]<UL><LI><a href="#[41]">&gt;&gt;</a>&nbsp;&nbsp;&nbsp;GPIO_ConfigChargerInterrupt
</UL>

<P><STRONG><a name="[46]"></a>EINT_ReadIntFlag</STRONG> (Thumb, 36 bytes, Stack size 0 bytes, apm32f0xx_eint.o(i.EINT_ReadIntFlag))
<BR><BR>[Called By]<UL><LI><a href="#[45]">&gt;&gt;</a>&nbsp;&nbsp;&nbsp;BSP_ChargerInterrupt_IRQHandler
</UL>

<P><STRONG><a name="[aa]"></a>GPIO_ClearBit</STRONG> (Thumb, 4 bytes, Stack size 0 bytes, apm32f0xx_gpio.o(i.GPIO_ClearBit))
<BR><BR>[Called By]<UL><LI><a href="#[3f]">&gt;&gt;</a>&nbsp;&nbsp;&nbsp;GPIO_ConfigOutput
</UL>

<P><STRONG><a name="[2c]"></a>GPIO_Config</STRONG> (Thumb, 138 bytes, Stack size 16 bytes, apm32f0xx_gpio.o(i.GPIO_Config))
<BR><BR>[Stack]<UL><LI>Max Depth = 16<LI>Call Chain = GPIO_Config
</UL>
<BR>[Called By]<UL><LI><a href="#[2a]">&gt;&gt;</a>&nbsp;&nbsp;&nbsp;Adc_ConfigAnalogPin
<LI><a href="#[55]">&gt;&gt;</a>&nbsp;&nbsp;&nbsp;BSP_I2C1_Init
<LI><a href="#[83]">&gt;&gt;</a>&nbsp;&nbsp;&nbsp;Uart_ConfigPins
<LI><a href="#[3f]">&gt;&gt;</a>&nbsp;&nbsp;&nbsp;GPIO_ConfigOutput
<LI><a href="#[40]">&gt;&gt;</a>&nbsp;&nbsp;&nbsp;GPIO_ConfigInput
<LI><a href="#[4a]">&gt;&gt;</a>&nbsp;&nbsp;&nbsp;BSP_DebugUart_Init
</UL>

<P><STRONG><a name="[4b]"></a>GPIO_ConfigPinAF</STRONG> (Thumb, 70 bytes, Stack size 20 bytes, apm32f0xx_gpio.o(i.GPIO_ConfigPinAF))
<BR><BR>[Stack]<UL><LI>Max Depth = 20<LI>Call Chain = GPIO_ConfigPinAF
</UL>
<BR>[Called By]<UL><LI><a href="#[55]">&gt;&gt;</a>&nbsp;&nbsp;&nbsp;BSP_I2C1_Init
<LI><a href="#[83]">&gt;&gt;</a>&nbsp;&nbsp;&nbsp;Uart_ConfigPins
<LI><a href="#[4a]">&gt;&gt;</a>&nbsp;&nbsp;&nbsp;BSP_DebugUart_Init
</UL>

<P><STRONG><a name="[2b]"></a>GPIO_ConfigStructInit</STRONG> (Thumb, 22 bytes, Stack size 0 bytes, apm32f0xx_gpio.o(i.GPIO_ConfigStructInit))
<BR><BR>[Called By]<UL><LI><a href="#[2a]">&gt;&gt;</a>&nbsp;&nbsp;&nbsp;Adc_ConfigAnalogPin
<LI><a href="#[55]">&gt;&gt;</a>&nbsp;&nbsp;&nbsp;BSP_I2C1_Init
<LI><a href="#[83]">&gt;&gt;</a>&nbsp;&nbsp;&nbsp;Uart_ConfigPins
<LI><a href="#[3f]">&gt;&gt;</a>&nbsp;&nbsp;&nbsp;GPIO_ConfigOutput
<LI><a href="#[40]">&gt;&gt;</a>&nbsp;&nbsp;&nbsp;GPIO_ConfigInput
<LI><a href="#[4a]">&gt;&gt;</a>&nbsp;&nbsp;&nbsp;BSP_DebugUart_Init
</UL>

<P><STRONG><a name="[49]"></a>GPIO_ReadInputBit</STRONG> (Thumb, 20 bytes, Stack size 0 bytes, apm32f0xx_gpio.o(i.GPIO_ReadInputBit))
<BR><BR>[Called By]<UL><LI><a href="#[48]">&gt;&gt;</a>&nbsp;&nbsp;&nbsp;BSP_ChargerInterrupt_Read
</UL>

<P><STRONG><a name="[a9]"></a>GPIO_SetBit</STRONG> (Thumb, 4 bytes, Stack size 0 bytes, apm32f0xx_gpio.o(i.GPIO_SetBit))
<BR><BR>[Called By]<UL><LI><a href="#[3f]">&gt;&gt;</a>&nbsp;&nbsp;&nbsp;GPIO_ConfigOutput
</UL>

<P><STRONG><a name="[2]"></a>HardFault_Handler</STRONG> (Thumb, 4 bytes, Stack size 0 bytes, apm32f0xx_int.o(i.HardFault_Handler))
<BR>[Address Reference Count : 1]<UL><LI> startup_apm32f030.o(RESET)
</UL>
<P><STRONG><a name="[66]"></a>I2C_ClearIntFlag</STRONG> (Thumb, 4 bytes, Stack size 0 bytes, apm32f0xx_i2c.o(i.I2C_ClearIntFlag))
<BR><BR>[Called By]<UL><LI><a href="#[5e]">&gt;&gt;</a>&nbsp;&nbsp;&nbsp;BSP_I2C1_ReadRegisters
<LI><a href="#[61]">&gt;&gt;</a>&nbsp;&nbsp;&nbsp;I2C_ClearStop
<LI><a href="#[5b]">&gt;&gt;</a>&nbsp;&nbsp;&nbsp;I2C_ClearErrorFlags
</UL>

<P><STRONG><a name="[5a]"></a>I2C_Config</STRONG> (Thumb, 148 bytes, Stack size 12 bytes, apm32f0xx_i2c.o(i.I2C_Config))
<BR><BR>[Stack]<UL><LI>Max Depth = 12<LI>Call Chain = I2C_Config
</UL>
<BR>[Called By]<UL><LI><a href="#[55]">&gt;&gt;</a>&nbsp;&nbsp;&nbsp;BSP_I2C1_Init
</UL>

<P><STRONG><a name="[59]"></a>I2C_ConfigStructInit</STRONG> (Thumb, 22 bytes, Stack size 0 bytes, apm32f0xx_i2c.o(i.I2C_ConfigStructInit))
<BR><BR>[Called By]<UL><LI><a href="#[55]">&gt;&gt;</a>&nbsp;&nbsp;&nbsp;BSP_I2C1_Init
</UL>

<P><STRONG><a name="[5c]"></a>I2C_Enable</STRONG> (Thumb, 12 bytes, Stack size 0 bytes, apm32f0xx_i2c.o(i.I2C_Enable))
<BR><BR>[Called By]<UL><LI><a href="#[55]">&gt;&gt;</a>&nbsp;&nbsp;&nbsp;BSP_I2C1_Init
</UL>

<P><STRONG><a name="[ad]"></a>I2C_EnableGenerateStop</STRONG> (Thumb, 14 bytes, Stack size 0 bytes, apm32f0xx_i2c.o(i.I2C_EnableGenerateStop))
<BR><BR>[Called By]<UL><LI><a href="#[ab]">&gt;&gt;</a>&nbsp;&nbsp;&nbsp;I2C_AbortTransfer
</UL>

<P><STRONG><a name="[62]"></a>I2C_HandlingTransfer</STRONG> (Thumb, 38 bytes, Stack size 20 bytes, apm32f0xx_i2c.o(i.I2C_HandlingTransfer))
<BR><BR>[Stack]<UL><LI>Max Depth = 20<LI>Call Chain = I2C_HandlingTransfer
</UL>
<BR>[Called By]<UL><LI><a href="#[5e]">&gt;&gt;</a>&nbsp;&nbsp;&nbsp;BSP_I2C1_ReadRegisters
</UL>

<P><STRONG><a name="[ac]"></a>I2C_ReadStatusFlag</STRONG> (Thumb, 22 bytes, Stack size 0 bytes, apm32f0xx_i2c.o(i.I2C_ReadStatusFlag))
<BR><BR>[Called By]<UL><LI><a href="#[63]">&gt;&gt;</a>&nbsp;&nbsp;&nbsp;I2C_WaitFlag
<LI><a href="#[61]">&gt;&gt;</a>&nbsp;&nbsp;&nbsp;I2C_ClearStop
<LI><a href="#[5b]">&gt;&gt;</a>&nbsp;&nbsp;&nbsp;I2C_ClearErrorFlags
<LI><a href="#[ab]">&gt;&gt;</a>&nbsp;&nbsp;&nbsp;I2C_AbortTransfer
</UL>

<P><STRONG><a name="[57]"></a>I2C_Reset</STRONG> (Thumb, 46 bytes, Stack size 8 bytes, apm32f0xx_i2c.o(i.I2C_Reset))
<BR><BR>[Stack]<UL><LI>Max Depth = 8<LI>Call Chain = I2C_Reset
</UL>
<BR>[Calls]<UL><LI><a href="#[ae]">&gt;&gt;</a>&nbsp;&nbsp;&nbsp;RCM_EnableAPB1PeriphReset
<LI><a href="#[af]">&gt;&gt;</a>&nbsp;&nbsp;&nbsp;RCM_DisableAPB1PeriphReset
</UL>
<BR>[Called By]<UL><LI><a href="#[55]">&gt;&gt;</a>&nbsp;&nbsp;&nbsp;BSP_I2C1_Init
</UL>

<P><STRONG><a name="[65]"></a>I2C_RxData</STRONG> (Thumb, 8 bytes, Stack size 0 bytes, apm32f0xx_i2c.o(i.I2C_RxData))
<BR><BR>[Called By]<UL><LI><a href="#[5e]">&gt;&gt;</a>&nbsp;&nbsp;&nbsp;BSP_I2C1_ReadRegisters
</UL>

<P><STRONG><a name="[64]"></a>I2C_TxData</STRONG> (Thumb, 4 bytes, Stack size 0 bytes, apm32f0xx_i2c.o(i.I2C_TxData))
<BR><BR>[Called By]<UL><LI><a href="#[5e]">&gt;&gt;</a>&nbsp;&nbsp;&nbsp;BSP_I2C1_ReadRegisters
</UL>

<P><STRONG><a name="[1]"></a>NMI_Handler</STRONG> (Thumb, 2 bytes, Stack size 0 bytes, apm32f0xx_int.o(i.NMI_Handler))
<BR>[Address Reference Count : 1]<UL><LI> startup_apm32f030.o(RESET)
</UL>
<P><STRONG><a name="[43]"></a>NVIC_DisableIRQRequest</STRONG> (Thumb, 30 bytes, Stack size 0 bytes, apm32f0xx_misc.o(i.NVIC_DisableIRQRequest))
<BR><BR>[Called By]<UL><LI><a href="#[42]">&gt;&gt;</a>&nbsp;&nbsp;&nbsp;BSP_ChargerInterrupt_Consume
</UL>

<P><STRONG><a name="[44]"></a>NVIC_EnableIRQRequest</STRONG> (Thumb, 44 bytes, Stack size 16 bytes, apm32f0xx_misc.o(i.NVIC_EnableIRQRequest))
<BR><BR>[Stack]<UL><LI>Max Depth = 24<LI>Call Chain = NVIC_EnableIRQRequest &rArr; __NVIC_SetPriority
</UL>
<BR>[Calls]<UL><LI><a href="#[b0]">&gt;&gt;</a>&nbsp;&nbsp;&nbsp;__NVIC_SetPriority
</UL>
<BR>[Called By]<UL><LI><a href="#[68]">&gt;&gt;</a>&nbsp;&nbsp;&nbsp;BSP_Uart_Init
<LI><a href="#[41]">&gt;&gt;</a>&nbsp;&nbsp;&nbsp;GPIO_ConfigChargerInterrupt
<LI><a href="#[42]">&gt;&gt;</a>&nbsp;&nbsp;&nbsp;BSP_ChargerInterrupt_Consume
</UL>

<P><STRONG><a name="[4]"></a>PendSV_Handler</STRONG> (Thumb, 2 bytes, Stack size 0 bytes, apm32f0xx_int.o(i.PendSV_Handler))
<BR>[Address Reference Count : 1]<UL><LI> startup_apm32f030.o(RESET)
</UL>
<P><STRONG><a name="[58]"></a>RCM_ConfigI2CCLK</STRONG> (Thumb, 22 bytes, Stack size 0 bytes, apm32f0xx_rcm.o(i.RCM_ConfigI2CCLK))
<BR><BR>[Called By]<UL><LI><a href="#[55]">&gt;&gt;</a>&nbsp;&nbsp;&nbsp;BSP_I2C1_Init
</UL>

<P><STRONG><a name="[af]"></a>RCM_DisableAPB1PeriphReset</STRONG> (Thumb, 12 bytes, Stack size 0 bytes, apm32f0xx_rcm.o(i.RCM_DisableAPB1PeriphReset))
<BR><BR>[Called By]<UL><LI><a href="#[57]">&gt;&gt;</a>&nbsp;&nbsp;&nbsp;I2C_Reset
</UL>

<P><STRONG><a name="[29]"></a>RCM_DisableAPB2PeriphReset</STRONG> (Thumb, 12 bytes, Stack size 0 bytes, apm32f0xx_rcm.o(i.RCM_DisableAPB2PeriphReset))
<BR><BR>[Called By]<UL><LI><a href="#[27]">&gt;&gt;</a>&nbsp;&nbsp;&nbsp;ADC_Reset
</UL>

<P><STRONG><a name="[2e]"></a>RCM_EnableAHBPeriphClock</STRONG> (Thumb, 12 bytes, Stack size 0 bytes, apm32f0xx_rcm.o(i.RCM_EnableAHBPeriphClock))
<BR><BR>[Called By]<UL><LI><a href="#[2d]">&gt;&gt;</a>&nbsp;&nbsp;&nbsp;BSP_Adc_Init
<LI><a href="#[55]">&gt;&gt;</a>&nbsp;&nbsp;&nbsp;BSP_I2C1_Init
<LI><a href="#[68]">&gt;&gt;</a>&nbsp;&nbsp;&nbsp;BSP_Uart_Init
<LI><a href="#[3e]">&gt;&gt;</a>&nbsp;&nbsp;&nbsp;BSP_BoardGpio_Init
<LI><a href="#[4a]">&gt;&gt;</a>&nbsp;&nbsp;&nbsp;BSP_DebugUart_Init
</UL>

<P><STRONG><a name="[56]"></a>RCM_EnableAPB1PeriphClock</STRONG> (Thumb, 12 bytes, Stack size 0 bytes, apm32f0xx_rcm.o(i.RCM_EnableAPB1PeriphClock))
<BR><BR>[Called By]<UL><LI><a href="#[55]">&gt;&gt;</a>&nbsp;&nbsp;&nbsp;BSP_I2C1_Init
<LI><a href="#[68]">&gt;&gt;</a>&nbsp;&nbsp;&nbsp;BSP_Uart_Init
</UL>

<P><STRONG><a name="[ae]"></a>RCM_EnableAPB1PeriphReset</STRONG> (Thumb, 12 bytes, Stack size 0 bytes, apm32f0xx_rcm.o(i.RCM_EnableAPB1PeriphReset))
<BR><BR>[Called By]<UL><LI><a href="#[57]">&gt;&gt;</a>&nbsp;&nbsp;&nbsp;I2C_Reset
</UL>

<P><STRONG><a name="[2f]"></a>RCM_EnableAPB2PeriphClock</STRONG> (Thumb, 12 bytes, Stack size 0 bytes, apm32f0xx_rcm.o(i.RCM_EnableAPB2PeriphClock))
<BR><BR>[Called By]<UL><LI><a href="#[2d]">&gt;&gt;</a>&nbsp;&nbsp;&nbsp;BSP_Adc_Init
<LI><a href="#[55]">&gt;&gt;</a>&nbsp;&nbsp;&nbsp;BSP_I2C1_Init
<LI><a href="#[68]">&gt;&gt;</a>&nbsp;&nbsp;&nbsp;BSP_Uart_Init
<LI><a href="#[3e]">&gt;&gt;</a>&nbsp;&nbsp;&nbsp;BSP_BoardGpio_Init
<LI><a href="#[4a]">&gt;&gt;</a>&nbsp;&nbsp;&nbsp;BSP_DebugUart_Init
</UL>

<P><STRONG><a name="[28]"></a>RCM_EnableAPB2PeriphReset</STRONG> (Thumb, 12 bytes, Stack size 0 bytes, apm32f0xx_rcm.o(i.RCM_EnableAPB2PeriphReset))
<BR><BR>[Called By]<UL><LI><a href="#[27]">&gt;&gt;</a>&nbsp;&nbsp;&nbsp;ADC_Reset
</UL>

<P><STRONG><a name="[b1]"></a>RCM_ReadHCLKFreq</STRONG> (Thumb, 40 bytes, Stack size 32 bytes, apm32f0xx_rcm.o(i.RCM_ReadHCLKFreq))
<BR><BR>[Stack]<UL><LI>Max Depth = 68<LI>Call Chain = RCM_ReadHCLKFreq &rArr; RCM_ReadSYSCLKFreq &rArr; __aeabi_uidivmod
</UL>
<BR>[Calls]<UL><LI><a href="#[b2]">&gt;&gt;</a>&nbsp;&nbsp;&nbsp;RCM_ReadSYSCLKFreq
</UL>
<BR>[Called By]<UL><LI><a href="#[b3]">&gt;&gt;</a>&nbsp;&nbsp;&nbsp;RCM_ReadPCLKFreq
</UL>

<P><STRONG><a name="[b3]"></a>RCM_ReadPCLKFreq</STRONG> (Thumb, 38 bytes, Stack size 24 bytes, apm32f0xx_rcm.o(i.RCM_ReadPCLKFreq))
<BR><BR>[Stack]<UL><LI>Max Depth = 92<LI>Call Chain = RCM_ReadPCLKFreq &rArr; RCM_ReadHCLKFreq &rArr; RCM_ReadSYSCLKFreq &rArr; __aeabi_uidivmod
</UL>
<BR>[Calls]<UL><LI><a href="#[b1]">&gt;&gt;</a>&nbsp;&nbsp;&nbsp;RCM_ReadHCLKFreq
</UL>
<BR>[Called By]<UL><LI><a href="#[b5]">&gt;&gt;</a>&nbsp;&nbsp;&nbsp;RCM_ReadUSART2CLKFreq
<LI><a href="#[b4]">&gt;&gt;</a>&nbsp;&nbsp;&nbsp;RCM_ReadUSART1CLKFreq
<LI><a href="#[4d]">&gt;&gt;</a>&nbsp;&nbsp;&nbsp;USART_Config
</UL>

<P><STRONG><a name="[b2]"></a>RCM_ReadSYSCLKFreq</STRONG> (Thumb, 140 bytes, Stack size 24 bytes, apm32f0xx_rcm.o(i.RCM_ReadSYSCLKFreq))
<BR><BR>[Stack]<UL><LI>Max Depth = 36<LI>Call Chain = RCM_ReadSYSCLKFreq &rArr; __aeabi_uidivmod
</UL>
<BR>[Calls]<UL><LI><a href="#[36]">&gt;&gt;</a>&nbsp;&nbsp;&nbsp;__aeabi_uidivmod
</UL>
<BR>[Called By]<UL><LI><a href="#[b4]">&gt;&gt;</a>&nbsp;&nbsp;&nbsp;RCM_ReadUSART1CLKFreq
<LI><a href="#[b1]">&gt;&gt;</a>&nbsp;&nbsp;&nbsp;RCM_ReadHCLKFreq
</UL>

<P><STRONG><a name="[b4]"></a>RCM_ReadUSART1CLKFreq</STRONG> (Thumb, 78 bytes, Stack size 8 bytes, apm32f0xx_rcm.o(i.RCM_ReadUSART1CLKFreq))
<BR><BR>[Stack]<UL><LI>Max Depth = 100<LI>Call Chain = RCM_ReadUSART1CLKFreq &rArr; RCM_ReadPCLKFreq &rArr; RCM_ReadHCLKFreq &rArr; RCM_ReadSYSCLKFreq &rArr; __aeabi_uidivmod
</UL>
<BR>[Calls]<UL><LI><a href="#[b2]">&gt;&gt;</a>&nbsp;&nbsp;&nbsp;RCM_ReadSYSCLKFreq
<LI><a href="#[b3]">&gt;&gt;</a>&nbsp;&nbsp;&nbsp;RCM_ReadPCLKFreq
</UL>
<BR>[Called By]<UL><LI><a href="#[4d]">&gt;&gt;</a>&nbsp;&nbsp;&nbsp;USART_Config
</UL>

<P><STRONG><a name="[b5]"></a>RCM_ReadUSART2CLKFreq</STRONG> (Thumb, 14 bytes, Stack size 8 bytes, apm32f0xx_rcm.o(i.RCM_ReadUSART2CLKFreq))
<BR><BR>[Stack]<UL><LI>Max Depth = 100<LI>Call Chain = RCM_ReadUSART2CLKFreq &rArr; RCM_ReadPCLKFreq &rArr; RCM_ReadHCLKFreq &rArr; RCM_ReadSYSCLKFreq &rArr; __aeabi_uidivmod
</UL>
<BR>[Calls]<UL><LI><a href="#[b3]">&gt;&gt;</a>&nbsp;&nbsp;&nbsp;RCM_ReadPCLKFreq
</UL>
<BR>[Called By]<UL><LI><a href="#[4d]">&gt;&gt;</a>&nbsp;&nbsp;&nbsp;USART_Config
</UL>

<P><STRONG><a name="[75]"></a>SGM41511_GetChargeCurrentMa</STRONG> (Thumb, 54 bytes, Stack size 24 bytes, sgm41511.o(i.SGM41511_GetChargeCurrentMa))
<BR><BR>[Stack]<UL><LI>Max Depth = 132<LI>Call Chain = SGM41511_GetChargeCurrentMa &rArr; SGM41511_ReadRegister &rArr; BSP_I2C1_ReadRegister &rArr; BSP_I2C1_ReadRegisters &rArr; I2C_WaitBusIdle &rArr; I2C_WaitFlag &rArr; BSP_Tick_Elapsed
</UL>
<BR>[Calls]<UL><LI><a href="#[b6]">&gt;&gt;</a>&nbsp;&nbsp;&nbsp;SGM41511_ReadRegister
</UL>
<BR>[Called By]<UL><LI><a href="#[6d]">&gt;&gt;</a>&nbsp;&nbsp;&nbsp;BSP_SelfTest_Run
</UL>

<P><STRONG><a name="[74]"></a>SGM41511_GetInputCurrentLimitMa</STRONG> (Thumb, 56 bytes, Stack size 16 bytes, sgm41511.o(i.SGM41511_GetInputCurrentLimitMa))
<BR><BR>[Stack]<UL><LI>Max Depth = 124<LI>Call Chain = SGM41511_GetInputCurrentLimitMa &rArr; SGM41511_ReadRegister &rArr; BSP_I2C1_ReadRegister &rArr; BSP_I2C1_ReadRegisters &rArr; I2C_WaitBusIdle &rArr; I2C_WaitFlag &rArr; BSP_Tick_Elapsed
</UL>
<BR>[Calls]<UL><LI><a href="#[b6]">&gt;&gt;</a>&nbsp;&nbsp;&nbsp;SGM41511_ReadRegister
</UL>
<BR>[Called By]<UL><LI><a href="#[6d]">&gt;&gt;</a>&nbsp;&nbsp;&nbsp;BSP_SelfTest_Run
</UL>

<P><STRONG><a name="[72]"></a>SGM41511_GetStatus</STRONG> (Thumb, 170 bytes, Stack size 24 bytes, sgm41511.o(i.SGM41511_GetStatus))
<BR><BR>[Stack]<UL><LI>Max Depth = 132<LI>Call Chain = SGM41511_GetStatus &rArr; SGM41511_ReadRegister &rArr; BSP_I2C1_ReadRegister &rArr; BSP_I2C1_ReadRegisters &rArr; I2C_WaitBusIdle &rArr; I2C_WaitFlag &rArr; BSP_Tick_Elapsed
</UL>
<BR>[Calls]<UL><LI><a href="#[b6]">&gt;&gt;</a>&nbsp;&nbsp;&nbsp;SGM41511_ReadRegister
</UL>
<BR>[Called By]<UL><LI><a href="#[6d]">&gt;&gt;</a>&nbsp;&nbsp;&nbsp;BSP_SelfTest_Run
</UL>

<P><STRONG><a name="[70]"></a>SGM41511_Probe</STRONG> (Thumb, 106 bytes, Stack size 16 bytes, sgm41511.o(i.SGM41511_Probe))
<BR><BR>[Stack]<UL><LI>Max Depth = 124<LI>Call Chain = SGM41511_Probe &rArr; SGM41511_ReadRegister &rArr; BSP_I2C1_ReadRegister &rArr; BSP_I2C1_ReadRegisters &rArr; I2C_WaitBusIdle &rArr; I2C_WaitFlag &rArr; BSP_Tick_Elapsed
</UL>
<BR>[Calls]<UL><LI><a href="#[b6]">&gt;&gt;</a>&nbsp;&nbsp;&nbsp;SGM41511_ReadRegister
</UL>
<BR>[Called By]<UL><LI><a href="#[6d]">&gt;&gt;</a>&nbsp;&nbsp;&nbsp;BSP_SelfTest_Run
</UL>

<P><STRONG><a name="[73]"></a>SGM41511_ReadFault</STRONG> (Thumb, 44 bytes, Stack size 16 bytes, sgm41511.o(i.SGM41511_ReadFault))
<BR><BR>[Stack]<UL><LI>Max Depth = 124<LI>Call Chain = SGM41511_ReadFault &rArr; SGM41511_ReadRegister &rArr; BSP_I2C1_ReadRegister &rArr; BSP_I2C1_ReadRegisters &rArr; I2C_WaitBusIdle &rArr; I2C_WaitFlag &rArr; BSP_Tick_Elapsed
</UL>
<BR>[Calls]<UL><LI><a href="#[b6]">&gt;&gt;</a>&nbsp;&nbsp;&nbsp;SGM41511_ReadRegister
</UL>
<BR>[Called By]<UL><LI><a href="#[6d]">&gt;&gt;</a>&nbsp;&nbsp;&nbsp;BSP_SelfTest_Run
</UL>

<P><STRONG><a name="[b6]"></a>SGM41511_ReadRegister</STRONG> (Thumb, 26 bytes, Stack size 16 bytes, sgm41511.o(i.SGM41511_ReadRegister))
<BR><BR>[Stack]<UL><LI>Max Depth = 108<LI>Call Chain = SGM41511_ReadRegister &rArr; BSP_I2C1_ReadRegister &rArr; BSP_I2C1_ReadRegisters &rArr; I2C_WaitBusIdle &rArr; I2C_WaitFlag &rArr; BSP_Tick_Elapsed
</UL>
<BR>[Calls]<UL><LI><a href="#[5d]">&gt;&gt;</a>&nbsp;&nbsp;&nbsp;BSP_I2C1_ReadRegister
</UL>
<BR>[Called By]<UL><LI><a href="#[73]">&gt;&gt;</a>&nbsp;&nbsp;&nbsp;SGM41511_ReadFault
<LI><a href="#[70]">&gt;&gt;</a>&nbsp;&nbsp;&nbsp;SGM41511_Probe
<LI><a href="#[72]">&gt;&gt;</a>&nbsp;&nbsp;&nbsp;SGM41511_GetStatus
<LI><a href="#[74]">&gt;&gt;</a>&nbsp;&nbsp;&nbsp;SGM41511_GetInputCurrentLimitMa
<LI><a href="#[75]">&gt;&gt;</a>&nbsp;&nbsp;&nbsp;SGM41511_GetChargeCurrentMa
</UL>

<P><STRONG><a name="[3]"></a>SVC_Handler</STRONG> (Thumb, 2 bytes, Stack size 0 bytes, apm32f0xx_int.o(i.SVC_Handler))
<BR>[Address Reference Count : 1]<UL><LI> startup_apm32f030.o(RESET)
</UL>
<P><STRONG><a name="[a6]"></a>SYSCFG_EINTLine</STRONG> (Thumb, 188 bytes, Stack size 12 bytes, apm32f0xx_syscfg.o(i.SYSCFG_EINTLine))
<BR><BR>[Stack]<UL><LI>Max Depth = 12<LI>Call Chain = SYSCFG_EINTLine
</UL>
<BR>[Called By]<UL><LI><a href="#[41]">&gt;&gt;</a>&nbsp;&nbsp;&nbsp;GPIO_ConfigChargerInterrupt
</UL>

<P><STRONG><a name="[5]"></a>SysTick_Handler</STRONG> (Thumb, 8 bytes, Stack size 8 bytes, apm32f0xx_int.o(i.SysTick_Handler))
<BR><BR>[Stack]<UL><LI>Max Depth = 8<LI>Call Chain = SysTick_Handler
</UL>
<BR>[Calls]<UL><LI><a href="#[b7]">&gt;&gt;</a>&nbsp;&nbsp;&nbsp;BSP_Tick_Increment
</UL>
<BR>[Address Reference Count : 1]<UL><LI> startup_apm32f030.o(RESET)
</UL>
<P><STRONG><a name="[b8]"></a>SystemClockConfig</STRONG> (Thumb, 12 bytes, Stack size 8 bytes, system_apm32f0xx.o(i.SystemClockConfig))
<BR><BR>[Stack]<UL><LI>Max Depth = 60<LI>Call Chain = SystemClockConfig &rArr; SystemCoreClockUpdate &rArr; __aeabi_uidivmod
</UL>
<BR>[Calls]<UL><LI><a href="#[ba]">&gt;&gt;</a>&nbsp;&nbsp;&nbsp;SystemCoreClockUpdate
<LI><a href="#[b9]">&gt;&gt;</a>&nbsp;&nbsp;&nbsp;SystemClock48M
</UL>
<BR>[Called By]<UL><LI><a href="#[21]">&gt;&gt;</a>&nbsp;&nbsp;&nbsp;main
</UL>

<P><STRONG><a name="[ba]"></a>SystemCoreClockUpdate</STRONG> (Thumb, 220 bytes, Stack size 40 bytes, system_apm32f0xx.o(i.SystemCoreClockUpdate))
<BR><BR>[Stack]<UL><LI>Max Depth = 52<LI>Call Chain = SystemCoreClockUpdate &rArr; __aeabi_uidivmod
</UL>
<BR>[Calls]<UL><LI><a href="#[36]">&gt;&gt;</a>&nbsp;&nbsp;&nbsp;__aeabi_uidivmod
</UL>
<BR>[Called By]<UL><LI><a href="#[b8]">&gt;&gt;</a>&nbsp;&nbsp;&nbsp;SystemClockConfig
</UL>

<P><STRONG><a name="[22]"></a>SystemInit</STRONG> (Thumb, 112 bytes, Stack size 0 bytes, system_apm32f0xx.o(i.SystemInit))
<BR>[Address Reference Count : 1]<UL><LI> startup_apm32f030.o(.text)
</UL>
<P><STRONG><a name="[18]"></a>TMR16_IRQHandler</STRONG> (Thumb, 8 bytes, Stack size 8 bytes, apm32f0xx_int.o(i.TMR16_IRQHandler))
<BR><BR>[Stack]<UL><LI>Max Depth = 32<LI>Call Chain = TMR16_IRQHandler &rArr; BSP_Uart_Tmr16IRQHandler &rArr; Flow_QueueFrameLength
</UL>
<BR>[Calls]<UL><LI><a href="#[8e]">&gt;&gt;</a>&nbsp;&nbsp;&nbsp;BSP_Uart_Tmr16IRQHandler
</UL>
<BR>[Address Reference Count : 1]<UL><LI> startup_apm32f030.o(RESET)
</UL>
<P><STRONG><a name="[89]"></a>TMR_ClearStatusFlag</STRONG> (Thumb, 6 bytes, Stack size 0 bytes, apm32f0xx_tmr.o(i.TMR_ClearStatusFlag))
<BR><BR>[Called By]<UL><LI><a href="#[68]">&gt;&gt;</a>&nbsp;&nbsp;&nbsp;BSP_Uart_Init
<LI><a href="#[98]">&gt;&gt;</a>&nbsp;&nbsp;&nbsp;Flow_RestartGapTimer
<LI><a href="#[8e]">&gt;&gt;</a>&nbsp;&nbsp;&nbsp;BSP_Uart_Tmr16IRQHandler
</UL>

<P><STRONG><a name="[88]"></a>TMR_ConfigTimeBase</STRONG> (Thumb, 128 bytes, Stack size 8 bytes, apm32f0xx_tmr.o(i.TMR_ConfigTimeBase))
<BR><BR>[Stack]<UL><LI>Max Depth = 8<LI>Call Chain = TMR_ConfigTimeBase
</UL>
<BR>[Called By]<UL><LI><a href="#[68]">&gt;&gt;</a>&nbsp;&nbsp;&nbsp;BSP_Uart_Init
</UL>

<P><STRONG><a name="[87]"></a>TMR_ConfigTimeBaseStruct</STRONG> (Thumb, 18 bytes, Stack size 0 bytes, apm32f0xx_tmr.o(i.TMR_ConfigTimeBaseStruct))
<BR><BR>[Called By]<UL><LI><a href="#[68]">&gt;&gt;</a>&nbsp;&nbsp;&nbsp;BSP_Uart_Init
</UL>

<P><STRONG><a name="[8b]"></a>TMR_Disable</STRONG> (Thumb, 10 bytes, Stack size 0 bytes, apm32f0xx_tmr.o(i.TMR_Disable))
<BR><BR>[Called By]<UL><LI><a href="#[68]">&gt;&gt;</a>&nbsp;&nbsp;&nbsp;BSP_Uart_Init
<LI><a href="#[98]">&gt;&gt;</a>&nbsp;&nbsp;&nbsp;Flow_RestartGapTimer
<LI><a href="#[8e]">&gt;&gt;</a>&nbsp;&nbsp;&nbsp;BSP_Uart_Tmr16IRQHandler
</UL>

<P><STRONG><a name="[a5]"></a>TMR_Enable</STRONG> (Thumb, 12 bytes, Stack size 0 bytes, apm32f0xx_tmr.o(i.TMR_Enable))
<BR><BR>[Called By]<UL><LI><a href="#[98]">&gt;&gt;</a>&nbsp;&nbsp;&nbsp;Flow_RestartGapTimer
</UL>

<P><STRONG><a name="[8a]"></a>TMR_EnableInterrupt</STRONG> (Thumb, 8 bytes, Stack size 0 bytes, apm32f0xx_tmr.o(i.TMR_EnableInterrupt))
<BR><BR>[Called By]<UL><LI><a href="#[68]">&gt;&gt;</a>&nbsp;&nbsp;&nbsp;BSP_Uart_Init
</UL>

<P><STRONG><a name="[8f]"></a>TMR_ReadStatusFlag</STRONG> (Thumb, 18 bytes, Stack size 0 bytes, apm32f0xx_tmr.o(i.TMR_ReadStatusFlag))
<BR><BR>[Called By]<UL><LI><a href="#[8e]">&gt;&gt;</a>&nbsp;&nbsp;&nbsp;BSP_Uart_Tmr16IRQHandler
</UL>

<P><STRONG><a name="[a4]"></a>TMR_SetCounter</STRONG> (Thumb, 4 bytes, Stack size 0 bytes, apm32f0xx_tmr.o(i.TMR_SetCounter))
<BR><BR>[Called By]<UL><LI><a href="#[98]">&gt;&gt;</a>&nbsp;&nbsp;&nbsp;Flow_RestartGapTimer
</UL>

<P><STRONG><a name="[1e]"></a>USART1_IRQHandler</STRONG> (Thumb, 8 bytes, Stack size 8 bytes, apm32f0xx_int.o(i.USART1_IRQHandler))
<BR><BR>[Stack]<UL><LI>Max Depth = 24<LI>Call Chain = USART1_IRQHandler &rArr; BSP_Uart_Usart1IRQHandler &rArr; BSP_RingBuffer_Push
</UL>
<BR>[Calls]<UL><LI><a href="#[92]">&gt;&gt;</a>&nbsp;&nbsp;&nbsp;BSP_Uart_Usart1IRQHandler
</UL>
<BR>[Address Reference Count : 1]<UL><LI> startup_apm32f030.o(RESET)
</UL>
<P><STRONG><a name="[1f]"></a>USART2_IRQHandler</STRONG> (Thumb, 8 bytes, Stack size 8 bytes, apm32f0xx_int.o(i.USART2_IRQHandler))
<BR><BR>[Stack]<UL><LI>Max Depth = 24<LI>Call Chain = USART2_IRQHandler &rArr; BSP_Uart_Usart2IRQHandler &rArr; BSP_RingBuffer_Push
</UL>
<BR>[Calls]<UL><LI><a href="#[95]">&gt;&gt;</a>&nbsp;&nbsp;&nbsp;BSP_Uart_Usart2IRQHandler
</UL>
<BR>[Address Reference Count : 1]<UL><LI> startup_apm32f030.o(RESET)
</UL>
<P><STRONG><a name="[20]"></a>USART3_6_IRQHandler</STRONG> (Thumb, 8 bytes, Stack size 8 bytes, apm32f0xx_int.o(i.USART3_6_IRQHandler))
<BR><BR>[Stack]<UL><LI>Max Depth = 92<LI>Call Chain = USART3_6_IRQHandler &rArr; BSP_Uart_Usart3To6IRQHandler &rArr; Dma_FlushToRing &rArr; BSP_RingBuffer_PushBlock &rArr; BSP_RingBuffer_Push
</UL>
<BR>[Calls]<UL><LI><a href="#[96]">&gt;&gt;</a>&nbsp;&nbsp;&nbsp;BSP_Uart_Usart3To6IRQHandler
</UL>
<BR>[Address Reference Count : 1]<UL><LI> startup_apm32f030.o(RESET)
</UL>
<P><STRONG><a name="[97]"></a>USART_ClearStatusFlag</STRONG> (Thumb, 4 bytes, Stack size 0 bytes, apm32f0xx_usart.o(i.USART_ClearStatusFlag))
<BR><BR>[Called By]<UL><LI><a href="#[96]">&gt;&gt;</a>&nbsp;&nbsp;&nbsp;BSP_Uart_Usart3To6IRQHandler
</UL>

<P><STRONG><a name="[4d]"></a>USART_Config</STRONG> (Thumb, 214 bytes, Stack size 32 bytes, apm32f0xx_usart.o(i.USART_Config))
<BR><BR>[Stack]<UL><LI>Max Depth = 132<LI>Call Chain = USART_Config &rArr; RCM_ReadUSART2CLKFreq &rArr; RCM_ReadPCLKFreq &rArr; RCM_ReadHCLKFreq &rArr; RCM_ReadSYSCLKFreq &rArr; __aeabi_uidivmod
</UL>
<BR>[Calls]<UL><LI><a href="#[b5]">&gt;&gt;</a>&nbsp;&nbsp;&nbsp;RCM_ReadUSART2CLKFreq
<LI><a href="#[b4]">&gt;&gt;</a>&nbsp;&nbsp;&nbsp;RCM_ReadUSART1CLKFreq
<LI><a href="#[b3]">&gt;&gt;</a>&nbsp;&nbsp;&nbsp;RCM_ReadPCLKFreq
<LI><a href="#[36]">&gt;&gt;</a>&nbsp;&nbsp;&nbsp;__aeabi_uidivmod
</UL>
<BR>[Called By]<UL><LI><a href="#[84]">&gt;&gt;</a>&nbsp;&nbsp;&nbsp;Uart_Config
<LI><a href="#[4a]">&gt;&gt;</a>&nbsp;&nbsp;&nbsp;BSP_DebugUart_Init
</UL>

<P><STRONG><a name="[4c]"></a>USART_ConfigStructInit</STRONG> (Thumb, 24 bytes, Stack size 0 bytes, apm32f0xx_usart.o(i.USART_ConfigStructInit))
<BR><BR>[Called By]<UL><LI><a href="#[84]">&gt;&gt;</a>&nbsp;&nbsp;&nbsp;Uart_Config
<LI><a href="#[4a]">&gt;&gt;</a>&nbsp;&nbsp;&nbsp;BSP_DebugUart_Init
</UL>

<P><STRONG><a name="[4e]"></a>USART_Enable</STRONG> (Thumb, 12 bytes, Stack size 0 bytes, apm32f0xx_usart.o(i.USART_Enable))
<BR><BR>[Called By]<UL><LI><a href="#[84]">&gt;&gt;</a>&nbsp;&nbsp;&nbsp;Uart_Config
<LI><a href="#[4a]">&gt;&gt;</a>&nbsp;&nbsp;&nbsp;BSP_DebugUart_Init
</UL>

<P><STRONG><a name="[a1]"></a>USART_EnableDMA</STRONG> (Thumb, 58 bytes, Stack size 0 bytes, apm32f0xx_usart.o(i.USART_EnableDMA))
<BR><BR>[Called By]<UL><LI><a href="#[86]">&gt;&gt;</a>&nbsp;&nbsp;&nbsp;Dma_ConfigRx
</UL>

<P><STRONG><a name="[85]"></a>USART_EnableInterrupt</STRONG> (Thumb, 74 bytes, Stack size 0 bytes, apm32f0xx_usart.o(i.USART_EnableInterrupt))
<BR><BR>[Called By]<UL><LI><a href="#[68]">&gt;&gt;</a>&nbsp;&nbsp;&nbsp;BSP_Uart_Init
</UL>

<P><STRONG><a name="[93]"></a>USART_ReadIntFlag</STRONG> (Thumb, 160 bytes, Stack size 8 bytes, apm32f0xx_usart.o(i.USART_ReadIntFlag))
<BR><BR>[Stack]<UL><LI>Max Depth = 8<LI>Call Chain = USART_ReadIntFlag
</UL>
<BR>[Called By]<UL><LI><a href="#[96]">&gt;&gt;</a>&nbsp;&nbsp;&nbsp;BSP_Uart_Usart3To6IRQHandler
<LI><a href="#[95]">&gt;&gt;</a>&nbsp;&nbsp;&nbsp;BSP_Uart_Usart2IRQHandler
<LI><a href="#[92]">&gt;&gt;</a>&nbsp;&nbsp;&nbsp;BSP_Uart_Usart1IRQHandler
</UL>

<P><STRONG><a name="[51]"></a>USART_ReadStatusFlag</STRONG> (Thumb, 18 bytes, Stack size 0 bytes, apm32f0xx_usart.o(i.USART_ReadStatusFlag))
<BR><BR>[Called By]<UL><LI><a href="#[50]">&gt;&gt;</a>&nbsp;&nbsp;&nbsp;BSP_DebugUart_WriteByte
</UL>

<P><STRONG><a name="[94]"></a>USART_RxData</STRONG> (Thumb, 10 bytes, Stack size 0 bytes, apm32f0xx_usart.o(i.USART_RxData))
<BR><BR>[Called By]<UL><LI><a href="#[96]">&gt;&gt;</a>&nbsp;&nbsp;&nbsp;BSP_Uart_Usart3To6IRQHandler
<LI><a href="#[95]">&gt;&gt;</a>&nbsp;&nbsp;&nbsp;BSP_Uart_Usart2IRQHandler
<LI><a href="#[92]">&gt;&gt;</a>&nbsp;&nbsp;&nbsp;BSP_Uart_Usart1IRQHandler
</UL>

<P><STRONG><a name="[52]"></a>USART_TxData</STRONG> (Thumb, 8 bytes, Stack size 0 bytes, apm32f0xx_usart.o(i.USART_TxData))
<BR><BR>[Called By]<UL><LI><a href="#[50]">&gt;&gt;</a>&nbsp;&nbsp;&nbsp;BSP_DebugUart_WriteByte
</UL>

<P><STRONG><a name="[bb]"></a>__ARM_common_switch8</STRONG> (Thumb, 28 bytes, Stack size 8 bytes, apm32f0xx_rtc.o(i.__ARM_common_switch8))
<BR><BR>[Stack]<UL><LI>Max Depth = 8<LI>Call Chain = __ARM_common_switch8
</UL>
<BR>[Called By]<UL><LI><a href="#[8c]">&gt;&gt;</a>&nbsp;&nbsp;&nbsp;Uart_GetRing
</UL>

<P><STRONG><a name="[c4]"></a>__scatterload_copy</STRONG> (Thumb, 14 bytes, Stack size unknown bytes, handlers.o(i.__scatterload_copy), UNUSED)

<P><STRONG><a name="[c5]"></a>__scatterload_null</STRONG> (Thumb, 2 bytes, Stack size unknown bytes, handlers.o(i.__scatterload_null), UNUSED)

<P><STRONG><a name="[c6]"></a>__scatterload_zeroinit</STRONG> (Thumb, 14 bytes, Stack size unknown bytes, handlers.o(i.__scatterload_zeroinit), UNUSED)

<P><STRONG><a name="[21]"></a>main</STRONG> (Thumb, 156 bytes, Stack size 8 bytes, main.o(i.main))
<BR><BR>[Stack]<UL><LI>Max Depth = 228<LI>Call Chain = main &rArr; BSP_Peripherals_Init &rArr; BSP_Uart_Init &rArr; Uart_Config &rArr; USART_Config &rArr; RCM_ReadUSART2CLKFreq &rArr; RCM_ReadPCLKFreq &rArr; RCM_ReadHCLKFreq &rArr; RCM_ReadSYSCLKFreq &rArr; __aeabi_uidivmod
</UL>
<BR>[Calls]<UL><LI><a href="#[b8]">&gt;&gt;</a>&nbsp;&nbsp;&nbsp;SystemClockConfig
<LI><a href="#[7a]">&gt;&gt;</a>&nbsp;&nbsp;&nbsp;BSP_Tick_Init
<LI><a href="#[79]">&gt;&gt;</a>&nbsp;&nbsp;&nbsp;BSP_Tick_GetMs
<LI><a href="#[78]">&gt;&gt;</a>&nbsp;&nbsp;&nbsp;BSP_Tick_Elapsed
<LI><a href="#[6d]">&gt;&gt;</a>&nbsp;&nbsp;&nbsp;BSP_SelfTest_Run
<LI><a href="#[67]">&gt;&gt;</a>&nbsp;&nbsp;&nbsp;BSP_Peripherals_Init
<LI><a href="#[54]">&gt;&gt;</a>&nbsp;&nbsp;&nbsp;BSP_DebugUart_WriteUInt32
<LI><a href="#[4f]">&gt;&gt;</a>&nbsp;&nbsp;&nbsp;BSP_DebugUart_Write
<LI><a href="#[4a]">&gt;&gt;</a>&nbsp;&nbsp;&nbsp;BSP_DebugUart_Init
<LI><a href="#[6f]">&gt;&gt;</a>&nbsp;&nbsp;&nbsp;BSP_ChargerInterrupt_Count
<LI><a href="#[42]">&gt;&gt;</a>&nbsp;&nbsp;&nbsp;BSP_ChargerInterrupt_Consume
</UL>
<BR>[Address Reference Count : 1]<UL><LI> entry9a.o(.ARM.Collect$$$$0000000B)
</UL><P>
<H3>
Local Symbols
</H3>
<P><STRONG><a name="[b9]"></a>SystemClock48M</STRONG> (Thumb, 210 bytes, Stack size 0 bytes, system_apm32f0xx.o(i.SystemClock48M))
<BR><BR>[Called By]<UL><LI><a href="#[b8]">&gt;&gt;</a>&nbsp;&nbsp;&nbsp;SystemClockConfig
</UL>

<P><STRONG><a name="[b0]"></a>__NVIC_SetPriority</STRONG> (Thumb, 110 bytes, Stack size 8 bytes, apm32f0xx_misc.o(i.__NVIC_SetPriority))
<BR><BR>[Stack]<UL><LI>Max Depth = 8<LI>Call Chain = __NVIC_SetPriority
</UL>
<BR>[Called By]<UL><LI><a href="#[44]">&gt;&gt;</a>&nbsp;&nbsp;&nbsp;NVIC_EnableIRQRequest
</UL>

<P><STRONG><a name="[7b]"></a>__NVIC_SetPriority</STRONG> (Thumb, 110 bytes, Stack size 8 bytes, bsp_tick.o(i.__NVIC_SetPriority))
<BR><BR>[Stack]<UL><LI>Max Depth = 8<LI>Call Chain = __NVIC_SetPriority
</UL>
<BR>[Called By]<UL><LI><a href="#[7a]">&gt;&gt;</a>&nbsp;&nbsp;&nbsp;BSP_Tick_Init
</UL>

<P><STRONG><a name="[41]"></a>GPIO_ConfigChargerInterrupt</STRONG> (Thumb, 64 bytes, Stack size 16 bytes, bsp_gpio.o(i.GPIO_ConfigChargerInterrupt))
<BR><BR>[Stack]<UL><LI>Max Depth = 40<LI>Call Chain = GPIO_ConfigChargerInterrupt &rArr; NVIC_EnableIRQRequest &rArr; __NVIC_SetPriority
</UL>
<BR>[Calls]<UL><LI><a href="#[a7]">&gt;&gt;</a>&nbsp;&nbsp;&nbsp;EINT_ConfigStructInit
<LI><a href="#[a8]">&gt;&gt;</a>&nbsp;&nbsp;&nbsp;EINT_Config
<LI><a href="#[47]">&gt;&gt;</a>&nbsp;&nbsp;&nbsp;EINT_ClearIntFlag
<LI><a href="#[44]">&gt;&gt;</a>&nbsp;&nbsp;&nbsp;NVIC_EnableIRQRequest
<LI><a href="#[a6]">&gt;&gt;</a>&nbsp;&nbsp;&nbsp;SYSCFG_EINTLine
</UL>
<BR>[Called By]<UL><LI><a href="#[3e]">&gt;&gt;</a>&nbsp;&nbsp;&nbsp;BSP_BoardGpio_Init
</UL>

<P><STRONG><a name="[40]"></a>GPIO_ConfigInput</STRONG> (Thumb, 38 bytes, Stack size 24 bytes, bsp_gpio.o(i.GPIO_ConfigInput))
<BR><BR>[Stack]<UL><LI>Max Depth = 40<LI>Call Chain = GPIO_ConfigInput &rArr; GPIO_Config
</UL>
<BR>[Calls]<UL><LI><a href="#[2b]">&gt;&gt;</a>&nbsp;&nbsp;&nbsp;GPIO_ConfigStructInit
<LI><a href="#[2c]">&gt;&gt;</a>&nbsp;&nbsp;&nbsp;GPIO_Config
</UL>
<BR>[Called By]<UL><LI><a href="#[3e]">&gt;&gt;</a>&nbsp;&nbsp;&nbsp;BSP_BoardGpio_Init
</UL>

<P><STRONG><a name="[3f]"></a>GPIO_ConfigOutput</STRONG> (Thumb, 62 bytes, Stack size 24 bytes, bsp_gpio.o(i.GPIO_ConfigOutput))
<BR><BR>[Stack]<UL><LI>Max Depth = 40<LI>Call Chain = GPIO_ConfigOutput &rArr; GPIO_Config
</UL>
<BR>[Calls]<UL><LI><a href="#[a9]">&gt;&gt;</a>&nbsp;&nbsp;&nbsp;GPIO_SetBit
<LI><a href="#[2b]">&gt;&gt;</a>&nbsp;&nbsp;&nbsp;GPIO_ConfigStructInit
<LI><a href="#[2c]">&gt;&gt;</a>&nbsp;&nbsp;&nbsp;GPIO_Config
<LI><a href="#[aa]">&gt;&gt;</a>&nbsp;&nbsp;&nbsp;GPIO_ClearBit
</UL>
<BR>[Called By]<UL><LI><a href="#[3e]">&gt;&gt;</a>&nbsp;&nbsp;&nbsp;BSP_BoardGpio_Init
</UL>

<P><STRONG><a name="[86]"></a>Dma_ConfigRx</STRONG> (Thumb, 116 bytes, Stack size 64 bytes, bsp_uart.o(i.Dma_ConfigRx))
<BR><BR>[Stack]<UL><LI>Max Depth = 72<LI>Call Chain = Dma_ConfigRx &rArr; DMA_ConfigRemap
</UL>
<BR>[Calls]<UL><LI><a href="#[9a]">&gt;&gt;</a>&nbsp;&nbsp;&nbsp;DMA_Reset
<LI><a href="#[9f]">&gt;&gt;</a>&nbsp;&nbsp;&nbsp;DMA_EnableInterrupt
<LI><a href="#[a0]">&gt;&gt;</a>&nbsp;&nbsp;&nbsp;DMA_Enable
<LI><a href="#[99]">&gt;&gt;</a>&nbsp;&nbsp;&nbsp;DMA_Disable
<LI><a href="#[9c]">&gt;&gt;</a>&nbsp;&nbsp;&nbsp;DMA_ConfigStructInit
<LI><a href="#[9b]">&gt;&gt;</a>&nbsp;&nbsp;&nbsp;DMA_ConfigRemap
<LI><a href="#[9d]">&gt;&gt;</a>&nbsp;&nbsp;&nbsp;DMA_Config
<LI><a href="#[9e]">&gt;&gt;</a>&nbsp;&nbsp;&nbsp;DMA_ClearIntFlag
<LI><a href="#[a1]">&gt;&gt;</a>&nbsp;&nbsp;&nbsp;USART_EnableDMA
</UL>
<BR>[Called By]<UL><LI><a href="#[68]">&gt;&gt;</a>&nbsp;&nbsp;&nbsp;BSP_Uart_Init
</UL>

<P><STRONG><a name="[7e]"></a>Dma_FlushToRing</STRONG> (Thumb, 72 bytes, Stack size 40 bytes, bsp_uart.o(i.Dma_FlushToRing))
<BR><BR>[Stack]<UL><LI>Max Depth = 68<LI>Call Chain = Dma_FlushToRing &rArr; BSP_RingBuffer_PushBlock &rArr; BSP_RingBuffer_Push
</UL>
<BR>[Calls]<UL><LI><a href="#[a3]">&gt;&gt;</a>&nbsp;&nbsp;&nbsp;DMA_SetDataNumber
<LI><a href="#[a2]">&gt;&gt;</a>&nbsp;&nbsp;&nbsp;DMA_ReadDataNumber
<LI><a href="#[a0]">&gt;&gt;</a>&nbsp;&nbsp;&nbsp;DMA_Enable
<LI><a href="#[99]">&gt;&gt;</a>&nbsp;&nbsp;&nbsp;DMA_Disable
<LI><a href="#[9e]">&gt;&gt;</a>&nbsp;&nbsp;&nbsp;DMA_ClearIntFlag
<LI><a href="#[69]">&gt;&gt;</a>&nbsp;&nbsp;&nbsp;BSP_RingBuffer_PushBlock
</UL>
<BR>[Called By]<UL><LI><a href="#[96]">&gt;&gt;</a>&nbsp;&nbsp;&nbsp;BSP_Uart_Usart3To6IRQHandler
<LI><a href="#[7f]">&gt;&gt;</a>&nbsp;&nbsp;&nbsp;BSP_Uart_DmaCh4To5IRQHandler
<LI><a href="#[7c]">&gt;&gt;</a>&nbsp;&nbsp;&nbsp;BSP_Uart_DmaCh2To3IRQHandler
</UL>

<P><STRONG><a name="[90]"></a>Flow_QueueFrameLength</STRONG> (Thumb, 72 bytes, Stack size 16 bytes, bsp_uart.o(i.Flow_QueueFrameLength))
<BR><BR>[Stack]<UL><LI>Max Depth = 16<LI>Call Chain = Flow_QueueFrameLength
</UL>
<BR>[Calls]<UL><LI><a href="#[91]">&gt;&gt;</a>&nbsp;&nbsp;&nbsp;BSP_RingBuffer_Reset
</UL>
<BR>[Called By]<UL><LI><a href="#[8e]">&gt;&gt;</a>&nbsp;&nbsp;&nbsp;BSP_Uart_Tmr16IRQHandler
</UL>

<P><STRONG><a name="[98]"></a>Flow_RestartGapTimer</STRONG> (Thumb, 32 bytes, Stack size 8 bytes, bsp_uart.o(i.Flow_RestartGapTimer))
<BR><BR>[Stack]<UL><LI>Max Depth = 8<LI>Call Chain = Flow_RestartGapTimer
</UL>
<BR>[Calls]<UL><LI><a href="#[a4]">&gt;&gt;</a>&nbsp;&nbsp;&nbsp;TMR_SetCounter
<LI><a href="#[a5]">&gt;&gt;</a>&nbsp;&nbsp;&nbsp;TMR_Enable
<LI><a href="#[8b]">&gt;&gt;</a>&nbsp;&nbsp;&nbsp;TMR_Disable
<LI><a href="#[89]">&gt;&gt;</a>&nbsp;&nbsp;&nbsp;TMR_ClearStatusFlag
</UL>
<BR>[Called By]<UL><LI><a href="#[96]">&gt;&gt;</a>&nbsp;&nbsp;&nbsp;BSP_Uart_Usart3To6IRQHandler
</UL>

<P><STRONG><a name="[84]"></a>Uart_Config</STRONG> (Thumb, 56 bytes, Stack size 40 bytes, bsp_uart.o(i.Uart_Config))
<BR><BR>[Stack]<UL><LI>Max Depth = 172<LI>Call Chain = Uart_Config &rArr; USART_Config &rArr; RCM_ReadUSART2CLKFreq &rArr; RCM_ReadPCLKFreq &rArr; RCM_ReadHCLKFreq &rArr; RCM_ReadSYSCLKFreq &rArr; __aeabi_uidivmod
</UL>
<BR>[Calls]<UL><LI><a href="#[4e]">&gt;&gt;</a>&nbsp;&nbsp;&nbsp;USART_Enable
<LI><a href="#[4c]">&gt;&gt;</a>&nbsp;&nbsp;&nbsp;USART_ConfigStructInit
<LI><a href="#[4d]">&gt;&gt;</a>&nbsp;&nbsp;&nbsp;USART_Config
</UL>
<BR>[Called By]<UL><LI><a href="#[68]">&gt;&gt;</a>&nbsp;&nbsp;&nbsp;BSP_Uart_Init
</UL>

<P><STRONG><a name="[83]"></a>Uart_ConfigPins</STRONG> (Thumb, 78 bytes, Stack size 32 bytes, bsp_uart.o(i.Uart_ConfigPins))
<BR><BR>[Stack]<UL><LI>Max Depth = 52<LI>Call Chain = Uart_ConfigPins &rArr; GPIO_ConfigPinAF
</UL>
<BR>[Calls]<UL><LI><a href="#[2b]">&gt;&gt;</a>&nbsp;&nbsp;&nbsp;GPIO_ConfigStructInit
<LI><a href="#[4b]">&gt;&gt;</a>&nbsp;&nbsp;&nbsp;GPIO_ConfigPinAF
<LI><a href="#[2c]">&gt;&gt;</a>&nbsp;&nbsp;&nbsp;GPIO_Config
</UL>
<BR>[Called By]<UL><LI><a href="#[68]">&gt;&gt;</a>&nbsp;&nbsp;&nbsp;BSP_Uart_Init
</UL>

<P><STRONG><a name="[8c]"></a>Uart_GetRing</STRONG> (Thumb, 42 bytes, Stack size 4 bytes, bsp_uart.o(i.Uart_GetRing))
<BR><BR>[Stack]<UL><LI>Max Depth = 12<LI>Call Chain = Uart_GetRing &rArr; __ARM_common_switch8
</UL>
<BR>[Calls]<UL><LI><a href="#[bb]">&gt;&gt;</a>&nbsp;&nbsp;&nbsp;__ARM_common_switch8
</UL>
<BR>[Called By]<UL><LI><a href="#[81]">&gt;&gt;</a>&nbsp;&nbsp;&nbsp;BSP_Uart_OverflowCount
</UL>

<P><STRONG><a name="[ab]"></a>I2C_AbortTransfer</STRONG> (Thumb, 28 bytes, Stack size 8 bytes, bsp_i2c.o(i.I2C_AbortTransfer))
<BR><BR>[Stack]<UL><LI>Max Depth = 16<LI>Call Chain = I2C_AbortTransfer &rArr; I2C_ClearErrorFlags
</UL>
<BR>[Calls]<UL><LI><a href="#[ac]">&gt;&gt;</a>&nbsp;&nbsp;&nbsp;I2C_ReadStatusFlag
<LI><a href="#[ad]">&gt;&gt;</a>&nbsp;&nbsp;&nbsp;I2C_EnableGenerateStop
<LI><a href="#[5b]">&gt;&gt;</a>&nbsp;&nbsp;&nbsp;I2C_ClearErrorFlags
</UL>
<BR>[Called By]<UL><LI><a href="#[60]">&gt;&gt;</a>&nbsp;&nbsp;&nbsp;I2C_RecordError
</UL>

<P><STRONG><a name="[5b]"></a>I2C_ClearErrorFlags</STRONG> (Thumb, 110 bytes, Stack size 8 bytes, bsp_i2c.o(i.I2C_ClearErrorFlags))
<BR><BR>[Stack]<UL><LI>Max Depth = 8<LI>Call Chain = I2C_ClearErrorFlags
</UL>
<BR>[Calls]<UL><LI><a href="#[ac]">&gt;&gt;</a>&nbsp;&nbsp;&nbsp;I2C_ReadStatusFlag
<LI><a href="#[66]">&gt;&gt;</a>&nbsp;&nbsp;&nbsp;I2C_ClearIntFlag
</UL>
<BR>[Called By]<UL><LI><a href="#[55]">&gt;&gt;</a>&nbsp;&nbsp;&nbsp;BSP_I2C1_Init
<LI><a href="#[ab]">&gt;&gt;</a>&nbsp;&nbsp;&nbsp;I2C_AbortTransfer
</UL>

<P><STRONG><a name="[61]"></a>I2C_ClearStop</STRONG> (Thumb, 24 bytes, Stack size 8 bytes, bsp_i2c.o(i.I2C_ClearStop))
<BR><BR>[Stack]<UL><LI>Max Depth = 8<LI>Call Chain = I2C_ClearStop
</UL>
<BR>[Calls]<UL><LI><a href="#[ac]">&gt;&gt;</a>&nbsp;&nbsp;&nbsp;I2C_ReadStatusFlag
<LI><a href="#[66]">&gt;&gt;</a>&nbsp;&nbsp;&nbsp;I2C_ClearIntFlag
</UL>
<BR>[Called By]<UL><LI><a href="#[5e]">&gt;&gt;</a>&nbsp;&nbsp;&nbsp;BSP_I2C1_ReadRegisters
</UL>

<P><STRONG><a name="[60]"></a>I2C_RecordError</STRONG> (Thumb, 26 bytes, Stack size 8 bytes, bsp_i2c.o(i.I2C_RecordError))
<BR><BR>[Stack]<UL><LI>Max Depth = 24<LI>Call Chain = I2C_RecordError &rArr; I2C_AbortTransfer &rArr; I2C_ClearErrorFlags
</UL>
<BR>[Calls]<UL><LI><a href="#[ab]">&gt;&gt;</a>&nbsp;&nbsp;&nbsp;I2C_AbortTransfer
</UL>
<BR>[Called By]<UL><LI><a href="#[5e]">&gt;&gt;</a>&nbsp;&nbsp;&nbsp;BSP_I2C1_ReadRegisters
</UL>

<P><STRONG><a name="[5f]"></a>I2C_WaitBusIdle</STRONG> (Thumb, 14 bytes, Stack size 8 bytes, bsp_i2c.o(i.I2C_WaitBusIdle))
<BR><BR>[Stack]<UL><LI>Max Depth = 28<LI>Call Chain = I2C_WaitBusIdle &rArr; I2C_WaitFlag &rArr; BSP_Tick_Elapsed
</UL>
<BR>[Calls]<UL><LI><a href="#[63]">&gt;&gt;</a>&nbsp;&nbsp;&nbsp;I2C_WaitFlag
</UL>
<BR>[Called By]<UL><LI><a href="#[5e]">&gt;&gt;</a>&nbsp;&nbsp;&nbsp;BSP_I2C1_ReadRegisters
</UL>

<P><STRONG><a name="[63]"></a>I2C_WaitFlag</STRONG> (Thumb, 118 bytes, Stack size 16 bytes, bsp_i2c.o(i.I2C_WaitFlag))
<BR><BR>[Stack]<UL><LI>Max Depth = 20<LI>Call Chain = I2C_WaitFlag &rArr; BSP_Tick_Elapsed
</UL>
<BR>[Calls]<UL><LI><a href="#[ac]">&gt;&gt;</a>&nbsp;&nbsp;&nbsp;I2C_ReadStatusFlag
<LI><a href="#[79]">&gt;&gt;</a>&nbsp;&nbsp;&nbsp;BSP_Tick_GetMs
<LI><a href="#[78]">&gt;&gt;</a>&nbsp;&nbsp;&nbsp;BSP_Tick_Elapsed
</UL>
<BR>[Called By]<UL><LI><a href="#[5e]">&gt;&gt;</a>&nbsp;&nbsp;&nbsp;BSP_I2C1_ReadRegisters
<LI><a href="#[5f]">&gt;&gt;</a>&nbsp;&nbsp;&nbsp;I2C_WaitBusIdle
</UL>

<P><STRONG><a name="[39]"></a>Adc_ChannelFromInput</STRONG> (Thumb, 44 bytes, Stack size 0 bytes, bsp_adc.o(i.Adc_ChannelFromInput))
<BR><BR>[Called By]<UL><LI><a href="#[38]">&gt;&gt;</a>&nbsp;&nbsp;&nbsp;BSP_Adc_ReadRawChecked
</UL>

<P><STRONG><a name="[2a]"></a>Adc_ConfigAnalogPin</STRONG> (Thumb, 34 bytes, Stack size 24 bytes, bsp_adc.o(i.Adc_ConfigAnalogPin))
<BR><BR>[Stack]<UL><LI>Max Depth = 40<LI>Call Chain = Adc_ConfigAnalogPin &rArr; GPIO_Config
</UL>
<BR>[Calls]<UL><LI><a href="#[2b]">&gt;&gt;</a>&nbsp;&nbsp;&nbsp;GPIO_ConfigStructInit
<LI><a href="#[2c]">&gt;&gt;</a>&nbsp;&nbsp;&nbsp;GPIO_Config
</UL>
<BR>[Called By]<UL><LI><a href="#[2d]">&gt;&gt;</a>&nbsp;&nbsp;&nbsp;BSP_Adc_Init
</UL>

<P><STRONG><a name="[77]"></a>SelfTest_PrintAdc</STRONG> (Thumb, 96 bytes, Stack size 32 bytes, bsp_selftest.o(i.SelfTest_PrintAdc))
<BR><BR>[Stack]<UL><LI>Max Depth = 96<LI>Call Chain = SelfTest_PrintAdc &rArr; BSP_Adc_ReadAverageRaw &rArr; BSP_Adc_ReadRawChecked
</UL>
<BR>[Calls]<UL><LI><a href="#[6e]">&gt;&gt;</a>&nbsp;&nbsp;&nbsp;SelfTest_PrintDec
<LI><a href="#[37]">&gt;&gt;</a>&nbsp;&nbsp;&nbsp;BSP_Adc_ReadAverageRaw
<LI><a href="#[35]">&gt;&gt;</a>&nbsp;&nbsp;&nbsp;BSP_Adc_RawToMillivolts
<LI><a href="#[4f]">&gt;&gt;</a>&nbsp;&nbsp;&nbsp;BSP_DebugUart_Write
</UL>
<BR>[Called By]<UL><LI><a href="#[6d]">&gt;&gt;</a>&nbsp;&nbsp;&nbsp;BSP_SelfTest_Run
</UL>

<P><STRONG><a name="[6e]"></a>SelfTest_PrintDec</STRONG> (Thumb, 12 bytes, Stack size 8 bytes, bsp_selftest.o(i.SelfTest_PrintDec))
<BR><BR>[Stack]<UL><LI>Max Depth = 44<LI>Call Chain = SelfTest_PrintDec &rArr; BSP_DebugUart_WriteUInt32 &rArr; __aeabi_uidivmod
</UL>
<BR>[Calls]<UL><LI><a href="#[54]">&gt;&gt;</a>&nbsp;&nbsp;&nbsp;BSP_DebugUart_WriteUInt32
</UL>
<BR>[Called By]<UL><LI><a href="#[6c]">&gt;&gt;</a>&nbsp;&nbsp;&nbsp;SelfTest_PrintOneUart
<LI><a href="#[77]">&gt;&gt;</a>&nbsp;&nbsp;&nbsp;SelfTest_PrintAdc
<LI><a href="#[6d]">&gt;&gt;</a>&nbsp;&nbsp;&nbsp;BSP_SelfTest_Run
</UL>

<P><STRONG><a name="[71]"></a>SelfTest_PrintHex8</STRONG> (Thumb, 12 bytes, Stack size 8 bytes, bsp_selftest.o(i.SelfTest_PrintHex8))
<BR><BR>[Stack]<UL><LI>Max Depth = 24<LI>Call Chain = SelfTest_PrintHex8 &rArr; BSP_DebugUart_WriteHex8 &rArr; BSP_DebugUart_WriteByte
</UL>
<BR>[Calls]<UL><LI><a href="#[53]">&gt;&gt;</a>&nbsp;&nbsp;&nbsp;BSP_DebugUart_WriteHex8
</UL>
<BR>[Called By]<UL><LI><a href="#[6d]">&gt;&gt;</a>&nbsp;&nbsp;&nbsp;BSP_SelfTest_Run
</UL>

<P><STRONG><a name="[6c]"></a>SelfTest_PrintOneUart</STRONG> (Thumb, 82 bytes, Stack size 32 bytes, bsp_selftest.o(i.SelfTest_PrintOneUart))
<BR><BR>[Stack]<UL><LI>Max Depth = 76<LI>Call Chain = SelfTest_PrintOneUart &rArr; SelfTest_PrintDec &rArr; BSP_DebugUart_WriteUInt32 &rArr; __aeabi_uidivmod
</UL>
<BR>[Calls]<UL><LI><a href="#[6e]">&gt;&gt;</a>&nbsp;&nbsp;&nbsp;SelfTest_PrintDec
<LI><a href="#[80]">&gt;&gt;</a>&nbsp;&nbsp;&nbsp;BSP_Uart_GetStats
<LI><a href="#[4f]">&gt;&gt;</a>&nbsp;&nbsp;&nbsp;BSP_DebugUart_Write
</UL>
<BR>[Called By]<UL><LI><a href="#[6b]">&gt;&gt;</a>&nbsp;&nbsp;&nbsp;BSP_SelfTest_DumpUartStats
</UL>
<P>
<H3>
Undefined Global Symbols
</H3><HR></body></html>
