<!doctype html public "-//w3c//dtd html 4.0 transitional//en">
<html><head>
<title>Static Call Graph - [.\Out\APM32F030RC\TankerFlow.axf]</title></head>
<body><HR>
<H1>Static Call Graph for image .\Out\APM32F030RC\TankerFlow.axf</H1><HR>
<BR><P>#&#060CALLGRAPH&#062# ARM Linker, 5060750: Last Updated: Sun Sep 20 12:41:55 2026
<BR><P>
<H3>Maximum Stack Usage =        164 bytes + Unknown(Cycles, Untraceable Function Pointers)</H3><H3>
Call chain for Maximum Stack Depth:</H3>
main &rArr; BSP_DebugUart_Init &rArr; USART_Config &rArr; RCM_ReadUSART2CLKFreq &rArr; RCM_ReadPCLKFreq &rArr; RCM_ReadHCLKFreq &rArr; RCM_ReadSYSCLKFreq &rArr; __aeabi_uidivmod
<P>
<H3>
Mutually Recursive functions
</H3> <LI><a href="#[10]">ADC1_IRQHandler</a>&nbsp;&nbsp;&nbsp;&rArr;&nbsp;&nbsp;&nbsp;<a href="#[10]">ADC1_IRQHandler</a><BR>
</UL>
<P>
<H3>
Function Pointers
</H3><UL>
 <LI><a href="#[10]">ADC1_IRQHandler</a> from startup_apm32f030.o(.text) referenced from startup_apm32f030.o(RESET)
 <LI><a href="#[d]">DMA1_CH1_IRQHandler</a> from startup_apm32f030.o(.text) referenced from startup_apm32f030.o(RESET)
 <LI><a href="#[e]">DMA1_CH2_3_IRQHandler</a> from startup_apm32f030.o(.text) referenced from startup_apm32f030.o(RESET)
 <LI><a href="#[f]">DMA1_CH4_5_IRQHandler</a> from startup_apm32f030.o(.text) referenced from startup_apm32f030.o(RESET)
 <LI><a href="#[a]">EINT0_1_IRQHandler</a> from startup_apm32f030.o(.text) referenced from startup_apm32f030.o(RESET)
 <LI><a href="#[b]">EINT2_3_IRQHandler</a> from startup_apm32f030.o(.text) referenced from startup_apm32f030.o(RESET)
 <LI><a href="#[c]">EINT4_15_IRQHandler</a> from startup_apm32f030.o(.text) referenced from startup_apm32f030.o(RESET)
 <LI><a href="#[8]">FLASH_IRQHandler</a> from startup_apm32f030.o(.text) referenced from startup_apm32f030.o(RESET)
 <LI><a href="#[2]">HardFault_Handler</a> from apm32f0xx_int.o(i.HardFault_Handler) referenced from startup_apm32f030.o(RESET)
 <LI><a href="#[1a]">I2C1_IRQHandler</a> from startup_apm32f030.o(.text) referenced from startup_apm32f030.o(RESET)
 <LI><a href="#[1b]">I2C2_IRQHandler</a> from startup_apm32f030.o(.text) referenced from startup_apm32f030.o(RESET)
 <LI><a href="#[1]">NMI_Handler</a> from apm32f0xx_int.o(i.NMI_Handler) referenced from startup_apm32f030.o(RESET)
 <LI><a href="#[4]">PendSV_Handler</a> from apm32f0xx_int.o(i.PendSV_Handler) referenced from startup_apm32f030.o(RESET)
 <LI><a href="#[9]">RCM_IRQHandler</a> from startup_apm32f030.o(.text) referenced from startup_apm32f030.o(RESET)
 <LI><a href="#[7]">RTC_IRQHandler</a> from startup_apm32f030.o(.text) referenced from startup_apm32f030.o(RESET)
 <LI><a href="#[0]">Reset_Handler</a> from startup_apm32f030.o(.text) referenced from startup_apm32f030.o(RESET)
 <LI><a href="#[1c]">SPI1_IRQHandler</a> from startup_apm32f030.o(.text) referenced from startup_apm32f030.o(RESET)
 <LI><a href="#[1d]">SPI2_IRQHandler</a> from startup_apm32f030.o(.text) referenced from startup_apm32f030.o(RESET)
 <LI><a href="#[3]">SVC_Handler</a> from apm32f0xx_int.o(i.SVC_Handler) referenced from startup_apm32f030.o(RESET)
 <LI><a href="#[5]">SysTick_Handler</a> from apm32f0xx_int.o(i.SysTick_Handler) referenced from startup_apm32f030.o(RESET)
 <LI><a href="#[22]">SystemInit</a> from system_apm32f0xx.o(i.SystemInit) referenced from startup_apm32f030.o(.text)
 <LI><a href="#[16]">TMR14_IRQHandler</a> from startup_apm32f030.o(.text) referenced from startup_apm32f030.o(RESET)
 <LI><a href="#[17]">TMR15_IRQHandler</a> from startup_apm32f030.o(.text) referenced from startup_apm32f030.o(RESET)
 <LI><a href="#[18]">TMR16_IRQHandler</a> from startup_apm32f030.o(.text) referenced from startup_apm32f030.o(RESET)
 <LI><a href="#[19]">TMR17_IRQHandler</a> from startup_apm32f030.o(.text) referenced from startup_apm32f030.o(RESET)
 <LI><a href="#[11]">TMR1_BRK_UP_TRG_COM_IRQHandler</a> from startup_apm32f030.o(.text) referenced from startup_apm32f030.o(RESET)
 <LI><a href="#[12]">TMR1_CC_IRQHandler</a> from startup_apm32f030.o(.text) referenced from startup_apm32f030.o(RESET)
 <LI><a href="#[13]">TMR3_IRQHandler</a> from startup_apm32f030.o(.text) referenced from startup_apm32f030.o(RESET)
 <LI><a href="#[14]">TMR6_IRQHandler</a> from startup_apm32f030.o(.text) referenced from startup_apm32f030.o(RESET)
 <LI><a href="#[15]">TMR7_IRQHandler</a> from startup_apm32f030.o(.text) referenced from startup_apm32f030.o(RESET)
 <LI><a href="#[1e]">USART1_IRQHandler</a> from startup_apm32f030.o(.text) referenced from startup_apm32f030.o(RESET)
 <LI><a href="#[1f]">USART2_IRQHandler</a> from startup_apm32f030.o(.text) referenced from startup_apm32f030.o(RESET)
 <LI><a href="#[20]">USART3_6_IRQHandler</a> from startup_apm32f030.o(.text) referenced from startup_apm32f030.o(RESET)
 <LI><a href="#[6]">WWDT_IRQHandler</a> from startup_apm32f030.o(.text) referenced from startup_apm32f030.o(RESET)
 <LI><a href="#[23]">__main</a> from entry.o(.ARM.Collect$$$$00000000) referenced from startup_apm32f030.o(.text)
 <LI><a href="#[21]">main</a> from main.o(i.main) referenced from entry9a.o(.ARM.Collect$$$$0000000B)
</UL>
<P>
<H3>
Global Symbols
</H3>
<P><STRONG><a name="[23]"></a>__main</STRONG> (Thumb, 0 bytes, Stack size unknown bytes, entry.o(.ARM.Collect$$$$00000000))
<BR>[Address Reference Count : 1]<UL><LI> startup_apm32f030.o(.text)
</UL>
<P><STRONG><a name="[40]"></a>_main_stk</STRONG> (Thumb, 0 bytes, Stack size unknown bytes, entry2.o(.ARM.Collect$$$$00000001))

<P><STRONG><a name="[24]"></a>_main_scatterload</STRONG> (Thumb, 0 bytes, Stack size unknown bytes, entry5.o(.ARM.Collect$$$$00000004))
<BR><BR>[Calls]<UL><LI><a href="#[25]">&gt;&gt;</a>&nbsp;&nbsp;&nbsp;__scatterload
</UL>

<P><STRONG><a name="[26]"></a>__main_after_scatterload</STRONG> (Thumb, 0 bytes, Stack size unknown bytes, entry5.o(.ARM.Collect$$$$00000004))
<BR><BR>[Called By]<UL><LI><a href="#[25]">&gt;&gt;</a>&nbsp;&nbsp;&nbsp;__scatterload
</UL>

<P><STRONG><a name="[41]"></a>_main_clock</STRONG> (Thumb, 0 bytes, Stack size unknown bytes, entry7b.o(.ARM.Collect$$$$00000008))

<P><STRONG><a name="[42]"></a>_main_cpp_init</STRONG> (Thumb, 0 bytes, Stack size unknown bytes, entry8b.o(.ARM.Collect$$$$0000000A))

<P><STRONG><a name="[43]"></a>_main_init</STRONG> (Thumb, 0 bytes, Stack size unknown bytes, entry9a.o(.ARM.Collect$$$$0000000B))

<P><STRONG><a name="[44]"></a>__rt_final_cpp</STRONG> (Thumb, 0 bytes, Stack size unknown bytes, entry10a.o(.ARM.Collect$$$$0000000D))

<P><STRONG><a name="[45]"></a>__rt_final_exit</STRONG> (Thumb, 0 bytes, Stack size unknown bytes, entry11a.o(.ARM.Collect$$$$0000000F))

<P><STRONG><a name="[0]"></a>Reset_Handler</STRONG> (Thumb, 8 bytes, Stack size 0 bytes, startup_apm32f030.o(.text))
<BR>[Address Reference Count : 1]<UL><LI> startup_apm32f030.o(RESET)
</UL>
<P><STRONG><a name="[10]"></a>ADC1_IRQHandler</STRONG> (Thumb, 0 bytes, Stack size 0 bytes, startup_apm32f030.o(.text))
<BR><BR>[Calls]<UL><LI><a href="#[10]">&gt;&gt;</a>&nbsp;&nbsp;&nbsp;ADC1_IRQHandler
</UL>
<BR>[Called By]<UL><LI><a href="#[10]">&gt;&gt;</a>&nbsp;&nbsp;&nbsp;ADC1_IRQHandler
</UL>
<BR>[Address Reference Count : 1]<UL><LI> startup_apm32f030.o(RESET)
</UL>
<P><STRONG><a name="[d]"></a>DMA1_CH1_IRQHandler</STRONG> (Thumb, 0 bytes, Stack size 0 bytes, startup_apm32f030.o(.text))
<BR>[Address Reference Count : 1]<UL><LI> startup_apm32f030.o(RESET)
</UL>
<P><STRONG><a name="[e]"></a>DMA1_CH2_3_IRQHandler</STRONG> (Thumb, 0 bytes, Stack size 0 bytes, startup_apm32f030.o(.text))
<BR>[Address Reference Count : 1]<UL><LI> startup_apm32f030.o(RESET)
</UL>
<P><STRONG><a name="[f]"></a>DMA1_CH4_5_IRQHandler</STRONG> (Thumb, 0 bytes, Stack size 0 bytes, startup_apm32f030.o(.text))
<BR>[Address Reference Count : 1]<UL><LI> startup_apm32f030.o(RESET)
</UL>
<P><STRONG><a name="[a]"></a>EINT0_1_IRQHandler</STRONG> (Thumb, 0 bytes, Stack size 0 bytes, startup_apm32f030.o(.text))
<BR>[Address Reference Count : 1]<UL><LI> startup_apm32f030.o(RESET)
</UL>
<P><STRONG><a name="[b]"></a>EINT2_3_IRQHandler</STRONG> (Thumb, 0 bytes, Stack size 0 bytes, startup_apm32f030.o(.text))
<BR>[Address Reference Count : 1]<UL><LI> startup_apm32f030.o(RESET)
</UL>
<P><STRONG><a name="[c]"></a>EINT4_15_IRQHandler</STRONG> (Thumb, 0 bytes, Stack size 0 bytes, startup_apm32f030.o(.text))
<BR>[Address Reference Count : 1]<UL><LI> startup_apm32f030.o(RESET)
</UL>
<P><STRONG><a name="[8]"></a>FLASH_IRQHandler</STRONG> (Thumb, 0 bytes, Stack size 0 bytes, startup_apm32f030.o(.text))
<BR>[Address Reference Count : 1]<UL><LI> startup_apm32f030.o(RESET)
</UL>
<P><STRONG><a name="[1a]"></a>I2C1_IRQHandler</STRONG> (Thumb, 0 bytes, Stack size 0 bytes, startup_apm32f030.o(.text))
<BR>[Address Reference Count : 1]<UL><LI> startup_apm32f030.o(RESET)
</UL>
<P><STRONG><a name="[1b]"></a>I2C2_IRQHandler</STRONG> (Thumb, 0 bytes, Stack size 0 bytes, startup_apm32f030.o(.text))
<BR>[Address Reference Count : 1]<UL><LI> startup_apm32f030.o(RESET)
</UL>
<P><STRONG><a name="[9]"></a>RCM_IRQHandler</STRONG> (Thumb, 0 bytes, Stack size 0 bytes, startup_apm32f030.o(.text))
<BR>[Address Reference Count : 1]<UL><LI> startup_apm32f030.o(RESET)
</UL>
<P><STRONG><a name="[7]"></a>RTC_IRQHandler</STRONG> (Thumb, 0 bytes, Stack size 0 bytes, startup_apm32f030.o(.text))
<BR>[Address Reference Count : 1]<UL><LI> startup_apm32f030.o(RESET)
</UL>
<P><STRONG><a name="[1c]"></a>SPI1_IRQHandler</STRONG> (Thumb, 0 bytes, Stack size 0 bytes, startup_apm32f030.o(.text))
<BR>[Address Reference Count : 1]<UL><LI> startup_apm32f030.o(RESET)
</UL>
<P><STRONG><a name="[1d]"></a>SPI2_IRQHandler</STRONG> (Thumb, 0 bytes, Stack size 0 bytes, startup_apm32f030.o(.text))
<BR>[Address Reference Count : 1]<UL><LI> startup_apm32f030.o(RESET)
</UL>
<P><STRONG><a name="[16]"></a>TMR14_IRQHandler</STRONG> (Thumb, 0 bytes, Stack size 0 bytes, startup_apm32f030.o(.text))
<BR>[Address Reference Count : 1]<UL><LI> startup_apm32f030.o(RESET)
</UL>
<P><STRONG><a name="[17]"></a>TMR15_IRQHandler</STRONG> (Thumb, 0 bytes, Stack size 0 bytes, startup_apm32f030.o(.text))
<BR>[Address Reference Count : 1]<UL><LI> startup_apm32f030.o(RESET)
</UL>
<P><STRONG><a name="[18]"></a>TMR16_IRQHandler</STRONG> (Thumb, 0 bytes, Stack size 0 bytes, startup_apm32f030.o(.text))
<BR>[Address Reference Count : 1]<UL><LI> startup_apm32f030.o(RESET)
</UL>
<P><STRONG><a name="[19]"></a>TMR17_IRQHandler</STRONG> (Thumb, 0 bytes, Stack size 0 bytes, startup_apm32f030.o(.text))
<BR>[Address Reference Count : 1]<UL><LI> startup_apm32f030.o(RESET)
</UL>
<P><STRONG><a name="[11]"></a>TMR1_BRK_UP_TRG_COM_IRQHandler</STRONG> (Thumb, 0 bytes, Stack size 0 bytes, startup_apm32f030.o(.text))
<BR>[Address Reference Count : 1]<UL><LI> startup_apm32f030.o(RESET)
</UL>
<P><STRONG><a name="[12]"></a>TMR1_CC_IRQHandler</STRONG> (Thumb, 0 bytes, Stack size 0 bytes, startup_apm32f030.o(.text))
<BR>[Address Reference Count : 1]<UL><LI> startup_apm32f030.o(RESET)
</UL>
<P><STRONG><a name="[13]"></a>TMR3_IRQHandler</STRONG> (Thumb, 0 bytes, Stack size 0 bytes, startup_apm32f030.o(.text))
<BR>[Address Reference Count : 1]<UL><LI> startup_apm32f030.o(RESET)
</UL>
<P><STRONG><a name="[14]"></a>TMR6_IRQHandler</STRONG> (Thumb, 0 bytes, Stack size 0 bytes, startup_apm32f030.o(.text))
<BR>[Address Reference Count : 1]<UL><LI> startup_apm32f030.o(RESET)
</UL>
<P><STRONG><a name="[15]"></a>TMR7_IRQHandler</STRONG> (Thumb, 0 bytes, Stack size 0 bytes, startup_apm32f030.o(.text))
<BR>[Address Reference Count : 1]<UL><LI> startup_apm32f030.o(RESET)
</UL>
<P><STRONG><a name="[1e]"></a>USART1_IRQHandler</STRONG> (Thumb, 0 bytes, Stack size 0 bytes, startup_apm32f030.o(.text))
<BR>[Address Reference Count : 1]<UL><LI> startup_apm32f030.o(RESET)
</UL>
<P><STRONG><a name="[1f]"></a>USART2_IRQHandler</STRONG> (Thumb, 0 bytes, Stack size 0 bytes, startup_apm32f030.o(.text))
<BR>[Address Reference Count : 1]<UL><LI> startup_apm32f030.o(RESET)
</UL>
<P><STRONG><a name="[20]"></a>USART3_6_IRQHandler</STRONG> (Thumb, 0 bytes, Stack size 0 bytes, startup_apm32f030.o(.text))
<BR>[Address Reference Count : 1]<UL><LI> startup_apm32f030.o(RESET)
</UL>
<P><STRONG><a name="[6]"></a>WWDT_IRQHandler</STRONG> (Thumb, 0 bytes, Stack size 0 bytes, startup_apm32f030.o(.text))
<BR>[Address Reference Count : 1]<UL><LI> startup_apm32f030.o(RESET)
</UL>
<P><STRONG><a name="[46]"></a>__aeabi_uidiv</STRONG> (Thumb, 0 bytes, Stack size 12 bytes, uidiv.o(.text), UNUSED)

<P><STRONG><a name="[35]"></a>__aeabi_uidivmod</STRONG> (Thumb, 44 bytes, Stack size 12 bytes, uidiv.o(.text))
<BR><BR>[Stack]<UL><LI>Max Depth = 12<LI>Call Chain = __aeabi_uidivmod
</UL>
<BR>[Called By]<UL><LI><a href="#[3f]">&gt;&gt;</a>&nbsp;&nbsp;&nbsp;SystemCoreClockUpdate
<LI><a href="#[38]">&gt;&gt;</a>&nbsp;&nbsp;&nbsp;RCM_ReadSYSCLKFreq
<LI><a href="#[34]">&gt;&gt;</a>&nbsp;&nbsp;&nbsp;BSP_Tick_Init
<LI><a href="#[2c]">&gt;&gt;</a>&nbsp;&nbsp;&nbsp;USART_Config
</UL>

<P><STRONG><a name="[25]"></a>__scatterload</STRONG> (Thumb, 28 bytes, Stack size 0 bytes, init.o(.text))
<BR><BR>[Calls]<UL><LI><a href="#[26]">&gt;&gt;</a>&nbsp;&nbsp;&nbsp;__main_after_scatterload
</UL>
<BR>[Called By]<UL><LI><a href="#[24]">&gt;&gt;</a>&nbsp;&nbsp;&nbsp;_main_scatterload
</UL>

<P><STRONG><a name="[47]"></a>__scatterload_rt2</STRONG> (Thumb, 0 bytes, Stack size 0 bytes, init.o(.text), UNUSED)

<P><STRONG><a name="[27]"></a>BSP_DebugUart_Init</STRONG> (Thumb, 138 bytes, Stack size 32 bytes, bsp_debug_uart.o(i.BSP_DebugUart_Init))
<BR><BR>[Stack]<UL><LI>Max Depth = 164<LI>Call Chain = BSP_DebugUart_Init &rArr; USART_Config &rArr; RCM_ReadUSART2CLKFreq &rArr; RCM_ReadPCLKFreq &rArr; RCM_ReadHCLKFreq &rArr; RCM_ReadSYSCLKFreq &rArr; __aeabi_uidivmod
</UL>
<BR>[Calls]<UL><LI><a href="#[2a]">&gt;&gt;</a>&nbsp;&nbsp;&nbsp;GPIO_ConfigPinAF
<LI><a href="#[2b]">&gt;&gt;</a>&nbsp;&nbsp;&nbsp;GPIO_Config
<LI><a href="#[29]">&gt;&gt;</a>&nbsp;&nbsp;&nbsp;RCM_EnableAPB2PeriphClock
<LI><a href="#[28]">&gt;&gt;</a>&nbsp;&nbsp;&nbsp;RCM_EnableAHBPeriphClock
<LI><a href="#[2d]">&gt;&gt;</a>&nbsp;&nbsp;&nbsp;USART_Enable
<LI><a href="#[2c]">&gt;&gt;</a>&nbsp;&nbsp;&nbsp;USART_Config
</UL>
<BR>[Called By]<UL><LI><a href="#[21]">&gt;&gt;</a>&nbsp;&nbsp;&nbsp;main
</UL>

<P><STRONG><a name="[2e]"></a>BSP_DebugUart_Write</STRONG> (Thumb, 30 bytes, Stack size 8 bytes, bsp_debug_uart.o(i.BSP_DebugUart_Write))
<BR><BR>[Stack]<UL><LI>Max Depth = 16<LI>Call Chain = BSP_DebugUart_Write &rArr; BSP_DebugUart_WriteByte
</UL>
<BR>[Calls]<UL><LI><a href="#[2f]">&gt;&gt;</a>&nbsp;&nbsp;&nbsp;BSP_DebugUart_WriteByte
</UL>
<BR>[Called By]<UL><LI><a href="#[21]">&gt;&gt;</a>&nbsp;&nbsp;&nbsp;main
</UL>

<P><STRONG><a name="[2f]"></a>BSP_DebugUart_WriteByte</STRONG> (Thumb, 28 bytes, Stack size 8 bytes, bsp_debug_uart.o(i.BSP_DebugUart_WriteByte))
<BR><BR>[Stack]<UL><LI>Max Depth = 8<LI>Call Chain = BSP_DebugUart_WriteByte
</UL>
<BR>[Calls]<UL><LI><a href="#[31]">&gt;&gt;</a>&nbsp;&nbsp;&nbsp;USART_TxData
<LI><a href="#[30]">&gt;&gt;</a>&nbsp;&nbsp;&nbsp;USART_ReadStatusFlag
</UL>
<BR>[Called By]<UL><LI><a href="#[2e]">&gt;&gt;</a>&nbsp;&nbsp;&nbsp;BSP_DebugUart_Write
</UL>

<P><STRONG><a name="[32]"></a>BSP_Tick_Elapsed</STRONG> (Thumb, 22 bytes, Stack size 4 bytes, bsp_tick.o(i.BSP_Tick_Elapsed))
<BR><BR>[Stack]<UL><LI>Max Depth = 4<LI>Call Chain = BSP_Tick_Elapsed
</UL>
<BR>[Calls]<UL><LI><a href="#[33]">&gt;&gt;</a>&nbsp;&nbsp;&nbsp;BSP_Tick_GetMs
</UL>
<BR>[Called By]<UL><LI><a href="#[21]">&gt;&gt;</a>&nbsp;&nbsp;&nbsp;main
</UL>

<P><STRONG><a name="[33]"></a>BSP_Tick_GetMs</STRONG> (Thumb, 6 bytes, Stack size 0 bytes, bsp_tick.o(i.BSP_Tick_GetMs))
<BR><BR>[Called By]<UL><LI><a href="#[32]">&gt;&gt;</a>&nbsp;&nbsp;&nbsp;BSP_Tick_Elapsed
<LI><a href="#[21]">&gt;&gt;</a>&nbsp;&nbsp;&nbsp;main
</UL>

<P><STRONG><a name="[3c]"></a>BSP_Tick_Increment</STRONG> (Thumb, 12 bytes, Stack size 0 bytes, bsp_tick.o(i.BSP_Tick_Increment))
<BR><BR>[Called By]<UL><LI><a href="#[5]">&gt;&gt;</a>&nbsp;&nbsp;&nbsp;SysTick_Handler
</UL>

<P><STRONG><a name="[34]"></a>BSP_Tick_Init</STRONG> (Thumb, 60 bytes, Stack size 8 bytes, bsp_tick.o(i.BSP_Tick_Init))
<BR><BR>[Stack]<UL><LI>Max Depth = 20<LI>Call Chain = BSP_Tick_Init &rArr; __aeabi_uidivmod
</UL>
<BR>[Calls]<UL><LI><a href="#[35]">&gt;&gt;</a>&nbsp;&nbsp;&nbsp;__aeabi_uidivmod
<LI><a href="#[36]">&gt;&gt;</a>&nbsp;&nbsp;&nbsp;__NVIC_SetPriority
</UL>
<BR>[Called By]<UL><LI><a href="#[21]">&gt;&gt;</a>&nbsp;&nbsp;&nbsp;main
</UL>

<P><STRONG><a name="[2b]"></a>GPIO_Config</STRONG> (Thumb, 138 bytes, Stack size 16 bytes, apm32f0xx_gpio.o(i.GPIO_Config))
<BR><BR>[Stack]<UL><LI>Max Depth = 16<LI>Call Chain = GPIO_Config
</UL>
<BR>[Called By]<UL><LI><a href="#[27]">&gt;&gt;</a>&nbsp;&nbsp;&nbsp;BSP_DebugUart_Init
</UL>

<P><STRONG><a name="[2a]"></a>GPIO_ConfigPinAF</STRONG> (Thumb, 70 bytes, Stack size 20 bytes, apm32f0xx_gpio.o(i.GPIO_ConfigPinAF))
<BR><BR>[Stack]<UL><LI>Max Depth = 20<LI>Call Chain = GPIO_ConfigPinAF
</UL>
<BR>[Called By]<UL><LI><a href="#[27]">&gt;&gt;</a>&nbsp;&nbsp;&nbsp;BSP_DebugUart_Init
</UL>

<P><STRONG><a name="[2]"></a>HardFault_Handler</STRONG> (Thumb, 4 bytes, Stack size 0 bytes, apm32f0xx_int.o(i.HardFault_Handler))
<BR>[Address Reference Count : 1]<UL><LI> startup_apm32f030.o(RESET)
</UL>
<P><STRONG><a name="[1]"></a>NMI_Handler</STRONG> (Thumb, 2 bytes, Stack size 0 bytes, apm32f0xx_int.o(i.NMI_Handler))
<BR>[Address Reference Count : 1]<UL><LI> startup_apm32f030.o(RESET)
</UL>
<P><STRONG><a name="[4]"></a>PendSV_Handler</STRONG> (Thumb, 2 bytes, Stack size 0 bytes, apm32f0xx_int.o(i.PendSV_Handler))
<BR>[Address Reference Count : 1]<UL><LI> startup_apm32f030.o(RESET)
</UL>
<P><STRONG><a name="[28]"></a>RCM_EnableAHBPeriphClock</STRONG> (Thumb, 12 bytes, Stack size 0 bytes, apm32f0xx_rcm.o(i.RCM_EnableAHBPeriphClock))
<BR><BR>[Called By]<UL><LI><a href="#[27]">&gt;&gt;</a>&nbsp;&nbsp;&nbsp;BSP_DebugUart_Init
</UL>

<P><STRONG><a name="[29]"></a>RCM_EnableAPB2PeriphClock</STRONG> (Thumb, 12 bytes, Stack size 0 bytes, apm32f0xx_rcm.o(i.RCM_EnableAPB2PeriphClock))
<BR><BR>[Called By]<UL><LI><a href="#[27]">&gt;&gt;</a>&nbsp;&nbsp;&nbsp;BSP_DebugUart_Init
</UL>

<P><STRONG><a name="[37]"></a>RCM_ReadHCLKFreq</STRONG> (Thumb, 40 bytes, Stack size 32 bytes, apm32f0xx_rcm.o(i.RCM_ReadHCLKFreq))
<BR><BR>[Stack]<UL><LI>Max Depth = 68<LI>Call Chain = RCM_ReadHCLKFreq &rArr; RCM_ReadSYSCLKFreq &rArr; __aeabi_uidivmod
</UL>
<BR>[Calls]<UL><LI><a href="#[38]">&gt;&gt;</a>&nbsp;&nbsp;&nbsp;RCM_ReadSYSCLKFreq
</UL>
<BR>[Called By]<UL><LI><a href="#[39]">&gt;&gt;</a>&nbsp;&nbsp;&nbsp;RCM_ReadPCLKFreq
</UL>

<P><STRONG><a name="[39]"></a>RCM_ReadPCLKFreq</STRONG> (Thumb, 38 bytes, Stack size 24 bytes, apm32f0xx_rcm.o(i.RCM_ReadPCLKFreq))
<BR><BR>[Stack]<UL><LI>Max Depth = 92<LI>Call Chain = RCM_ReadPCLKFreq &rArr; RCM_ReadHCLKFreq &rArr; RCM_ReadSYSCLKFreq &rArr; __aeabi_uidivmod
</UL>
<BR>[Calls]<UL><LI><a href="#[37]">&gt;&gt;</a>&nbsp;&nbsp;&nbsp;RCM_ReadHCLKFreq
</UL>
<BR>[Called By]<UL><LI><a href="#[3b]">&gt;&gt;</a>&nbsp;&nbsp;&nbsp;RCM_ReadUSART2CLKFreq
<LI><a href="#[3a]">&gt;&gt;</a>&nbsp;&nbsp;&nbsp;RCM_ReadUSART1CLKFreq
<LI><a href="#[2c]">&gt;&gt;</a>&nbsp;&nbsp;&nbsp;USART_Config
</UL>

<P><STRONG><a name="[38]"></a>RCM_ReadSYSCLKFreq</STRONG> (Thumb, 140 bytes, Stack size 24 bytes, apm32f0xx_rcm.o(i.RCM_ReadSYSCLKFreq))
<BR><BR>[Stack]<UL><LI>Max Depth = 36<LI>Call Chain = RCM_ReadSYSCLKFreq &rArr; __aeabi_uidivmod
</UL>
<BR>[Calls]<UL><LI><a href="#[35]">&gt;&gt;</a>&nbsp;&nbsp;&nbsp;__aeabi_uidivmod
</UL>
<BR>[Called By]<UL><LI><a href="#[3a]">&gt;&gt;</a>&nbsp;&nbsp;&nbsp;RCM_ReadUSART1CLKFreq
<LI><a href="#[37]">&gt;&gt;</a>&nbsp;&nbsp;&nbsp;RCM_ReadHCLKFreq
</UL>

<P><STRONG><a name="[3a]"></a>RCM_ReadUSART1CLKFreq</STRONG> (Thumb, 78 bytes, Stack size 8 bytes, apm32f0xx_rcm.o(i.RCM_ReadUSART1CLKFreq))
<BR><BR>[Stack]<UL><LI>Max Depth = 100<LI>Call Chain = RCM_ReadUSART1CLKFreq &rArr; RCM_ReadPCLKFreq &rArr; RCM_ReadHCLKFreq &rArr; RCM_ReadSYSCLKFreq &rArr; __aeabi_uidivmod
</UL>
<BR>[Calls]<UL><LI><a href="#[38]">&gt;&gt;</a>&nbsp;&nbsp;&nbsp;RCM_ReadSYSCLKFreq
<LI><a href="#[39]">&gt;&gt;</a>&nbsp;&nbsp;&nbsp;RCM_ReadPCLKFreq
</UL>
<BR>[Called By]<UL><LI><a href="#[2c]">&gt;&gt;</a>&nbsp;&nbsp;&nbsp;USART_Config
</UL>

<P><STRONG><a name="[3b]"></a>RCM_ReadUSART2CLKFreq</STRONG> (Thumb, 14 bytes, Stack size 8 bytes, apm32f0xx_rcm.o(i.RCM_ReadUSART2CLKFreq))
<BR><BR>[Stack]<UL><LI>Max Depth = 100<LI>Call Chain = RCM_ReadUSART2CLKFreq &rArr; RCM_ReadPCLKFreq &rArr; RCM_ReadHCLKFreq &rArr; RCM_ReadSYSCLKFreq &rArr; __aeabi_uidivmod
</UL>
<BR>[Calls]<UL><LI><a href="#[39]">&gt;&gt;</a>&nbsp;&nbsp;&nbsp;RCM_ReadPCLKFreq
</UL>
<BR>[Called By]<UL><LI><a href="#[2c]">&gt;&gt;</a>&nbsp;&nbsp;&nbsp;USART_Config
</UL>

<P><STRONG><a name="[3]"></a>SVC_Handler</STRONG> (Thumb, 2 bytes, Stack size 0 bytes, apm32f0xx_int.o(i.SVC_Handler))
<BR>[Address Reference Count : 1]<UL><LI> startup_apm32f030.o(RESET)
</UL>
<P><STRONG><a name="[5]"></a>SysTick_Handler</STRONG> (Thumb, 8 bytes, Stack size 8 bytes, apm32f0xx_int.o(i.SysTick_Handler))
<BR><BR>[Stack]<UL><LI>Max Depth = 8<LI>Call Chain = SysTick_Handler
</UL>
<BR>[Calls]<UL><LI><a href="#[3c]">&gt;&gt;</a>&nbsp;&nbsp;&nbsp;BSP_Tick_Increment
</UL>
<BR>[Address Reference Count : 1]<UL><LI> startup_apm32f030.o(RESET)
</UL>
<P><STRONG><a name="[3d]"></a>SystemClockConfig</STRONG> (Thumb, 12 bytes, Stack size 8 bytes, system_apm32f0xx.o(i.SystemClockConfig))
<BR><BR>[Stack]<UL><LI>Max Depth = 60<LI>Call Chain = SystemClockConfig &rArr; SystemCoreClockUpdate &rArr; __aeabi_uidivmod
</UL>
<BR>[Calls]<UL><LI><a href="#[3f]">&gt;&gt;</a>&nbsp;&nbsp;&nbsp;SystemCoreClockUpdate
<LI><a href="#[3e]">&gt;&gt;</a>&nbsp;&nbsp;&nbsp;SystemClock48M
</UL>
<BR>[Called By]<UL><LI><a href="#[21]">&gt;&gt;</a>&nbsp;&nbsp;&nbsp;main
</UL>

<P><STRONG><a name="[3f]"></a>SystemCoreClockUpdate</STRONG> (Thumb, 220 bytes, Stack size 40 bytes, system_apm32f0xx.o(i.SystemCoreClockUpdate))
<BR><BR>[Stack]<UL><LI>Max Depth = 52<LI>Call Chain = SystemCoreClockUpdate &rArr; __aeabi_uidivmod
</UL>
<BR>[Calls]<UL><LI><a href="#[35]">&gt;&gt;</a>&nbsp;&nbsp;&nbsp;__aeabi_uidivmod
</UL>
<BR>[Called By]<UL><LI><a href="#[3d]">&gt;&gt;</a>&nbsp;&nbsp;&nbsp;SystemClockConfig
</UL>

<P><STRONG><a name="[22]"></a>SystemInit</STRONG> (Thumb, 112 bytes, Stack size 0 bytes, system_apm32f0xx.o(i.SystemInit))
<BR>[Address Reference Count : 1]<UL><LI> startup_apm32f030.o(.text)
</UL>
<P><STRONG><a name="[2c]"></a>USART_Config</STRONG> (Thumb, 214 bytes, Stack size 32 bytes, apm32f0xx_usart.o(i.USART_Config))
<BR><BR>[Stack]<UL><LI>Max Depth = 132<LI>Call Chain = USART_Config &rArr; RCM_ReadUSART2CLKFreq &rArr; RCM_ReadPCLKFreq &rArr; RCM_ReadHCLKFreq &rArr; RCM_ReadSYSCLKFreq &rArr; __aeabi_uidivmod
</UL>
<BR>[Calls]<UL><LI><a href="#[3b]">&gt;&gt;</a>&nbsp;&nbsp;&nbsp;RCM_ReadUSART2CLKFreq
<LI><a href="#[3a]">&gt;&gt;</a>&nbsp;&nbsp;&nbsp;RCM_ReadUSART1CLKFreq
<LI><a href="#[39]">&gt;&gt;</a>&nbsp;&nbsp;&nbsp;RCM_ReadPCLKFreq
<LI><a href="#[35]">&gt;&gt;</a>&nbsp;&nbsp;&nbsp;__aeabi_uidivmod
</UL>
<BR>[Called By]<UL><LI><a href="#[27]">&gt;&gt;</a>&nbsp;&nbsp;&nbsp;BSP_DebugUart_Init
</UL>

<P><STRONG><a name="[2d]"></a>USART_Enable</STRONG> (Thumb, 12 bytes, Stack size 0 bytes, apm32f0xx_usart.o(i.USART_Enable))
<BR><BR>[Called By]<UL><LI><a href="#[27]">&gt;&gt;</a>&nbsp;&nbsp;&nbsp;BSP_DebugUart_Init
</UL>

<P><STRONG><a name="[30]"></a>USART_ReadStatusFlag</STRONG> (Thumb, 18 bytes, Stack size 0 bytes, apm32f0xx_usart.o(i.USART_ReadStatusFlag))
<BR><BR>[Called By]<UL><LI><a href="#[2f]">&gt;&gt;</a>&nbsp;&nbsp;&nbsp;BSP_DebugUart_WriteByte
</UL>

<P><STRONG><a name="[31]"></a>USART_TxData</STRONG> (Thumb, 8 bytes, Stack size 0 bytes, apm32f0xx_usart.o(i.USART_TxData))
<BR><BR>[Called By]<UL><LI><a href="#[2f]">&gt;&gt;</a>&nbsp;&nbsp;&nbsp;BSP_DebugUart_WriteByte
</UL>

<P><STRONG><a name="[48]"></a>__scatterload_copy</STRONG> (Thumb, 14 bytes, Stack size unknown bytes, handlers.o(i.__scatterload_copy), UNUSED)

<P><STRONG><a name="[49]"></a>__scatterload_null</STRONG> (Thumb, 2 bytes, Stack size unknown bytes, handlers.o(i.__scatterload_null), UNUSED)

<P><STRONG><a name="[4a]"></a>__scatterload_zeroinit</STRONG> (Thumb, 14 bytes, Stack size unknown bytes, handlers.o(i.__scatterload_zeroinit), UNUSED)

<P><STRONG><a name="[21]"></a>main</STRONG> (Thumb, 72 bytes, Stack size 0 bytes, main.o(i.main))
<BR><BR>[Stack]<UL><LI>Max Depth = 164<LI>Call Chain = main &rArr; BSP_DebugUart_Init &rArr; USART_Config &rArr; RCM_ReadUSART2CLKFreq &rArr; RCM_ReadPCLKFreq &rArr; RCM_ReadHCLKFreq &rArr; RCM_ReadSYSCLKFreq &rArr; __aeabi_uidivmod
</UL>
<BR>[Calls]<UL><LI><a href="#[3d]">&gt;&gt;</a>&nbsp;&nbsp;&nbsp;SystemClockConfig
<LI><a href="#[34]">&gt;&gt;</a>&nbsp;&nbsp;&nbsp;BSP_Tick_Init
<LI><a href="#[33]">&gt;&gt;</a>&nbsp;&nbsp;&nbsp;BSP_Tick_GetMs
<LI><a href="#[32]">&gt;&gt;</a>&nbsp;&nbsp;&nbsp;BSP_Tick_Elapsed
<LI><a href="#[2e]">&gt;&gt;</a>&nbsp;&nbsp;&nbsp;BSP_DebugUart_Write
<LI><a href="#[27]">&gt;&gt;</a>&nbsp;&nbsp;&nbsp;BSP_DebugUart_Init
</UL>
<BR>[Address Reference Count : 1]<UL><LI> entry9a.o(.ARM.Collect$$$$0000000B)
</UL><P>
<H3>
Local Symbols
</H3>
<P><STRONG><a name="[3e]"></a>SystemClock48M</STRONG> (Thumb, 210 bytes, Stack size 0 bytes, system_apm32f0xx.o(i.SystemClock48M))
<BR><BR>[Called By]<UL><LI><a href="#[3d]">&gt;&gt;</a>&nbsp;&nbsp;&nbsp;SystemClockConfig
</UL>

<P><STRONG><a name="[36]"></a>__NVIC_SetPriority</STRONG> (Thumb, 110 bytes, Stack size 8 bytes, bsp_tick.o(i.__NVIC_SetPriority))
<BR><BR>[Stack]<UL><LI>Max Depth = 8<LI>Call Chain = __NVIC_SetPriority
</UL>
<BR>[Called By]<UL><LI><a href="#[34]">&gt;&gt;</a>&nbsp;&nbsp;&nbsp;BSP_Tick_Init
</UL>
<P>
<H3>
Undefined Global Symbols
</H3><HR></body></html>
